Copyright 1986-2022 Xilinx, Inc. All Rights Reserved.
-------------------------------------------------------------------------------------------------------------------------------------------------------------------------------------------------------------------------------------------------------------------------------------------
| Tool Version : Vivado v.2022.1 (lin64) Build 3526262 Mon Apr 18 15:47:01 MDT 2022
| Date         : Sun Jul 26 01:58:16 2026
| Host         : acclnode05 running 64-bit Ubuntu 24.04.3 LTS
| Command      : report_accelerator_utilization -kernels { datamover_outerloop_0:top_i/ulp/datamover_outerloop_0_1/inst:datamover_outerloop_0_1 kernel_outerloop_0:top_i/ulp/kernel_outerloop_0_1/inst:kernel_outerloop_0_1} -file kernel_util_synthed.rpt -name kernel_util_synthed -json
| Design       : top_wrapper
| Device       : xcvc1902
| Design State : Synthesized
-------------------------------------------------------------------------------------------------------------------------------------------------------------------------------------------------------------------------------------------------------------------------------------------

Accelerator Utilization Design Information

Table of Contents
-----------------
1. System Utilization

1. System Utilization
---------------------

+----------------------------+-------------------+------------------+------------------+---------------+---------------+
| Name                       | REG               | LUT              | LUTAsMem         | BRAM          | URAM          |
+----------------------------+-------------------+------------------+------------------+---------------+---------------+
| Platform                   |   30977 [  1.72%] |  22703 [  2.52%] |   2154 [  0.48%] |  41 [  4.24%] |   0 [  0.00%] |
| User Budget                | 1768703 [100.00%] | 877137 [100.00%] | 447766 [100.00%] | 926 [100.00%] | 463 [100.00%] |
|    Used Resources          |  211661 [ 11.97%] |  64460 [  7.35%] |  24250 [  5.42%] | 143 [ 15.44%] | 420 [ 90.71%] |
|    Unused Resources        | 1557042 [ 88.03%] | 812677 [ 92.65%] | 423516 [ 94.58%] | 783 [ 84.56%] |  43 [  9.29%] |
| datamover_outerloop_0      |   17628 [  1.00%] |  10781 [  1.23%] |   3657 [  0.82%] |  31 [  3.35%] |   0 [  0.00%] |
|    datamover_outerloop_0_1 |   17628 [  1.00%] |  10781 [  1.23%] |   3657 [  0.82%] |  31 [  3.35%] |   0 [  0.00%] |
| kernel_outerloop_0         |  194033 [ 10.97%] |  53679 [  6.12%] |  20593 [  4.60%] | 112 [ 12.10%] | 420 [ 90.71%] |
|    kernel_outerloop_0_1    |  194033 [ 10.97%] |  53679 [  6.12%] |  20593 [  4.60%] | 112 [ 12.10%] | 420 [ 90.71%] |
+----------------------------+-------------------+------------------+------------------+---------------+---------------+


