Copyright 1986-2022 Xilinx, Inc. All Rights Reserved.
-----------------------------------------------------------------------------------------------------------------------------------------------------------------------------------------------------------------------------------------------------------------------------------------
| Tool Version : Vivado v.2022.1 (lin64) Build 3526262 Mon Apr 18 15:47:01 MDT 2022
| Date         : Sun Jul 26 03:15:42 2026
| Host         : acclnode05 running 64-bit Ubuntu 24.04.3 LTS
| Command      : report_accelerator_utilization -kernels { datamover_outerloop_0:top_i/ulp/datamover_outerloop_0_1/inst:datamover_outerloop_0_1 kernel_outerloop_0:top_i/ulp/kernel_outerloop_0_1/inst:kernel_outerloop_0_1} -file kernel_util_routed.rpt -name kernel_util_routed -json
| Design       : top_wrapper
| Device       : xcvc1902
| Design State : Fully Placed
-----------------------------------------------------------------------------------------------------------------------------------------------------------------------------------------------------------------------------------------------------------------------------------------

Accelerator Utilization Design Information

Table of Contents
-----------------
1. System Utilization

1. System Utilization
---------------------

+----------------------------+-------------------+------------------+------------------+---------------+---------------+
| Name                       | REG               | LUT              | LUTAsMem         | BRAM          | URAM          |
+----------------------------+-------------------+------------------+------------------+---------------+---------------+
| Platform                   |   28697 [  1.59%] |  19766 [  2.20%] |   2028 [  0.45%] |  40 [  4.14%] |   0 [  0.00%] |
| User Budget                | 1770983 [100.00%] | 880074 [100.00%] | 447892 [100.00%] | 927 [100.00%] | 463 [100.00%] |
|    Used Resources          |  211120 [ 11.92%] |  54385 [  6.18%] |  15077 [  3.37%] | 143 [ 15.43%] | 420 [ 90.71%] |
|    Unused Resources        | 1559863 [ 88.08%] | 825689 [ 93.82%] | 432815 [ 96.63%] | 784 [ 84.57%] |  43 [  9.29%] |
| datamover_outerloop_0      |   17699 [  1.00%] |  10617 [  1.21%] |   3535 [  0.79%] |  31 [  3.34%] |   0 [  0.00%] |
|    datamover_outerloop_0_1 |   17699 [  1.00%] |  10617 [  1.21%] |   3535 [  0.79%] |  31 [  3.34%] |   0 [  0.00%] |
| kernel_outerloop_0         |  193421 [ 10.92%] |  43768 [  4.97%] |  11542 [  2.58%] | 112 [ 12.08%] | 420 [ 90.71%] |
|    kernel_outerloop_0_1    |  193421 [ 10.92%] |  43768 [  4.97%] |  11542 [  2.58%] | 112 [ 12.08%] | 420 [ 90.71%] |
+----------------------------+-------------------+------------------+------------------+---------------+---------------+


