
*** Running vivado
    with args -log ulp_inst_0_axi_ic_user_extend_0.vds -m64 -product Vivado -mode batch -messageDb vivado.pb -notrace -source ulp_inst_0_axi_ic_user_extend_0.tcl


****** Vivado v2022.1 (64-bit)
  **** SW Build 3526262 on Mon Apr 18 15:47:01 MDT 2022
  **** IP Build 3524634 on Mon Apr 18 20:55:01 MDT 2022
    ** Copyright 1986-2022 Xilinx, Inc. All Rights Reserved.

source ulp_inst_0_axi_ic_user_extend_0.tcl -notrace
INFO: Dispatch client connection id - 42837
create_project: Time (s): cpu = 00:00:05 ; elapsed = 00:00:05 . Memory (MB): peak = 2901.195 ; gain = 0.027 ; free physical = 146581 ; free virtual = 481052
INFO: [IP_Flow 19-234] Refreshing IP repositories
INFO: [IP_Flow 19-1700] Loaded user IP repository '/home/x_thileeb/repos/ops-hls-pact25-artifact/codegen_apps/jacobian3d/vck5000_project/hls/build/hw/temp_dir/link/link/int/xo/ip_repo/xilinx_com_hls_kernel_outerloop_0_1_0'.
INFO: [IP_Flow 19-1700] Loaded user IP repository '/home/x_thileeb/repos/ops-hls-pact25-artifact/codegen_apps/jacobian3d/vck5000_project/hls/build/hw/temp_dir/link/link/int/xo/ip_repo/xilinx_com_hls_datamover_outerloop_0_1_0'.
INFO: [IP_Flow 19-1700] Loaded user IP repository '/home/x_thileeb/repos/ops-hls-pact25-artifact/codegen_apps/jacobian3d/vck5000_project/hls/build/hw/temp_dir/link/link/vivado/vpl/.local/hw_platform/iprepo'.
INFO: [IP_Flow 19-1700] Loaded user IP repository '/home/x_thileeb/repos/ops-hls-pact25-artifact/codegen_apps/jacobian3d/vck5000_project/hls/build/hw/temp_dir/link/link/vivado/vpl/.local/hw_platform/ipcache'.
INFO: [IP_Flow 19-1700] Loaded user IP repository '/tools/Xilinx/Vitis/2022.1/data/ip'.
INFO: [IP_Flow 19-2313] Loaded Vivado IP repository '/tools/Xilinx/Vivado/2022.1/data/ip'.
WARNING: [IP_Flow 19-1663] Duplicate IP found for 'xilinx.com:ip:axi_fifo_register:3.0'. The one found in IP location '/home/x_thileeb/repos/ops-hls-pact25-artifact/codegen_apps/jacobian3d/vck5000_project/hls/build/hw/temp_dir/link/link/vivado/vpl/.local/hw_platform/iprepo/xilinx/axi_fifo_register_v3_0' will take precedence over the same IP in location /tools/Xilinx/Vitis/2022.1/data/ip/xilinx/axi_fifo_register_v3_0
WARNING: [IP_Flow 19-1663] Duplicate IP found for 'xilinx.com:ip:Event_Pulse:1.0'. The one found in IP location '/home/x_thileeb/repos/ops-hls-pact25-artifact/codegen_apps/jacobian3d/vck5000_project/hls/build/hw/temp_dir/link/link/vivado/vpl/.local/hw_platform/iprepo/xilinx/event_pulse_v1_0' will take precedence over the same IP in location /tools/Xilinx/Vitis/2022.1/data/ip/xilinx/event_pulse_v1_0
WARNING: [IP_Flow 19-1663] Duplicate IP found for 'xilinx.com:ip:axis_ic2sgdma:1.0'. The one found in IP location '/home/x_thileeb/repos/ops-hls-pact25-artifact/codegen_apps/jacobian3d/vck5000_project/hls/build/hw/temp_dir/link/link/vivado/vpl/.local/hw_platform/iprepo/xilinx/axis_ic2sgdma_v1_0' will take precedence over the same IP in location /tools/Xilinx/Vitis/2022.1/data/ip/xilinx/axis_ic2sgdma_v1_0
WARNING: [IP_Flow 19-1663] Duplicate IP found for 'xilinx.com:ip:maxis_tieoff_v1_0:1.0'. The one found in IP location '/home/x_thileeb/repos/ops-hls-pact25-artifact/codegen_apps/jacobian3d/vck5000_project/hls/build/hw/temp_dir/link/link/vivado/vpl/.local/hw_platform/iprepo/xilinx/maxis_tieoff_v1_0' will take precedence over the same IP in location /tools/Xilinx/Vitis/2022.1/data/ip/xilinx/maxis_tieoff_v1_0
WARNING: [IP_Flow 19-1663] Duplicate IP found for 'xilinx.com:ip:xrt_queue:1.1'. The one found in IP location '/home/x_thileeb/repos/ops-hls-pact25-artifact/codegen_apps/jacobian3d/vck5000_project/hls/build/hw/temp_dir/link/link/vivado/vpl/.local/hw_platform/iprepo/xilinx/xrt_queue_v1_1' will take precedence over the same IP in location /tools/Xilinx/Vitis/2022.1/data/ip/xilinx/xrt_queue_v1_1
WARNING: [IP_Flow 19-1663] Duplicate IP found for 'xilinx.com:ip:sds_lib:1.0'. The one found in IP location '/home/x_thileeb/repos/ops-hls-pact25-artifact/codegen_apps/jacobian3d/vck5000_project/hls/build/hw/temp_dir/link/link/vivado/vpl/.local/hw_platform/iprepo/xilinx/sds_lib' will take precedence over the same IP in location /tools/Xilinx/Vitis/2022.1/data/ip/xilinx/sds_lib
WARNING: [IP_Flow 19-1663] Duplicate IP found for 'xilinx.com:ip:stream_gate:1.0'. The one found in IP location '/home/x_thileeb/repos/ops-hls-pact25-artifact/codegen_apps/jacobian3d/vck5000_project/hls/build/hw/temp_dir/link/link/vivado/vpl/.local/hw_platform/iprepo/xilinx/stream_gate_v1_0' will take precedence over the same IP in location /tools/Xilinx/Vitis/2022.1/data/ip/xilinx/stream_gate_v1_0
WARNING: [IP_Flow 19-1663] Duplicate IP found for 'xilinx.com:ip:aximm_tieoff_v1_0:1.0'. The one found in IP location '/home/x_thileeb/repos/ops-hls-pact25-artifact/codegen_apps/jacobian3d/vck5000_project/hls/build/hw/temp_dir/link/link/vivado/vpl/.local/hw_platform/iprepo/xilinx/aximm_tieoff_v1_0' will take precedence over the same IP in location /tools/Xilinx/Vitis/2022.1/data/ip/xilinx/aximm_tieoff_v1_0
WARNING: [IP_Flow 19-1663] Duplicate IP found for 'xilinx.com:sds:sds_mem_sink:1.0'. The one found in IP location '/home/x_thileeb/repos/ops-hls-pact25-artifact/codegen_apps/jacobian3d/vck5000_project/hls/build/hw/temp_dir/link/link/vivado/vpl/.local/hw_platform/iprepo/xilinx/sds_mem_sink' will take precedence over the same IP in location /tools/Xilinx/Vitis/2022.1/data/ip/xilinx/sds_mem_sink
WARNING: [IP_Flow 19-1663] Duplicate IP found for 'xilinx.com:ip:ovld_reg:1.0'. The one found in IP location '/home/x_thileeb/repos/ops-hls-pact25-artifact/codegen_apps/jacobian3d/vck5000_project/hls/build/hw/temp_dir/link/link/vivado/vpl/.local/hw_platform/iprepo/xilinx/ovld_reg_v1_0' will take precedence over the same IP in location /tools/Xilinx/Vitis/2022.1/data/ip/xilinx/ovld_reg_v1_0
WARNING: [IP_Flow 19-1663] Duplicate IP found for 'xilinx.com:ip:saxis_tieoff_v1_0:1.0'. The one found in IP location '/home/x_thileeb/repos/ops-hls-pact25-artifact/codegen_apps/jacobian3d/vck5000_project/hls/build/hw/temp_dir/link/link/vivado/vpl/.local/hw_platform/iprepo/xilinx/saxis_tieoff_v1_0' will take precedence over the same IP in location /tools/Xilinx/Vitis/2022.1/data/ip/xilinx/saxis_tieoff_v1_0
WARNING: [IP_Flow 19-1663] Duplicate IP found for 'xilinx.com:ip:sgdma2axis_ic:1.0'. The one found in IP location '/home/x_thileeb/repos/ops-hls-pact25-artifact/codegen_apps/jacobian3d/vck5000_project/hls/build/hw/temp_dir/link/link/vivado/vpl/.local/hw_platform/iprepo/xilinx/sgdma2axis_ic_v1_0' will take precedence over the same IP in location /tools/Xilinx/Vitis/2022.1/data/ip/xilinx/sgdma2axis_ic_v1_0
WARNING: [IP_Flow 19-1663] Duplicate IP found for 'xilinx.com:sds:sds_mem_source:1.0'. The one found in IP location '/home/x_thileeb/repos/ops-hls-pact25-artifact/codegen_apps/jacobian3d/vck5000_project/hls/build/hw/temp_dir/link/link/vivado/vpl/.local/hw_platform/iprepo/xilinx/sds_mem_source' will take precedence over the same IP in location /tools/Xilinx/Vitis/2022.1/data/ip/xilinx/sds_mem_source
WARNING: [IP_Flow 19-1663] Duplicate IP found for 'xilinx.com:ip:xrt_queue:1.0'. The one found in IP location '/home/x_thileeb/repos/ops-hls-pact25-artifact/codegen_apps/jacobian3d/vck5000_project/hls/build/hw/temp_dir/link/link/vivado/vpl/.local/hw_platform/iprepo/xilinx/xrt_queue_v1_0' will take precedence over the same IP in location /tools/Xilinx/Vitis/2022.1/data/ip/xilinx/xrt_queue_v1_0
WARNING: [IP_Flow 19-1663] Duplicate IP found for 'xilinx.com:ip:adapter_v3_0:1.0'. The one found in IP location '/home/x_thileeb/repos/ops-hls-pact25-artifact/codegen_apps/jacobian3d/vck5000_project/hls/build/hw/temp_dir/link/link/vivado/vpl/.local/hw_platform/iprepo/xilinx/adapter_v3_0' will take precedence over the same IP in location /tools/Xilinx/Vitis/2022.1/data/ip/xilinx/adapter_v3_0
WARNING: [IP_Flow 19-1663] Duplicate IP found for 'xilinx.com:hls:Data_Mover_XIP:1.0'. The one found in IP location '/home/x_thileeb/repos/ops-hls-pact25-artifact/codegen_apps/jacobian3d/vck5000_project/hls/build/hw/temp_dir/link/link/vivado/vpl/.local/hw_platform/iprepo/xilinx/data_mover' will take precedence over the same IP in location /tools/Xilinx/Vitis/2022.1/data/ip/xilinx/data_mover
WARNING: [IP_Flow 19-1663] Duplicate IP found for 'xilinx.com:hls:aie_trace_s2mm:1.0'. The one found in IP location '/home/x_thileeb/repos/ops-hls-pact25-artifact/codegen_apps/jacobian3d/vck5000_project/hls/build/hw/temp_dir/link/link/vivado/vpl/.local/hw_platform/iprepo/xilinx/aie_trace_s2mm_v1_0' will take precedence over the same IP in location /tools/Xilinx/Vitis/2022.1/data/ip/xilinx/aie_trace_s2mm_v1_0
Command: synth_design -top ulp_inst_0_axi_ic_user_extend_0 -part xcvc1902-vsvd1760-2MP-e-S -incremental_mode off -mode out_of_context
Starting synth_design
Attempting to get a license for feature 'Synthesis' and/or device 'xcvc1902'
INFO: [Common 17-349] Got license for feature 'Synthesis' and/or device 'xcvc1902'
INFO: [Device 21-403] Loading part xcvc1902-vsvd1760-2MP-e-S
INFO: [Synth 8-7079] Multithreading enabled for synth_design using a maximum of 1 processes.
INFO: [Synth 8-7078] Launching helper process for spawning children vivado processes
INFO: [Synth 8-7075] Helper process launched with PID 1959625
WARNING: [Synth 8-9501] generate block is allowed only inside loop and conditional generate in SystemVerilog mode [/tools/Xilinx/Vivado/2022.1/data/ip/xpm/xpm_fifo/hdl/xpm_fifo.sv:4023]
WARNING: [Synth 8-9501] generate block is allowed only inside loop and conditional generate in SystemVerilog mode [/home/x_thileeb/repos/ops-hls-pact25-artifact/codegen_apps/jacobian3d/vck5000_project/hls/build/hw/temp_dir/link/link/vivado/vpl/prj/prj.gen/my_rm/bd/ulp_inst_0/ipshared/f0b6/hdl/sc_util_v1_0_vl_rfs.sv:2831]
WARNING: [Synth 8-9501] generate block is allowed only inside loop and conditional generate in SystemVerilog mode [/home/x_thileeb/repos/ops-hls-pact25-artifact/codegen_apps/jacobian3d/vck5000_project/hls/build/hw/temp_dir/link/link/vivado/vpl/prj/prj.gen/my_rm/bd/ulp_inst_0/ipshared/f0b6/hdl/sc_util_v1_0_vl_rfs.sv:2899]
---------------------------------------------------------------------------------
Starting RTL Elaboration : Time (s): cpu = 00:00:06 ; elapsed = 00:00:06 . Memory (MB): peak = 3224.047 ; gain = 322.754 ; free physical = 133602 ; free virtual = 468086
---------------------------------------------------------------------------------
INFO: [Synth 8-6157] synthesizing module 'ulp_inst_0_axi_ic_user_extend_0' [/home/x_thileeb/repos/ops-hls-pact25-artifact/codegen_apps/jacobian3d/vck5000_project/hls/build/hw/temp_dir/link/link/vivado/vpl/prj/prj.gen/my_rm/bd/ulp_inst_0/ip/ulp_inst_0_axi_ic_user_extend_0/synth/ulp_inst_0_axi_ic_user_extend_0.v:53]
INFO: [Synth 8-6157] synthesizing module 'bd_dad2' [/home/x_thileeb/repos/ops-hls-pact25-artifact/codegen_apps/jacobian3d/vck5000_project/hls/build/hw/temp_dir/link/link/vivado/vpl/prj/prj.gen/my_rm/bd/ulp_inst_0/ip/ulp_inst_0_axi_ic_user_extend_0/bd_0/synth/bd_dad2.v:9]
INFO: [Synth 8-6157] synthesizing module 'clk_map_imp_8S20II' [/home/x_thileeb/repos/ops-hls-pact25-artifact/codegen_apps/jacobian3d/vck5000_project/hls/build/hw/temp_dir/link/link/vivado/vpl/prj/prj.gen/my_rm/bd/ulp_inst_0/ip/ulp_inst_0_axi_ic_user_extend_0/bd_0/synth/bd_dad2.v:733]
INFO: [Synth 8-6157] synthesizing module 'bd_dad2_one_0' [/home/x_thileeb/repos/ops-hls-pact25-artifact/codegen_apps/jacobian3d/vck5000_project/hls/build/hw/temp_dir/link/link/vivado/vpl/prj/prj.gen/my_rm/bd/ulp_inst_0/ip/ulp_inst_0_axi_ic_user_extend_0/bd_0/ip/ip_0/synth/bd_dad2_one_0.v:53]
INFO: [Synth 8-6157] synthesizing module 'xlconstant_v1_1_7_xlconstant' [/home/x_thileeb/repos/ops-hls-pact25-artifact/codegen_apps/jacobian3d/vck5000_project/hls/build/hw/temp_dir/link/link/vivado/vpl/prj/prj.gen/my_rm/bd/ulp_inst_0/ipshared/fcfc/hdl/xlconstant_v1_1_vl_rfs.v:23]
INFO: [Synth 8-6155] done synthesizing module 'xlconstant_v1_1_7_xlconstant' (0#1) [/home/x_thileeb/repos/ops-hls-pact25-artifact/codegen_apps/jacobian3d/vck5000_project/hls/build/hw/temp_dir/link/link/vivado/vpl/prj/prj.gen/my_rm/bd/ulp_inst_0/ipshared/fcfc/hdl/xlconstant_v1_1_vl_rfs.v:23]
INFO: [Synth 8-6155] done synthesizing module 'bd_dad2_one_0' (0#1) [/home/x_thileeb/repos/ops-hls-pact25-artifact/codegen_apps/jacobian3d/vck5000_project/hls/build/hw/temp_dir/link/link/vivado/vpl/prj/prj.gen/my_rm/bd/ulp_inst_0/ip/ulp_inst_0_axi_ic_user_extend_0/bd_0/ip/ip_0/synth/bd_dad2_one_0.v:53]
INFO: [Synth 8-638] synthesizing module 'bd_dad2_psr_aclk_0' [/home/x_thileeb/repos/ops-hls-pact25-artifact/codegen_apps/jacobian3d/vck5000_project/hls/build/hw/temp_dir/link/link/vivado/vpl/prj/prj.gen/my_rm/bd/ulp_inst_0/ip/ulp_inst_0_axi_ic_user_extend_0/bd_0/ip/ip_1/synth/bd_dad2_psr_aclk_0.vhd:74]
	Parameter C_FAMILY bound to: versal - type: string 
	Parameter C_EXT_RST_WIDTH bound to: 4 - type: integer 
	Parameter C_AUX_RST_WIDTH bound to: 1 - type: integer 
	Parameter C_EXT_RESET_HIGH bound to: 1'b0 
	Parameter C_AUX_RESET_HIGH bound to: 1'b0 
	Parameter C_NUM_BUS_RST bound to: 1 - type: integer 
	Parameter C_NUM_PERP_RST bound to: 1 - type: integer 
	Parameter C_NUM_INTERCONNECT_ARESETN bound to: 1 - type: integer 
	Parameter C_NUM_PERP_ARESETN bound to: 1 - type: integer 
INFO: [Synth 8-3491] module 'proc_sys_reset' declared at '/home/x_thileeb/repos/ops-hls-pact25-artifact/codegen_apps/jacobian3d/vck5000_project/hls/build/hw/temp_dir/link/link/vivado/vpl/prj/prj.gen/my_rm/bd/ulp_inst_0/ipshared/8842/hdl/proc_sys_reset_v5_0_vh_rfs.vhd:1264' bound to instance 'U0' of component 'proc_sys_reset' [/home/x_thileeb/repos/ops-hls-pact25-artifact/codegen_apps/jacobian3d/vck5000_project/hls/build/hw/temp_dir/link/link/vivado/vpl/prj/prj.gen/my_rm/bd/ulp_inst_0/ip/ulp_inst_0_axi_ic_user_extend_0/bd_0/ip/ip_1/synth/bd_dad2_psr_aclk_0.vhd:129]
INFO: [Synth 8-638] synthesizing module 'proc_sys_reset' [/home/x_thileeb/repos/ops-hls-pact25-artifact/codegen_apps/jacobian3d/vck5000_project/hls/build/hw/temp_dir/link/link/vivado/vpl/prj/prj.gen/my_rm/bd/ulp_inst_0/ipshared/8842/hdl/proc_sys_reset_v5_0_vh_rfs.vhd:1323]
	Parameter INIT bound to: 1'b1 
INFO: [Synth 8-113] binding component instance 'FDRE_inst' to cell 'FDRE' [/home/x_thileeb/repos/ops-hls-pact25-artifact/codegen_apps/jacobian3d/vck5000_project/hls/build/hw/temp_dir/link/link/vivado/vpl/prj/prj.gen/my_rm/bd/ulp_inst_0/ipshared/8842/hdl/proc_sys_reset_v5_0_vh_rfs.vhd:1392]
	Parameter INIT bound to: 1'b1 
INFO: [Synth 8-113] binding component instance 'FDRE_BSR' to cell 'FDRE' [/home/x_thileeb/repos/ops-hls-pact25-artifact/codegen_apps/jacobian3d/vck5000_project/hls/build/hw/temp_dir/link/link/vivado/vpl/prj/prj.gen/my_rm/bd/ulp_inst_0/ipshared/8842/hdl/proc_sys_reset_v5_0_vh_rfs.vhd:1408]
	Parameter INIT bound to: 1'b0 
INFO: [Synth 8-113] binding component instance 'FDRE_BSR_N' to cell 'FDRE' [/home/x_thileeb/repos/ops-hls-pact25-artifact/codegen_apps/jacobian3d/vck5000_project/hls/build/hw/temp_dir/link/link/vivado/vpl/prj/prj.gen/my_rm/bd/ulp_inst_0/ipshared/8842/hdl/proc_sys_reset_v5_0_vh_rfs.vhd:1434]
	Parameter INIT bound to: 1'b1 
INFO: [Synth 8-113] binding component instance 'FDRE_PER' to cell 'FDRE' [/home/x_thileeb/repos/ops-hls-pact25-artifact/codegen_apps/jacobian3d/vck5000_project/hls/build/hw/temp_dir/link/link/vivado/vpl/prj/prj.gen/my_rm/bd/ulp_inst_0/ipshared/8842/hdl/proc_sys_reset_v5_0_vh_rfs.vhd:1457]
	Parameter INIT bound to: 1'b0 
INFO: [Synth 8-113] binding component instance 'FDRE_PER_N' to cell 'FDRE' [/home/x_thileeb/repos/ops-hls-pact25-artifact/codegen_apps/jacobian3d/vck5000_project/hls/build/hw/temp_dir/link/link/vivado/vpl/prj/prj.gen/my_rm/bd/ulp_inst_0/ipshared/8842/hdl/proc_sys_reset_v5_0_vh_rfs.vhd:1481]
INFO: [Synth 8-638] synthesizing module 'lpf' [/home/x_thileeb/repos/ops-hls-pact25-artifact/codegen_apps/jacobian3d/vck5000_project/hls/build/hw/temp_dir/link/link/vivado/vpl/prj/prj.gen/my_rm/bd/ulp_inst_0/ipshared/8842/hdl/proc_sys_reset_v5_0_vh_rfs.vhd:816]
INFO: [Synth 8-3491] module 'SRL16' declared at '/tools/Xilinx/Vivado/2022.1/scripts/rt/data/unisim_comp.v:105982' bound to instance 'POR_SRL_I' of component 'SRL16' [/home/x_thileeb/repos/ops-hls-pact25-artifact/codegen_apps/jacobian3d/vck5000_project/hls/build/hw/temp_dir/link/link/vivado/vpl/prj/prj.gen/my_rm/bd/ulp_inst_0/ipshared/8842/hdl/proc_sys_reset_v5_0_vh_rfs.vhd:868]
INFO: [Synth 8-6157] synthesizing module 'SRL16' [/tools/Xilinx/Vivado/2022.1/scripts/rt/data/unisim_comp.v:105982]
INFO: [Synth 8-6155] done synthesizing module 'SRL16' (0#1) [/tools/Xilinx/Vivado/2022.1/scripts/rt/data/unisim_comp.v:105982]
INFO: [Synth 8-638] synthesizing module 'cdc_sync' [/home/x_thileeb/repos/ops-hls-pact25-artifact/codegen_apps/jacobian3d/vck5000_project/hls/build/hw/temp_dir/link/link/vivado/vpl/prj/prj.gen/my_rm/bd/ulp_inst_0/ipshared/ef1e/hdl/lib_cdc_v1_0_rfs.vhd:106]
	Parameter INIT bound to: 1'b0 
INFO: [Synth 8-113] binding component instance 'CROSS_PLEVEL_IN2SCNDRY_IN_cdc_to' to cell 'FDR' [/home/x_thileeb/repos/ops-hls-pact25-artifact/codegen_apps/jacobian3d/vck5000_project/hls/build/hw/temp_dir/link/link/vivado/vpl/prj/prj.gen/my_rm/bd/ulp_inst_0/ipshared/ef1e/hdl/lib_cdc_v1_0_rfs.vhd:514]
	Parameter INIT bound to: 1'b0 
INFO: [Synth 8-113] binding component instance 'CROSS_PLEVEL_IN2SCNDRY_s_level_out_d2' to cell 'FDR' [/home/x_thileeb/repos/ops-hls-pact25-artifact/codegen_apps/jacobian3d/vck5000_project/hls/build/hw/temp_dir/link/link/vivado/vpl/prj/prj.gen/my_rm/bd/ulp_inst_0/ipshared/ef1e/hdl/lib_cdc_v1_0_rfs.vhd:545]
	Parameter INIT bound to: 1'b0 
INFO: [Synth 8-113] binding component instance 'CROSS_PLEVEL_IN2SCNDRY_s_level_out_d3' to cell 'FDR' [/home/x_thileeb/repos/ops-hls-pact25-artifact/codegen_apps/jacobian3d/vck5000_project/hls/build/hw/temp_dir/link/link/vivado/vpl/prj/prj.gen/my_rm/bd/ulp_inst_0/ipshared/ef1e/hdl/lib_cdc_v1_0_rfs.vhd:554]
	Parameter INIT bound to: 1'b0 
INFO: [Synth 8-113] binding component instance 'CROSS_PLEVEL_IN2SCNDRY_s_level_out_d4' to cell 'FDR' [/home/x_thileeb/repos/ops-hls-pact25-artifact/codegen_apps/jacobian3d/vck5000_project/hls/build/hw/temp_dir/link/link/vivado/vpl/prj/prj.gen/my_rm/bd/ulp_inst_0/ipshared/ef1e/hdl/lib_cdc_v1_0_rfs.vhd:564]
	Parameter INIT bound to: 1'b0 
INFO: [Synth 8-113] binding component instance 'CROSS_PLEVEL_IN2SCNDRY_s_level_out_d5' to cell 'FDR' [/home/x_thileeb/repos/ops-hls-pact25-artifact/codegen_apps/jacobian3d/vck5000_project/hls/build/hw/temp_dir/link/link/vivado/vpl/prj/prj.gen/my_rm/bd/ulp_inst_0/ipshared/ef1e/hdl/lib_cdc_v1_0_rfs.vhd:574]
	Parameter INIT bound to: 1'b0 
INFO: [Synth 8-113] binding component instance 'CROSS_PLEVEL_IN2SCNDRY_s_level_out_d6' to cell 'FDR' [/home/x_thileeb/repos/ops-hls-pact25-artifact/codegen_apps/jacobian3d/vck5000_project/hls/build/hw/temp_dir/link/link/vivado/vpl/prj/prj.gen/my_rm/bd/ulp_inst_0/ipshared/ef1e/hdl/lib_cdc_v1_0_rfs.vhd:584]
INFO: [Synth 8-256] done synthesizing module 'cdc_sync' (0#1) [/home/x_thileeb/repos/ops-hls-pact25-artifact/codegen_apps/jacobian3d/vck5000_project/hls/build/hw/temp_dir/link/link/vivado/vpl/prj/prj.gen/my_rm/bd/ulp_inst_0/ipshared/ef1e/hdl/lib_cdc_v1_0_rfs.vhd:106]
INFO: [Synth 8-256] done synthesizing module 'lpf' (0#1) [/home/x_thileeb/repos/ops-hls-pact25-artifact/codegen_apps/jacobian3d/vck5000_project/hls/build/hw/temp_dir/link/link/vivado/vpl/prj/prj.gen/my_rm/bd/ulp_inst_0/ipshared/8842/hdl/proc_sys_reset_v5_0_vh_rfs.vhd:816]
INFO: [Synth 8-638] synthesizing module 'sequence_psr' [/home/x_thileeb/repos/ops-hls-pact25-artifact/codegen_apps/jacobian3d/vck5000_project/hls/build/hw/temp_dir/link/link/vivado/vpl/prj/prj.gen/my_rm/bd/ulp_inst_0/ipshared/8842/hdl/proc_sys_reset_v5_0_vh_rfs.vhd:301]
INFO: [Synth 8-638] synthesizing module 'upcnt_n' [/home/x_thileeb/repos/ops-hls-pact25-artifact/codegen_apps/jacobian3d/vck5000_project/hls/build/hw/temp_dir/link/link/vivado/vpl/prj/prj.gen/my_rm/bd/ulp_inst_0/ipshared/8842/hdl/proc_sys_reset_v5_0_vh_rfs.vhd:125]
INFO: [Synth 8-256] done synthesizing module 'upcnt_n' (0#1) [/home/x_thileeb/repos/ops-hls-pact25-artifact/codegen_apps/jacobian3d/vck5000_project/hls/build/hw/temp_dir/link/link/vivado/vpl/prj/prj.gen/my_rm/bd/ulp_inst_0/ipshared/8842/hdl/proc_sys_reset_v5_0_vh_rfs.vhd:125]
INFO: [Synth 8-256] done synthesizing module 'sequence_psr' (0#1) [/home/x_thileeb/repos/ops-hls-pact25-artifact/codegen_apps/jacobian3d/vck5000_project/hls/build/hw/temp_dir/link/link/vivado/vpl/prj/prj.gen/my_rm/bd/ulp_inst_0/ipshared/8842/hdl/proc_sys_reset_v5_0_vh_rfs.vhd:301]
INFO: [Synth 8-256] done synthesizing module 'proc_sys_reset' (0#1) [/home/x_thileeb/repos/ops-hls-pact25-artifact/codegen_apps/jacobian3d/vck5000_project/hls/build/hw/temp_dir/link/link/vivado/vpl/prj/prj.gen/my_rm/bd/ulp_inst_0/ipshared/8842/hdl/proc_sys_reset_v5_0_vh_rfs.vhd:1323]
INFO: [Synth 8-256] done synthesizing module 'bd_dad2_psr_aclk_0' (0#1) [/home/x_thileeb/repos/ops-hls-pact25-artifact/codegen_apps/jacobian3d/vck5000_project/hls/build/hw/temp_dir/link/link/vivado/vpl/prj/prj.gen/my_rm/bd/ulp_inst_0/ip/ulp_inst_0_axi_ic_user_extend_0/bd_0/ip/ip_1/synth/bd_dad2_psr_aclk_0.vhd:74]
WARNING: [Synth 8-7071] port 'mb_reset' of module 'bd_dad2_psr_aclk_0' is unconnected for instance 'psr_aclk' [/home/x_thileeb/repos/ops-hls-pact25-artifact/codegen_apps/jacobian3d/vck5000_project/hls/build/hw/temp_dir/link/link/vivado/vpl/prj/prj.gen/my_rm/bd/ulp_inst_0/ip/ulp_inst_0_axi_ic_user_extend_0/bd_0/synth/bd_dad2.v:768]
WARNING: [Synth 8-7071] port 'bus_struct_reset' of module 'bd_dad2_psr_aclk_0' is unconnected for instance 'psr_aclk' [/home/x_thileeb/repos/ops-hls-pact25-artifact/codegen_apps/jacobian3d/vck5000_project/hls/build/hw/temp_dir/link/link/vivado/vpl/prj/prj.gen/my_rm/bd/ulp_inst_0/ip/ulp_inst_0_axi_ic_user_extend_0/bd_0/synth/bd_dad2.v:768]
WARNING: [Synth 8-7071] port 'peripheral_reset' of module 'bd_dad2_psr_aclk_0' is unconnected for instance 'psr_aclk' [/home/x_thileeb/repos/ops-hls-pact25-artifact/codegen_apps/jacobian3d/vck5000_project/hls/build/hw/temp_dir/link/link/vivado/vpl/prj/prj.gen/my_rm/bd/ulp_inst_0/ip/ulp_inst_0_axi_ic_user_extend_0/bd_0/synth/bd_dad2.v:768]
WARNING: [Synth 8-7071] port 'peripheral_aresetn' of module 'bd_dad2_psr_aclk_0' is unconnected for instance 'psr_aclk' [/home/x_thileeb/repos/ops-hls-pact25-artifact/codegen_apps/jacobian3d/vck5000_project/hls/build/hw/temp_dir/link/link/vivado/vpl/prj/prj.gen/my_rm/bd/ulp_inst_0/ip/ulp_inst_0_axi_ic_user_extend_0/bd_0/synth/bd_dad2.v:768]
WARNING: [Synth 8-7023] instance 'psr_aclk' of module 'bd_dad2_psr_aclk_0' has 10 connections declared, but only 6 given [/home/x_thileeb/repos/ops-hls-pact25-artifact/codegen_apps/jacobian3d/vck5000_project/hls/build/hw/temp_dir/link/link/vivado/vpl/prj/prj.gen/my_rm/bd/ulp_inst_0/ip/ulp_inst_0_axi_ic_user_extend_0/bd_0/synth/bd_dad2.v:768]
INFO: [Synth 8-6155] done synthesizing module 'clk_map_imp_8S20II' (0#1) [/home/x_thileeb/repos/ops-hls-pact25-artifact/codegen_apps/jacobian3d/vck5000_project/hls/build/hw/temp_dir/link/link/vivado/vpl/prj/prj.gen/my_rm/bd/ulp_inst_0/ip/ulp_inst_0_axi_ic_user_extend_0/bd_0/synth/bd_dad2.v:733]
INFO: [Synth 8-6157] synthesizing module 'm00_exit_pipeline_imp_1S3TNSX' [/home/x_thileeb/repos/ops-hls-pact25-artifact/codegen_apps/jacobian3d/vck5000_project/hls/build/hw/temp_dir/link/link/vivado/vpl/prj/prj.gen/my_rm/bd/ulp_inst_0/ip/ulp_inst_0_axi_ic_user_extend_0/bd_0/synth/bd_dad2.v:777]
INFO: [Synth 8-6157] synthesizing module 'bd_dad2_m00e_0' [/home/x_thileeb/repos/ops-hls-pact25-artifact/codegen_apps/jacobian3d/vck5000_project/hls/build/hw/temp_dir/link/link/vivado/vpl/prj/prj.gen/my_rm/bd/ulp_inst_0/ip/ulp_inst_0_axi_ic_user_extend_0/bd_0/ip/ip_12/synth/bd_dad2_m00e_0.sv:53]
INFO: [Synth 8-6157] synthesizing module 'xpm_cdc_async_rst' [/tools/Xilinx/Vivado/2022.1/data/ip/xpm/xpm_cdc/hdl/xpm_cdc.sv:1174]
INFO: [Synth 8-6155] done synthesizing module 'xpm_cdc_async_rst' (0#1) [/tools/Xilinx/Vivado/2022.1/data/ip/xpm/xpm_cdc/hdl/xpm_cdc.sv:1174]
INFO: [Synth 8-6155] done synthesizing module 'bd_dad2_m00e_0' (0#1) [/home/x_thileeb/repos/ops-hls-pact25-artifact/codegen_apps/jacobian3d/vck5000_project/hls/build/hw/temp_dir/link/link/vivado/vpl/prj/prj.gen/my_rm/bd/ulp_inst_0/ip/ulp_inst_0_axi_ic_user_extend_0/bd_0/ip/ip_12/synth/bd_dad2_m00e_0.sv:53]
INFO: [Synth 8-6155] done synthesizing module 'm00_exit_pipeline_imp_1S3TNSX' (0#1) [/home/x_thileeb/repos/ops-hls-pact25-artifact/codegen_apps/jacobian3d/vck5000_project/hls/build/hw/temp_dir/link/link/vivado/vpl/prj/prj.gen/my_rm/bd/ulp_inst_0/ip/ulp_inst_0_axi_ic_user_extend_0/bd_0/synth/bd_dad2.v:777]
INFO: [Synth 8-6157] synthesizing module 'bd_dad2_m00s2a_0' [/home/x_thileeb/repos/ops-hls-pact25-artifact/codegen_apps/jacobian3d/vck5000_project/hls/build/hw/temp_dir/link/link/vivado/vpl/prj/prj.gen/my_rm/bd/ulp_inst_0/ip/ulp_inst_0_axi_ic_user_extend_0/bd_0/ip/ip_11/synth/bd_dad2_m00s2a_0.sv:53]
INFO: [Synth 8-6155] done synthesizing module 'bd_dad2_m00s2a_0' (0#1) [/home/x_thileeb/repos/ops-hls-pact25-artifact/codegen_apps/jacobian3d/vck5000_project/hls/build/hw/temp_dir/link/link/vivado/vpl/prj/prj.gen/my_rm/bd/ulp_inst_0/ip/ulp_inst_0_axi_ic_user_extend_0/bd_0/ip/ip_11/synth/bd_dad2_m00s2a_0.sv:53]
INFO: [Synth 8-6157] synthesizing module 'bd_dad2_s00a2s_0' [/home/x_thileeb/repos/ops-hls-pact25-artifact/codegen_apps/jacobian3d/vck5000_project/hls/build/hw/temp_dir/link/link/vivado/vpl/prj/prj.gen/my_rm/bd/ulp_inst_0/ip/ulp_inst_0_axi_ic_user_extend_0/bd_0/ip/ip_5/synth/bd_dad2_s00a2s_0.sv:53]
INFO: [Synth 8-6155] done synthesizing module 'bd_dad2_s00a2s_0' (0#1) [/home/x_thileeb/repos/ops-hls-pact25-artifact/codegen_apps/jacobian3d/vck5000_project/hls/build/hw/temp_dir/link/link/vivado/vpl/prj/prj.gen/my_rm/bd/ulp_inst_0/ip/ulp_inst_0_axi_ic_user_extend_0/bd_0/ip/ip_5/synth/bd_dad2_s00a2s_0.sv:53]
INFO: [Synth 8-6157] synthesizing module 's00_entry_pipeline_imp_RS8DZ6' [/home/x_thileeb/repos/ops-hls-pact25-artifact/codegen_apps/jacobian3d/vck5000_project/hls/build/hw/temp_dir/link/link/vivado/vpl/prj/prj.gen/my_rm/bd/ulp_inst_0/ip/ulp_inst_0_axi_ic_user_extend_0/bd_0/synth/bd_dad2.v:1078]
INFO: [Synth 8-6157] synthesizing module 'bd_dad2_s00mmu_0' [/home/x_thileeb/repos/ops-hls-pact25-artifact/codegen_apps/jacobian3d/vck5000_project/hls/build/hw/temp_dir/link/link/vivado/vpl/prj/prj.gen/my_rm/bd/ulp_inst_0/ip/ulp_inst_0_axi_ic_user_extend_0/bd_0/ip/ip_2/synth/bd_dad2_s00mmu_0.sv:53]
INFO: [Synth 8-6155] done synthesizing module 'bd_dad2_s00mmu_0' (0#1) [/home/x_thileeb/repos/ops-hls-pact25-artifact/codegen_apps/jacobian3d/vck5000_project/hls/build/hw/temp_dir/link/link/vivado/vpl/prj/prj.gen/my_rm/bd/ulp_inst_0/ip/ulp_inst_0_axi_ic_user_extend_0/bd_0/ip/ip_2/synth/bd_dad2_s00mmu_0.sv:53]
INFO: [Synth 8-6157] synthesizing module 'bd_dad2_s00sic_0' [/home/x_thileeb/repos/ops-hls-pact25-artifact/codegen_apps/jacobian3d/vck5000_project/hls/build/hw/temp_dir/link/link/vivado/vpl/prj/prj.gen/my_rm/bd/ulp_inst_0/ip/ulp_inst_0_axi_ic_user_extend_0/bd_0/ip/ip_4/synth/bd_dad2_s00sic_0.sv:53]
INFO: [Synth 8-6155] done synthesizing module 'bd_dad2_s00sic_0' (0#1) [/home/x_thileeb/repos/ops-hls-pact25-artifact/codegen_apps/jacobian3d/vck5000_project/hls/build/hw/temp_dir/link/link/vivado/vpl/prj/prj.gen/my_rm/bd/ulp_inst_0/ip/ulp_inst_0_axi_ic_user_extend_0/bd_0/ip/ip_4/synth/bd_dad2_s00sic_0.sv:53]
INFO: [Synth 8-6157] synthesizing module 'bd_dad2_s00tr_0' [/home/x_thileeb/repos/ops-hls-pact25-artifact/codegen_apps/jacobian3d/vck5000_project/hls/build/hw/temp_dir/link/link/vivado/vpl/prj/prj.gen/my_rm/bd/ulp_inst_0/ip/ulp_inst_0_axi_ic_user_extend_0/bd_0/ip/ip_3/synth/bd_dad2_s00tr_0.sv:53]
INFO: [Synth 8-6155] done synthesizing module 'bd_dad2_s00tr_0' (0#1) [/home/x_thileeb/repos/ops-hls-pact25-artifact/codegen_apps/jacobian3d/vck5000_project/hls/build/hw/temp_dir/link/link/vivado/vpl/prj/prj.gen/my_rm/bd/ulp_inst_0/ip/ulp_inst_0_axi_ic_user_extend_0/bd_0/ip/ip_3/synth/bd_dad2_s00tr_0.sv:53]
WARNING: [Synth 8-7071] port 'm_axi_awburst' of module 'bd_dad2_s00tr_0' is unconnected for instance 's00_transaction_regulator' [/home/x_thileeb/repos/ops-hls-pact25-artifact/codegen_apps/jacobian3d/vck5000_project/hls/build/hw/temp_dir/link/link/vivado/vpl/prj/prj.gen/my_rm/bd/ulp_inst_0/ip/ulp_inst_0_axi_ic_user_extend_0/bd_0/synth/bd_dad2.v:1654]
WARNING: [Synth 8-7071] port 'm_axi_arburst' of module 'bd_dad2_s00tr_0' is unconnected for instance 's00_transaction_regulator' [/home/x_thileeb/repos/ops-hls-pact25-artifact/codegen_apps/jacobian3d/vck5000_project/hls/build/hw/temp_dir/link/link/vivado/vpl/prj/prj.gen/my_rm/bd/ulp_inst_0/ip/ulp_inst_0_axi_ic_user_extend_0/bd_0/synth/bd_dad2.v:1654]
WARNING: [Synth 8-7023] instance 's00_transaction_regulator' of module 'bd_dad2_s00tr_0' has 86 connections declared, but only 84 given [/home/x_thileeb/repos/ops-hls-pact25-artifact/codegen_apps/jacobian3d/vck5000_project/hls/build/hw/temp_dir/link/link/vivado/vpl/prj/prj.gen/my_rm/bd/ulp_inst_0/ip/ulp_inst_0_axi_ic_user_extend_0/bd_0/synth/bd_dad2.v:1654]
INFO: [Synth 8-6155] done synthesizing module 's00_entry_pipeline_imp_RS8DZ6' (0#1) [/home/x_thileeb/repos/ops-hls-pact25-artifact/codegen_apps/jacobian3d/vck5000_project/hls/build/hw/temp_dir/link/link/vivado/vpl/prj/prj.gen/my_rm/bd/ulp_inst_0/ip/ulp_inst_0_axi_ic_user_extend_0/bd_0/synth/bd_dad2.v:1078]
INFO: [Synth 8-6157] synthesizing module 's00_nodes_imp_VISSM0' [/home/x_thileeb/repos/ops-hls-pact25-artifact/codegen_apps/jacobian3d/vck5000_project/hls/build/hw/temp_dir/link/link/vivado/vpl/prj/prj.gen/my_rm/bd/ulp_inst_0/ip/ulp_inst_0_axi_ic_user_extend_0/bd_0/synth/bd_dad2.v:1741]
INFO: [Synth 8-6157] synthesizing module 'bd_dad2_sarn_0' [/home/x_thileeb/repos/ops-hls-pact25-artifact/codegen_apps/jacobian3d/vck5000_project/hls/build/hw/temp_dir/link/link/vivado/vpl/prj/prj.gen/my_rm/bd/ulp_inst_0/ip/ulp_inst_0_axi_ic_user_extend_0/bd_0/ip/ip_6/synth/bd_dad2_sarn_0.sv:53]
INFO: [Synth 8-6155] done synthesizing module 'bd_dad2_sarn_0' (0#1) [/home/x_thileeb/repos/ops-hls-pact25-artifact/codegen_apps/jacobian3d/vck5000_project/hls/build/hw/temp_dir/link/link/vivado/vpl/prj/prj.gen/my_rm/bd/ulp_inst_0/ip/ulp_inst_0_axi_ic_user_extend_0/bd_0/ip/ip_6/synth/bd_dad2_sarn_0.sv:53]
INFO: [Synth 8-6157] synthesizing module 'bd_dad2_sawn_0' [/home/x_thileeb/repos/ops-hls-pact25-artifact/codegen_apps/jacobian3d/vck5000_project/hls/build/hw/temp_dir/link/link/vivado/vpl/prj/prj.gen/my_rm/bd/ulp_inst_0/ip/ulp_inst_0_axi_ic_user_extend_0/bd_0/ip/ip_8/synth/bd_dad2_sawn_0.sv:53]
INFO: [Synth 8-6155] done synthesizing module 'bd_dad2_sawn_0' (0#1) [/home/x_thileeb/repos/ops-hls-pact25-artifact/codegen_apps/jacobian3d/vck5000_project/hls/build/hw/temp_dir/link/link/vivado/vpl/prj/prj.gen/my_rm/bd/ulp_inst_0/ip/ulp_inst_0_axi_ic_user_extend_0/bd_0/ip/ip_8/synth/bd_dad2_sawn_0.sv:53]
INFO: [Synth 8-6157] synthesizing module 'bd_dad2_sbn_0' [/home/x_thileeb/repos/ops-hls-pact25-artifact/codegen_apps/jacobian3d/vck5000_project/hls/build/hw/temp_dir/link/link/vivado/vpl/prj/prj.gen/my_rm/bd/ulp_inst_0/ip/ulp_inst_0_axi_ic_user_extend_0/bd_0/ip/ip_10/synth/bd_dad2_sbn_0.sv:53]
INFO: [Synth 8-6155] done synthesizing module 'bd_dad2_sbn_0' (0#1) [/home/x_thileeb/repos/ops-hls-pact25-artifact/codegen_apps/jacobian3d/vck5000_project/hls/build/hw/temp_dir/link/link/vivado/vpl/prj/prj.gen/my_rm/bd/ulp_inst_0/ip/ulp_inst_0_axi_ic_user_extend_0/bd_0/ip/ip_10/synth/bd_dad2_sbn_0.sv:53]
INFO: [Synth 8-6157] synthesizing module 'bd_dad2_srn_0' [/home/x_thileeb/repos/ops-hls-pact25-artifact/codegen_apps/jacobian3d/vck5000_project/hls/build/hw/temp_dir/link/link/vivado/vpl/prj/prj.gen/my_rm/bd/ulp_inst_0/ip/ulp_inst_0_axi_ic_user_extend_0/bd_0/ip/ip_7/synth/bd_dad2_srn_0.sv:53]
INFO: [Synth 8-6155] done synthesizing module 'bd_dad2_srn_0' (0#1) [/home/x_thileeb/repos/ops-hls-pact25-artifact/codegen_apps/jacobian3d/vck5000_project/hls/build/hw/temp_dir/link/link/vivado/vpl/prj/prj.gen/my_rm/bd/ulp_inst_0/ip/ulp_inst_0_axi_ic_user_extend_0/bd_0/ip/ip_7/synth/bd_dad2_srn_0.sv:53]
INFO: [Synth 8-6157] synthesizing module 'bd_dad2_swn_0' [/home/x_thileeb/repos/ops-hls-pact25-artifact/codegen_apps/jacobian3d/vck5000_project/hls/build/hw/temp_dir/link/link/vivado/vpl/prj/prj.gen/my_rm/bd/ulp_inst_0/ip/ulp_inst_0_axi_ic_user_extend_0/bd_0/ip/ip_9/synth/bd_dad2_swn_0.sv:53]
INFO: [Synth 8-6155] done synthesizing module 'bd_dad2_swn_0' (0#1) [/home/x_thileeb/repos/ops-hls-pact25-artifact/codegen_apps/jacobian3d/vck5000_project/hls/build/hw/temp_dir/link/link/vivado/vpl/prj/prj.gen/my_rm/bd/ulp_inst_0/ip/ulp_inst_0_axi_ic_user_extend_0/bd_0/ip/ip_9/synth/bd_dad2_swn_0.sv:53]
INFO: [Synth 8-6155] done synthesizing module 's00_nodes_imp_VISSM0' (0#1) [/home/x_thileeb/repos/ops-hls-pact25-artifact/codegen_apps/jacobian3d/vck5000_project/hls/build/hw/temp_dir/link/link/vivado/vpl/prj/prj.gen/my_rm/bd/ulp_inst_0/ip/ulp_inst_0_axi_ic_user_extend_0/bd_0/synth/bd_dad2.v:1741]
INFO: [Synth 8-6155] done synthesizing module 'bd_dad2' (0#1) [/home/x_thileeb/repos/ops-hls-pact25-artifact/codegen_apps/jacobian3d/vck5000_project/hls/build/hw/temp_dir/link/link/vivado/vpl/prj/prj.gen/my_rm/bd/ulp_inst_0/ip/ulp_inst_0_axi_ic_user_extend_0/bd_0/synth/bd_dad2.v:9]
INFO: [Synth 8-6155] done synthesizing module 'ulp_inst_0_axi_ic_user_extend_0' (0#1) [/home/x_thileeb/repos/ops-hls-pact25-artifact/codegen_apps/jacobian3d/vck5000_project/hls/build/hw/temp_dir/link/link/vivado/vpl/prj/prj.gen/my_rm/bd/ulp_inst_0/ip/ulp_inst_0_axi_ic_user_extend_0/synth/ulp_inst_0_axi_ic_user_extend_0.v:53]
WARNING: [Synth 8-3848] Net aresetn_out in module/entity clk_map_imp_8S20II does not have driver. [/home/x_thileeb/repos/ops-hls-pact25-artifact/codegen_apps/jacobian3d/vck5000_project/hls/build/hw/temp_dir/link/link/vivado/vpl/prj/prj.gen/my_rm/bd/ulp_inst_0/ip/ulp_inst_0_axi_ic_user_extend_0/bd_0/synth/bd_dad2.v:749]
WARNING: [Synth 8-7129] Port din[0] in module sc_util_v1_0_4_onehot_to_binary is either unconnected or has no load
WARNING: [Synth 8-7129] Port aclk in module sc_util_v1_0_4_pipeline__parameterized0 is either unconnected or has no load
WARNING: [Synth 8-7129] Port aclken in module sc_util_v1_0_4_pipeline__parameterized0 is either unconnected or has no load
WARNING: [Synth 8-7129] Port areset in module sc_util_v1_0_4_pipeline__parameterized0 is either unconnected or has no load
WARNING: [Synth 8-7129] Port slow_clk in module sc_util_v1_0_4_sample_cycle_ratio is either unconnected or has no load
WARNING: [Synth 8-7129] Port fast_clk in module sc_util_v1_0_4_sample_cycle_ratio is either unconnected or has no load
WARNING: [Synth 8-7129] Port aclk in module sc_util_v1_0_4_pipeline__parameterized7 is either unconnected or has no load
WARNING: [Synth 8-7129] Port aclken in module sc_util_v1_0_4_pipeline__parameterized7 is either unconnected or has no load
WARNING: [Synth 8-7129] Port areset in module sc_util_v1_0_4_pipeline__parameterized7 is either unconnected or has no load
WARNING: [Synth 8-7129] Port aclk in module sc_node_v1_0_14_reg_slice3 is either unconnected or has no load
WARNING: [Synth 8-7129] Port aclken in module sc_node_v1_0_14_reg_slice3 is either unconnected or has no load
WARNING: [Synth 8-7129] Port areset in module sc_node_v1_0_14_reg_slice3 is either unconnected or has no load
WARNING: [Synth 8-7129] Port aclk in module sc_util_v1_0_4_pipeline__parameterized6 is either unconnected or has no load
WARNING: [Synth 8-7129] Port aclken in module sc_util_v1_0_4_pipeline__parameterized6 is either unconnected or has no load
WARNING: [Synth 8-7129] Port areset in module sc_util_v1_0_4_pipeline__parameterized6 is either unconnected or has no load
WARNING: [Synth 8-7129] Port aclk in module sc_node_v1_0_14_si_handler__parameterized3 is either unconnected or has no load
WARNING: [Synth 8-7129] Port aclken in module sc_node_v1_0_14_si_handler__parameterized3 is either unconnected or has no load
WARNING: [Synth 8-7129] Port areset in module sc_node_v1_0_14_si_handler__parameterized3 is either unconnected or has no load
WARNING: [Synth 8-7129] Port s_sc_req[0] in module sc_node_v1_0_14_si_handler__parameterized3 is either unconnected or has no load
WARNING: [Synth 8-7129] Port s_sc_info[0] in module sc_node_v1_0_14_si_handler__parameterized3 is either unconnected or has no load
WARNING: [Synth 8-7129] Port s_axis_arb_tvalid in module sc_node_v1_0_14_si_handler__parameterized3 is either unconnected or has no load
WARNING: [Synth 8-7129] Port s_axis_arb_tdata[15] in module sc_node_v1_0_14_si_handler__parameterized3 is either unconnected or has no load
WARNING: [Synth 8-7129] Port s_axis_arb_tdata[14] in module sc_node_v1_0_14_si_handler__parameterized3 is either unconnected or has no load
WARNING: [Synth 8-7129] Port s_axis_arb_tdata[13] in module sc_node_v1_0_14_si_handler__parameterized3 is either unconnected or has no load
WARNING: [Synth 8-7129] Port s_axis_arb_tdata[12] in module sc_node_v1_0_14_si_handler__parameterized3 is either unconnected or has no load
WARNING: [Synth 8-7129] Port s_axis_arb_tdata[11] in module sc_node_v1_0_14_si_handler__parameterized3 is either unconnected or has no load
WARNING: [Synth 8-7129] Port s_axis_arb_tdata[10] in module sc_node_v1_0_14_si_handler__parameterized3 is either unconnected or has no load
WARNING: [Synth 8-7129] Port s_axis_arb_tdata[9] in module sc_node_v1_0_14_si_handler__parameterized3 is either unconnected or has no load
WARNING: [Synth 8-7129] Port s_axis_arb_tdata[8] in module sc_node_v1_0_14_si_handler__parameterized3 is either unconnected or has no load
WARNING: [Synth 8-7129] Port s_axis_arb_tdata[7] in module sc_node_v1_0_14_si_handler__parameterized3 is either unconnected or has no load
WARNING: [Synth 8-7129] Port s_axis_arb_tdata[6] in module sc_node_v1_0_14_si_handler__parameterized3 is either unconnected or has no load
WARNING: [Synth 8-7129] Port s_axis_arb_tdata[5] in module sc_node_v1_0_14_si_handler__parameterized3 is either unconnected or has no load
WARNING: [Synth 8-7129] Port s_axis_arb_tdata[4] in module sc_node_v1_0_14_si_handler__parameterized3 is either unconnected or has no load
WARNING: [Synth 8-7129] Port s_axis_arb_tdata[3] in module sc_node_v1_0_14_si_handler__parameterized3 is either unconnected or has no load
WARNING: [Synth 8-7129] Port s_axis_arb_tdata[2] in module sc_node_v1_0_14_si_handler__parameterized3 is either unconnected or has no load
WARNING: [Synth 8-7129] Port s_axis_arb_tdata[1] in module sc_node_v1_0_14_si_handler__parameterized3 is either unconnected or has no load
WARNING: [Synth 8-7129] Port s_axis_arb_tdata[0] in module sc_node_v1_0_14_si_handler__parameterized3 is either unconnected or has no load
WARNING: [Synth 8-7129] Port m_axis_arb_tready in module sc_node_v1_0_14_si_handler__parameterized3 is either unconnected or has no load
WARNING: [Synth 8-7129] Port aclk in module sc_util_v1_0_4_axic_register_slice is either unconnected or has no load
WARNING: [Synth 8-7129] Port areset in module sc_util_v1_0_4_axic_register_slice is either unconnected or has no load
WARNING: [Synth 8-7129] Port aclken in module sc_util_v1_0_4_axic_register_slice is either unconnected or has no load
WARNING: [Synth 8-7129] Port m_sc_aclken in module sc_node_v1_0_14_top__parameterized3 is either unconnected or has no load
WARNING: [Synth 8-7129] Port aclk in module sc_node_v1_0_14_si_handler__parameterized2 is either unconnected or has no load
WARNING: [Synth 8-7129] Port aclken in module sc_node_v1_0_14_si_handler__parameterized2 is either unconnected or has no load
WARNING: [Synth 8-7129] Port areset in module sc_node_v1_0_14_si_handler__parameterized2 is either unconnected or has no load
WARNING: [Synth 8-7129] Port s_sc_req[0] in module sc_node_v1_0_14_si_handler__parameterized2 is either unconnected or has no load
WARNING: [Synth 8-7129] Port s_sc_info[0] in module sc_node_v1_0_14_si_handler__parameterized2 is either unconnected or has no load
WARNING: [Synth 8-7129] Port s_axis_arb_tvalid in module sc_node_v1_0_14_si_handler__parameterized2 is either unconnected or has no load
WARNING: [Synth 8-7129] Port s_axis_arb_tdata[15] in module sc_node_v1_0_14_si_handler__parameterized2 is either unconnected or has no load
WARNING: [Synth 8-7129] Port s_axis_arb_tdata[14] in module sc_node_v1_0_14_si_handler__parameterized2 is either unconnected or has no load
WARNING: [Synth 8-7129] Port s_axis_arb_tdata[13] in module sc_node_v1_0_14_si_handler__parameterized2 is either unconnected or has no load
WARNING: [Synth 8-7129] Port s_axis_arb_tdata[12] in module sc_node_v1_0_14_si_handler__parameterized2 is either unconnected or has no load
WARNING: [Synth 8-7129] Port s_axis_arb_tdata[11] in module sc_node_v1_0_14_si_handler__parameterized2 is either unconnected or has no load
WARNING: [Synth 8-7129] Port s_axis_arb_tdata[10] in module sc_node_v1_0_14_si_handler__parameterized2 is either unconnected or has no load
WARNING: [Synth 8-7129] Port s_axis_arb_tdata[9] in module sc_node_v1_0_14_si_handler__parameterized2 is either unconnected or has no load
WARNING: [Synth 8-7129] Port s_axis_arb_tdata[8] in module sc_node_v1_0_14_si_handler__parameterized2 is either unconnected or has no load
WARNING: [Synth 8-7129] Port s_axis_arb_tdata[7] in module sc_node_v1_0_14_si_handler__parameterized2 is either unconnected or has no load
WARNING: [Synth 8-7129] Port s_axis_arb_tdata[6] in module sc_node_v1_0_14_si_handler__parameterized2 is either unconnected or has no load
WARNING: [Synth 8-7129] Port s_axis_arb_tdata[5] in module sc_node_v1_0_14_si_handler__parameterized2 is either unconnected or has no load
WARNING: [Synth 8-7129] Port s_axis_arb_tdata[4] in module sc_node_v1_0_14_si_handler__parameterized2 is either unconnected or has no load
WARNING: [Synth 8-7129] Port s_axis_arb_tdata[3] in module sc_node_v1_0_14_si_handler__parameterized2 is either unconnected or has no load
WARNING: [Synth 8-7129] Port s_axis_arb_tdata[2] in module sc_node_v1_0_14_si_handler__parameterized2 is either unconnected or has no load
WARNING: [Synth 8-7129] Port s_axis_arb_tdata[1] in module sc_node_v1_0_14_si_handler__parameterized2 is either unconnected or has no load
WARNING: [Synth 8-7129] Port s_axis_arb_tdata[0] in module sc_node_v1_0_14_si_handler__parameterized2 is either unconnected or has no load
WARNING: [Synth 8-7129] Port m_axis_arb_tready in module sc_node_v1_0_14_si_handler__parameterized2 is either unconnected or has no load
WARNING: [Synth 8-7129] Port m_sc_aclken in module sc_node_v1_0_14_top__parameterized2 is either unconnected or has no load
WARNING: [Synth 8-7129] Port aclk in module sc_util_v1_0_4_pipeline__parameterized5 is either unconnected or has no load
WARNING: [Synth 8-7129] Port aclken in module sc_util_v1_0_4_pipeline__parameterized5 is either unconnected or has no load
WARNING: [Synth 8-7129] Port areset in module sc_util_v1_0_4_pipeline__parameterized5 is either unconnected or has no load
WARNING: [Synth 8-7129] Port aclk in module sc_util_v1_0_4_pipeline__parameterized4 is either unconnected or has no load
WARNING: [Synth 8-7129] Port aclken in module sc_util_v1_0_4_pipeline__parameterized4 is either unconnected or has no load
WARNING: [Synth 8-7129] Port areset in module sc_util_v1_0_4_pipeline__parameterized4 is either unconnected or has no load
WARNING: [Synth 8-7129] Port aclk in module sc_node_v1_0_14_si_handler__parameterized1 is either unconnected or has no load
WARNING: [Synth 8-7129] Port aclken in module sc_node_v1_0_14_si_handler__parameterized1 is either unconnected or has no load
WARNING: [Synth 8-7129] Port areset in module sc_node_v1_0_14_si_handler__parameterized1 is either unconnected or has no load
WARNING: [Synth 8-7129] Port s_sc_req[0] in module sc_node_v1_0_14_si_handler__parameterized1 is either unconnected or has no load
WARNING: [Synth 8-7129] Port s_sc_info[0] in module sc_node_v1_0_14_si_handler__parameterized1 is either unconnected or has no load
WARNING: [Synth 8-7129] Port s_axis_arb_tvalid in module sc_node_v1_0_14_si_handler__parameterized1 is either unconnected or has no load
WARNING: [Synth 8-7129] Port s_axis_arb_tdata[15] in module sc_node_v1_0_14_si_handler__parameterized1 is either unconnected or has no load
WARNING: [Synth 8-7129] Port s_axis_arb_tdata[14] in module sc_node_v1_0_14_si_handler__parameterized1 is either unconnected or has no load
WARNING: [Synth 8-7129] Port s_axis_arb_tdata[13] in module sc_node_v1_0_14_si_handler__parameterized1 is either unconnected or has no load
WARNING: [Synth 8-7129] Port s_axis_arb_tdata[12] in module sc_node_v1_0_14_si_handler__parameterized1 is either unconnected or has no load
WARNING: [Synth 8-7129] Port s_axis_arb_tdata[11] in module sc_node_v1_0_14_si_handler__parameterized1 is either unconnected or has no load
WARNING: [Synth 8-7129] Port s_axis_arb_tdata[10] in module sc_node_v1_0_14_si_handler__parameterized1 is either unconnected or has no load
WARNING: [Synth 8-7129] Port s_axis_arb_tdata[9] in module sc_node_v1_0_14_si_handler__parameterized1 is either unconnected or has no load
WARNING: [Synth 8-7129] Port s_axis_arb_tdata[8] in module sc_node_v1_0_14_si_handler__parameterized1 is either unconnected or has no load
WARNING: [Synth 8-7129] Port s_axis_arb_tdata[7] in module sc_node_v1_0_14_si_handler__parameterized1 is either unconnected or has no load
WARNING: [Synth 8-7129] Port s_axis_arb_tdata[6] in module sc_node_v1_0_14_si_handler__parameterized1 is either unconnected or has no load
WARNING: [Synth 8-7129] Port s_axis_arb_tdata[5] in module sc_node_v1_0_14_si_handler__parameterized1 is either unconnected or has no load
WARNING: [Synth 8-7129] Port s_axis_arb_tdata[4] in module sc_node_v1_0_14_si_handler__parameterized1 is either unconnected or has no load
WARNING: [Synth 8-7129] Port s_axis_arb_tdata[3] in module sc_node_v1_0_14_si_handler__parameterized1 is either unconnected or has no load
WARNING: [Synth 8-7129] Port s_axis_arb_tdata[2] in module sc_node_v1_0_14_si_handler__parameterized1 is either unconnected or has no load
WARNING: [Synth 8-7129] Port s_axis_arb_tdata[1] in module sc_node_v1_0_14_si_handler__parameterized1 is either unconnected or has no load
WARNING: [Synth 8-7129] Port s_axis_arb_tdata[0] in module sc_node_v1_0_14_si_handler__parameterized1 is either unconnected or has no load
WARNING: [Synth 8-7129] Port m_axis_arb_tready in module sc_node_v1_0_14_si_handler__parameterized1 is either unconnected or has no load
WARNING: [Synth 8-7129] Port m_sc_aclken in module sc_node_v1_0_14_top__parameterized1 is either unconnected or has no load
WARNING: [Synth 8-7129] Port aclk in module sc_util_v1_0_4_pipeline__parameterized3 is either unconnected or has no load
WARNING: [Synth 8-7129] Port aclken in module sc_util_v1_0_4_pipeline__parameterized3 is either unconnected or has no load
WARNING: [Synth 8-7129] Port areset in module sc_util_v1_0_4_pipeline__parameterized3 is either unconnected or has no load
WARNING: [Synth 8-7129] Port aclk in module sc_util_v1_0_4_pipeline__parameterized1 is either unconnected or has no load
INFO: [Common 17-14] Message 'Synth 8-7129' appears 100 times and further instances of the messages will be disabled. Use the Tcl command set_msg_config to change the current settings.
---------------------------------------------------------------------------------
Finished RTL Elaboration : Time (s): cpu = 00:00:10 ; elapsed = 00:00:11 . Memory (MB): peak = 3358.875 ; gain = 457.582 ; free physical = 134303 ; free virtual = 468818
---------------------------------------------------------------------------------
---------------------------------------------------------------------------------
Start Handling Custom Attributes
---------------------------------------------------------------------------------
---------------------------------------------------------------------------------
Finished Handling Custom Attributes : Time (s): cpu = 00:00:10 ; elapsed = 00:00:11 . Memory (MB): peak = 3376.688 ; gain = 475.395 ; free physical = 134248 ; free virtual = 468768
---------------------------------------------------------------------------------
---------------------------------------------------------------------------------
Finished RTL Optimization Phase 1 : Time (s): cpu = 00:00:10 ; elapsed = 00:00:11 . Memory (MB): peak = 3376.688 ; gain = 475.395 ; free physical = 134248 ; free virtual = 468768
---------------------------------------------------------------------------------
Netlist sorting complete. Time (s): cpu = 00:00:00.71 ; elapsed = 00:00:00.72 . Memory (MB): peak = 3382.625 ; gain = 0.000 ; free physical = 134918 ; free virtual = 469491
INFO: [Netlist 29-17] Analyzing 13 Unisim elements for replacement
INFO: [Netlist 29-28] Unisim Transformation completed in 0 CPU seconds
INFO: [Constraints 18-6359] No Clock Expansion Window constraints config file entry for device xcvc1902.  GCLK Deskew mode will be Off and cannot be enabled via GCLK_DESKEW override.
INFO: [Constraints 18-5720] The default GCLK Deskew mode is Off.
INFO: [Project 1-570] Preparing netlist for logic optimization

Processing XDC Constraints
Initializing timing engine
Parsing XDC File [/home/x_thileeb/repos/ops-hls-pact25-artifact/codegen_apps/jacobian3d/vck5000_project/hls/build/hw/temp_dir/link/link/vivado/vpl/prj/prj.gen/my_rm/bd/ulp_inst_0/ip/ulp_inst_0_axi_ic_user_extend_0/ooc.xdc] for cell 'inst'
CRITICAL WARNING: [Power 33-705] The voltage setting 3.300 on supply VCCO_503 is different from the voltage setting of 1.800 of the parent 1V8_VCC. [/home/x_thileeb/repos/ops-hls-pact25-artifact/codegen_apps/jacobian3d/vck5000_project/hls/build/hw/temp_dir/link/link/vivado/vpl/prj/prj.gen/my_rm/bd/ulp_inst_0/ip/ulp_inst_0_axi_ic_user_extend_0/ooc.xdc:3]
CRITICAL WARNING: [Power 33-704] The voltage setting 1.800 of the 1V8_VCC falls outside the allowed range <3.135-3.465> of VCCO_503 conatined by the rail. [/home/x_thileeb/repos/ops-hls-pact25-artifact/codegen_apps/jacobian3d/vck5000_project/hls/build/hw/temp_dir/link/link/vivado/vpl/prj/prj.gen/my_rm/bd/ulp_inst_0/ip/ulp_inst_0_axi_ic_user_extend_0/ooc.xdc:3]
CRITICAL WARNING: [Power 33-705] The voltage setting 3.300 on supply VCCO_500 is different from the voltage setting of 1.800 of the parent 1V8_VCC. [/home/x_thileeb/repos/ops-hls-pact25-artifact/codegen_apps/jacobian3d/vck5000_project/hls/build/hw/temp_dir/link/link/vivado/vpl/prj/prj.gen/my_rm/bd/ulp_inst_0/ip/ulp_inst_0_axi_ic_user_extend_0/ooc.xdc:3]
CRITICAL WARNING: [Power 33-704] The voltage setting 1.800 of the 1V8_VCC falls outside the allowed range <3.135-3.465> of VCCO_500 conatined by the rail. [/home/x_thileeb/repos/ops-hls-pact25-artifact/codegen_apps/jacobian3d/vck5000_project/hls/build/hw/temp_dir/link/link/vivado/vpl/prj/prj.gen/my_rm/bd/ulp_inst_0/ip/ulp_inst_0_axi_ic_user_extend_0/ooc.xdc:3]
create_clock: Time (s): cpu = 00:00:06 ; elapsed = 00:00:07 . Memory (MB): peak = 3646.477 ; gain = 64.016 ; free physical = 136113 ; free virtual = 470736
Finished Parsing XDC File [/home/x_thileeb/repos/ops-hls-pact25-artifact/codegen_apps/jacobian3d/vck5000_project/hls/build/hw/temp_dir/link/link/vivado/vpl/prj/prj.gen/my_rm/bd/ulp_inst_0/ip/ulp_inst_0_axi_ic_user_extend_0/ooc.xdc] for cell 'inst'
Parsing XDC File [/home/x_thileeb/repos/ops-hls-pact25-artifact/codegen_apps/jacobian3d/vck5000_project/hls/build/hw/temp_dir/link/link/vivado/vpl/prj/prj.gen/my_rm/bd/ulp_inst_0/ip/ulp_inst_0_axi_ic_user_extend_0/bd_0/ip/ip_1/bd_dad2_psr_aclk_0_board.xdc] for cell 'inst/clk_map/psr_aclk/U0'
Finished Parsing XDC File [/home/x_thileeb/repos/ops-hls-pact25-artifact/codegen_apps/jacobian3d/vck5000_project/hls/build/hw/temp_dir/link/link/vivado/vpl/prj/prj.gen/my_rm/bd/ulp_inst_0/ip/ulp_inst_0_axi_ic_user_extend_0/bd_0/ip/ip_1/bd_dad2_psr_aclk_0_board.xdc] for cell 'inst/clk_map/psr_aclk/U0'
Parsing XDC File [/home/x_thileeb/repos/ops-hls-pact25-artifact/codegen_apps/jacobian3d/vck5000_project/hls/build/hw/temp_dir/link/link/vivado/vpl/prj/prj.gen/my_rm/bd/ulp_inst_0/ip/ulp_inst_0_axi_ic_user_extend_0/bd_0/ip/ip_1/bd_dad2_psr_aclk_0.xdc] for cell 'inst/clk_map/psr_aclk/U0'
Finished Parsing XDC File [/home/x_thileeb/repos/ops-hls-pact25-artifact/codegen_apps/jacobian3d/vck5000_project/hls/build/hw/temp_dir/link/link/vivado/vpl/prj/prj.gen/my_rm/bd/ulp_inst_0/ip/ulp_inst_0_axi_ic_user_extend_0/bd_0/ip/ip_1/bd_dad2_psr_aclk_0.xdc] for cell 'inst/clk_map/psr_aclk/U0'
Parsing XDC File [/home/x_thileeb/repos/ops-hls-pact25-artifact/codegen_apps/jacobian3d/vck5000_project/hls/build/hw/temp_dir/link/link/vivado/vpl/prj/prj.runs/ulp_inst_0_axi_ic_user_extend_0_synth_1/dont_touch.xdc]
Finished Parsing XDC File [/home/x_thileeb/repos/ops-hls-pact25-artifact/codegen_apps/jacobian3d/vck5000_project/hls/build/hw/temp_dir/link/link/vivado/vpl/prj/prj.runs/ulp_inst_0_axi_ic_user_extend_0_synth_1/dont_touch.xdc]
INFO: [Project 1-1714] 14 XPM XDC files have been applied to the design.
Completed Processing XDC Constraints

Netlist sorting complete. Time (s): cpu = 00:00:00 ; elapsed = 00:00:00 . Memory (MB): peak = 3646.477 ; gain = 0.000 ; free physical = 136051 ; free virtual = 470673
INFO: [Project 1-111] Unisim Transformation Summary:
  A total of 13 instances were transformed.
  FDR => FDRE: 12 instances
  SRL16 => SRL16E: 1 instance 

Constraint Validation Runtime : Time (s): cpu = 00:00:00.12 ; elapsed = 00:00:00.12 . Memory (MB): peak = 3649.445 ; gain = 2.969 ; free physical = 135955 ; free virtual = 470578
INFO: [Designutils 20-5008] Incremental synthesis strategy off
---------------------------------------------------------------------------------
Finished Constraint Validation : Time (s): cpu = 00:00:31 ; elapsed = 00:00:33 . Memory (MB): peak = 3649.445 ; gain = 748.152 ; free physical = 134196 ; free virtual = 468857
---------------------------------------------------------------------------------
---------------------------------------------------------------------------------
Start Loading Part and Timing Information
---------------------------------------------------------------------------------
Loading part: xcvc1902-vsvd1760-2MP-e-S
INFO: [Synth 8-6742] Reading net delay rules and data
---------------------------------------------------------------------------------
Finished Loading Part and Timing Information : Time (s): cpu = 00:00:31 ; elapsed = 00:00:33 . Memory (MB): peak = 3649.445 ; gain = 748.152 ; free physical = 134188 ; free virtual = 468849
---------------------------------------------------------------------------------
---------------------------------------------------------------------------------
Start Applying 'set_property' XDC Constraints
---------------------------------------------------------------------------------
Applied set_property KEEP_HIERARCHY = SOFT for inst. (constraint file  /home/x_thileeb/repos/ops-hls-pact25-artifact/codegen_apps/jacobian3d/vck5000_project/hls/build/hw/temp_dir/link/link/vivado/vpl/prj/prj.runs/ulp_inst_0_axi_ic_user_extend_0_synth_1/dont_touch.xdc, line 71).
Applied set_property KEEP_HIERARCHY = SOFT for inst/s00_nodes/s00_ar_node/inst/m_sc_xpm_cdc_async_rst_inst. (constraint file  auto generated constraint).
Applied set_property KEEP_HIERARCHY = SOFT for inst/s00_nodes/s00_aw_node/inst/m_sc_xpm_cdc_async_rst_inst. (constraint file  auto generated constraint).
Applied set_property KEEP_HIERARCHY = SOFT for inst/s00_nodes/s00_b_node/inst/m_sc_xpm_cdc_async_rst_inst. (constraint file  auto generated constraint).
Applied set_property KEEP_HIERARCHY = SOFT for inst/s00_nodes/s00_r_node/inst/m_sc_xpm_cdc_async_rst_inst. (constraint file  auto generated constraint).
Applied set_property KEEP_HIERARCHY = SOFT for inst/s00_nodes/s00_w_node/inst/m_sc_xpm_cdc_async_rst_inst. (constraint file  auto generated constraint).
Applied set_property KEEP_HIERARCHY = SOFT for inst/s00_nodes/s00_ar_node/inst/s_sc_xpm_cdc_async_rst_inst. (constraint file  auto generated constraint).
Applied set_property KEEP_HIERARCHY = SOFT for inst/s00_nodes/s00_aw_node/inst/s_sc_xpm_cdc_async_rst_inst. (constraint file  auto generated constraint).
Applied set_property KEEP_HIERARCHY = SOFT for inst/s00_nodes/s00_b_node/inst/s_sc_xpm_cdc_async_rst_inst. (constraint file  auto generated constraint).
Applied set_property KEEP_HIERARCHY = SOFT for inst/s00_nodes/s00_r_node/inst/s_sc_xpm_cdc_async_rst_inst. (constraint file  auto generated constraint).
Applied set_property KEEP_HIERARCHY = SOFT for inst/s00_nodes/s00_w_node/inst/s_sc_xpm_cdc_async_rst_inst. (constraint file  auto generated constraint).
Applied set_property KEEP_HIERARCHY = SOFT for inst/m00_exit_pipeline/m00_exit/inst/xpm_cdc_async_rst_inst. (constraint file  auto generated constraint).
Applied set_property KEEP_HIERARCHY = SOFT for inst/s00_entry_pipeline/s00_mmu/inst/xpm_cdc_async_rst_inst. (constraint file  auto generated constraint).
Applied set_property KEEP_HIERARCHY = SOFT for inst/s00_entry_pipeline/s00_si_converter/inst/xpm_cdc_async_rst_inst. (constraint file  auto generated constraint).
Applied set_property KEEP_HIERARCHY = SOFT for inst/s00_entry_pipeline/s00_transaction_regulator/inst/xpm_cdc_async_rst_inst. (constraint file  auto generated constraint).
---------------------------------------------------------------------------------
Finished applying 'set_property' XDC Constraints : Time (s): cpu = 00:00:31 ; elapsed = 00:00:33 . Memory (MB): peak = 3649.445 ; gain = 748.152 ; free physical = 134122 ; free virtual = 468782
---------------------------------------------------------------------------------
INFO: [Synth 8-802] inferred FSM for state register 'w_state_reg' in module 'sc_si_converter_v1_0_10_axilite_conv'
INFO: [Synth 8-802] inferred FSM for state register 'r_state_reg' in module 'sc_si_converter_v1_0_10_axilite_conv'
---------------------------------------------------------------------------------------------------
                   State |                     New Encoding |                Previous Encoding 
---------------------------------------------------------------------------------------------------
                  W_IDLE |                              000 | 00000000000000000000000000000000
                    W_RX |                              001 | 00000000000000000000000000000001
                    W_TX |                              010 | 00000000000000000000000000000010
              W_COMPLETE |                              011 | 00000000000000000000000000000100
               W_RECOVER |                              100 | 00000000000000000000000000000011
---------------------------------------------------------------------------------------------------
INFO: [Synth 8-3354] encoded FSM with state register 'w_state_reg' using encoding 'sequential' in module 'sc_si_converter_v1_0_10_axilite_conv'
---------------------------------------------------------------------------------------------------
                   State |                     New Encoding |                Previous Encoding 
---------------------------------------------------------------------------------------------------
                  R_IDLE |                               00 | 00000000000000000000000000000000
                    R_RX |                               01 | 00000000000000000000000000000001
                    R_TX |                               10 | 00000000000000000000000000000010
---------------------------------------------------------------------------------------------------
INFO: [Synth 8-3354] encoded FSM with state register 'r_state_reg' using encoding 'sequential' in module 'sc_si_converter_v1_0_10_axilite_conv'
---------------------------------------------------------------------------------
Finished RTL Optimization Phase 2 : Time (s): cpu = 00:00:33 ; elapsed = 00:00:36 . Memory (MB): peak = 3649.445 ; gain = 748.152 ; free physical = 134304 ; free virtual = 468980
---------------------------------------------------------------------------------
---------------------------------------------------------------------------------
Start RTL Component Statistics 
---------------------------------------------------------------------------------
Detailed RTL Component Info : 
+---Adders : 
	   2 Input   12 Bit       Adders := 2     
	   2 Input   10 Bit       Adders := 1     
	   2 Input    9 Bit       Adders := 3     
	   2 Input    8 Bit       Adders := 2     
	   2 Input    7 Bit       Adders := 1     
	   2 Input    6 Bit       Adders := 1     
	   2 Input    4 Bit       Adders := 5     
	   2 Input    3 Bit       Adders := 1     
	   2 Input    1 Bit       Adders := 5     
	   3 Input    1 Bit       Adders := 2     
+---XORs : 
	   2 Input      1 Bit         XORs := 24    
+---Registers : 
	              512 Bit    Registers := 1     
	              303 Bit    Registers := 2     
	               70 Bit    Registers := 2     
	               64 Bit    Registers := 5     
	               47 Bit    Registers := 1     
	               33 Bit    Registers := 1     
	               32 Bit    Registers := 3     
	               24 Bit    Registers := 1     
	               12 Bit    Registers := 1     
	                9 Bit    Registers := 3     
	                8 Bit    Registers := 2     
	                7 Bit    Registers := 3     
	                6 Bit    Registers := 1     
	                4 Bit    Registers := 6     
	                3 Bit    Registers := 21    
	                2 Bit    Registers := 10    
	                1 Bit    Registers := 99    
+---Muxes : 
	   3 Input   64 Bit        Muxes := 1     
	   2 Input   64 Bit        Muxes := 1     
	   3 Input   32 Bit        Muxes := 1     
	   2 Input   12 Bit        Muxes := 6     
	   5 Input   12 Bit        Muxes := 1     
	   5 Input    9 Bit        Muxes := 1     
	   2 Input    9 Bit        Muxes := 6     
	   3 Input    8 Bit        Muxes := 1     
	   2 Input    8 Bit        Muxes := 5     
	   3 Input    7 Bit        Muxes := 1     
	   2 Input    7 Bit        Muxes := 4     
	   2 Input    6 Bit        Muxes := 1     
	   2 Input    3 Bit        Muxes := 9     
	   5 Input    3 Bit        Muxes := 1     
	   2 Input    2 Bit        Muxes := 14    
	   5 Input    2 Bit        Muxes := 1     
	   4 Input    2 Bit        Muxes := 2     
	   3 Input    2 Bit        Muxes := 2     
	   2 Input    1 Bit        Muxes := 57    
	   5 Input    1 Bit        Muxes := 16    
	   3 Input    1 Bit        Muxes := 16    
---------------------------------------------------------------------------------
Finished RTL Component Statistics 
---------------------------------------------------------------------------------
---------------------------------------------------------------------------------
Start Part Resource Summary
---------------------------------------------------------------------------------
Part Resources:
DSPs: 3936 (col length:164)
BRAMs: 1934 (col length: RAMB18 168 RAMB36 84)
---------------------------------------------------------------------------------
Finished Part Resource Summary
---------------------------------------------------------------------------------
---------------------------------------------------------------------------------
Start Cross Boundary and Area Optimization
---------------------------------------------------------------------------------
WARNING: [Synth 8-7080] Parallel synthesis criteria is not met
WARNING: [Synth 8-3332] Sequential element (clk_map/psr_aclk/U0/EXT_LPF/ACTIVE_LOW_EXT.ACT_LO_EXT/GENERATE_LEVEL_P_S_CDC.SINGLE_BIT.CROSS_PLEVEL_IN2SCNDRY_IN_cdc_to) is unused and will be removed from module bd_dad2.
WARNING: [Synth 8-3332] Sequential element (clk_map/psr_aclk/U0/EXT_LPF/ACTIVE_LOW_EXT.ACT_LO_EXT/GENERATE_LEVEL_P_S_CDC.SINGLE_BIT.CROSS_PLEVEL_IN2SCNDRY_s_level_out_d2) is unused and will be removed from module bd_dad2.
WARNING: [Synth 8-3332] Sequential element (clk_map/psr_aclk/U0/EXT_LPF/ACTIVE_LOW_EXT.ACT_LO_EXT/GENERATE_LEVEL_P_S_CDC.SINGLE_BIT.CROSS_PLEVEL_IN2SCNDRY_s_level_out_d3) is unused and will be removed from module bd_dad2.
WARNING: [Synth 8-3332] Sequential element (clk_map/psr_aclk/U0/EXT_LPF/ACTIVE_LOW_EXT.ACT_LO_EXT/GENERATE_LEVEL_P_S_CDC.SINGLE_BIT.CROSS_PLEVEL_IN2SCNDRY_s_level_out_d4) is unused and will be removed from module bd_dad2.
WARNING: [Synth 8-3332] Sequential element (clk_map/psr_aclk/U0/EXT_LPF/ACTIVE_LOW_EXT.ACT_LO_EXT/GENERATE_LEVEL_P_S_CDC.SINGLE_BIT.CROSS_PLEVEL_IN2SCNDRY_s_level_out_d5) is unused and will be removed from module bd_dad2.
WARNING: [Synth 8-3332] Sequential element (clk_map/psr_aclk/U0/EXT_LPF/ACTIVE_LOW_EXT.ACT_LO_EXT/GENERATE_LEVEL_P_S_CDC.SINGLE_BIT.CROSS_PLEVEL_IN2SCNDRY_s_level_out_d6) is unused and will be removed from module bd_dad2.
WARNING: [Synth 8-3332] Sequential element (clk_map/psr_aclk/U0/EXT_LPF/ACTIVE_LOW_AUX.ACT_LO_AUX/GENERATE_LEVEL_P_S_CDC.SINGLE_BIT.CROSS_PLEVEL_IN2SCNDRY_s_level_out_d5) is unused and will be removed from module bd_dad2.
WARNING: [Synth 8-3332] Sequential element (clk_map/psr_aclk/U0/EXT_LPF/ACTIVE_LOW_AUX.ACT_LO_AUX/GENERATE_LEVEL_P_S_CDC.SINGLE_BIT.CROSS_PLEVEL_IN2SCNDRY_s_level_out_d6) is unused and will be removed from module bd_dad2.
WARNING: [Synth 8-3332] Sequential element (clk_map/psr_aclk/U0/FDRE_inst) is unused and will be removed from module bd_dad2.
WARNING: [Synth 8-3332] Sequential element (clk_map/psr_aclk/U0/BSR_OUT_DFF[0].FDRE_BSR) is unused and will be removed from module bd_dad2.
WARNING: [Synth 8-3332] Sequential element (clk_map/psr_aclk/U0/PR_OUT_DFF[0].FDRE_PER) is unused and will be removed from module bd_dad2.
WARNING: [Synth 8-3332] Sequential element (clk_map/psr_aclk/U0/ACTIVE_LOW_PR_OUT_DFF[0].FDRE_PER_N) is unused and will be removed from module bd_dad2.
---------------------------------------------------------------------------------
Finished Cross Boundary and Area Optimization : Time (s): cpu = 00:00:38 ; elapsed = 00:00:41 . Memory (MB): peak = 3649.445 ; gain = 748.152 ; free physical = 134771 ; free virtual = 469462
---------------------------------------------------------------------------------
---------------------------------------------------------------------------------
Start Applying XDC Timing Constraints
---------------------------------------------------------------------------------
---------------------------------------------------------------------------------
Finished Applying XDC Timing Constraints : Time (s): cpu = 00:01:05 ; elapsed = 00:01:17 . Memory (MB): peak = 4177.133 ; gain = 1275.840 ; free physical = 130348 ; free virtual = 465219
---------------------------------------------------------------------------------
---------------------------------------------------------------------------------
Start Timing Optimization
---------------------------------------------------------------------------------
---------------------------------------------------------------------------------
Finished Timing Optimization : Time (s): cpu = 00:01:05 ; elapsed = 00:01:18 . Memory (MB): peak = 4211.180 ; gain = 1309.887 ; free physical = 130337 ; free virtual = 465208
---------------------------------------------------------------------------------
---------------------------------------------------------------------------------
Start Technology Mapping
---------------------------------------------------------------------------------
INFO: [Synth 8-5816] Retiming module `xpm_cdc_async_rst__1`
   Worst Slack before retiming is 8016 and worst slack after retiming is 8016
   Numbers of local forward move = 0, and local backward move = 0


INFO: [Synth 8-5816] Retiming module `xpm_cdc_async_rst__1' done


INFO: [Synth 8-5816] Retiming module `sc_exit_v1_0_13_top`
   Worst Slack before retiming is 8016 and worst slack after retiming is 8016
   Numbers of local forward move = 0, and local backward move = 0


INFO: [Synth 8-5816] Retiming module `sc_exit_v1_0_13_top' done


INFO: [Synth 8-5816] Retiming module `sc_sc2axi_v1_0_8_top`
   Worst Slack before retiming is 8016 and worst slack after retiming is 8016
   Numbers of local forward move = 0, and local backward move = 0


INFO: [Synth 8-5816] Retiming module `sc_sc2axi_v1_0_8_top' done


INFO: [Synth 8-5816] Retiming module `sc_axi2sc_v1_0_8_top`
   Worst Slack before retiming is 8016 and worst slack after retiming is 8016
   Numbers of local forward move = 0, and local backward move = 0


INFO: [Synth 8-5816] Retiming module `sc_axi2sc_v1_0_8_top' done


INFO: [Synth 8-5816] Retiming module `xpm_cdc_async_rst__2`
   Worst Slack before retiming is 8016 and worst slack after retiming is 8016
   Numbers of local forward move = 0, and local backward move = 0


INFO: [Synth 8-5816] Retiming module `xpm_cdc_async_rst__2' done


INFO: [Synth 8-5816] Retiming module `sc_mmu_v1_0_10_top`
   Worst Slack before retiming is 8016 and worst slack after retiming is 8016
   Numbers of local forward move = 0, and local backward move = 0


INFO: [Synth 8-5816] Retiming module `sc_mmu_v1_0_10_top' done


INFO: [Synth 8-5816] Retiming module `xpm_cdc_async_rst__3`
   Worst Slack before retiming is 8016 and worst slack after retiming is 8016
   Numbers of local forward move = 0, and local backward move = 0


INFO: [Synth 8-5816] Retiming module `xpm_cdc_async_rst__3' done


INFO: [Synth 8-5816] Retiming module `sc_si_converter_v1_0_10_top`
   Worst Slack before retiming is 8016 and worst slack after retiming is 8016
   Numbers of local forward move = 0, and local backward move = 0


INFO: [Synth 8-5816] Retiming module `sc_si_converter_v1_0_10_top' done


INFO: [Synth 8-5816] Retiming module `xpm_cdc_async_rst__4`
   Worst Slack before retiming is 8016 and worst slack after retiming is 8016
   Numbers of local forward move = 0, and local backward move = 0


INFO: [Synth 8-5816] Retiming module `xpm_cdc_async_rst__4' done


INFO: [Synth 8-5816] Retiming module `sc_transaction_regulator_v1_0_9_top`
   Worst Slack before retiming is 8016 and worst slack after retiming is 8016
   Numbers of local forward move = 0, and local backward move = 0


INFO: [Synth 8-5816] Retiming module `sc_transaction_regulator_v1_0_9_top' done


INFO: [Synth 8-5816] Retiming module `xpm_cdc_async_rst__5`
   Worst Slack before retiming is 8016 and worst slack after retiming is 8016
   Numbers of local forward move = 0, and local backward move = 0


INFO: [Synth 8-5816] Retiming module `xpm_cdc_async_rst__5' done


INFO: [Synth 8-5816] Retiming module `xpm_cdc_async_rst__6`
   Worst Slack before retiming is 8016 and worst slack after retiming is 8016
   Numbers of local forward move = 0, and local backward move = 0


INFO: [Synth 8-5816] Retiming module `xpm_cdc_async_rst__6' done


INFO: [Synth 8-5816] Retiming module `sc_node_v1_0_14_top`
   Worst Slack before retiming is 8016 and worst slack after retiming is 8016
   Numbers of local forward move = 0, and local backward move = 0


INFO: [Synth 8-5816] Retiming module `sc_node_v1_0_14_top' done


INFO: [Synth 8-5816] Retiming module `xpm_cdc_async_rst__7`
   Worst Slack before retiming is 8016 and worst slack after retiming is 8016
   Numbers of local forward move = 0, and local backward move = 0


INFO: [Synth 8-5816] Retiming module `xpm_cdc_async_rst__7' done


INFO: [Synth 8-5816] Retiming module `xpm_cdc_async_rst__8`
   Worst Slack before retiming is 8016 and worst slack after retiming is 8016
   Numbers of local forward move = 0, and local backward move = 0


INFO: [Synth 8-5816] Retiming module `xpm_cdc_async_rst__8' done


INFO: [Synth 8-5816] Retiming module `sc_node_v1_0_14_top__parameterized0`
   Worst Slack before retiming is 8016 and worst slack after retiming is 8016
   Numbers of local forward move = 0, and local backward move = 0


INFO: [Synth 8-5816] Retiming module `sc_node_v1_0_14_top__parameterized0' done


INFO: [Synth 8-5816] Retiming module `xpm_cdc_async_rst__9`
   Worst Slack before retiming is 8016 and worst slack after retiming is 8016
   Numbers of local forward move = 0, and local backward move = 0


INFO: [Synth 8-5816] Retiming module `xpm_cdc_async_rst__9' done


INFO: [Synth 8-5816] Retiming module `xpm_cdc_async_rst__10`
   Worst Slack before retiming is 8016 and worst slack after retiming is 8016
   Numbers of local forward move = 0, and local backward move = 0


INFO: [Synth 8-5816] Retiming module `xpm_cdc_async_rst__10' done


INFO: [Synth 8-5816] Retiming module `sc_node_v1_0_14_top__parameterized1`
   Worst Slack before retiming is 8016 and worst slack after retiming is 8016
   Numbers of local forward move = 0, and local backward move = 0


INFO: [Synth 8-5816] Retiming module `sc_node_v1_0_14_top__parameterized1' done


INFO: [Synth 8-5816] Retiming module `xpm_cdc_async_rst__11`
   Worst Slack before retiming is 8016 and worst slack after retiming is 8016
   Numbers of local forward move = 0, and local backward move = 0


INFO: [Synth 8-5816] Retiming module `xpm_cdc_async_rst__11' done


INFO: [Synth 8-5816] Retiming module `xpm_cdc_async_rst__12`
   Worst Slack before retiming is 8016 and worst slack after retiming is 8016
   Numbers of local forward move = 0, and local backward move = 0


INFO: [Synth 8-5816] Retiming module `xpm_cdc_async_rst__12' done


INFO: [Synth 8-5816] Retiming module `sc_node_v1_0_14_top__parameterized2`
   Worst Slack before retiming is 8016 and worst slack after retiming is 8016
   Numbers of local forward move = 0, and local backward move = 0


INFO: [Synth 8-5816] Retiming module `sc_node_v1_0_14_top__parameterized2' done


INFO: [Synth 8-5816] Retiming module `xpm_cdc_async_rst__13`
   Worst Slack before retiming is 8016 and worst slack after retiming is 8016
   Numbers of local forward move = 0, and local backward move = 0


INFO: [Synth 8-5816] Retiming module `xpm_cdc_async_rst__13' done


INFO: [Synth 8-5816] Retiming module `xpm_cdc_async_rst`
   Worst Slack before retiming is 8016 and worst slack after retiming is 8016
   Numbers of local forward move = 0, and local backward move = 0


INFO: [Synth 8-5816] Retiming module `xpm_cdc_async_rst' done


INFO: [Synth 8-5816] Retiming module `sc_node_v1_0_14_top__parameterized3`
   Worst Slack before retiming is 8016 and worst slack after retiming is 8016
   Numbers of local forward move = 0, and local backward move = 0


INFO: [Synth 8-5816] Retiming module `sc_node_v1_0_14_top__parameterized3' done


INFO: [Synth 8-5816] Retiming module `bd_dad2`
   Worst Slack before retiming is 8016 and worst slack after retiming is 8016
   Numbers of local forward move = 0, and local backward move = 0


INFO: [Synth 8-5816] Retiming module `bd_dad2' done


INFO: [Synth 8-5816] Retiming module `ulp_inst_0_axi_ic_user_extend_0`
   Worst Slack before retiming is 8016 and worst slack after retiming is 8016
   Numbers of local forward move = 0, and local backward move = 0


INFO: [Synth 8-5816] Retiming module `ulp_inst_0_axi_ic_user_extend_0' done


---------------------------------------------------------------------------------
Finished Technology Mapping : Time (s): cpu = 00:01:06 ; elapsed = 00:01:19 . Memory (MB): peak = 4212.188 ; gain = 1310.895 ; free physical = 130518 ; free virtual = 465391
---------------------------------------------------------------------------------
---------------------------------------------------------------------------------
Start IO Insertion
---------------------------------------------------------------------------------
---------------------------------------------------------------------------------
Start Flattening Before IO Insertion
---------------------------------------------------------------------------------
---------------------------------------------------------------------------------
Finished Flattening Before IO Insertion
---------------------------------------------------------------------------------
---------------------------------------------------------------------------------
Start Final Netlist Cleanup
---------------------------------------------------------------------------------
---------------------------------------------------------------------------------
Finished Final Netlist Cleanup
---------------------------------------------------------------------------------
---------------------------------------------------------------------------------
Finished IO Insertion : Time (s): cpu = 00:01:11 ; elapsed = 00:01:24 . Memory (MB): peak = 4218.125 ; gain = 1316.832 ; free physical = 132829 ; free virtual = 467701
---------------------------------------------------------------------------------
---------------------------------------------------------------------------------
Start Renaming Generated Instances
---------------------------------------------------------------------------------
---------------------------------------------------------------------------------
Finished Renaming Generated Instances : Time (s): cpu = 00:01:11 ; elapsed = 00:01:24 . Memory (MB): peak = 4218.125 ; gain = 1316.832 ; free physical = 132828 ; free virtual = 467701
---------------------------------------------------------------------------------
---------------------------------------------------------------------------------
Start Rebuilding User Hierarchy
---------------------------------------------------------------------------------
---------------------------------------------------------------------------------
Finished Rebuilding User Hierarchy : Time (s): cpu = 00:01:11 ; elapsed = 00:01:24 . Memory (MB): peak = 4218.125 ; gain = 1316.832 ; free physical = 132787 ; free virtual = 467660
---------------------------------------------------------------------------------
---------------------------------------------------------------------------------
Start Renaming Generated Ports
---------------------------------------------------------------------------------
---------------------------------------------------------------------------------
Finished Renaming Generated Ports : Time (s): cpu = 00:01:11 ; elapsed = 00:01:24 . Memory (MB): peak = 4218.125 ; gain = 1316.832 ; free physical = 132779 ; free virtual = 467652
---------------------------------------------------------------------------------
---------------------------------------------------------------------------------
Start Handling Custom Attributes
---------------------------------------------------------------------------------
---------------------------------------------------------------------------------
Finished Handling Custom Attributes : Time (s): cpu = 00:01:11 ; elapsed = 00:01:24 . Memory (MB): peak = 4218.125 ; gain = 1316.832 ; free physical = 132809 ; free virtual = 467681
---------------------------------------------------------------------------------
---------------------------------------------------------------------------------
Start Renaming Generated Nets
---------------------------------------------------------------------------------
---------------------------------------------------------------------------------
Finished Renaming Generated Nets : Time (s): cpu = 00:01:11 ; elapsed = 00:01:24 . Memory (MB): peak = 4218.125 ; gain = 1316.832 ; free physical = 132793 ; free virtual = 467666
---------------------------------------------------------------------------------
---------------------------------------------------------------------------------
Start ROM, RAM, DSP, Shift Register and Retiming Reporting
---------------------------------------------------------------------------------
---------------------------------------------------------------------------------
Finished ROM, RAM, DSP, Shift Register and Retiming Reporting
---------------------------------------------------------------------------------
---------------------------------------------------------------------------------
Start Writing Synthesis Report
---------------------------------------------------------------------------------

Report BlackBoxes: 
+-+--------------+----------+
| |BlackBox name |Instances |
+-+--------------+----------+
+-+--------------+----------+

Report Cell Usage: 
+------+------+------+
|      |Cell  |Count |
+------+------+------+
|1     |LUT1  |    49|
|2     |LUT2  |    93|
|3     |LUT3  |    36|
|4     |LUT4  |    45|
|5     |LUT5  |    48|
|6     |LUT6  |    55|
|8     |SRL16 |     1|
|9     |FDCE  |    42|
|10    |FDR   |     4|
|11    |FDRE  |   319|
|12    |FDSE  |    13|
+------+------+------+
---------------------------------------------------------------------------------
Finished Writing Synthesis Report : Time (s): cpu = 00:01:11 ; elapsed = 00:01:24 . Memory (MB): peak = 4218.125 ; gain = 1316.832 ; free physical = 132788 ; free virtual = 467661
---------------------------------------------------------------------------------
Synthesis finished with 0 errors, 0 critical warnings and 14750 warnings.
Synthesis Optimization Runtime : Time (s): cpu = 00:00:56 ; elapsed = 00:01:08 . Memory (MB): peak = 4218.125 ; gain = 1044.074 ; free physical = 132852 ; free virtual = 467725
Synthesis Optimization Complete : Time (s): cpu = 00:01:11 ; elapsed = 00:01:24 . Memory (MB): peak = 4218.133 ; gain = 1316.832 ; free physical = 132923 ; free virtual = 467796
INFO: [Project 1-571] Translating synthesized netlist
Netlist sorting complete. Time (s): cpu = 00:00:00.11 ; elapsed = 00:00:00.11 . Memory (MB): peak = 4221.094 ; gain = 0.000 ; free physical = 134022 ; free virtual = 468896
INFO: [Netlist 29-17] Analyzing 6 Unisim elements for replacement
INFO: [Netlist 29-28] Unisim Transformation completed in 0 CPU seconds
INFO: [Constraints 18-6359] No Clock Expansion Window constraints config file entry for device xcvc1902.  GCLK Deskew mode will be Off and cannot be enabled via GCLK_DESKEW override.
INFO: [Constraints 18-5720] The default GCLK Deskew mode is Off.
INFO: [Project 1-570] Preparing netlist for logic optimization
INFO: [Opt 31-138] Pushed 0 inverter(s) to 0 load pin(s).
Netlist sorting complete. Time (s): cpu = 00:00:00 ; elapsed = 00:00:00 . Memory (MB): peak = 4259.781 ; gain = 0.000 ; free physical = 135420 ; free virtual = 470301
INFO: [Project 1-111] Unisim Transformation Summary:
  A total of 6 instances were transformed.
  FDR => FDRE: 4 instances
  LUT6_2 => LUT6_2 (LUT5, LUT6): 1 instance 
  SRL16 => SRL16E: 1 instance 

Synth Design complete, checksum: be8737da
INFO: [Common 17-83] Releasing license: Synthesis
156 Infos, 142 Warnings, 4 Critical Warnings and 0 Errors encountered.
synth_design completed successfully
synth_design: Time (s): cpu = 00:01:25 ; elapsed = 00:01:35 . Memory (MB): peak = 4259.781 ; gain = 1358.586 ; free physical = 135397 ; free virtual = 470278
INFO: [Common 17-600] The following parameters have non-default value.
general.maxThreads
INFO: [Common 17-1381] The checkpoint '/home/x_thileeb/repos/ops-hls-pact25-artifact/codegen_apps/jacobian3d/vck5000_project/hls/build/hw/temp_dir/link/link/vivado/vpl/prj/prj.runs/ulp_inst_0_axi_ic_user_extend_0_synth_1/ulp_inst_0_axi_ic_user_extend_0.dcp' has been generated.
INFO: [runtcl-6] Synthesis results are not added to the cache due to CRITICAL_WARNING
INFO: [Coretcl 2-1174] Renamed 69 cell refs.
INFO: [Common 17-1381] The checkpoint '/home/x_thileeb/repos/ops-hls-pact25-artifact/codegen_apps/jacobian3d/vck5000_project/hls/build/hw/temp_dir/link/link/vivado/vpl/prj/prj.runs/ulp_inst_0_axi_ic_user_extend_0_synth_1/ulp_inst_0_axi_ic_user_extend_0.dcp' has been generated.
INFO: [runtcl-4] Executing : report_utilization -file ulp_inst_0_axi_ic_user_extend_0_utilization_synth.rpt -pb ulp_inst_0_axi_ic_user_extend_0_utilization_synth.pb
INFO: [Common 17-206] Exiting Vivado at Sun Jul 26 01:33:23 2026...
