

================================================================
== Vitis HLS Report for 'mem2stream_512u_32u_2u_Pipeline_VITIS_LOOP_431_1'
================================================================
* Date:           Sun Jul 26 01:22:50 2026

* Version:        2022.1 (Build 3526262 on Mon Apr 18 15:47:01 MDT 2022)
* Project:        datamover_outerloop_0
* Solution:       solution (Vitis Kernel Flow Target)
* Product family: versal
* Target device:  xcvc1902-vsvd1760-2MP-e-S


================================================================
== Performance Estimates
================================================================
+ Timing: 
    * Summary: 
    +--------+---------+----------+------------+
    |  Clock |  Target | Estimated| Uncertainty|
    +--------+---------+----------+------------+
    |ap_clk  |  3.33 ns|  2.433 ns|     0.90 ns|
    +--------+---------+----------+------------+

+ Latency: 
    * Summary: 
    +---------+---------+----------+----------+-----+-----+---------+
    |  Latency (cycles) |  Latency (absolute) |  Interval | Pipeline|
    |   min   |   max   |    min   |    max   | min | max |   Type  |
    +---------+---------+----------+----------+-----+-----+---------+
    |        ?|        ?|         ?|         ?|    ?|    ?|       no|
    +---------+---------+----------+----------+-----+-----+---------+

    + Detail: 
        * Instance: 
        N/A

        * Loop: 
        +--------------------+---------+---------+----------+-----------+-----------+------+----------+
        |                    |  Latency (cycles) | Iteration|  Initiation Interval  | Trip |          |
        |      Loop Name     |   min   |   max   |  Latency |  achieved |   target  | Count| Pipelined|
        +--------------------+---------+---------+----------+-----------+-----------+------+----------+
        |- VITIS_LOOP_431_1  |        ?|        ?|         3|          2|          2|     ?|       yes|
        +--------------------+---------+---------+----------+-----------+-----------+------+----------+



================================================================
== Utilization Estimates
================================================================
* Summary: 
+-----------------+---------+------+---------+--------+-----+
|       Name      | BRAM_18K|  DSP |    FF   |   LUT  | URAM|
+-----------------+---------+------+---------+--------+-----+
|DSP              |        -|     -|        -|       -|    -|
|Expression       |        -|     -|        0|      56|    -|
|FIFO             |        -|     -|        -|       -|    -|
|Instance         |        -|     -|        -|       -|    -|
|Memory           |        -|     -|        -|       -|    -|
|Multiplexer      |        -|     -|        -|      76|    -|
|Register         |        -|     -|      550|       -|    -|
+-----------------+---------+------+---------+--------+-----+
|Total            |        0|     0|      550|     132|    0|
+-----------------+---------+------+---------+--------+-----+
|Available        |     1934|  1968|  1799680|  899840|  463|
+-----------------+---------+------+---------+--------+-----+
|Utilization (%)  |        0|     0|       ~0|      ~0|    0|
+-----------------+---------+------+---------+--------+-----+

+ Detail: 
    * Instance: 
    N/A

    * DSP: 
    N/A

    * Memory: 
    N/A

    * FIFO: 
    N/A

    * Expression: 
    +----------------------------------+----------+----+---+----+------------+------------+
    |           Variable Name          | Operation| DSP| FF| LUT| Bitwidth P0| Bitwidth P1|
    +----------------------------------+----------+----+---+----+------------+------------+
    |add_ln450_fu_88_p2                |         +|   0|  0|  32|          32|           1|
    |ap_block_pp0_stage0_01001         |       and|   0|  0|   2|           1|           1|
    |ap_block_pp0_stage1_11001         |       and|   0|  0|   2|           1|           1|
    |ap_block_state2_pp0_stage1_iter0  |       and|   0|  0|   2|           1|           1|
    |icmp_ln431_fu_94_p2               |      icmp|   0|  0|  16|          32|          32|
    |ap_enable_pp0                     |       xor|   0|  0|   2|           1|           2|
    +----------------------------------+----------+----+---+----+------------+------------+
    |Total                             |          |   0|  0|  56|          68|          38|
    +----------------------------------+----------+----+---+----+------------+------------+

    * Multiplexer: 
    +--------------------------+----+-----------+-----+-----------+
    |           Name           | LUT| Input Size| Bits| Total Bits|
    +--------------------------+----+-----------+-----+-----------+
    |ap_NS_fsm                 |   2|          3|    1|          3|
    |ap_done_int               |   2|          2|    1|          2|
    |ap_enable_reg_pp0_iter0   |   2|          2|    1|          2|
    |ap_enable_reg_pp0_iter1   |   2|          2|    1|          2|
    |ap_sig_allocacmp_index_7  |  32|          2|   32|         64|
    |arg0_read_mem_strm_blk_n  |   2|          2|    1|          2|
    |gmem0_blk_n_R             |   2|          2|    1|          2|
    |index_fu_48               |  32|          2|   32|         64|
    +--------------------------+----+-----------+-----+-----------+
    |Total                     |  76|         17|   70|        141|
    +--------------------------+----+-----------+-----+-----------+

    * Register: 
    +-----------------------------+-----+----+-----+-----------+
    |             Name            |  FF | LUT| Bits| Const Bits|
    +-----------------------------+-----+----+-----+-----------+
    |ap_CS_fsm                    |    2|   0|    2|          0|
    |ap_done_reg                  |    1|   0|    1|          0|
    |ap_enable_reg_pp0_iter0_reg  |    1|   0|    1|          0|
    |ap_enable_reg_pp0_iter1      |    1|   0|    1|          0|
    |gmem0_addr_read_reg_127      |  512|   0|  512|          0|
    |icmp_ln431_reg_123           |    1|   0|    1|          0|
    |index_fu_48                  |   32|   0|   32|          0|
    +-----------------------------+-----+----+-----+-----------+
    |Total                        |  550|   0|  550|          0|
    +-----------------------------+-----+----+-----+-----------+



================================================================
== Interface
================================================================
* Summary: 
+-----------------------------------+-----+-----+------------+-----------------------------------------------------+--------------+
|             RTL Ports             | Dir | Bits|  Protocol  |                    Source Object                    |    C Type    |
+-----------------------------------+-----+-----+------------+-----------------------------------------------------+--------------+
|ap_clk                             |   in|    1|  ap_ctrl_hs|  mem2stream<512u, 32u, 2u>_Pipeline_VITIS_LOOP_431_1|  return value|
|ap_rst                             |   in|    1|  ap_ctrl_hs|  mem2stream<512u, 32u, 2u>_Pipeline_VITIS_LOOP_431_1|  return value|
|ap_start                           |   in|    1|  ap_ctrl_hs|  mem2stream<512u, 32u, 2u>_Pipeline_VITIS_LOOP_431_1|  return value|
|ap_done                            |  out|    1|  ap_ctrl_hs|  mem2stream<512u, 32u, 2u>_Pipeline_VITIS_LOOP_431_1|  return value|
|ap_idle                            |  out|    1|  ap_ctrl_hs|  mem2stream<512u, 32u, 2u>_Pipeline_VITIS_LOOP_431_1|  return value|
|ap_ready                           |  out|    1|  ap_ctrl_hs|  mem2stream<512u, 32u, 2u>_Pipeline_VITIS_LOOP_431_1|  return value|
|m_axi_gmem0_AWVALID                |  out|    1|       m_axi|                                                gmem0|       pointer|
|m_axi_gmem0_AWREADY                |   in|    1|       m_axi|                                                gmem0|       pointer|
|m_axi_gmem0_AWADDR                 |  out|   64|       m_axi|                                                gmem0|       pointer|
|m_axi_gmem0_AWID                   |  out|    1|       m_axi|                                                gmem0|       pointer|
|m_axi_gmem0_AWLEN                  |  out|   32|       m_axi|                                                gmem0|       pointer|
|m_axi_gmem0_AWSIZE                 |  out|    3|       m_axi|                                                gmem0|       pointer|
|m_axi_gmem0_AWBURST                |  out|    2|       m_axi|                                                gmem0|       pointer|
|m_axi_gmem0_AWLOCK                 |  out|    2|       m_axi|                                                gmem0|       pointer|
|m_axi_gmem0_AWCACHE                |  out|    4|       m_axi|                                                gmem0|       pointer|
|m_axi_gmem0_AWPROT                 |  out|    3|       m_axi|                                                gmem0|       pointer|
|m_axi_gmem0_AWQOS                  |  out|    4|       m_axi|                                                gmem0|       pointer|
|m_axi_gmem0_AWREGION               |  out|    4|       m_axi|                                                gmem0|       pointer|
|m_axi_gmem0_AWUSER                 |  out|    1|       m_axi|                                                gmem0|       pointer|
|m_axi_gmem0_WVALID                 |  out|    1|       m_axi|                                                gmem0|       pointer|
|m_axi_gmem0_WREADY                 |   in|    1|       m_axi|                                                gmem0|       pointer|
|m_axi_gmem0_WDATA                  |  out|  512|       m_axi|                                                gmem0|       pointer|
|m_axi_gmem0_WSTRB                  |  out|   64|       m_axi|                                                gmem0|       pointer|
|m_axi_gmem0_WLAST                  |  out|    1|       m_axi|                                                gmem0|       pointer|
|m_axi_gmem0_WID                    |  out|    1|       m_axi|                                                gmem0|       pointer|
|m_axi_gmem0_WUSER                  |  out|    1|       m_axi|                                                gmem0|       pointer|
|m_axi_gmem0_ARVALID                |  out|    1|       m_axi|                                                gmem0|       pointer|
|m_axi_gmem0_ARREADY                |   in|    1|       m_axi|                                                gmem0|       pointer|
|m_axi_gmem0_ARADDR                 |  out|   64|       m_axi|                                                gmem0|       pointer|
|m_axi_gmem0_ARID                   |  out|    1|       m_axi|                                                gmem0|       pointer|
|m_axi_gmem0_ARLEN                  |  out|   32|       m_axi|                                                gmem0|       pointer|
|m_axi_gmem0_ARSIZE                 |  out|    3|       m_axi|                                                gmem0|       pointer|
|m_axi_gmem0_ARBURST                |  out|    2|       m_axi|                                                gmem0|       pointer|
|m_axi_gmem0_ARLOCK                 |  out|    2|       m_axi|                                                gmem0|       pointer|
|m_axi_gmem0_ARCACHE                |  out|    4|       m_axi|                                                gmem0|       pointer|
|m_axi_gmem0_ARPROT                 |  out|    3|       m_axi|                                                gmem0|       pointer|
|m_axi_gmem0_ARQOS                  |  out|    4|       m_axi|                                                gmem0|       pointer|
|m_axi_gmem0_ARREGION               |  out|    4|       m_axi|                                                gmem0|       pointer|
|m_axi_gmem0_ARUSER                 |  out|    1|       m_axi|                                                gmem0|       pointer|
|m_axi_gmem0_RVALID                 |   in|    1|       m_axi|                                                gmem0|       pointer|
|m_axi_gmem0_RREADY                 |  out|    1|       m_axi|                                                gmem0|       pointer|
|m_axi_gmem0_RDATA                  |   in|  512|       m_axi|                                                gmem0|       pointer|
|m_axi_gmem0_RLAST                  |   in|    1|       m_axi|                                                gmem0|       pointer|
|m_axi_gmem0_RID                    |   in|    1|       m_axi|                                                gmem0|       pointer|
|m_axi_gmem0_RFIFONUM               |   in|    9|       m_axi|                                                gmem0|       pointer|
|m_axi_gmem0_RUSER                  |   in|    1|       m_axi|                                                gmem0|       pointer|
|m_axi_gmem0_RRESP                  |   in|    2|       m_axi|                                                gmem0|       pointer|
|m_axi_gmem0_BVALID                 |   in|    1|       m_axi|                                                gmem0|       pointer|
|m_axi_gmem0_BREADY                 |  out|    1|       m_axi|                                                gmem0|       pointer|
|m_axi_gmem0_BRESP                  |   in|    2|       m_axi|                                                gmem0|       pointer|
|m_axi_gmem0_BID                    |   in|    1|       m_axi|                                                gmem0|       pointer|
|m_axi_gmem0_BUSER                  |   in|    1|       m_axi|                                                gmem0|       pointer|
|sext_ln431                         |   in|   58|     ap_none|                                           sext_ln431|        scalar|
|burst_beats                        |   in|   32|     ap_none|                                          burst_beats|        scalar|
|arg0_read_mem_strm_din             |  out|  512|     ap_fifo|                                   arg0_read_mem_strm|       pointer|
|arg0_read_mem_strm_num_data_valid  |   in|    2|     ap_fifo|                                   arg0_read_mem_strm|       pointer|
|arg0_read_mem_strm_fifo_cap        |   in|    2|     ap_fifo|                                   arg0_read_mem_strm|       pointer|
|arg0_read_mem_strm_full_n          |   in|    1|     ap_fifo|                                   arg0_read_mem_strm|       pointer|
|arg0_read_mem_strm_write           |  out|    1|     ap_fifo|                                   arg0_read_mem_strm|       pointer|
+-----------------------------------+-----+-----+------------+-----------------------------------------------------+--------------+

