

================================================================
== Vitis HLS Report for 'stream2mem_512u_32u_2u_s'
================================================================
* Date:           Sun Jul 26 01:22:54 2026

* Version:        2022.1 (Build 3526262 on Mon Apr 18 15:47:01 MDT 2022)
* Project:        datamover_outerloop_0
* Solution:       solution (Vitis Kernel Flow Target)
* Product family: versal
* Target device:  xcvc1902-vsvd1760-2MP-e-S


================================================================
== Performance Estimates
================================================================
+ Timing: 
    * Summary: 
    +--------+---------+----------+------------+
    |  Clock |  Target | Estimated| Uncertainty|
    +--------+---------+----------+------------+
    |ap_clk  |  3.33 ns|  2.433 ns|     0.90 ns|
    +--------+---------+----------+------------+

+ Latency: 
    * Summary: 
    +---------+---------+----------+----------+-----+-----+---------+
    |  Latency (cycles) |  Latency (absolute) |  Interval | Pipeline|
    |   min   |   max   |    min   |    max   | min | max |   Type  |
    +---------+---------+----------+----------+-----+-----+---------+
    |        ?|        ?|         ?|         ?|    ?|    ?|       no|
    +---------+---------+----------+----------+-----+-----+---------+

    + Detail: 
        * Instance: 
        +-------------------------------------------------------------+--------------------------------------------------+---------+---------+----------+----------+-----+-----+---------+
        |                                                             |                                                  |  Latency (cycles) |  Latency (absolute) |  Interval | Pipeline|
        |                           Instance                          |                      Module                      |   min   |   max   |    min   |    max   | min | max |   Type  |
        +-------------------------------------------------------------+--------------------------------------------------+---------+---------+----------+----------+-----+-----+---------+
        |grp_stream2mem_512u_32u_2u_Pipeline_VITIS_LOOP_567_1_fu_104  |stream2mem_512u_32u_2u_Pipeline_VITIS_LOOP_567_1  |        ?|        ?|         ?|         ?|    ?|    ?|       no|
        |grp_stream2mem_512u_32u_2u_Pipeline_VITIS_LOOP_580_2_fu_114  |stream2mem_512u_32u_2u_Pipeline_VITIS_LOOP_580_2  |        3|       65|  9.999 ns|  0.217 us|    3|   65|       no|
        +-------------------------------------------------------------+--------------------------------------------------+---------+---------+----------+----------+-----+-----+---------+

        * Loop: 
        N/A



================================================================
== Utilization Estimates
================================================================
* Summary: 
+-----------------+---------+------+---------+--------+-----+
|       Name      | BRAM_18K|  DSP |    FF   |   LUT  | URAM|
+-----------------+---------+------+---------+--------+-----+
|DSP              |        -|     -|        -|       -|    -|
|Expression       |        -|     -|        0|     157|    -|
|FIFO             |        -|     -|        -|       -|    -|
|Instance         |        -|     -|     1100|     264|    -|
|Memory           |        -|     -|        -|       -|    -|
|Multiplexer      |        -|     -|        -|     755|    -|
|Register         |        -|     -|      439|       -|    -|
+-----------------+---------+------+---------+--------+-----+
|Total            |        0|     0|     1539|    1176|    0|
+-----------------+---------+------+---------+--------+-----+
|Available        |     1934|  1968|  1799680|  899840|  463|
+-----------------+---------+------+---------+--------+-----+
|Utilization (%)  |        0|     0|       ~0|      ~0|    0|
+-----------------+---------+------+---------+--------+-----+

+ Detail: 
    * Instance: 
    +-------------------------------------------------------------+--------------------------------------------------+---------+----+-----+-----+-----+
    |                           Instance                          |                      Module                      | BRAM_18K| DSP|  FF | LUT | URAM|
    +-------------------------------------------------------------+--------------------------------------------------+---------+----+-----+-----+-----+
    |grp_stream2mem_512u_32u_2u_Pipeline_VITIS_LOOP_567_1_fu_104  |stream2mem_512u_32u_2u_Pipeline_VITIS_LOOP_567_1  |        0|   0|  550|  132|    0|
    |grp_stream2mem_512u_32u_2u_Pipeline_VITIS_LOOP_580_2_fu_114  |stream2mem_512u_32u_2u_Pipeline_VITIS_LOOP_580_2  |        0|   0|  550|  132|    0|
    +-------------------------------------------------------------+--------------------------------------------------+---------+----+-----+-----+-----+
    |Total                                                        |                                                  |        0|   0| 1100|  264|    0|
    +-------------------------------------------------------------+--------------------------------------------------+---------+----+-----+-----+-----+

    * DSP: 
    N/A

    * Memory: 
    N/A

    * FIFO: 
    N/A

    * Expression: 
    +-----------------------+----------+----+---+----+------------+------------+
    |     Variable Name     | Operation| DSP| FF| LUT| Bitwidth P0| Bitwidth P1|
    +-----------------------+----------+----+---+----+------------+------------+
    |add_ln580_1_fu_175_p2  |         +|   0|  0|   5|           5|           5|
    |add_ln580_2_fu_191_p2  |         +|   0|  0|  64|          64|          64|
    |add_ln580_fu_206_p2    |         +|   0|  0|  32|          32|          32|
    |burst_beats_fu_134_p2  |         -|   0|  0|  32|          32|          32|
    |ap_block_state143      |       and|   0|  0|   2|           1|           1|
    |ap_block_state72       |       and|   0|  0|   2|           1|           1|
    |icmp_ln567_fu_140_p2   |      icmp|   0|  0|  16|          32|          32|
    |icmp_ln580_fu_166_p2   |      icmp|   0|  0|   2|           5|           1|
    |ap_block_state1        |        or|   0|  0|   2|           1|           1|
    +-----------------------+----------+----+---+----+------------+------------+
    |Total                  |          |   0|  0| 157|         173|         169|
    +-----------------------+----------+----+---+----+------------+------------+

    * Multiplexer: 
    +---------------------------------+-----+-----------+-----+-----------+
    |               Name              | LUT | Input Size| Bits| Total Bits|
    +---------------------------------+-----+-----------+-----+-----------+
    |ap_NS_fsm                        |  170|        144|    1|        144|
    |ap_done                          |    2|          2|    1|          2|
    |ap_phi_mux_index_1_phi_fu_96_p4  |   32|          2|   32|         64|
    |arg1_write_mem_strm_read         |    2|          3|    1|          3|
    |gmem1_blk_n_AW                   |    2|          2|    1|          2|
    |gmem1_blk_n_B                    |    2|          2|    1|          2|
    |index_1_reg_92                   |   32|          2|   32|         64|
    |m_axi_gmem1_AWADDR               |  186|          5|   64|        320|
    |m_axi_gmem1_AWBURST              |    2|          3|    2|          6|
    |m_axi_gmem1_AWCACHE              |    4|          3|    4|         12|
    |m_axi_gmem1_AWID                 |    2|          3|    1|          3|
    |m_axi_gmem1_AWLEN                |   93|          5|   32|        160|
    |m_axi_gmem1_AWLOCK               |    2|          3|    2|          6|
    |m_axi_gmem1_AWPROT               |    3|          3|    3|          9|
    |m_axi_gmem1_AWQOS                |    4|          3|    4|         12|
    |m_axi_gmem1_AWREGION             |    4|          3|    4|         12|
    |m_axi_gmem1_AWSIZE               |    3|          3|    3|          9|
    |m_axi_gmem1_AWUSER               |    2|          3|    1|          3|
    |m_axi_gmem1_AWVALID              |    2|          4|    1|          4|
    |m_axi_gmem1_BREADY               |    2|          4|    1|          4|
    |m_axi_gmem1_WDATA                |  128|          3|  512|       1536|
    |m_axi_gmem1_WID                  |    2|          3|    1|          3|
    |m_axi_gmem1_WLAST                |    2|          3|    1|          3|
    |m_axi_gmem1_WSTRB                |   64|          3|   64|        192|
    |m_axi_gmem1_WUSER                |    2|          3|    1|          3|
    |m_axi_gmem1_WVALID               |    2|          3|    1|          3|
    |mem_out_blk_n                    |    2|          2|    1|          2|
    |num_beats_blk_n                  |    2|          2|    1|          2|
    +---------------------------------+-----+-----------+-----+-----------+
    |Total                            |  755|        224|  773|       2585|
    +---------------------------------+-----+-----------+-----+-----------+

    * Register: 
    +--------------------------------------------------------------------------+-----+----+-----+-----------+
    |                                   Name                                   |  FF | LUT| Bits| Const Bits|
    +--------------------------------------------------------------------------+-----+----+-----+-----------+
    |add_ln580_1_reg_268                                                       |    5|   0|    5|          0|
    |add_ln580_reg_279                                                         |   32|   0|   32|          0|
    |ap_CS_fsm                                                                 |  143|   0|  143|          0|
    |ap_done_reg                                                               |    1|   0|    1|          0|
    |burst_beats_reg_242                                                       |   32|   0|   32|          0|
    |grp_stream2mem_512u_32u_2u_Pipeline_VITIS_LOOP_567_1_fu_104_ap_start_reg  |    1|   0|    1|          0|
    |grp_stream2mem_512u_32u_2u_Pipeline_VITIS_LOOP_580_2_fu_114_ap_start_reg  |    1|   0|    1|          0|
    |icmp_ln567_reg_250                                                        |    1|   0|    1|          0|
    |icmp_ln580_reg_264                                                        |    1|   0|    1|          0|
    |index_1_reg_92                                                            |   32|   0|   32|          0|
    |mem_out_read_reg_225                                                      |   64|   0|   64|          0|
    |non_burst_beats_reg_231                                                   |    5|   0|    5|          0|
    |trunc_ln580_1_reg_273                                                     |   58|   0|   58|          0|
    |trunc_ln_reg_254                                                          |   58|   0|   58|          0|
    |zext_ln553_reg_237                                                        |    5|   0|   32|         27|
    +--------------------------------------------------------------------------+-----+----+-----+-----------+
    |Total                                                                     |  439|   0|  466|         27|
    +--------------------------------------------------------------------------+-----+----+-----+-----------+



================================================================
== Interface
================================================================
* Summary: 
+------------------------------------+-----+-----+------------+---------------------------+--------------+
|              RTL Ports             | Dir | Bits|  Protocol  |       Source Object       |    C Type    |
+------------------------------------+-----+-----+------------+---------------------------+--------------+
|ap_clk                              |   in|    1|  ap_ctrl_hs|  stream2mem<512u, 32u, 2u>|  return value|
|ap_rst                              |   in|    1|  ap_ctrl_hs|  stream2mem<512u, 32u, 2u>|  return value|
|ap_start                            |   in|    1|  ap_ctrl_hs|  stream2mem<512u, 32u, 2u>|  return value|
|ap_done                             |  out|    1|  ap_ctrl_hs|  stream2mem<512u, 32u, 2u>|  return value|
|ap_continue                         |   in|    1|  ap_ctrl_hs|  stream2mem<512u, 32u, 2u>|  return value|
|ap_idle                             |  out|    1|  ap_ctrl_hs|  stream2mem<512u, 32u, 2u>|  return value|
|ap_ready                            |  out|    1|  ap_ctrl_hs|  stream2mem<512u, 32u, 2u>|  return value|
|m_axi_gmem1_AWVALID                 |  out|    1|       m_axi|                      gmem0|       pointer|
|m_axi_gmem1_AWREADY                 |   in|    1|       m_axi|                      gmem0|       pointer|
|m_axi_gmem1_AWADDR                  |  out|   64|       m_axi|                      gmem0|       pointer|
|m_axi_gmem1_AWID                    |  out|    1|       m_axi|                      gmem0|       pointer|
|m_axi_gmem1_AWLEN                   |  out|   32|       m_axi|                      gmem0|       pointer|
|m_axi_gmem1_AWSIZE                  |  out|    3|       m_axi|                      gmem0|       pointer|
|m_axi_gmem1_AWBURST                 |  out|    2|       m_axi|                      gmem0|       pointer|
|m_axi_gmem1_AWLOCK                  |  out|    2|       m_axi|                      gmem0|       pointer|
|m_axi_gmem1_AWCACHE                 |  out|    4|       m_axi|                      gmem0|       pointer|
|m_axi_gmem1_AWPROT                  |  out|    3|       m_axi|                      gmem0|       pointer|
|m_axi_gmem1_AWQOS                   |  out|    4|       m_axi|                      gmem0|       pointer|
|m_axi_gmem1_AWREGION                |  out|    4|       m_axi|                      gmem0|       pointer|
|m_axi_gmem1_AWUSER                  |  out|    1|       m_axi|                      gmem0|       pointer|
|m_axi_gmem1_WVALID                  |  out|    1|       m_axi|                      gmem0|       pointer|
|m_axi_gmem1_WREADY                  |   in|    1|       m_axi|                      gmem0|       pointer|
|m_axi_gmem1_WDATA                   |  out|  512|       m_axi|                      gmem0|       pointer|
|m_axi_gmem1_WSTRB                   |  out|   64|       m_axi|                      gmem0|       pointer|
|m_axi_gmem1_WLAST                   |  out|    1|       m_axi|                      gmem0|       pointer|
|m_axi_gmem1_WID                     |  out|    1|       m_axi|                      gmem0|       pointer|
|m_axi_gmem1_WUSER                   |  out|    1|       m_axi|                      gmem0|       pointer|
|m_axi_gmem1_ARVALID                 |  out|    1|       m_axi|                      gmem0|       pointer|
|m_axi_gmem1_ARREADY                 |   in|    1|       m_axi|                      gmem0|       pointer|
|m_axi_gmem1_ARADDR                  |  out|   64|       m_axi|                      gmem0|       pointer|
|m_axi_gmem1_ARID                    |  out|    1|       m_axi|                      gmem0|       pointer|
|m_axi_gmem1_ARLEN                   |  out|   32|       m_axi|                      gmem0|       pointer|
|m_axi_gmem1_ARSIZE                  |  out|    3|       m_axi|                      gmem0|       pointer|
|m_axi_gmem1_ARBURST                 |  out|    2|       m_axi|                      gmem0|       pointer|
|m_axi_gmem1_ARLOCK                  |  out|    2|       m_axi|                      gmem0|       pointer|
|m_axi_gmem1_ARCACHE                 |  out|    4|       m_axi|                      gmem0|       pointer|
|m_axi_gmem1_ARPROT                  |  out|    3|       m_axi|                      gmem0|       pointer|
|m_axi_gmem1_ARQOS                   |  out|    4|       m_axi|                      gmem0|       pointer|
|m_axi_gmem1_ARREGION                |  out|    4|       m_axi|                      gmem0|       pointer|
|m_axi_gmem1_ARUSER                  |  out|    1|       m_axi|                      gmem0|       pointer|
|m_axi_gmem1_RVALID                  |   in|    1|       m_axi|                      gmem0|       pointer|
|m_axi_gmem1_RREADY                  |  out|    1|       m_axi|                      gmem0|       pointer|
|m_axi_gmem1_RDATA                   |   in|  512|       m_axi|                      gmem0|       pointer|
|m_axi_gmem1_RLAST                   |   in|    1|       m_axi|                      gmem0|       pointer|
|m_axi_gmem1_RID                     |   in|    1|       m_axi|                      gmem0|       pointer|
|m_axi_gmem1_RFIFONUM                |   in|    9|       m_axi|                      gmem0|       pointer|
|m_axi_gmem1_RUSER                   |   in|    1|       m_axi|                      gmem0|       pointer|
|m_axi_gmem1_RRESP                   |   in|    2|       m_axi|                      gmem0|       pointer|
|m_axi_gmem1_BVALID                  |   in|    1|       m_axi|                      gmem0|       pointer|
|m_axi_gmem1_BREADY                  |  out|    1|       m_axi|                      gmem0|       pointer|
|m_axi_gmem1_BRESP                   |   in|    2|       m_axi|                      gmem0|       pointer|
|m_axi_gmem1_BID                     |   in|    1|       m_axi|                      gmem0|       pointer|
|m_axi_gmem1_BUSER                   |   in|    1|       m_axi|                      gmem0|       pointer|
|mem_out_dout                        |   in|   64|     ap_fifo|                    mem_out|       pointer|
|mem_out_num_data_valid              |   in|    3|     ap_fifo|                    mem_out|       pointer|
|mem_out_fifo_cap                    |   in|    3|     ap_fifo|                    mem_out|       pointer|
|mem_out_empty_n                     |   in|    1|     ap_fifo|                    mem_out|       pointer|
|mem_out_read                        |  out|    1|     ap_fifo|                    mem_out|       pointer|
|num_beats_dout                      |   in|   32|     ap_fifo|                  num_beats|       pointer|
|num_beats_num_data_valid            |   in|    2|     ap_fifo|                  num_beats|       pointer|
|num_beats_fifo_cap                  |   in|    2|     ap_fifo|                  num_beats|       pointer|
|num_beats_empty_n                   |   in|    1|     ap_fifo|                  num_beats|       pointer|
|num_beats_read                      |  out|    1|     ap_fifo|                  num_beats|       pointer|
|arg1_write_mem_strm_dout            |   in|  512|     ap_fifo|        arg1_write_mem_strm|       pointer|
|arg1_write_mem_strm_num_data_valid  |   in|    2|     ap_fifo|        arg1_write_mem_strm|       pointer|
|arg1_write_mem_strm_fifo_cap        |   in|    2|     ap_fifo|        arg1_write_mem_strm|       pointer|
|arg1_write_mem_strm_empty_n         |   in|    1|     ap_fifo|        arg1_write_mem_strm|       pointer|
|arg1_write_mem_strm_read            |  out|    1|     ap_fifo|        arg1_write_mem_strm|       pointer|
+------------------------------------+-----+-----+------------+---------------------------+--------------+

