

================================================================
== Vitis HLS Report for 'kernel_jac3D_kernel_stencil_core'
================================================================
* Date:           Sun Jul 26 01:25:56 2026

* Version:        2022.1 (Build 3526262 on Mon Apr 18 15:47:01 MDT 2022)
* Project:        kernel_outerloop_0
* Solution:       solution (Vitis Kernel Flow Target)
* Product family: versal
* Target device:  xcvc1902-vsvd1760-2MP-e-S


================================================================
== Performance Estimates
================================================================
+ Timing: 
    * Summary: 
    +--------+---------+----------+------------+
    |  Clock |  Target | Estimated| Uncertainty|
    +--------+---------+----------+------------+
    |ap_clk  |  3.33 ns|  2.045 ns|     0.90 ns|
    +--------+---------+----------+------------+

+ Latency: 
    * Summary: 
    +---------+---------+-----------+-----------+-----+-----+---------+
    |  Latency (cycles) |   Latency (absolute)  |  Interval | Pipeline|
    |   min   |   max   |    min    |    max    | min | max |   Type  |
    +---------+---------+-----------+-----------+-----+-----+---------+
    |        9|        9|  29.997 ns|  29.997 ns|    1|    1|      yes|
    +---------+---------+-----------+-----------+-----+-----+---------+

    + Detail: 
        * Instance: 
        N/A

        * Loop: 
        N/A



================================================================
== Utilization Estimates
================================================================
* Summary: 
+-----------------+---------+------+---------+--------+-----+
|       Name      | BRAM_18K|  DSP |    FF   |   LUT  | URAM|
+-----------------+---------+------+---------+--------+-----+
|DSP              |        -|     -|        -|       -|    -|
|Expression       |        -|     -|        -|       -|    -|
|FIFO             |        -|     -|        -|       -|    -|
|Instance         |        -|     9|        8|       4|    -|
|Memory           |        -|     -|        -|       -|    -|
|Multiplexer      |        -|     -|        -|      32|    -|
|Register         |        -|     -|      545|       0|    -|
+-----------------+---------+------+---------+--------+-----+
|Total            |        0|     9|      553|      36|    0|
+-----------------+---------+------+---------+--------+-----+
|Available        |     1934|  1968|  1799680|  899840|  463|
+-----------------+---------+------+---------+--------+-----+
|Utilization (%)  |        0|    ~0|       ~0|      ~0|    0|
+-----------------+---------+------+---------+--------+-----+

+ Detail: 
    * Instance: 
    +----------------------------------------------------+------------------------------------------------+---------+----+---+----+-----+
    |                      Instance                      |                     Module                     | BRAM_18K| DSP| FF| LUT| URAM|
    +----------------------------------------------------+------------------------------------------------+---------+----+---+----+-----+
    |fadd_32ns_32ns_32_2_primitive_dsp_0_U34             |fadd_32ns_32ns_32_2_primitive_dsp_0             |        0|   1|  0|   0|    0|
    |fadd_32ns_32ns_32_2_primitive_dsp_0_U35             |fadd_32ns_32ns_32_2_primitive_dsp_0             |        0|   1|  0|   0|    0|
    |fmadd_32ns_32ns_32ns_32ns_32_3_primitive_dsp_0_U39  |fmadd_32ns_32ns_32ns_32ns_32_3_primitive_dsp_0  |        0|   1|  2|   1|    0|
    |fmadd_32ns_32ns_32ns_32ns_32_3_primitive_dsp_0_U40  |fmadd_32ns_32ns_32ns_32ns_32_3_primitive_dsp_0  |        0|   1|  2|   1|    0|
    |fmadd_32ns_32ns_32ns_32ns_32_3_primitive_dsp_0_U41  |fmadd_32ns_32ns_32ns_32ns_32_3_primitive_dsp_0  |        0|   1|  2|   1|    0|
    |fmadd_32ns_32ns_32ns_32ns_32_3_primitive_dsp_0_U42  |fmadd_32ns_32ns_32ns_32ns_32_3_primitive_dsp_0  |        0|   1|  2|   1|    0|
    |fmul_32ns_32ns_32_3_primitive_dsp_0_U36             |fmul_32ns_32ns_32_3_primitive_dsp_0             |        0|   1|  0|   0|    0|
    |fmul_32ns_32ns_32_3_primitive_dsp_0_U37             |fmul_32ns_32ns_32_3_primitive_dsp_0             |        0|   1|  0|   0|    0|
    |fmul_32ns_32ns_32_3_primitive_dsp_0_U38             |fmul_32ns_32ns_32_3_primitive_dsp_0             |        0|   1|  0|   0|    0|
    +----------------------------------------------------+------------------------------------------------+---------+----+---+----+-----+
    |Total                                               |                                                |        0|   9|  8|   4|    0|
    +----------------------------------------------------+------------------------------------------------+---------+----+---+----+-----+

    * DSP: 
    N/A

    * Memory: 
    N/A

    * FIFO: 
    N/A

    * Expression: 
    N/A

    * Multiplexer: 
    +-----------+----+-----------+-----+-----------+
    |    Name   | LUT| Input Size| Bits| Total Bits|
    +-----------+----+-----------+-----+-----------+
    |ap_return  |  32|          3|   32|         96|
    +-----------+----+-----------+-----+-----------+
    |Total      |  32|          3|   32|         96|
    +-----------+----+-----------+-----+-----------+

    * Register: 
    +------------------------+----+----+-----+-----------+
    |          Name          | FF | LUT| Bits| Const Bits|
    +------------------------+----+----+-----+-----------+
    |ap_ce_reg               |   1|   0|    1|          0|
    |ap_return_int_reg       |  32|   0|   32|          0|
    |reg_0_0_read_1_reg_165  |  32|   0|   32|          0|
    |reg_0_0_read_int_reg    |  32|   0|   32|          0|
    |reg_0_1_read_int_reg    |  32|   0|   32|          0|
    |reg_0_2_read_1_reg_155  |  32|   0|   32|          0|
    |reg_0_2_read_int_reg    |  32|   0|   32|          0|
    |reg_0_3_read_int_reg    |  32|   0|   32|          0|
    |reg_0_4_read_1_reg_145  |  32|   0|   32|          0|
    |reg_0_4_read_int_reg    |  32|   0|   32|          0|
    |reg_0_5_read_int_reg    |  32|   0|   32|          0|
    |reg_0_6_read_1_reg_135  |  32|   0|   32|          0|
    |reg_0_6_read_int_reg    |  32|   0|   32|          0|
    |tmp10_reg_195           |  32|   0|   32|          0|
    |tmp11_reg_205           |  32|   0|   32|          0|
    |tmp12_reg_200           |  32|   0|   32|          0|
    |tmp8_reg_185            |  32|   0|   32|          0|
    |tmp9_reg_190            |  32|   0|   32|          0|
    |reg_0_0_read_1_reg_165  |   0|   0|   32|          0|
    |reg_0_2_read_1_reg_155  |   0|   0|   32|          0|
    |reg_0_4_read_1_reg_145  |   0|   0|   32|          0|
    |reg_0_6_read_1_reg_135  |   0|   0|   32|          0|
    |tmp12_reg_200           |   0|   0|   32|          0|
    +------------------------+----+----+-----+-----------+
    |Total                   | 545|   0|  705|          0|
    +------------------------+----+----+-----+-----------+



================================================================
== Interface
================================================================
* Summary: 
+--------------+-----+-----+------------+----------------------------------+--------------+
|   RTL Ports  | Dir | Bits|  Protocol  |           Source Object          |    C Type    |
+--------------+-----+-----+------------+----------------------------------+--------------+
|ap_clk        |   in|    1|  ap_ctrl_hs|  kernel_jac3D_kernel_stencil_core|  return value|
|ap_rst        |   in|    1|  ap_ctrl_hs|  kernel_jac3D_kernel_stencil_core|  return value|
|ap_return     |  out|   32|  ap_ctrl_hs|  kernel_jac3D_kernel_stencil_core|  return value|
|ap_ce         |   in|    1|  ap_ctrl_hs|  kernel_jac3D_kernel_stencil_core|  return value|
|reg_0_0_read  |   in|   32|     ap_none|                      reg_0_0_read|        scalar|
|reg_0_1_read  |   in|   32|     ap_none|                      reg_0_1_read|        scalar|
|reg_0_2_read  |   in|   32|     ap_none|                      reg_0_2_read|        scalar|
|reg_0_3_read  |   in|   32|     ap_none|                      reg_0_3_read|        scalar|
|reg_0_4_read  |   in|   32|     ap_none|                      reg_0_4_read|        scalar|
|reg_0_5_read  |   in|   32|     ap_none|                      reg_0_5_read|        scalar|
|reg_0_6_read  |   in|   32|     ap_none|                      reg_0_6_read|        scalar|
+--------------+-----+-----+------------+----------------------------------+--------------+

