

================================================================
== Vitis HLS Report for 'stencilRun'
================================================================
* Date:           Sun Jul 26 01:26:01 2026

* Version:        2022.1 (Build 3526262 on Mon Apr 18 15:47:01 MDT 2022)
* Project:        kernel_outerloop_0
* Solution:       solution (Vitis Kernel Flow Target)
* Product family: versal
* Target device:  xcvc1902-vsvd1760-2MP-e-S


================================================================
== Performance Estimates
================================================================
+ Timing: 
    * Summary: 
    +--------+---------+----------+------------+
    |  Clock |  Target | Estimated| Uncertainty|
    +--------+---------+----------+------------+
    |ap_clk  |  3.33 ns|  2.301 ns|     0.90 ns|
    +--------+---------+----------+------------+

+ Latency: 
    * Summary: 
    +---------+---------+----------+----------+-----+-----+---------+
    |  Latency (cycles) |  Latency (absolute) |  Interval | Pipeline|
    |   min   |   max   |    min   |    max   | min | max |   Type  |
    +---------+---------+----------+----------+-----+-----+---------+
    |        ?|        ?|         ?|         ?|    ?|    ?|       no|
    +---------+---------+----------+----------+-----+-----+---------+

    + Detail: 
        * Instance: 
        +-------------------------------------------------+--------------------------------------+---------+---------+----------+----------+-----+-----+---------+
        |                                                 |                                      |  Latency (cycles) |  Latency (absolute) |  Interval | Pipeline|
        |                     Instance                    |                Module                |   min   |   max   |    min   |    max   | min | max |   Type  |
        +-------------------------------------------------+--------------------------------------+---------+---------+----------+----------+-----+-----+---------+
        |grp_stencilRun_Pipeline_VITIS_LOOP_194_1_fu_132  |stencilRun_Pipeline_VITIS_LOOP_194_1  |        ?|        ?|         ?|         ?|    ?|    ?|       no|
        +-------------------------------------------------+--------------------------------------+---------+---------+----------+----------+-----+-----+---------+

        * Loop: 
        N/A



================================================================
== Utilization Estimates
================================================================
* Summary: 
+-----------------+---------+------+---------+--------+-----+
|       Name      | BRAM_18K|  DSP |    FF   |   LUT  | URAM|
+-----------------+---------+------+---------+--------+-----+
|DSP              |        -|     2|        -|       -|    -|
|Expression       |        -|     -|        0|      65|    -|
|FIFO             |        -|     -|        -|       -|    -|
|Instance         |        -|    76|    14852|    4086|    -|
|Memory           |       16|     -|        0|       0|   16|
|Multiplexer      |        -|     -|        -|      10|    -|
|Register         |        -|     -|      153|       -|    -|
+-----------------+---------+------+---------+--------+-----+
|Total            |       16|    78|    15005|    4161|   16|
+-----------------+---------+------+---------+--------+-----+
|Available        |     1934|  1968|  1799680|  899840|  463|
+-----------------+---------+------+---------+--------+-----+
|Utilization (%)  |       ~0|     3|       ~0|      ~0|    3|
+-----------------+---------+------+---------+--------+-----+

+ Detail: 
    * Instance: 
    +-------------------------------------------------+--------------------------------------+---------+----+-------+------+-----+
    |                     Instance                    |                Module                | BRAM_18K| DSP|   FF  |  LUT | URAM|
    +-------------------------------------------------+--------------------------------------+---------+----+-------+------+-----+
    |mul_32s_16ns_32_3_1_U73                          |mul_32s_16ns_32_3_1                   |        0|   2|     23|     0|    0|
    |mul_32s_16ns_32_3_1_U74                          |mul_32s_16ns_32_3_1                   |        0|   2|     23|     0|    0|
    |grp_stencilRun_Pipeline_VITIS_LOOP_194_1_fu_132  |stencilRun_Pipeline_VITIS_LOOP_194_1  |        0|  72|  14806|  4086|    0|
    +-------------------------------------------------+--------------------------------------+---------+----+-------+------+-----+
    |Total                                            |                                      |        0|  76|  14852|  4086|    0|
    +-------------------------------------------------+--------------------------------------+---------+----+-------+------+-----+

    * DSP: 
    +------------------------------------+--------------------------------+--------------+
    |              Instance              |             Module             |  Expression  |
    +------------------------------------+--------------------------------+--------------+
    |mac_muladd_16ns_16ns_1s_16_4_1_U76  |mac_muladd_16ns_16ns_1s_16_4_1  |  i0 * i1 + i2|
    |mul_mul_16ns_16ns_32_4_1_U75        |mul_mul_16ns_16ns_32_4_1        |       i0 * i1|
    +------------------------------------+--------------------------------+--------------+

    * Memory: 
    +----------------------+-------------------------------------------------+---------+---+----+-----+-------+-----+------+-------------+
    |        Memory        |                      Module                     | BRAM_18K| FF| LUT| URAM| Words | Bits| Banks| W*Bits*Banks|
    +----------------------+-------------------------------------------------+---------+---+----+-----+-------+-----+------+-------------+
    |arg0_buf_p0_1_V_U     |stencilRun_arg0_buf_p0_1_V_RAM_S2P_URAM_2R1W     |        0|  0|   0|    8|  11476|  256|     1|      2937856|
    |arg0_buf_p1_2_V_U     |stencilRun_arg0_buf_p0_1_V_RAM_S2P_URAM_2R1W     |        0|  0|   0|    8|  11476|  256|     1|      2937856|
    |arg0_buf_r0_1_p1_V_U  |stencilRun_arg0_buf_r0_1_p1_V_RAM_S2P_BRAM_2R1W  |        8|  0|   0|    0|     38|  256|     1|         9728|
    |arg0_buf_r1_2_p1_V_U  |stencilRun_arg0_buf_r0_1_p1_V_RAM_S2P_BRAM_2R1W  |        8|  0|   0|    0|     38|  256|     1|         9728|
    +----------------------+-------------------------------------------------+---------+---+----+-----+-------+-----+------+-------------+
    |Total                 |                                                 |       16|  0|   0|   16|  23028| 1024|     4|      5895168|
    +----------------------+-------------------------------------------------+---------+---+----+-----+-------+-----+------+-------------+

    * FIFO: 
    N/A

    * Expression: 
    +----------------------+----------+----+---+----+------------+------------+
    |     Variable Name    | Operation| DSP| FF| LUT| Bitwidth P0| Bitwidth P1|
    +----------------------+----------+----+---+----+------------+------------+
    |add_ln190_fu_189_p2   |         +|   0|  0|  17|          17|           2|
    |cond_x_val_fu_196_p2  |         +|   0|  0|  16|          16|           2|
    |cond_y_val_fu_202_p2  |         +|   0|  0|  16|          16|           2|
    |cond_z_val_fu_208_p2  |         +|   0|  0|  16|          16|           2|
    +----------------------+----------+----+---+----+------------+------------+
    |Total                 |          |   0|  0|  65|          65|           8|
    +----------------------+----------+----+---+----+------------+------------+

    * Multiplexer: 
    +-----------------------------+----+-----------+-----+-----------+
    |             Name            | LUT| Input Size| Bits| Total Bits|
    +-----------------------------+----+-----------+-----+-----------+
    |ap_NS_fsm                    |   6|          8|    1|          8|
    |arg0_arg1_streams_1313_read  |   2|          2|    1|          2|
    |arg0_arg1_streams_14_write   |   2|          2|    1|          2|
    +-----------------------------+----+-----------+-----+-----------+
    |Total                        |  10|         12|    3|         12|
    +-----------------------------+----+-----------+-----+-----------+

    * Register: 
    +--------------------------------------------------------------+----+----+-----+-----------+
    |                             Name                             | FF | LUT| Bits| Const Bits|
    +--------------------------------------------------------------+----+----+-----+-----------+
    |S3D_7PT_read_ub_itr_reg_313                                   |  32|   0|   32|          0|
    |add_ln190_reg_318                                             |  17|   0|   17|          0|
    |ap_CS_fsm                                                     |   7|   0|    7|          0|
    |cond_x_val_reg_323                                            |  16|   0|   16|          0|
    |cond_y_val_reg_328                                            |  16|   0|   16|          0|
    |cond_z_val_reg_333                                            |  16|   0|   16|          0|
    |grp_stencilRun_Pipeline_VITIS_LOOP_194_1_fu_132_ap_start_reg  |   1|   0|    1|          0|
    |iter_limit_reg_308                                            |  32|   0|   32|          0|
    |plane_diff_reg_303                                            |  16|   0|   16|          0|
    +--------------------------------------------------------------+----+----+-----+-----------+
    |Total                                                         | 153|   0|  153|          0|
    +--------------------------------------------------------------+----+----+-----+-----------+



================================================================
== Interface
================================================================
* Summary: 
+---------------------------------------+-----+-----+------------+------------------------+--------------+
|               RTL Ports               | Dir | Bits|  Protocol  |      Source Object     |    C Type    |
+---------------------------------------+-----+-----+------------+------------------------+--------------+
|ap_clk                                 |   in|    1|  ap_ctrl_hs|              stencilRun|  return value|
|ap_rst                                 |   in|    1|  ap_ctrl_hs|              stencilRun|  return value|
|ap_start                               |   in|    1|  ap_ctrl_hs|              stencilRun|  return value|
|ap_done                                |  out|    1|  ap_ctrl_hs|              stencilRun|  return value|
|ap_idle                                |  out|    1|  ap_ctrl_hs|              stencilRun|  return value|
|ap_ready                               |  out|    1|  ap_ctrl_hs|              stencilRun|  return value|
|p_read                                 |   in|   16|     ap_none|                  p_read|        scalar|
|p_read1                                |   in|   16|     ap_none|                 p_read1|        scalar|
|p_read2                                |   in|   16|     ap_none|                 p_read2|        scalar|
|p_read3                                |   in|   16|     ap_none|                 p_read3|        scalar|
|p_read4                                |   in|   16|     ap_none|                 p_read4|        scalar|
|p_read5                                |   in|   16|     ap_none|                 p_read5|        scalar|
|p_read6                                |   in|   16|     ap_none|                 p_read6|        scalar|
|p_read7                                |   in|   16|     ap_none|                 p_read7|        scalar|
|p_read8                                |   in|   16|     ap_none|                 p_read8|        scalar|
|p_read9                                |   in|   16|     ap_none|                 p_read9|        scalar|
|arg0_arg1_streams_1313_dout            |   in|  256|     ap_fifo|  arg0_arg1_streams_1313|       pointer|
|arg0_arg1_streams_1313_num_data_valid  |   in|    5|     ap_fifo|  arg0_arg1_streams_1313|       pointer|
|arg0_arg1_streams_1313_fifo_cap        |   in|    5|     ap_fifo|  arg0_arg1_streams_1313|       pointer|
|arg0_arg1_streams_1313_empty_n         |   in|    1|     ap_fifo|  arg0_arg1_streams_1313|       pointer|
|arg0_arg1_streams_1313_read            |  out|    1|     ap_fifo|  arg0_arg1_streams_1313|       pointer|
|arg0_arg1_streams_14_din               |  out|  256|     ap_fifo|    arg0_arg1_streams_14|       pointer|
|arg0_arg1_streams_14_num_data_valid    |   in|    5|     ap_fifo|    arg0_arg1_streams_14|       pointer|
|arg0_arg1_streams_14_fifo_cap          |   in|    5|     ap_fifo|    arg0_arg1_streams_14|       pointer|
|arg0_arg1_streams_14_full_n            |   in|    1|     ap_fifo|    arg0_arg1_streams_14|       pointer|
|arg0_arg1_streams_14_write             |  out|    1|     ap_fifo|    arg0_arg1_streams_14|       pointer|
+---------------------------------------+-----+-----+------------+------------------------+--------------+

