

================================================================
== Vitis HLS Report for 'axis2stream_256u_256u_s'
================================================================
* Date:           Sun Jul 26 01:25:55 2026

* Version:        2022.1 (Build 3526262 on Mon Apr 18 15:47:01 MDT 2022)
* Project:        kernel_outerloop_0
* Solution:       solution (Vitis Kernel Flow Target)
* Product family: versal
* Target device:  xcvc1902-vsvd1760-2MP-e-S


================================================================
== Performance Estimates
================================================================
+ Timing: 
    * Summary: 
    +--------+---------+----------+------------+
    |  Clock |  Target | Estimated| Uncertainty|
    +--------+---------+----------+------------+
    |ap_clk  |  3.33 ns|  1.344 ns|     0.90 ns|
    +--------+---------+----------+------------+

+ Latency: 
    * Summary: 
    +---------+---------+----------+----------+-----+-----+---------+
    |  Latency (cycles) |  Latency (absolute) |  Interval | Pipeline|
    |   min   |   max   |    min   |    max   | min | max |   Type  |
    +---------+---------+----------+----------+-----+-----+---------+
    |        ?|        ?|         ?|         ?|    ?|    ?|       no|
    +---------+---------+----------+----------+-----+-----+---------+

    + Detail: 
        * Instance: 
        +------------------------------------------------------------+--------------------------------------------------+---------+---------+----------+----------+-----+-----+---------+
        |                                                            |                                                  |  Latency (cycles) |  Latency (absolute) |  Interval | Pipeline|
        |                          Instance                          |                      Module                      |   min   |   max   |    min   |    max   | min | max |   Type  |
        +------------------------------------------------------------+--------------------------------------------------+---------+---------+----------+----------+-----+-----+---------+
        |grp_axis2stream_256u_256u_Pipeline_VITIS_LOOP_1521_1_fu_66  |axis2stream_256u_256u_Pipeline_VITIS_LOOP_1521_1  |        ?|        ?|         ?|         ?|    ?|    ?|       no|
        +------------------------------------------------------------+--------------------------------------------------+---------+---------+----------+----------+-----+-----+---------+

        * Loop: 
        N/A



================================================================
== Utilization Estimates
================================================================
* Summary: 
+-----------------+---------+------+---------+--------+-----+
|       Name      | BRAM_18K|  DSP |    FF   |   LUT  | URAM|
+-----------------+---------+------+---------+--------+-----+
|DSP              |        -|     -|        -|       -|    -|
|Expression       |        -|     -|        0|      34|    -|
|FIFO             |        -|     -|        -|       -|    -|
|Instance         |        -|     -|      286|     104|    -|
|Memory           |        -|     -|        -|       -|    -|
|Multiplexer      |        -|     -|        -|      12|    -|
|Register         |        -|     -|       33|       -|    -|
+-----------------+---------+------+---------+--------+-----+
|Total            |        0|     0|      319|     150|    0|
+-----------------+---------+------+---------+--------+-----+
|Available        |     1934|  1968|  1799680|  899840|  463|
+-----------------+---------+------+---------+--------+-----+
|Utilization (%)  |        0|     0|       ~0|      ~0|    0|
+-----------------+---------+------+---------+--------+-----+

+ Detail: 
    * Instance: 
    +------------------------------------------------------------+--------------------------------------------------+---------+----+-----+-----+-----+
    |                          Instance                          |                      Module                      | BRAM_18K| DSP|  FF | LUT | URAM|
    +------------------------------------------------------------+--------------------------------------------------+---------+----+-----+-----+-----+
    |grp_axis2stream_256u_256u_Pipeline_VITIS_LOOP_1521_1_fu_66  |axis2stream_256u_256u_Pipeline_VITIS_LOOP_1521_1  |        0|   0|  286|  104|    0|
    +------------------------------------------------------------+--------------------------------------------------+---------+----+-----+-----+-----+
    |Total                                                       |                                                  |        0|   0|  286|  104|    0|
    +------------------------------------------------------------+--------------------------------------------------+---------+----+-----+-----+-----+

    * DSP: 
    N/A

    * Memory: 
    N/A

    * FIFO: 
    N/A

    * Expression: 
    +---------------------+----------+----+---+----+------------+------------+
    |    Variable Name    | Operation| DSP| FF| LUT| Bitwidth P0| Bitwidth P1|
    +---------------------+----------+----+---+----+------------+------------+
    |add_ln1512_fu_81_p2  |         +|   0|  0|  32|          32|           5|
    |ap_block_state1      |        or|   0|  0|   2|           1|           1|
    +---------------------+----------+----+---+----+------------+------------+
    |Total                |          |   0|  0|  34|          33|           6|
    +---------------------+----------+----+---+----+------------+------------+

    * Multiplexer: 
    +---------------------------+----+-----------+-----+-----------+
    |            Name           | LUT| Input Size| Bits| Total Bits|
    +---------------------------+----+-----------+-----+-----------+
    |ap_NS_fsm                  |   2|          4|    1|          4|
    |ap_done                    |   2|          2|    1|          2|
    |arg0_arg1_streams_0_write  |   2|          2|    1|          2|
    |arg0_axis_in_TREADY        |   2|          2|    1|          2|
    |real_start                 |   2|          2|    1|          2|
    |total_bytes_c_blk_n        |   2|          2|    1|          2|
    +---------------------------+----+-----------+-----+-----------+
    |Total                      |  12|         14|    6|         14|
    +---------------------------+----+-----------+-----+-----------+

    * Register: 
    +-------------------------------------------------------------------------+----+----+-----+-----------+
    |                                   Name                                  | FF | LUT| Bits| Const Bits|
    +-------------------------------------------------------------------------+----+----+-----+-----------+
    |ap_CS_fsm                                                                |   3|   0|    3|          0|
    |ap_done_reg                                                              |   1|   0|    1|          0|
    |grp_axis2stream_256u_256u_Pipeline_VITIS_LOOP_1521_1_fu_66_ap_start_reg  |   1|   0|    1|          0|
    |start_once_reg                                                           |   1|   0|    1|          0|
    |trunc_ln_reg_97                                                          |  27|   0|   27|          0|
    +-------------------------------------------------------------------------+----+----+-----+-----------+
    |Total                                                                    |  33|   0|   33|          0|
    +-------------------------------------------------------------------------+----+----+-----+-----------+



================================================================
== Interface
================================================================
* Summary: 
+------------------------------------+-----+-----+------------+-------------------------+--------------+
|              RTL Ports             | Dir | Bits|  Protocol  |      Source Object      |    C Type    |
+------------------------------------+-----+-----+------------+-------------------------+--------------+
|ap_clk                              |   in|    1|  ap_ctrl_hs|  axis2stream<256u, 256u>|  return value|
|ap_rst                              |   in|    1|  ap_ctrl_hs|  axis2stream<256u, 256u>|  return value|
|ap_start                            |   in|    1|  ap_ctrl_hs|  axis2stream<256u, 256u>|  return value|
|start_full_n                        |   in|    1|  ap_ctrl_hs|  axis2stream<256u, 256u>|  return value|
|ap_done                             |  out|    1|  ap_ctrl_hs|  axis2stream<256u, 256u>|  return value|
|ap_continue                         |   in|    1|  ap_ctrl_hs|  axis2stream<256u, 256u>|  return value|
|ap_idle                             |  out|    1|  ap_ctrl_hs|  axis2stream<256u, 256u>|  return value|
|ap_ready                            |  out|    1|  ap_ctrl_hs|  axis2stream<256u, 256u>|  return value|
|start_out                           |  out|    1|  ap_ctrl_hs|  axis2stream<256u, 256u>|  return value|
|start_write                         |  out|    1|  ap_ctrl_hs|  axis2stream<256u, 256u>|  return value|
|arg0_axis_in_TDATA                  |   in|  256|        axis|    arg0_axis_in_V_data_V|       pointer|
|arg0_axis_in_TVALID                 |   in|    1|        axis|    arg0_axis_in_V_last_V|       pointer|
|arg0_axis_in_TREADY                 |  out|    1|        axis|    arg0_axis_in_V_last_V|       pointer|
|arg0_axis_in_TLAST                  |   in|    1|        axis|    arg0_axis_in_V_last_V|       pointer|
|arg0_axis_in_TKEEP                  |   in|   32|        axis|    arg0_axis_in_V_keep_V|       pointer|
|arg0_axis_in_TSTRB                  |   in|   32|        axis|    arg0_axis_in_V_strb_V|       pointer|
|arg0_arg1_streams_0_din             |  out|  256|     ap_fifo|      arg0_arg1_streams_0|       pointer|
|arg0_arg1_streams_0_num_data_valid  |   in|    5|     ap_fifo|      arg0_arg1_streams_0|       pointer|
|arg0_arg1_streams_0_fifo_cap        |   in|    5|     ap_fifo|      arg0_arg1_streams_0|       pointer|
|arg0_arg1_streams_0_full_n          |   in|    1|     ap_fifo|      arg0_arg1_streams_0|       pointer|
|arg0_arg1_streams_0_write           |  out|    1|     ap_fifo|      arg0_arg1_streams_0|       pointer|
|size                                |   in|   32|     ap_none|                     size|        scalar|
|total_bytes_c_din                   |  out|   32|     ap_fifo|            total_bytes_c|       pointer|
|total_bytes_c_num_data_valid        |   in|    5|     ap_fifo|            total_bytes_c|       pointer|
|total_bytes_c_fifo_cap              |   in|    5|     ap_fifo|            total_bytes_c|       pointer|
|total_bytes_c_full_n                |   in|    1|     ap_fifo|            total_bytes_c|       pointer|
|total_bytes_c_write                 |  out|    1|     ap_fifo|            total_bytes_c|       pointer|
+------------------------------------+-----+-----+------------+-------------------------+--------------+

