

================================================================
== Vitis HLS Report for 'joint_PE_outerloop_0_1'
================================================================
* Date:           Sun Jul 26 01:26:05 2026

* Version:        2022.1 (Build 3526262 on Mon Apr 18 15:47:01 MDT 2022)
* Project:        kernel_outerloop_0
* Solution:       solution (Vitis Kernel Flow Target)
* Product family: versal
* Target device:  xcvc1902-vsvd1760-2MP-e-S


================================================================
== Performance Estimates
================================================================
+ Timing: 
    * Summary: 
    +--------+---------+----------+------------+
    |  Clock |  Target | Estimated| Uncertainty|
    +--------+---------+----------+------------+
    |ap_clk  |  3.33 ns|  2.301 ns|     0.90 ns|
    +--------+---------+----------+------------+

+ Latency: 
    * Summary: 
    +---------+---------+----------+----------+-----+-----+---------+
    |  Latency (cycles) |  Latency (absolute) |  Interval | Pipeline|
    |   min   |   max   |    min   |    max   | min | max |   Type  |
    +---------+---------+----------+----------+-----+-----+---------+
    |        ?|        ?|         ?|         ?|    ?|    ?|       no|
    +---------+---------+----------+----------+-----+-----+---------+

    + Detail: 
        * Instance: 
        +-----------------------+------------+---------+---------+----------+----------+-----+-----+---------+
        |                       |            |  Latency (cycles) |  Latency (absolute) |  Interval | Pipeline|
        |        Instance       |   Module   |   min   |   max   |    min   |    max   | min | max |   Type  |
        +-----------------------+------------+---------+---------+----------+----------+-----+-----+---------+
        |grp_stencilRun_fu_210  |stencilRun  |        ?|        ?|         ?|         ?|    ?|    ?|       no|
        +-----------------------+------------+---------+---------+----------+----------+-----+-----+---------+

        * Loop: 
        N/A



================================================================
== Utilization Estimates
================================================================
* Summary: 
+-----------------+---------+------+---------+--------+-----+
|       Name      | BRAM_18K|  DSP |    FF   |   LUT  | URAM|
+-----------------+---------+------+---------+--------+-----+
|DSP              |        -|     -|        -|       -|    -|
|Expression       |        -|     -|        0|       2|    -|
|FIFO             |        -|     -|        -|       -|    -|
|Instance         |       16|    78|    15005|    4161|   16|
|Memory           |        -|     -|        -|       -|    -|
|Multiplexer      |        -|     -|        -|      50|    -|
|Register         |        -|     -|      165|       -|    -|
+-----------------+---------+------+---------+--------+-----+
|Total            |       16|    78|    15170|    4213|   16|
+-----------------+---------+------+---------+--------+-----+
|Available        |     1934|  1968|  1799680|  899840|  463|
+-----------------+---------+------+---------+--------+-----+
|Utilization (%)  |       ~0|     3|       ~0|      ~0|    3|
+-----------------+---------+------+---------+--------+-----+

+ Detail: 
    * Instance: 
    +-----------------------+------------+---------+----+-------+------+-----+
    |        Instance       |   Module   | BRAM_18K| DSP|   FF  |  LUT | URAM|
    +-----------------------+------------+---------+----+-------+------+-----+
    |grp_stencilRun_fu_210  |stencilRun  |       16|  78|  15005|  4161|   16|
    +-----------------------+------------+---------+----+-------+------+-----+
    |Total                  |            |       16|  78|  15005|  4161|   16|
    +-----------------------+------------+---------+----+-------+------+-----+

    * DSP: 
    N/A

    * Memory: 
    N/A

    * FIFO: 
    N/A

    * Expression: 
    +-----------------+----------+----+---+----+------------+------------+
    |  Variable Name  | Operation| DSP| FF| LUT| Bitwidth P0| Bitwidth P1|
    +-----------------+----------+----+---+----+------------+------------+
    |ap_block_state1  |        or|   0|  0|   2|           1|           1|
    +-----------------+----------+----+---+----+------------+------------+
    |Total            |          |   0|  0|   2|           1|           1|
    +-----------------+----------+----+---+----+------------+------------+

    * Multiplexer: 
    +-------------------------------------------+----+-----------+-----+-----------+
    |                    Name                   | LUT| Input Size| Bits| Total Bits|
    +-------------------------------------------+----+-----------+-----+-----------+
    |ap_NS_fsm                                  |   2|          3|    1|          3|
    |ap_done                                    |   2|          2|    1|          2|
    |arg0_arg1_streams_1_read                   |   2|          2|    1|          2|
    |arg0_arg1_streams_2_write                  |   2|          2|    1|          2|
    |real_start                                 |   2|          2|    1|          2|
    |stencilConfig_grid_size_0_blk_n            |   2|          2|    1|          2|
    |stencilConfig_grid_size_0_c45_blk_n        |   2|          2|    1|          2|
    |stencilConfig_grid_size_1_blk_n            |   2|          2|    1|          2|
    |stencilConfig_grid_size_1_c58_blk_n        |   2|          2|    1|          2|
    |stencilConfig_grid_size_2_blk_n            |   2|          2|    1|          2|
    |stencilConfig_grid_size_2_c71_blk_n        |   2|          2|    1|          2|
    |stencilConfig_lower_limit_0_blk_n          |   2|          2|    1|          2|
    |stencilConfig_lower_limit_0_c84_blk_n      |   2|          2|    1|          2|
    |stencilConfig_lower_limit_1_blk_n          |   2|          2|    1|          2|
    |stencilConfig_lower_limit_1_c97_blk_n      |   2|          2|    1|          2|
    |stencilConfig_lower_limit_2_blk_n          |   2|          2|    1|          2|
    |stencilConfig_lower_limit_2_c110_blk_n     |   2|          2|    1|          2|
    |stencilConfig_outer_loop_limit_blk_n       |   2|          2|    1|          2|
    |stencilConfig_outer_loop_limit_c162_blk_n  |   2|          2|    1|          2|
    |stencilConfig_upper_limit_0_blk_n          |   2|          2|    1|          2|
    |stencilConfig_upper_limit_0_c123_blk_n     |   2|          2|    1|          2|
    |stencilConfig_upper_limit_1_blk_n          |   2|          2|    1|          2|
    |stencilConfig_upper_limit_1_c136_blk_n     |   2|          2|    1|          2|
    |stencilConfig_upper_limit_2_blk_n          |   2|          2|    1|          2|
    |stencilConfig_upper_limit_2_c149_blk_n     |   2|          2|    1|          2|
    +-------------------------------------------+----+-----------+-----+-----------+
    |Total                                      |  50|         51|   25|         51|
    +-------------------------------------------+----+-----------+-----+-----------+

    * Register: 
    +--------------------------------------------------+----+----+-----+-----------+
    |                       Name                       | FF | LUT| Bits| Const Bits|
    +--------------------------------------------------+----+----+-----+-----------+
    |ap_CS_fsm                                         |   2|   0|    2|          0|
    |ap_done_reg                                       |   1|   0|    1|          0|
    |grp_stencilRun_fu_210_ap_start_reg                |   1|   0|    1|          0|
    |start_once_reg                                    |   1|   0|    1|          0|
    |stencil_m_stencilConfig_grid_size_0_reg_283       |  16|   0|   16|          0|
    |stencil_m_stencilConfig_grid_size_1_reg_278       |  16|   0|   16|          0|
    |stencil_m_stencilConfig_grid_size_2_reg_273       |  16|   0|   16|          0|
    |stencil_m_stencilConfig_lower_limit_0_reg_268     |  16|   0|   16|          0|
    |stencil_m_stencilConfig_lower_limit_1_reg_263     |  16|   0|   16|          0|
    |stencil_m_stencilConfig_lower_limit_2_reg_258     |  16|   0|   16|          0|
    |stencil_m_stencilConfig_outer_loop_limit_reg_238  |  16|   0|   16|          0|
    |stencil_m_stencilConfig_upper_limit_0_reg_253     |  16|   0|   16|          0|
    |stencil_m_stencilConfig_upper_limit_1_reg_248     |  16|   0|   16|          0|
    |stencil_m_stencilConfig_upper_limit_2_reg_243     |  16|   0|   16|          0|
    +--------------------------------------------------+----+----+-----+-----------+
    |Total                                             | 165|   0|  165|          0|
    +--------------------------------------------------+----+----+-----+-----------+



================================================================
== Interface
================================================================
* Summary: 
+----------------------------------------------------+-----+-----+------------+-------------------------------------+--------------+
|                      RTL Ports                     | Dir | Bits|  Protocol  |            Source Object            |    C Type    |
+----------------------------------------------------+-----+-----+------------+-------------------------------------+--------------+
|ap_clk                                              |   in|    1|  ap_ctrl_hs|               joint_PE_outerloop_0.1|  return value|
|ap_rst                                              |   in|    1|  ap_ctrl_hs|               joint_PE_outerloop_0.1|  return value|
|ap_start                                            |   in|    1|  ap_ctrl_hs|               joint_PE_outerloop_0.1|  return value|
|start_full_n                                        |   in|    1|  ap_ctrl_hs|               joint_PE_outerloop_0.1|  return value|
|ap_done                                             |  out|    1|  ap_ctrl_hs|               joint_PE_outerloop_0.1|  return value|
|ap_continue                                         |   in|    1|  ap_ctrl_hs|               joint_PE_outerloop_0.1|  return value|
|ap_idle                                             |  out|    1|  ap_ctrl_hs|               joint_PE_outerloop_0.1|  return value|
|ap_ready                                            |  out|    1|  ap_ctrl_hs|               joint_PE_outerloop_0.1|  return value|
|start_out                                           |  out|    1|  ap_ctrl_hs|               joint_PE_outerloop_0.1|  return value|
|start_write                                         |  out|    1|  ap_ctrl_hs|               joint_PE_outerloop_0.1|  return value|
|stencilConfig_grid_size_0_dout                      |   in|   16|     ap_fifo|            stencilConfig_grid_size_0|       pointer|
|stencilConfig_grid_size_0_num_data_valid            |   in|    2|     ap_fifo|            stencilConfig_grid_size_0|       pointer|
|stencilConfig_grid_size_0_fifo_cap                  |   in|    2|     ap_fifo|            stencilConfig_grid_size_0|       pointer|
|stencilConfig_grid_size_0_empty_n                   |   in|    1|     ap_fifo|            stencilConfig_grid_size_0|       pointer|
|stencilConfig_grid_size_0_read                      |  out|    1|     ap_fifo|            stencilConfig_grid_size_0|       pointer|
|stencilConfig_grid_size_1_dout                      |   in|   16|     ap_fifo|            stencilConfig_grid_size_1|       pointer|
|stencilConfig_grid_size_1_num_data_valid            |   in|    2|     ap_fifo|            stencilConfig_grid_size_1|       pointer|
|stencilConfig_grid_size_1_fifo_cap                  |   in|    2|     ap_fifo|            stencilConfig_grid_size_1|       pointer|
|stencilConfig_grid_size_1_empty_n                   |   in|    1|     ap_fifo|            stencilConfig_grid_size_1|       pointer|
|stencilConfig_grid_size_1_read                      |  out|    1|     ap_fifo|            stencilConfig_grid_size_1|       pointer|
|stencilConfig_grid_size_2_dout                      |   in|   16|     ap_fifo|            stencilConfig_grid_size_2|       pointer|
|stencilConfig_grid_size_2_num_data_valid            |   in|    2|     ap_fifo|            stencilConfig_grid_size_2|       pointer|
|stencilConfig_grid_size_2_fifo_cap                  |   in|    2|     ap_fifo|            stencilConfig_grid_size_2|       pointer|
|stencilConfig_grid_size_2_empty_n                   |   in|    1|     ap_fifo|            stencilConfig_grid_size_2|       pointer|
|stencilConfig_grid_size_2_read                      |  out|    1|     ap_fifo|            stencilConfig_grid_size_2|       pointer|
|stencilConfig_lower_limit_0_dout                    |   in|   16|     ap_fifo|          stencilConfig_lower_limit_0|       pointer|
|stencilConfig_lower_limit_0_num_data_valid          |   in|    2|     ap_fifo|          stencilConfig_lower_limit_0|       pointer|
|stencilConfig_lower_limit_0_fifo_cap                |   in|    2|     ap_fifo|          stencilConfig_lower_limit_0|       pointer|
|stencilConfig_lower_limit_0_empty_n                 |   in|    1|     ap_fifo|          stencilConfig_lower_limit_0|       pointer|
|stencilConfig_lower_limit_0_read                    |  out|    1|     ap_fifo|          stencilConfig_lower_limit_0|       pointer|
|stencilConfig_lower_limit_1_dout                    |   in|   16|     ap_fifo|          stencilConfig_lower_limit_1|       pointer|
|stencilConfig_lower_limit_1_num_data_valid          |   in|    2|     ap_fifo|          stencilConfig_lower_limit_1|       pointer|
|stencilConfig_lower_limit_1_fifo_cap                |   in|    2|     ap_fifo|          stencilConfig_lower_limit_1|       pointer|
|stencilConfig_lower_limit_1_empty_n                 |   in|    1|     ap_fifo|          stencilConfig_lower_limit_1|       pointer|
|stencilConfig_lower_limit_1_read                    |  out|    1|     ap_fifo|          stencilConfig_lower_limit_1|       pointer|
|stencilConfig_lower_limit_2_dout                    |   in|   16|     ap_fifo|          stencilConfig_lower_limit_2|       pointer|
|stencilConfig_lower_limit_2_num_data_valid          |   in|    2|     ap_fifo|          stencilConfig_lower_limit_2|       pointer|
|stencilConfig_lower_limit_2_fifo_cap                |   in|    2|     ap_fifo|          stencilConfig_lower_limit_2|       pointer|
|stencilConfig_lower_limit_2_empty_n                 |   in|    1|     ap_fifo|          stencilConfig_lower_limit_2|       pointer|
|stencilConfig_lower_limit_2_read                    |  out|    1|     ap_fifo|          stencilConfig_lower_limit_2|       pointer|
|stencilConfig_upper_limit_0_dout                    |   in|   16|     ap_fifo|          stencilConfig_upper_limit_0|       pointer|
|stencilConfig_upper_limit_0_num_data_valid          |   in|    2|     ap_fifo|          stencilConfig_upper_limit_0|       pointer|
|stencilConfig_upper_limit_0_fifo_cap                |   in|    2|     ap_fifo|          stencilConfig_upper_limit_0|       pointer|
|stencilConfig_upper_limit_0_empty_n                 |   in|    1|     ap_fifo|          stencilConfig_upper_limit_0|       pointer|
|stencilConfig_upper_limit_0_read                    |  out|    1|     ap_fifo|          stencilConfig_upper_limit_0|       pointer|
|stencilConfig_upper_limit_1_dout                    |   in|   16|     ap_fifo|          stencilConfig_upper_limit_1|       pointer|
|stencilConfig_upper_limit_1_num_data_valid          |   in|    2|     ap_fifo|          stencilConfig_upper_limit_1|       pointer|
|stencilConfig_upper_limit_1_fifo_cap                |   in|    2|     ap_fifo|          stencilConfig_upper_limit_1|       pointer|
|stencilConfig_upper_limit_1_empty_n                 |   in|    1|     ap_fifo|          stencilConfig_upper_limit_1|       pointer|
|stencilConfig_upper_limit_1_read                    |  out|    1|     ap_fifo|          stencilConfig_upper_limit_1|       pointer|
|stencilConfig_upper_limit_2_dout                    |   in|   16|     ap_fifo|          stencilConfig_upper_limit_2|       pointer|
|stencilConfig_upper_limit_2_num_data_valid          |   in|    2|     ap_fifo|          stencilConfig_upper_limit_2|       pointer|
|stencilConfig_upper_limit_2_fifo_cap                |   in|    2|     ap_fifo|          stencilConfig_upper_limit_2|       pointer|
|stencilConfig_upper_limit_2_empty_n                 |   in|    1|     ap_fifo|          stencilConfig_upper_limit_2|       pointer|
|stencilConfig_upper_limit_2_read                    |  out|    1|     ap_fifo|          stencilConfig_upper_limit_2|       pointer|
|stencilConfig_outer_loop_limit_dout                 |   in|   16|     ap_fifo|       stencilConfig_outer_loop_limit|       pointer|
|stencilConfig_outer_loop_limit_num_data_valid       |   in|    2|     ap_fifo|       stencilConfig_outer_loop_limit|       pointer|
|stencilConfig_outer_loop_limit_fifo_cap             |   in|    2|     ap_fifo|       stencilConfig_outer_loop_limit|       pointer|
|stencilConfig_outer_loop_limit_empty_n              |   in|    1|     ap_fifo|       stencilConfig_outer_loop_limit|       pointer|
|stencilConfig_outer_loop_limit_read                 |  out|    1|     ap_fifo|       stencilConfig_outer_loop_limit|       pointer|
|arg0_arg1_streams_1_dout                            |   in|  256|     ap_fifo|                  arg0_arg1_streams_1|       pointer|
|arg0_arg1_streams_1_num_data_valid                  |   in|    5|     ap_fifo|                  arg0_arg1_streams_1|       pointer|
|arg0_arg1_streams_1_fifo_cap                        |   in|    5|     ap_fifo|                  arg0_arg1_streams_1|       pointer|
|arg0_arg1_streams_1_empty_n                         |   in|    1|     ap_fifo|                  arg0_arg1_streams_1|       pointer|
|arg0_arg1_streams_1_read                            |  out|    1|     ap_fifo|                  arg0_arg1_streams_1|       pointer|
|arg0_arg1_streams_2_din                             |  out|  256|     ap_fifo|                  arg0_arg1_streams_2|       pointer|
|arg0_arg1_streams_2_num_data_valid                  |   in|    5|     ap_fifo|                  arg0_arg1_streams_2|       pointer|
|arg0_arg1_streams_2_fifo_cap                        |   in|    5|     ap_fifo|                  arg0_arg1_streams_2|       pointer|
|arg0_arg1_streams_2_full_n                          |   in|    1|     ap_fifo|                  arg0_arg1_streams_2|       pointer|
|arg0_arg1_streams_2_write                           |  out|    1|     ap_fifo|                  arg0_arg1_streams_2|       pointer|
|stencilConfig_grid_size_0_c45_din                   |  out|   16|     ap_fifo|        stencilConfig_grid_size_0_c45|       pointer|
|stencilConfig_grid_size_0_c45_num_data_valid        |   in|    2|     ap_fifo|        stencilConfig_grid_size_0_c45|       pointer|
|stencilConfig_grid_size_0_c45_fifo_cap              |   in|    2|     ap_fifo|        stencilConfig_grid_size_0_c45|       pointer|
|stencilConfig_grid_size_0_c45_full_n                |   in|    1|     ap_fifo|        stencilConfig_grid_size_0_c45|       pointer|
|stencilConfig_grid_size_0_c45_write                 |  out|    1|     ap_fifo|        stencilConfig_grid_size_0_c45|       pointer|
|stencilConfig_grid_size_1_c58_din                   |  out|   16|     ap_fifo|        stencilConfig_grid_size_1_c58|       pointer|
|stencilConfig_grid_size_1_c58_num_data_valid        |   in|    2|     ap_fifo|        stencilConfig_grid_size_1_c58|       pointer|
|stencilConfig_grid_size_1_c58_fifo_cap              |   in|    2|     ap_fifo|        stencilConfig_grid_size_1_c58|       pointer|
|stencilConfig_grid_size_1_c58_full_n                |   in|    1|     ap_fifo|        stencilConfig_grid_size_1_c58|       pointer|
|stencilConfig_grid_size_1_c58_write                 |  out|    1|     ap_fifo|        stencilConfig_grid_size_1_c58|       pointer|
|stencilConfig_grid_size_2_c71_din                   |  out|   16|     ap_fifo|        stencilConfig_grid_size_2_c71|       pointer|
|stencilConfig_grid_size_2_c71_num_data_valid        |   in|    2|     ap_fifo|        stencilConfig_grid_size_2_c71|       pointer|
|stencilConfig_grid_size_2_c71_fifo_cap              |   in|    2|     ap_fifo|        stencilConfig_grid_size_2_c71|       pointer|
|stencilConfig_grid_size_2_c71_full_n                |   in|    1|     ap_fifo|        stencilConfig_grid_size_2_c71|       pointer|
|stencilConfig_grid_size_2_c71_write                 |  out|    1|     ap_fifo|        stencilConfig_grid_size_2_c71|       pointer|
|stencilConfig_lower_limit_0_c84_din                 |  out|   16|     ap_fifo|      stencilConfig_lower_limit_0_c84|       pointer|
|stencilConfig_lower_limit_0_c84_num_data_valid      |   in|    2|     ap_fifo|      stencilConfig_lower_limit_0_c84|       pointer|
|stencilConfig_lower_limit_0_c84_fifo_cap            |   in|    2|     ap_fifo|      stencilConfig_lower_limit_0_c84|       pointer|
|stencilConfig_lower_limit_0_c84_full_n              |   in|    1|     ap_fifo|      stencilConfig_lower_limit_0_c84|       pointer|
|stencilConfig_lower_limit_0_c84_write               |  out|    1|     ap_fifo|      stencilConfig_lower_limit_0_c84|       pointer|
|stencilConfig_lower_limit_1_c97_din                 |  out|   16|     ap_fifo|      stencilConfig_lower_limit_1_c97|       pointer|
|stencilConfig_lower_limit_1_c97_num_data_valid      |   in|    2|     ap_fifo|      stencilConfig_lower_limit_1_c97|       pointer|
|stencilConfig_lower_limit_1_c97_fifo_cap            |   in|    2|     ap_fifo|      stencilConfig_lower_limit_1_c97|       pointer|
|stencilConfig_lower_limit_1_c97_full_n              |   in|    1|     ap_fifo|      stencilConfig_lower_limit_1_c97|       pointer|
|stencilConfig_lower_limit_1_c97_write               |  out|    1|     ap_fifo|      stencilConfig_lower_limit_1_c97|       pointer|
|stencilConfig_lower_limit_2_c110_din                |  out|   16|     ap_fifo|     stencilConfig_lower_limit_2_c110|       pointer|
|stencilConfig_lower_limit_2_c110_num_data_valid     |   in|    2|     ap_fifo|     stencilConfig_lower_limit_2_c110|       pointer|
|stencilConfig_lower_limit_2_c110_fifo_cap           |   in|    2|     ap_fifo|     stencilConfig_lower_limit_2_c110|       pointer|
|stencilConfig_lower_limit_2_c110_full_n             |   in|    1|     ap_fifo|     stencilConfig_lower_limit_2_c110|       pointer|
|stencilConfig_lower_limit_2_c110_write              |  out|    1|     ap_fifo|     stencilConfig_lower_limit_2_c110|       pointer|
|stencilConfig_upper_limit_0_c123_din                |  out|   16|     ap_fifo|     stencilConfig_upper_limit_0_c123|       pointer|
|stencilConfig_upper_limit_0_c123_num_data_valid     |   in|    2|     ap_fifo|     stencilConfig_upper_limit_0_c123|       pointer|
|stencilConfig_upper_limit_0_c123_fifo_cap           |   in|    2|     ap_fifo|     stencilConfig_upper_limit_0_c123|       pointer|
|stencilConfig_upper_limit_0_c123_full_n             |   in|    1|     ap_fifo|     stencilConfig_upper_limit_0_c123|       pointer|
|stencilConfig_upper_limit_0_c123_write              |  out|    1|     ap_fifo|     stencilConfig_upper_limit_0_c123|       pointer|
|stencilConfig_upper_limit_1_c136_din                |  out|   16|     ap_fifo|     stencilConfig_upper_limit_1_c136|       pointer|
|stencilConfig_upper_limit_1_c136_num_data_valid     |   in|    2|     ap_fifo|     stencilConfig_upper_limit_1_c136|       pointer|
|stencilConfig_upper_limit_1_c136_fifo_cap           |   in|    2|     ap_fifo|     stencilConfig_upper_limit_1_c136|       pointer|
|stencilConfig_upper_limit_1_c136_full_n             |   in|    1|     ap_fifo|     stencilConfig_upper_limit_1_c136|       pointer|
|stencilConfig_upper_limit_1_c136_write              |  out|    1|     ap_fifo|     stencilConfig_upper_limit_1_c136|       pointer|
|stencilConfig_upper_limit_2_c149_din                |  out|   16|     ap_fifo|     stencilConfig_upper_limit_2_c149|       pointer|
|stencilConfig_upper_limit_2_c149_num_data_valid     |   in|    2|     ap_fifo|     stencilConfig_upper_limit_2_c149|       pointer|
|stencilConfig_upper_limit_2_c149_fifo_cap           |   in|    2|     ap_fifo|     stencilConfig_upper_limit_2_c149|       pointer|
|stencilConfig_upper_limit_2_c149_full_n             |   in|    1|     ap_fifo|     stencilConfig_upper_limit_2_c149|       pointer|
|stencilConfig_upper_limit_2_c149_write              |  out|    1|     ap_fifo|     stencilConfig_upper_limit_2_c149|       pointer|
|stencilConfig_outer_loop_limit_c162_din             |  out|   16|     ap_fifo|  stencilConfig_outer_loop_limit_c162|       pointer|
|stencilConfig_outer_loop_limit_c162_num_data_valid  |   in|    2|     ap_fifo|  stencilConfig_outer_loop_limit_c162|       pointer|
|stencilConfig_outer_loop_limit_c162_fifo_cap        |   in|    2|     ap_fifo|  stencilConfig_outer_loop_limit_c162|       pointer|
|stencilConfig_outer_loop_limit_c162_full_n          |   in|    1|     ap_fifo|  stencilConfig_outer_loop_limit_c162|       pointer|
|stencilConfig_outer_loop_limit_c162_write           |  out|    1|     ap_fifo|  stencilConfig_outer_loop_limit_c162|       pointer|
+----------------------------------------------------+-----+-----+------------+-------------------------------------+--------------+

