

================================================================
== Vitis HLS Report for 'entry_proc'
================================================================
* Date:           Sun Jul 26 01:22:50 2026

* Version:        2022.1 (Build 3526262 on Mon Apr 18 15:47:01 MDT 2022)
* Project:        datamover_outerloop_0
* Solution:       solution (Vitis Kernel Flow Target)
* Product family: versal
* Target device:  xcvc1902-vsvd1760-2MP-e-S


================================================================
== Performance Estimates
================================================================
+ Timing: 
    * Summary: 
    +--------+---------+----------+------------+
    |  Clock |  Target | Estimated| Uncertainty|
    +--------+---------+----------+------------+
    |ap_clk  |  3.33 ns|  0.846 ns|     0.90 ns|
    +--------+---------+----------+------------+

+ Latency: 
    * Summary: 
    +---------+---------+----------+----------+-----+-----+---------+
    |  Latency (cycles) |  Latency (absolute) |  Interval | Pipeline|
    |   min   |   max   |    min   |    max   | min | max |   Type  |
    +---------+---------+----------+----------+-----+-----+---------+
    |        0|        0|      0 ns|      0 ns|    0|    0|       no|
    +---------+---------+----------+----------+-----+-----+---------+

    + Detail: 
        * Instance: 
        N/A

        * Loop: 
        N/A



================================================================
== Utilization Estimates
================================================================
* Summary: 
+-----------------+---------+------+---------+--------+-----+
|       Name      | BRAM_18K|  DSP |    FF   |   LUT  | URAM|
+-----------------+---------+------+---------+--------+-----+
|DSP              |        -|     -|        -|       -|    -|
|Expression       |        -|     -|        0|       2|    -|
|FIFO             |        -|     -|        -|       -|    -|
|Instance         |        -|     -|        -|       -|    -|
|Memory           |        -|     -|        -|       -|    -|
|Multiplexer      |        -|     -|        -|      10|    -|
|Register         |        -|     -|        3|       -|    -|
+-----------------+---------+------+---------+--------+-----+
|Total            |        0|     0|        3|      12|    0|
+-----------------+---------+------+---------+--------+-----+
|Available        |     1934|  1968|  1799680|  899840|  463|
+-----------------+---------+------+---------+--------+-----+
|Utilization (%)  |        0|     0|       ~0|      ~0|    0|
+-----------------+---------+------+---------+--------+-----+

+ Detail: 
    * Instance: 
    N/A

    * DSP: 
    N/A

    * Memory: 
    N/A

    * FIFO: 
    N/A

    * Expression: 
    +-----------------+----------+----+---+----+------------+------------+
    |  Variable Name  | Operation| DSP| FF| LUT| Bitwidth P0| Bitwidth P1|
    +-----------------+----------+----+---+----+------------+------------+
    |ap_block_state1  |        or|   0|  0|   2|           1|           1|
    +-----------------+----------+----+---+----+------------+------------+
    |Total            |          |   0|  0|   2|           1|           1|
    +-----------------+----------+----+---+----+------------+------------+

    * Multiplexer: 
    +------------------+----+-----------+-----+-----------+
    |       Name       | LUT| Input Size| Bits| Total Bits|
    +------------------+----+-----------+-----+-----------+
    |ap_done           |   2|          2|    1|          2|
    |arg1_c_blk_n      |   2|          2|    1|          2|
    |num_pkts_c_blk_n  |   2|          2|    1|          2|
    |p_read_c15_blk_n  |   2|          2|    1|          2|
    |real_start        |   2|          2|    1|          2|
    +------------------+----+-----------+-----+-----------+
    |Total             |  10|         10|    5|         10|
    +------------------+----+-----------+-----+-----------+

    * Register: 
    +----------------+---+----+-----+-----------+
    |      Name      | FF| LUT| Bits| Const Bits|
    +----------------+---+----+-----+-----------+
    |ap_CS_fsm       |  1|   0|    1|          0|
    |ap_done_reg     |  1|   0|    1|          0|
    |start_once_reg  |  1|   0|    1|          0|
    +----------------+---+----+-----+-----------+
    |Total           |  3|   0|    3|          0|
    +----------------+---+----+-----+-----------+



================================================================
== Interface
================================================================
* Summary: 
+---------------------------+-----+-----+------------+--------------+--------------+
|         RTL Ports         | Dir | Bits|  Protocol  | Source Object|    C Type    |
+---------------------------+-----+-----+------------+--------------+--------------+
|ap_clk                     |   in|    1|  ap_ctrl_hs|    entry_proc|  return value|
|ap_rst                     |   in|    1|  ap_ctrl_hs|    entry_proc|  return value|
|ap_start                   |   in|    1|  ap_ctrl_hs|    entry_proc|  return value|
|start_full_n               |   in|    1|  ap_ctrl_hs|    entry_proc|  return value|
|ap_done                    |  out|    1|  ap_ctrl_hs|    entry_proc|  return value|
|ap_continue                |   in|    1|  ap_ctrl_hs|    entry_proc|  return value|
|ap_idle                    |  out|    1|  ap_ctrl_hs|    entry_proc|  return value|
|ap_ready                   |  out|    1|  ap_ctrl_hs|    entry_proc|  return value|
|start_out                  |  out|    1|  ap_ctrl_hs|    entry_proc|  return value|
|start_write                |  out|    1|  ap_ctrl_hs|    entry_proc|  return value|
|num_pkts                   |   in|   32|     ap_none|      num_pkts|        scalar|
|num_pkts_c_din             |  out|   32|     ap_fifo|    num_pkts_c|       pointer|
|num_pkts_c_num_data_valid  |   in|    3|     ap_fifo|    num_pkts_c|       pointer|
|num_pkts_c_fifo_cap        |   in|    3|     ap_fifo|    num_pkts_c|       pointer|
|num_pkts_c_full_n          |   in|    1|     ap_fifo|    num_pkts_c|       pointer|
|num_pkts_c_write           |  out|    1|     ap_fifo|    num_pkts_c|       pointer|
|p_read                     |   in|   32|     ap_none|        p_read|        scalar|
|p_read_c15_din             |  out|   32|     ap_fifo|    p_read_c15|       pointer|
|p_read_c15_num_data_valid  |   in|    3|     ap_fifo|    p_read_c15|       pointer|
|p_read_c15_fifo_cap        |   in|    3|     ap_fifo|    p_read_c15|       pointer|
|p_read_c15_full_n          |   in|    1|     ap_fifo|    p_read_c15|       pointer|
|p_read_c15_write           |  out|    1|     ap_fifo|    p_read_c15|       pointer|
|arg1                       |   in|   64|     ap_none|          arg1|        scalar|
|arg1_c_din                 |  out|   64|     ap_fifo|        arg1_c|       pointer|
|arg1_c_num_data_valid      |   in|    3|     ap_fifo|        arg1_c|       pointer|
|arg1_c_fifo_cap            |   in|    3|     ap_fifo|        arg1_c|       pointer|
|arg1_c_full_n              |   in|    1|     ap_fifo|        arg1_c|       pointer|
|arg1_c_write               |  out|    1|     ap_fifo|        arg1_c|       pointer|
+---------------------------+-----+-----+------------+--------------+--------------+

