

================================================================
== Vitis HLS Report for 'mem2stream_512u_32u_2u_s'
================================================================
* Date:           Sun Jul 26 01:22:50 2026

* Version:        2022.1 (Build 3526262 on Mon Apr 18 15:47:01 MDT 2022)
* Project:        datamover_outerloop_0
* Solution:       solution (Vitis Kernel Flow Target)
* Product family: versal
* Target device:  xcvc1902-vsvd1760-2MP-e-S


================================================================
== Performance Estimates
================================================================
+ Timing: 
    * Summary: 
    +--------+---------+----------+------------+
    |  Clock |  Target | Estimated| Uncertainty|
    +--------+---------+----------+------------+
    |ap_clk  |  3.33 ns|  2.433 ns|     0.90 ns|
    +--------+---------+----------+------------+

+ Latency: 
    * Summary: 
    +---------+---------+----------+----------+-----+-----+---------+
    |  Latency (cycles) |  Latency (absolute) |  Interval | Pipeline|
    |   min   |   max   |    min   |    max   | min | max |   Type  |
    +---------+---------+----------+----------+-----+-----+---------+
    |        ?|        ?|         ?|         ?|    ?|    ?|       no|
    +---------+---------+----------+----------+-----+-----+---------+

    + Detail: 
        * Instance: 
        +-------------------------------------------------------------+--------------------------------------------------+---------+---------+----------+----------+-----+-----+---------+
        |                                                             |                                                  |  Latency (cycles) |  Latency (absolute) |  Interval | Pipeline|
        |                           Instance                          |                      Module                      |   min   |   max   |    min   |    max   | min | max |   Type  |
        +-------------------------------------------------------------+--------------------------------------------------+---------+---------+----------+----------+-----+-----+---------+
        |grp_mem2stream_512u_32u_2u_Pipeline_VITIS_LOOP_431_1_fu_112  |mem2stream_512u_32u_2u_Pipeline_VITIS_LOOP_431_1  |        ?|        ?|         ?|         ?|    ?|    ?|       no|
        |grp_mem2stream_512u_32u_2u_Pipeline_VITIS_LOOP_453_2_fu_122  |mem2stream_512u_32u_2u_Pipeline_VITIS_LOOP_453_2  |        3|       65|  9.999 ns|  0.217 us|    3|   65|       no|
        +-------------------------------------------------------------+--------------------------------------------------+---------+---------+----------+----------+-----+-----+---------+

        * Loop: 
        N/A



================================================================
== Utilization Estimates
================================================================
* Summary: 
+-----------------+---------+------+---------+--------+-----+
|       Name      | BRAM_18K|  DSP |    FF   |   LUT  | URAM|
+-----------------+---------+------+---------+--------+-----+
|DSP              |        -|     -|        -|       -|    -|
|Expression       |        -|     -|        0|     157|    -|
|FIFO             |        -|     -|        -|       -|    -|
|Instance         |        -|     -|     1100|     264|    -|
|Memory           |        -|     -|        -|       -|    -|
|Multiplexer      |        -|     -|        -|     674|    -|
|Register         |        -|     -|      379|       -|    -|
+-----------------+---------+------+---------+--------+-----+
|Total            |        0|     0|     1479|    1095|    0|
+-----------------+---------+------+---------+--------+-----+
|Available        |     1934|  1968|  1799680|  899840|  463|
+-----------------+---------+------+---------+--------+-----+
|Utilization (%)  |        0|     0|       ~0|      ~0|    0|
+-----------------+---------+------+---------+--------+-----+

+ Detail: 
    * Instance: 
    +-------------------------------------------------------------+--------------------------------------------------+---------+----+-----+-----+-----+
    |                           Instance                          |                      Module                      | BRAM_18K| DSP|  FF | LUT | URAM|
    +-------------------------------------------------------------+--------------------------------------------------+---------+----+-----+-----+-----+
    |grp_mem2stream_512u_32u_2u_Pipeline_VITIS_LOOP_431_1_fu_112  |mem2stream_512u_32u_2u_Pipeline_VITIS_LOOP_431_1  |        0|   0|  550|  132|    0|
    |grp_mem2stream_512u_32u_2u_Pipeline_VITIS_LOOP_453_2_fu_122  |mem2stream_512u_32u_2u_Pipeline_VITIS_LOOP_453_2  |        0|   0|  550|  132|    0|
    +-------------------------------------------------------------+--------------------------------------------------+---------+----+-----+-----+-----+
    |Total                                                        |                                                  |        0|   0| 1100|  264|    0|
    +-------------------------------------------------------------+--------------------------------------------------+---------+----+-----+-----+-----+

    * DSP: 
    N/A

    * Memory: 
    N/A

    * FIFO: 
    N/A

    * Expression: 
    +-----------------------------------+----------+----+---+----+------------+------------+
    |           Variable Name           | Operation| DSP| FF| LUT| Bitwidth P0| Bitwidth P1|
    +-----------------------------------+----------+----+---+----+------------+------------+
    |add_ln453_1_fu_184_p2              |         +|   0|  0|   5|           5|           5|
    |add_ln453_2_fu_200_p2              |         +|   0|  0|  64|          64|          64|
    |add_ln453_fu_229_p2                |         +|   0|  0|  32|          32|          32|
    |burst_beats_fu_142_p2              |         -|   0|  0|  32|          32|          32|
    |ap_block_state146_on_subcall_done  |       and|   0|  0|   2|           1|           1|
    |ap_block_state2_io                 |       and|   0|  0|   2|           1|           1|
    |icmp_ln431_fu_148_p2               |      icmp|   0|  0|  16|          32|          32|
    |icmp_ln453_fu_175_p2               |      icmp|   0|  0|   2|           5|           1|
    |ap_block_state1                    |        or|   0|  0|   2|           1|           1|
    +-----------------------------------+----------+----+---+----+------------+------------+
    |Total                              |          |   0|  0| 157|         173|         169|
    +-----------------------------------+----------+----+---+----+------------+------------+

    * Multiplexer: 
    +----------------------------------+-----+-----------+-----+-----------+
    |               Name               | LUT | Input Size| Bits| Total Bits|
    +----------------------------------+-----+-----------+-----+-----------+
    |ap_NS_fsm                         |  170|        147|    1|        147|
    |ap_done                           |    2|          2|    1|          2|
    |ap_phi_mux_index_4_phi_fu_104_p4  |   32|          2|   32|         64|
    |arg0_read_mem_strm_din            |  121|          2|  512|       1024|
    |arg0_read_mem_strm_write          |    2|          3|    1|          3|
    |gmem0_blk_n_AR                    |    2|          2|    1|          2|
    |index_4_reg_100                   |   32|          2|   32|         64|
    |m_axi_gmem0_ARADDR                |  186|          5|   64|        320|
    |m_axi_gmem0_ARBURST               |    2|          3|    2|          6|
    |m_axi_gmem0_ARCACHE               |    4|          3|    4|         12|
    |m_axi_gmem0_ARID                  |    2|          3|    1|          3|
    |m_axi_gmem0_ARLEN                 |   93|          5|   32|        160|
    |m_axi_gmem0_ARLOCK                |    2|          3|    2|          6|
    |m_axi_gmem0_ARPROT                |    3|          3|    3|          9|
    |m_axi_gmem0_ARQOS                 |    4|          3|    4|         12|
    |m_axi_gmem0_ARREGION              |    4|          3|    4|         12|
    |m_axi_gmem0_ARSIZE                |    3|          3|    3|          9|
    |m_axi_gmem0_ARUSER                |    2|          3|    1|          3|
    |m_axi_gmem0_ARVALID               |    2|          4|    1|          4|
    |m_axi_gmem0_RREADY                |    2|          3|    1|          3|
    |p_read_c16_blk_n                  |    2|          2|    1|          2|
    |real_start                        |    2|          2|    1|          2|
    +----------------------------------+-----+-----------+-----+-----------+
    |Total                             |  674|        208|  704|       1869|
    +----------------------------------+-----+-----------+-----+-----------+

    * Register: 
    +--------------------------------------------------------------------------+-----+----+-----+-----------+
    |                                   Name                                   |  FF | LUT| Bits| Const Bits|
    +--------------------------------------------------------------------------+-----+----+-----+-----------+
    |add_ln453_1_reg_276                                                       |    5|   0|    5|          0|
    |add_ln453_reg_297                                                         |   32|   0|   32|          0|
    |ap_CS_fsm                                                                 |  146|   0|  146|          0|
    |ap_done_reg                                                               |    1|   0|    1|          0|
    |burst_beats_reg_245                                                       |   32|   0|   32|          0|
    |grp_mem2stream_512u_32u_2u_Pipeline_VITIS_LOOP_431_1_fu_112_ap_start_reg  |    1|   0|    1|          0|
    |grp_mem2stream_512u_32u_2u_Pipeline_VITIS_LOOP_453_2_fu_122_ap_start_reg  |    1|   0|    1|          0|
    |icmp_ln431_reg_253                                                        |    1|   0|    1|          0|
    |icmp_ln453_reg_272                                                        |    1|   0|    1|          0|
    |index_4_reg_100                                                           |   32|   0|   32|          0|
    |non_burst_beats_reg_234                                                   |    5|   0|    5|          0|
    |start_once_reg                                                            |    1|   0|    1|          0|
    |trunc_ln453_1_reg_281                                                     |   58|   0|   58|          0|
    |trunc_ln_reg_262                                                          |   58|   0|   58|          0|
    |zext_ln417_reg_240                                                        |    5|   0|   32|         27|
    +--------------------------------------------------------------------------+-----+----+-----+-----------+
    |Total                                                                     |  379|   0|  406|         27|
    +--------------------------------------------------------------------------+-----+----+-----+-----------+



================================================================
== Interface
================================================================
* Summary: 
+-----------------------------------+-----+-----+------------+---------------------------+--------------+
|             RTL Ports             | Dir | Bits|  Protocol  |       Source Object       |    C Type    |
+-----------------------------------+-----+-----+------------+---------------------------+--------------+
|ap_clk                             |   in|    1|  ap_ctrl_hs|  mem2stream<512u, 32u, 2u>|  return value|
|ap_rst                             |   in|    1|  ap_ctrl_hs|  mem2stream<512u, 32u, 2u>|  return value|
|ap_start                           |   in|    1|  ap_ctrl_hs|  mem2stream<512u, 32u, 2u>|  return value|
|start_full_n                       |   in|    1|  ap_ctrl_hs|  mem2stream<512u, 32u, 2u>|  return value|
|ap_done                            |  out|    1|  ap_ctrl_hs|  mem2stream<512u, 32u, 2u>|  return value|
|ap_continue                        |   in|    1|  ap_ctrl_hs|  mem2stream<512u, 32u, 2u>|  return value|
|ap_idle                            |  out|    1|  ap_ctrl_hs|  mem2stream<512u, 32u, 2u>|  return value|
|ap_ready                           |  out|    1|  ap_ctrl_hs|  mem2stream<512u, 32u, 2u>|  return value|
|start_out                          |  out|    1|  ap_ctrl_hs|  mem2stream<512u, 32u, 2u>|  return value|
|start_write                        |  out|    1|  ap_ctrl_hs|  mem2stream<512u, 32u, 2u>|  return value|
|m_axi_gmem0_AWVALID                |  out|    1|       m_axi|                      gmem0|       pointer|
|m_axi_gmem0_AWREADY                |   in|    1|       m_axi|                      gmem0|       pointer|
|m_axi_gmem0_AWADDR                 |  out|   64|       m_axi|                      gmem0|       pointer|
|m_axi_gmem0_AWID                   |  out|    1|       m_axi|                      gmem0|       pointer|
|m_axi_gmem0_AWLEN                  |  out|   32|       m_axi|                      gmem0|       pointer|
|m_axi_gmem0_AWSIZE                 |  out|    3|       m_axi|                      gmem0|       pointer|
|m_axi_gmem0_AWBURST                |  out|    2|       m_axi|                      gmem0|       pointer|
|m_axi_gmem0_AWLOCK                 |  out|    2|       m_axi|                      gmem0|       pointer|
|m_axi_gmem0_AWCACHE                |  out|    4|       m_axi|                      gmem0|       pointer|
|m_axi_gmem0_AWPROT                 |  out|    3|       m_axi|                      gmem0|       pointer|
|m_axi_gmem0_AWQOS                  |  out|    4|       m_axi|                      gmem0|       pointer|
|m_axi_gmem0_AWREGION               |  out|    4|       m_axi|                      gmem0|       pointer|
|m_axi_gmem0_AWUSER                 |  out|    1|       m_axi|                      gmem0|       pointer|
|m_axi_gmem0_WVALID                 |  out|    1|       m_axi|                      gmem0|       pointer|
|m_axi_gmem0_WREADY                 |   in|    1|       m_axi|                      gmem0|       pointer|
|m_axi_gmem0_WDATA                  |  out|  512|       m_axi|                      gmem0|       pointer|
|m_axi_gmem0_WSTRB                  |  out|   64|       m_axi|                      gmem0|       pointer|
|m_axi_gmem0_WLAST                  |  out|    1|       m_axi|                      gmem0|       pointer|
|m_axi_gmem0_WID                    |  out|    1|       m_axi|                      gmem0|       pointer|
|m_axi_gmem0_WUSER                  |  out|    1|       m_axi|                      gmem0|       pointer|
|m_axi_gmem0_ARVALID                |  out|    1|       m_axi|                      gmem0|       pointer|
|m_axi_gmem0_ARREADY                |   in|    1|       m_axi|                      gmem0|       pointer|
|m_axi_gmem0_ARADDR                 |  out|   64|       m_axi|                      gmem0|       pointer|
|m_axi_gmem0_ARID                   |  out|    1|       m_axi|                      gmem0|       pointer|
|m_axi_gmem0_ARLEN                  |  out|   32|       m_axi|                      gmem0|       pointer|
|m_axi_gmem0_ARSIZE                 |  out|    3|       m_axi|                      gmem0|       pointer|
|m_axi_gmem0_ARBURST                |  out|    2|       m_axi|                      gmem0|       pointer|
|m_axi_gmem0_ARLOCK                 |  out|    2|       m_axi|                      gmem0|       pointer|
|m_axi_gmem0_ARCACHE                |  out|    4|       m_axi|                      gmem0|       pointer|
|m_axi_gmem0_ARPROT                 |  out|    3|       m_axi|                      gmem0|       pointer|
|m_axi_gmem0_ARQOS                  |  out|    4|       m_axi|                      gmem0|       pointer|
|m_axi_gmem0_ARREGION               |  out|    4|       m_axi|                      gmem0|       pointer|
|m_axi_gmem0_ARUSER                 |  out|    1|       m_axi|                      gmem0|       pointer|
|m_axi_gmem0_RVALID                 |   in|    1|       m_axi|                      gmem0|       pointer|
|m_axi_gmem0_RREADY                 |  out|    1|       m_axi|                      gmem0|       pointer|
|m_axi_gmem0_RDATA                  |   in|  512|       m_axi|                      gmem0|       pointer|
|m_axi_gmem0_RLAST                  |   in|    1|       m_axi|                      gmem0|       pointer|
|m_axi_gmem0_RID                    |   in|    1|       m_axi|                      gmem0|       pointer|
|m_axi_gmem0_RFIFONUM               |   in|    9|       m_axi|                      gmem0|       pointer|
|m_axi_gmem0_RUSER                  |   in|    1|       m_axi|                      gmem0|       pointer|
|m_axi_gmem0_RRESP                  |   in|    2|       m_axi|                      gmem0|       pointer|
|m_axi_gmem0_BVALID                 |   in|    1|       m_axi|                      gmem0|       pointer|
|m_axi_gmem0_BREADY                 |  out|    1|       m_axi|                      gmem0|       pointer|
|m_axi_gmem0_BRESP                  |   in|    2|       m_axi|                      gmem0|       pointer|
|m_axi_gmem0_BID                    |   in|    1|       m_axi|                      gmem0|       pointer|
|m_axi_gmem0_BUSER                  |   in|    1|       m_axi|                      gmem0|       pointer|
|mem_in                             |   in|   64|     ap_none|                     mem_in|        scalar|
|num_beats                          |   in|   32|     ap_none|                  num_beats|        scalar|
|p_read_c16_din                     |  out|   32|     ap_fifo|                 p_read_c16|       pointer|
|p_read_c16_num_data_valid          |   in|    2|     ap_fifo|                 p_read_c16|       pointer|
|p_read_c16_fifo_cap                |   in|    2|     ap_fifo|                 p_read_c16|       pointer|
|p_read_c16_full_n                  |   in|    1|     ap_fifo|                 p_read_c16|       pointer|
|p_read_c16_write                   |  out|    1|     ap_fifo|                 p_read_c16|       pointer|
|arg0_read_mem_strm_din             |  out|  512|     ap_fifo|         arg0_read_mem_strm|       pointer|
|arg0_read_mem_strm_num_data_valid  |   in|    2|     ap_fifo|         arg0_read_mem_strm|       pointer|
|arg0_read_mem_strm_fifo_cap        |   in|    2|     ap_fifo|         arg0_read_mem_strm|       pointer|
|arg0_read_mem_strm_full_n          |   in|    1|     ap_fifo|         arg0_read_mem_strm|       pointer|
|arg0_read_mem_strm_write           |  out|    1|     ap_fifo|         arg0_read_mem_strm|       pointer|
+-----------------------------------+-----+-----+------------+---------------------------+--------------+

