

================================================================
== Vitis HLS Report for 'stream2axis_256u_s'
================================================================
* Date:           Sun Jul 26 01:22:52 2026

* Version:        2022.1 (Build 3526262 on Mon Apr 18 15:47:01 MDT 2022)
* Project:        datamover_outerloop_0
* Solution:       solution (Vitis Kernel Flow Target)
* Product family: versal
* Target device:  xcvc1902-vsvd1760-2MP-e-S


================================================================
== Performance Estimates
================================================================
+ Timing: 
    * Summary: 
    +--------+---------+----------+------------+
    |  Clock |  Target | Estimated| Uncertainty|
    +--------+---------+----------+------------+
    |ap_clk  |  3.33 ns|  1.361 ns|     0.90 ns|
    +--------+---------+----------+------------+

+ Latency: 
    * Summary: 
    +---------+---------+----------+----------+-----+-----+---------+
    |  Latency (cycles) |  Latency (absolute) |  Interval | Pipeline|
    |   min   |   max   |    min   |    max   | min | max |   Type  |
    +---------+---------+----------+----------+-----+-----+---------+
    |        ?|        ?|         ?|         ?|    ?|    ?|       no|
    +---------+---------+----------+----------+-----+-----+---------+

    + Detail: 
        * Instance: 
        +------------------------------------------------------+--------------------------------------------+---------+---------+----------+----------+-----+-----+---------+
        |                                                      |                                            |  Latency (cycles) |  Latency (absolute) |  Interval | Pipeline|
        |                       Instance                       |                   Module                   |   min   |   max   |    min   |    max   | min | max |   Type  |
        +------------------------------------------------------+--------------------------------------------+---------+---------+----------+----------+-----+-----+---------+
        |grp_stream2axis_256u_Pipeline_VITIS_LOOP_956_1_fu_48  |stream2axis_256u_Pipeline_VITIS_LOOP_956_1  |        ?|        ?|         ?|         ?|    ?|    ?|       no|
        +------------------------------------------------------+--------------------------------------------+---------+---------+----------+----------+-----+-----+---------+

        * Loop: 
        N/A



================================================================
== Utilization Estimates
================================================================
* Summary: 
+-----------------+---------+------+---------+--------+-----+
|       Name      | BRAM_18K|  DSP |    FF   |   LUT  | URAM|
+-----------------+---------+------+---------+--------+-----+
|DSP              |        -|     -|        -|       -|    -|
|Expression       |        -|     -|        0|       4|    -|
|FIFO             |        -|     -|        -|       -|    -|
|Instance         |        -|     -|       35|     126|    -|
|Memory           |        -|     -|        -|       -|    -|
|Multiplexer      |        -|     -|        -|       8|    -|
|Register         |        -|     -|       37|       -|    -|
+-----------------+---------+------+---------+--------+-----+
|Total            |        0|     0|       72|     138|    0|
+-----------------+---------+------+---------+--------+-----+
|Available        |     1934|  1968|  1799680|  899840|  463|
+-----------------+---------+------+---------+--------+-----+
|Utilization (%)  |        0|     0|       ~0|      ~0|    0|
+-----------------+---------+------+---------+--------+-----+

+ Detail: 
    * Instance: 
    +------------------------------------------------------+--------------------------------------------+---------+----+----+-----+-----+
    |                       Instance                       |                   Module                   | BRAM_18K| DSP| FF | LUT | URAM|
    +------------------------------------------------------+--------------------------------------------+---------+----+----+-----+-----+
    |grp_stream2axis_256u_Pipeline_VITIS_LOOP_956_1_fu_48  |stream2axis_256u_Pipeline_VITIS_LOOP_956_1  |        0|   0|  35|  126|    0|
    +------------------------------------------------------+--------------------------------------------+---------+----+----+-----+-----+
    |Total                                                 |                                            |        0|   0|  35|  126|    0|
    +------------------------------------------------------+--------------------------------------------+---------+----+----+-----+-----+

    * DSP: 
    N/A

    * Memory: 
    N/A

    * FIFO: 
    N/A

    * Expression: 
    +---------------------------------------------------------------------------+----------+----+---+----+------------+------------+
    |                               Variable Name                               | Operation| DSP| FF| LUT| Bitwidth P0| Bitwidth P1|
    +---------------------------------------------------------------------------+----------+----+---+----+------------+------------+
    |grp_stream2axis_256u_Pipeline_VITIS_LOOP_956_1_fu_48_arg0_axis_out_TREADY  |       and|   0|  0|   2|           1|           1|
    |ap_block_state1                                                            |        or|   0|  0|   2|           1|           1|
    +---------------------------------------------------------------------------+----------+----+---+----+------------+------------+
    |Total                                                                      |          |   0|  0|   4|           2|           2|
    +---------------------------------------------------------------------------+----------+----+---+----+------------+------------+

    * Multiplexer: 
    +---------------------------------+----+-----------+-----+-----------+
    |               Name              | LUT| Input Size| Bits| Total Bits|
    +---------------------------------+----+-----------+-----+-----------+
    |ap_NS_fsm                        |   2|          4|    1|          4|
    |ap_done                          |   2|          2|    1|          2|
    |arg0_read_reduced_mem_strm_read  |   2|          2|    1|          2|
    |pkts_blk_n                       |   2|          2|    1|          2|
    +---------------------------------+----+-----------+-----+-----------+
    |Total                            |   8|         10|    4|         10|
    +---------------------------------+----+-----------+-----+-----------+

    * Register: 
    +-------------------------------------------------------------------+----+----+-----+-----------+
    |                                Name                               | FF | LUT| Bits| Const Bits|
    +-------------------------------------------------------------------+----+----+-----+-----------+
    |ap_CS_fsm                                                          |   3|   0|    3|          0|
    |ap_done_reg                                                        |   1|   0|    1|          0|
    |grp_stream2axis_256u_Pipeline_VITIS_LOOP_956_1_fu_48_ap_start_reg  |   1|   0|    1|          0|
    |pkts_read_reg_63                                                   |  32|   0|   32|          0|
    +-------------------------------------------------------------------+----+----+-----+-----------+
    |Total                                                              |  37|   0|   37|          0|
    +-------------------------------------------------------------------+----+----+-----+-----------+



================================================================
== Interface
================================================================
* Summary: 
+-------------------------------------------+-----+-----+------------+----------------------------+--------------+
|                 RTL Ports                 | Dir | Bits|  Protocol  |        Source Object       |    C Type    |
+-------------------------------------------+-----+-----+------------+----------------------------+--------------+
|ap_clk                                     |   in|    1|  ap_ctrl_hs|           stream2axis<256u>|  return value|
|ap_rst                                     |   in|    1|  ap_ctrl_hs|           stream2axis<256u>|  return value|
|ap_start                                   |   in|    1|  ap_ctrl_hs|           stream2axis<256u>|  return value|
|ap_done                                    |  out|    1|  ap_ctrl_hs|           stream2axis<256u>|  return value|
|ap_continue                                |   in|    1|  ap_ctrl_hs|           stream2axis<256u>|  return value|
|ap_idle                                    |  out|    1|  ap_ctrl_hs|           stream2axis<256u>|  return value|
|ap_ready                                   |  out|    1|  ap_ctrl_hs|           stream2axis<256u>|  return value|
|arg0_axis_out_TDATA                        |  out|  256|        axis|      arg0_axis_out_V_data_V|       pointer|
|arg0_axis_out_TVALID                       |  out|    1|        axis|      arg0_axis_out_V_last_V|       pointer|
|arg0_axis_out_TREADY                       |   in|    1|        axis|      arg0_axis_out_V_last_V|       pointer|
|arg0_axis_out_TLAST                        |  out|    1|        axis|      arg0_axis_out_V_last_V|       pointer|
|arg0_axis_out_TKEEP                        |  out|   32|        axis|      arg0_axis_out_V_keep_V|       pointer|
|arg0_axis_out_TSTRB                        |  out|   32|        axis|      arg0_axis_out_V_strb_V|       pointer|
|pkts_dout                                  |   in|   32|     ap_fifo|                        pkts|       pointer|
|pkts_num_data_valid                        |   in|    3|     ap_fifo|                        pkts|       pointer|
|pkts_fifo_cap                              |   in|    3|     ap_fifo|                        pkts|       pointer|
|pkts_empty_n                               |   in|    1|     ap_fifo|                        pkts|       pointer|
|pkts_read                                  |  out|    1|     ap_fifo|                        pkts|       pointer|
|arg0_read_reduced_mem_strm_dout            |   in|  256|     ap_fifo|  arg0_read_reduced_mem_strm|       pointer|
|arg0_read_reduced_mem_strm_num_data_valid  |   in|    2|     ap_fifo|  arg0_read_reduced_mem_strm|       pointer|
|arg0_read_reduced_mem_strm_fifo_cap        |   in|    2|     ap_fifo|  arg0_read_reduced_mem_strm|       pointer|
|arg0_read_reduced_mem_strm_empty_n         |   in|    1|     ap_fifo|  arg0_read_reduced_mem_strm|       pointer|
|arg0_read_reduced_mem_strm_read            |  out|    1|     ap_fifo|  arg0_read_reduced_mem_strm|       pointer|
+-------------------------------------------+-----+-----+------------+----------------------------+--------------+

