

================================================================
== Vitis HLS Report for 'stream2mem_512u_32u_2u_Pipeline_VITIS_LOOP_567_1'
================================================================
* Date:           Sun Jul 26 01:22:53 2026

* Version:        2022.1 (Build 3526262 on Mon Apr 18 15:47:01 MDT 2022)
* Project:        datamover_outerloop_0
* Solution:       solution (Vitis Kernel Flow Target)
* Product family: versal
* Target device:  xcvc1902-vsvd1760-2MP-e-S


================================================================
== Performance Estimates
================================================================
+ Timing: 
    * Summary: 
    +--------+---------+----------+------------+
    |  Clock |  Target | Estimated| Uncertainty|
    +--------+---------+----------+------------+
    |ap_clk  |  3.33 ns|  2.433 ns|     0.90 ns|
    +--------+---------+----------+------------+

+ Latency: 
    * Summary: 
    +---------+---------+----------+----------+-----+-----+---------+
    |  Latency (cycles) |  Latency (absolute) |  Interval | Pipeline|
    |   min   |   max   |    min   |    max   | min | max |   Type  |
    +---------+---------+----------+----------+-----+-----+---------+
    |        ?|        ?|         ?|         ?|    ?|    ?|       no|
    +---------+---------+----------+----------+-----+-----+---------+

    + Detail: 
        * Instance: 
        N/A

        * Loop: 
        +--------------------+---------+---------+----------+-----------+-----------+------+----------+
        |                    |  Latency (cycles) | Iteration|  Initiation Interval  | Trip |          |
        |      Loop Name     |   min   |   max   |  Latency |  achieved |   target  | Count| Pipelined|
        +--------------------+---------+---------+----------+-----------+-----------+------+----------+
        |- VITIS_LOOP_567_1  |        ?|        ?|         3|          2|          2|     ?|       yes|
        +--------------------+---------+---------+----------+-----------+-----------+------+----------+



================================================================
== Utilization Estimates
================================================================
* Summary: 
+-----------------+---------+------+---------+--------+-----+
|       Name      | BRAM_18K|  DSP |    FF   |   LUT  | URAM|
+-----------------+---------+------+---------+--------+-----+
|DSP              |        -|     -|        -|       -|    -|
|Expression       |        -|     -|        0|      56|    -|
|FIFO             |        -|     -|        -|       -|    -|
|Instance         |        -|     -|        -|       -|    -|
|Memory           |        -|     -|        -|       -|    -|
|Multiplexer      |        -|     -|        -|      76|    -|
|Register         |        -|     -|      550|       -|    -|
+-----------------+---------+------+---------+--------+-----+
|Total            |        0|     0|      550|     132|    0|
+-----------------+---------+------+---------+--------+-----+
|Available        |     1934|  1968|  1799680|  899840|  463|
+-----------------+---------+------+---------+--------+-----+
|Utilization (%)  |        0|     0|       ~0|      ~0|    0|
+-----------------+---------+------+---------+--------+-----+

+ Detail: 
    * Instance: 
    N/A

    * DSP: 
    N/A

    * Memory: 
    N/A

    * FIFO: 
    N/A

    * Expression: 
    +----------------------------------+----------+----+---+----+------------+------------+
    |           Variable Name          | Operation| DSP| FF| LUT| Bitwidth P0| Bitwidth P1|
    +----------------------------------+----------+----+---+----+------------+------------+
    |add_ln576_fu_92_p2                |         +|   0|  0|  32|          32|           1|
    |ap_block_pp0_stage0_11001         |       and|   0|  0|   2|           1|           1|
    |ap_block_pp0_stage1_11001         |       and|   0|  0|   2|           1|           1|
    |ap_block_state2_pp0_stage1_iter0  |       and|   0|  0|   2|           1|           1|
    |icmp_ln567_fu_98_p2               |      icmp|   0|  0|  16|          32|          32|
    |ap_enable_pp0                     |       xor|   0|  0|   2|           1|           2|
    +----------------------------------+----------+----+---+----+------------+------------+
    |Total                             |          |   0|  0|  56|          68|          38|
    +----------------------------------+----------+----+---+----+------------+------------+

    * Multiplexer: 
    +---------------------------+----+-----------+-----+-----------+
    |            Name           | LUT| Input Size| Bits| Total Bits|
    +---------------------------+----+-----------+-----+-----------+
    |ap_NS_fsm                  |   2|          3|    1|          3|
    |ap_done_int                |   2|          2|    1|          2|
    |ap_enable_reg_pp0_iter0    |   2|          2|    1|          2|
    |ap_enable_reg_pp0_iter1    |   2|          2|    1|          2|
    |ap_sig_allocacmp_index_4   |  32|          2|   32|         64|
    |arg1_write_mem_strm_blk_n  |   2|          2|    1|          2|
    |gmem1_blk_n_W              |   2|          2|    1|          2|
    |index_fu_50                |  32|          2|   32|         64|
    +---------------------------+----+-----------+-----+-----------+
    |Total                      |  76|         17|   70|        141|
    +---------------------------+----+-----------+-----+-----------+

    * Register: 
    +-----------------------------+-----+----+-----+-----------+
    |             Name            |  FF | LUT| Bits| Const Bits|
    +-----------------------------+-----+----+-----+-----------+
    |ap_CS_fsm                    |    2|   0|    2|          0|
    |ap_done_reg                  |    1|   0|    1|          0|
    |ap_enable_reg_pp0_iter0_reg  |    1|   0|    1|          0|
    |ap_enable_reg_pp0_iter1      |    1|   0|    1|          0|
    |icmp_ln567_reg_126           |    1|   0|    1|          0|
    |index_fu_50                  |   32|   0|   32|          0|
    |tmp_reg_135                  |  512|   0|  512|          0|
    +-----------------------------+-----+----+-----+-----------+
    |Total                        |  550|   0|  550|          0|
    +-----------------------------+-----+----+-----+-----------+



================================================================
== Interface
================================================================
* Summary: 
+------------------------------------+-----+-----+------------+-----------------------------------------------------+--------------+
|              RTL Ports             | Dir | Bits|  Protocol  |                    Source Object                    |    C Type    |
+------------------------------------+-----+-----+------------+-----------------------------------------------------+--------------+
|ap_clk                              |   in|    1|  ap_ctrl_hs|  stream2mem<512u, 32u, 2u>_Pipeline_VITIS_LOOP_567_1|  return value|
|ap_rst                              |   in|    1|  ap_ctrl_hs|  stream2mem<512u, 32u, 2u>_Pipeline_VITIS_LOOP_567_1|  return value|
|ap_start                            |   in|    1|  ap_ctrl_hs|  stream2mem<512u, 32u, 2u>_Pipeline_VITIS_LOOP_567_1|  return value|
|ap_done                             |  out|    1|  ap_ctrl_hs|  stream2mem<512u, 32u, 2u>_Pipeline_VITIS_LOOP_567_1|  return value|
|ap_idle                             |  out|    1|  ap_ctrl_hs|  stream2mem<512u, 32u, 2u>_Pipeline_VITIS_LOOP_567_1|  return value|
|ap_ready                            |  out|    1|  ap_ctrl_hs|  stream2mem<512u, 32u, 2u>_Pipeline_VITIS_LOOP_567_1|  return value|
|arg1_write_mem_strm_dout            |   in|  512|     ap_fifo|                                  arg1_write_mem_strm|       pointer|
|arg1_write_mem_strm_num_data_valid  |   in|    2|     ap_fifo|                                  arg1_write_mem_strm|       pointer|
|arg1_write_mem_strm_fifo_cap        |   in|    2|     ap_fifo|                                  arg1_write_mem_strm|       pointer|
|arg1_write_mem_strm_empty_n         |   in|    1|     ap_fifo|                                  arg1_write_mem_strm|       pointer|
|arg1_write_mem_strm_read            |  out|    1|     ap_fifo|                                  arg1_write_mem_strm|       pointer|
|m_axi_gmem1_AWVALID                 |  out|    1|       m_axi|                                                gmem0|       pointer|
|m_axi_gmem1_AWREADY                 |   in|    1|       m_axi|                                                gmem0|       pointer|
|m_axi_gmem1_AWADDR                  |  out|   64|       m_axi|                                                gmem0|       pointer|
|m_axi_gmem1_AWID                    |  out|    1|       m_axi|                                                gmem0|       pointer|
|m_axi_gmem1_AWLEN                   |  out|   32|       m_axi|                                                gmem0|       pointer|
|m_axi_gmem1_AWSIZE                  |  out|    3|       m_axi|                                                gmem0|       pointer|
|m_axi_gmem1_AWBURST                 |  out|    2|       m_axi|                                                gmem0|       pointer|
|m_axi_gmem1_AWLOCK                  |  out|    2|       m_axi|                                                gmem0|       pointer|
|m_axi_gmem1_AWCACHE                 |  out|    4|       m_axi|                                                gmem0|       pointer|
|m_axi_gmem1_AWPROT                  |  out|    3|       m_axi|                                                gmem0|       pointer|
|m_axi_gmem1_AWQOS                   |  out|    4|       m_axi|                                                gmem0|       pointer|
|m_axi_gmem1_AWREGION                |  out|    4|       m_axi|                                                gmem0|       pointer|
|m_axi_gmem1_AWUSER                  |  out|    1|       m_axi|                                                gmem0|       pointer|
|m_axi_gmem1_WVALID                  |  out|    1|       m_axi|                                                gmem0|       pointer|
|m_axi_gmem1_WREADY                  |   in|    1|       m_axi|                                                gmem0|       pointer|
|m_axi_gmem1_WDATA                   |  out|  512|       m_axi|                                                gmem0|       pointer|
|m_axi_gmem1_WSTRB                   |  out|   64|       m_axi|                                                gmem0|       pointer|
|m_axi_gmem1_WLAST                   |  out|    1|       m_axi|                                                gmem0|       pointer|
|m_axi_gmem1_WID                     |  out|    1|       m_axi|                                                gmem0|       pointer|
|m_axi_gmem1_WUSER                   |  out|    1|       m_axi|                                                gmem0|       pointer|
|m_axi_gmem1_ARVALID                 |  out|    1|       m_axi|                                                gmem0|       pointer|
|m_axi_gmem1_ARREADY                 |   in|    1|       m_axi|                                                gmem0|       pointer|
|m_axi_gmem1_ARADDR                  |  out|   64|       m_axi|                                                gmem0|       pointer|
|m_axi_gmem1_ARID                    |  out|    1|       m_axi|                                                gmem0|       pointer|
|m_axi_gmem1_ARLEN                   |  out|   32|       m_axi|                                                gmem0|       pointer|
|m_axi_gmem1_ARSIZE                  |  out|    3|       m_axi|                                                gmem0|       pointer|
|m_axi_gmem1_ARBURST                 |  out|    2|       m_axi|                                                gmem0|       pointer|
|m_axi_gmem1_ARLOCK                  |  out|    2|       m_axi|                                                gmem0|       pointer|
|m_axi_gmem1_ARCACHE                 |  out|    4|       m_axi|                                                gmem0|       pointer|
|m_axi_gmem1_ARPROT                  |  out|    3|       m_axi|                                                gmem0|       pointer|
|m_axi_gmem1_ARQOS                   |  out|    4|       m_axi|                                                gmem0|       pointer|
|m_axi_gmem1_ARREGION                |  out|    4|       m_axi|                                                gmem0|       pointer|
|m_axi_gmem1_ARUSER                  |  out|    1|       m_axi|                                                gmem0|       pointer|
|m_axi_gmem1_RVALID                  |   in|    1|       m_axi|                                                gmem0|       pointer|
|m_axi_gmem1_RREADY                  |  out|    1|       m_axi|                                                gmem0|       pointer|
|m_axi_gmem1_RDATA                   |   in|  512|       m_axi|                                                gmem0|       pointer|
|m_axi_gmem1_RLAST                   |   in|    1|       m_axi|                                                gmem0|       pointer|
|m_axi_gmem1_RID                     |   in|    1|       m_axi|                                                gmem0|       pointer|
|m_axi_gmem1_RFIFONUM                |   in|    9|       m_axi|                                                gmem0|       pointer|
|m_axi_gmem1_RUSER                   |   in|    1|       m_axi|                                                gmem0|       pointer|
|m_axi_gmem1_RRESP                   |   in|    2|       m_axi|                                                gmem0|       pointer|
|m_axi_gmem1_BVALID                  |   in|    1|       m_axi|                                                gmem0|       pointer|
|m_axi_gmem1_BREADY                  |  out|    1|       m_axi|                                                gmem0|       pointer|
|m_axi_gmem1_BRESP                   |   in|    2|       m_axi|                                                gmem0|       pointer|
|m_axi_gmem1_BID                     |   in|    1|       m_axi|                                                gmem0|       pointer|
|m_axi_gmem1_BUSER                   |   in|    1|       m_axi|                                                gmem0|       pointer|
|sext_ln567                          |   in|   58|     ap_none|                                           sext_ln567|        scalar|
|burst_beats                         |   in|   32|     ap_none|                                          burst_beats|        scalar|
+------------------------------------+-----+-----+------------+-----------------------------------------------------+--------------+

