

================================================================
== Vitis HLS Report for 'stream2streamStepup_256u_512u_Pipeline_VITIS_LOOP_809_1_VITIS_LOOP_811_2'
================================================================
* Date:           Sun Jul 26 01:22:52 2026

* Version:        2022.1 (Build 3526262 on Mon Apr 18 15:47:01 MDT 2022)
* Project:        datamover_outerloop_0
* Solution:       solution (Vitis Kernel Flow Target)
* Product family: versal
* Target device:  xcvc1902-vsvd1760-2MP-e-S


================================================================
== Performance Estimates
================================================================
+ Timing: 
    * Summary: 
    +--------+---------+----------+------------+
    |  Clock |  Target | Estimated| Uncertainty|
    +--------+---------+----------+------------+
    |ap_clk  |  3.33 ns|  1.943 ns|     0.90 ns|
    +--------+---------+----------+------------+

+ Latency: 
    * Summary: 
    +---------+---------+----------+----------+-----+-----+---------+
    |  Latency (cycles) |  Latency (absolute) |  Interval | Pipeline|
    |   min   |   max   |    min   |    max   | min | max |   Type  |
    +---------+---------+----------+----------+-----+-----+---------+
    |        ?|        ?|         ?|         ?|    ?|    ?|       no|
    +---------+---------+----------+----------+-----+-----+---------+

    + Detail: 
        * Instance: 
        N/A

        * Loop: 
        +-------------------------------------+---------+---------+----------+-----------+-----------+------+----------+
        |                                     |  Latency (cycles) | Iteration|  Initiation Interval  | Trip |          |
        |              Loop Name              |   min   |   max   |  Latency |  achieved |   target  | Count| Pipelined|
        +-------------------------------------+---------+---------+----------+-----------+-----------+------+----------+
        |- VITIS_LOOP_809_1_VITIS_LOOP_811_2  |        ?|        ?|         4|          1|          1|     ?|       yes|
        +-------------------------------------+---------+---------+----------+-----------+-----------+------+----------+



================================================================
== Utilization Estimates
================================================================
* Summary: 
+-----------------+---------+------+---------+--------+-----+
|       Name      | BRAM_18K|  DSP |    FF   |   LUT  | URAM|
+-----------------+---------+------+---------+--------+-----+
|DSP              |        -|     -|        -|       -|    -|
|Expression       |        -|     -|     2376|   10454|    -|
|FIFO             |        -|     -|        -|       -|    -|
|Instance         |        -|     -|        -|       -|    -|
|Memory           |        -|     -|        -|       -|    -|
|Multiplexer      |        -|     -|        -|      44|    -|
|Register         |        -|     -|     1841|       -|    -|
+-----------------+---------+------+---------+--------+-----+
|Total            |        0|     0|     4217|   10498|    0|
+-----------------+---------+------+---------+--------+-----+
|Available        |     1934|  1968|  1799680|  899840|  463|
+-----------------+---------+------+---------+--------+-----+
|Utilization (%)  |        0|     0|       ~0|       1|    0|
+-----------------+---------+------+---------+--------+-----+

+ Detail: 
    * Instance: 
    N/A

    * DSP: 
    N/A

    * Memory: 
    N/A

    * FIFO: 
    N/A

    * Expression: 
    +----------------------------------+----------+----+-----+------+------------+------------+
    |           Variable Name          | Operation| DSP|  FF |  LUT | Bitwidth P0| Bitwidth P1|
    +----------------------------------+----------+----+-----+------+------------+------------+
    |add_ln809_fu_100_p2               |         +|   0|    0|    33|          33|           1|
    |add_ln811_fu_163_p2               |         +|   0|    0|     5|           2|           1|
    |and_ln414_1_fu_275_p2             |       and|   0|    0|   215|         512|         512|
    |and_ln414_2_fu_281_p2             |       and|   0|    0|   215|         512|         512|
    |and_ln414_fu_246_p2               |       and|   0|    0|   215|         512|         512|
    |ap_block_state5_pp0_stage0_iter4  |       and|   0|    0|     2|           1|           1|
    |icmp_ln414_fu_151_p2              |      icmp|   0|    0|     5|           9|           9|
    |icmp_ln809_fu_106_p2              |      icmp|   0|    0|    16|          33|          33|
    |icmp_ln811_fu_119_p2              |      icmp|   0|    0|     1|           2|           3|
    |icmp_ln832_fu_157_p2              |      icmp|   0|    0|     1|           2|           1|
    |lshr_ln414_fu_240_p2              |      lshr|   0|  792|  3004|           2|         512|
    |ap_block_pp0_stage0_01001         |        or|   0|    0|     2|           1|           1|
    |arg1_write_mem_strm_din           |        or|   0|    0|   215|         512|         512|
    |or_ln830_fu_145_p2                |        or|   0|    0|     8|           9|           8|
    |select_ln414_1_fu_196_p3          |    select|   0|    0|     9|           1|          10|
    |select_ln414_2_fu_203_p3          |    select|   0|    0|     9|           1|          10|
    |select_ln414_3_fu_264_p3          |    select|   0|    0|   245|           1|         512|
    |select_ln414_fu_189_p3            |    select|   0|    0|     9|           1|          10|
    |select_ln811_fu_125_p3            |    select|   0|    0|     2|           1|           1|
    |shl_ln414_1_fu_234_p2             |       shl|   0|  792|  3004|           2|         512|
    |shl_ln414_fu_228_p2               |       shl|   0|  792|  3004|         512|         512|
    |ap_enable_pp0                     |       xor|   0|    0|     2|           1|           2|
    |xor_ln414_1_fu_210_p2             |       xor|   0|    0|     9|          10|           9|
    |xor_ln414_2_fu_270_p2             |       xor|   0|    0|   215|           2|         512|
    |xor_ln414_fu_183_p2               |       xor|   0|    0|     9|          10|           9|
    +----------------------------------+----------+----+-----+------+------------+------------+
    |Total                             |          |   0| 2376| 10454|        2684|        4717|
    +----------------------------------+----------+----+-----+------+------------+------------+

    * Multiplexer: 
    +-----------------------------------+----+-----------+-----+-----------+
    |                Name               | LUT| Input Size| Bits| Total Bits|
    +-----------------------------------+----+-----------+-----+-----------+
    |ap_done_int                        |   2|          2|    1|          2|
    |ap_enable_reg_pp0_iter1            |   2|          2|    1|          2|
    |ap_enable_reg_pp0_iter2            |   2|          2|    1|          2|
    |arg1_write_mem_strm_blk_n          |   2|          2|    1|          2|
    |arg1_write_reduced_mem_strm_blk_n  |   2|          2|    1|          2|
    |indvar_flatten_fu_64               |  32|          2|   33|         66|
    |n_fu_60                            |   2|          2|    2|          4|
    +-----------------------------------+----+-----------+-----+-----------+
    |Total                              |  44|         14|   40|         80|
    +-----------------------------------+----+-----------+-----+-----------+

    * Register: 
    +----------------------------------+-----+----+-----+-----------+
    |               Name               |  FF | LUT| Bits| Const Bits|
    +----------------------------------+-----+----+-----+-----------+
    |and_ln414_reg_360                 |  512|   0|  512|          0|
    |ap_CS_fsm                         |    1|   0|    1|          0|
    |ap_done_reg                       |    1|   0|    1|          0|
    |ap_enable_reg_pp0_iter1           |    1|   0|    1|          0|
    |ap_enable_reg_pp0_iter2           |    1|   0|    1|          0|
    |ap_enable_reg_pp0_iter3           |    1|   0|    1|          0|
    |ap_enable_reg_pp0_iter4           |    1|   0|    1|          0|
    |ap_loop_exit_ready_pp0_iter2_reg  |    1|   0|    1|          0|
    |ap_loop_exit_ready_pp0_iter3_reg  |    1|   0|    1|          0|
    |icmp_ln414_reg_342                |    1|   0|    1|          0|
    |icmp_ln414_reg_342_pp0_iter3_reg  |    1|   0|    1|          0|
    |icmp_ln832_reg_350                |    1|   0|    1|          0|
    |icmp_ln832_reg_350_pp0_iter3_reg  |    1|   0|    1|          0|
    |indvar_flatten_fu_64              |   33|   0|   33|          0|
    |n_fu_60                           |    2|   0|    2|          0|
    |or_ln830_reg_337                  |    1|   0|    9|          8|
    |p_Val2_s_fu_56                    |  512|   0|  512|          0|
    |shl_ln414_reg_354                 |  512|   0|  512|          0|
    |shl_ln_reg_332                    |    1|   0|    9|          8|
    |tmp1_V_reg_327                    |  256|   0|  256|          0|
    +----------------------------------+-----+----+-----+-----------+
    |Total                             | 1841|   0| 1857|         16|
    +----------------------------------+-----+----+-----+-----------+



================================================================
== Interface
================================================================
* Summary: 
+--------------------------------------------+-----+-----+------------+----------------------------------------------------------------------------+--------------+
|                  RTL Ports                 | Dir | Bits|  Protocol  |                                Source Object                               |    C Type    |
+--------------------------------------------+-----+-----+------------+----------------------------------------------------------------------------+--------------+
|ap_clk                                      |   in|    1|  ap_ctrl_hs|  stream2streamStepup<256u, 512u>_Pipeline_VITIS_LOOP_809_1_VITIS_LOOP_811_2|  return value|
|ap_rst                                      |   in|    1|  ap_ctrl_hs|  stream2streamStepup<256u, 512u>_Pipeline_VITIS_LOOP_809_1_VITIS_LOOP_811_2|  return value|
|ap_start                                    |   in|    1|  ap_ctrl_hs|  stream2streamStepup<256u, 512u>_Pipeline_VITIS_LOOP_809_1_VITIS_LOOP_811_2|  return value|
|ap_done                                     |  out|    1|  ap_ctrl_hs|  stream2streamStepup<256u, 512u>_Pipeline_VITIS_LOOP_809_1_VITIS_LOOP_811_2|  return value|
|ap_idle                                     |  out|    1|  ap_ctrl_hs|  stream2streamStepup<256u, 512u>_Pipeline_VITIS_LOOP_809_1_VITIS_LOOP_811_2|  return value|
|ap_ready                                    |  out|    1|  ap_ctrl_hs|  stream2streamStepup<256u, 512u>_Pipeline_VITIS_LOOP_809_1_VITIS_LOOP_811_2|  return value|
|arg1_write_reduced_mem_strm_dout            |   in|  256|     ap_fifo|                                                 arg1_write_reduced_mem_strm|       pointer|
|arg1_write_reduced_mem_strm_num_data_valid  |   in|    2|     ap_fifo|                                                 arg1_write_reduced_mem_strm|       pointer|
|arg1_write_reduced_mem_strm_fifo_cap        |   in|    2|     ap_fifo|                                                 arg1_write_reduced_mem_strm|       pointer|
|arg1_write_reduced_mem_strm_empty_n         |   in|    1|     ap_fifo|                                                 arg1_write_reduced_mem_strm|       pointer|
|arg1_write_reduced_mem_strm_read            |  out|    1|     ap_fifo|                                                 arg1_write_reduced_mem_strm|       pointer|
|arg1_write_mem_strm_din                     |  out|  512|     ap_fifo|                                                         arg1_write_mem_strm|       pointer|
|arg1_write_mem_strm_num_data_valid          |   in|    2|     ap_fifo|                                                         arg1_write_mem_strm|       pointer|
|arg1_write_mem_strm_fifo_cap                |   in|    2|     ap_fifo|                                                         arg1_write_mem_strm|       pointer|
|arg1_write_mem_strm_full_n                  |   in|    1|     ap_fifo|                                                         arg1_write_mem_strm|       pointer|
|arg1_write_mem_strm_write                   |  out|    1|     ap_fifo|                                                         arg1_write_mem_strm|       pointer|
|bound                                       |   in|   33|     ap_none|                                                                       bound|        scalar|
+--------------------------------------------+-----+-----+------------+----------------------------------------------------------------------------+--------------+

