INFO: [v++ 60-1306] Additional information associated with this v++ compile can be found at:
	Reports: /home/x_thileeb/repos/ops-hls-pact25-artifact/codegen_apps/jacobian3d/vck5000_project/hls/build/hw/temp_dir/reports/datamover_outerloop_0
	Log files: /home/x_thileeb/repos/ops-hls-pact25-artifact/codegen_apps/jacobian3d/vck5000_project/hls/build/hw/temp_dir/datamover_outerloop_0
INFO: [v++ 60-1548] Creating build summary session with primary output /home/x_thileeb/repos/ops-hls-pact25-artifact/codegen_apps/jacobian3d/vck5000_project/hls/build/hw/datamover_outerloop_0.xo.compile_summary, at Sun Jul 26 01:22:07 2026
INFO: [v++ 60-1316] Initiating connection to rulecheck server, at Sun Jul 26 01:22:07 2026
INFO: [v++ 60-1315] Creating rulecheck session with output '/home/x_thileeb/repos/ops-hls-pact25-artifact/codegen_apps/jacobian3d/vck5000_project/hls/build/hw/temp_dir/reports/datamover_outerloop_0/v++_compile_datamover_outerloop_0_guidance.html', at Sun Jul 26 01:22:08 2026
INFO: [v++ 60-895]   Target platform: /opt/xilinx/platforms/xilinx_vck5000_gen4x8_xdma_2_202210_1/xilinx_vck5000_gen4x8_xdma_2_202210_1.xpfm
INFO: [v++ 60-1578]   This platform contains Xilinx Shell Archive '/opt/xilinx/platforms/xilinx_vck5000_gen4x8_xdma_2_202210_1/hw/xilinx_vck5000_gen4x8_xdma_2_202210_1.xsa'
INFO: [v++ 74-78] Compiler Version string: 2022.1
INFO: [v++ 60-585] Compiling for hardware target
INFO: [v++ 60-423]   Target device: xilinx_vck5000_gen4x8_xdma_2_202210_1
INFO: [v++ 60-242] Creating kernel: 'datamover_outerloop_0'

===>The following messages were generated while  performing high-level synthesis for kernel: datamover_outerloop_0 Log file: /home/x_thileeb/repos/ops-hls-pact25-artifact/codegen_apps/jacobian3d/vck5000_project/hls/build/hw/temp_dir/datamover_outerloop_0/datamover_outerloop_0/vitis_hls.log :
INFO: [v++ 204-61] Pipelining loop 'VITIS_LOOP_431_1'.
INFO: [v++ 200-1470] Pipelining result : Target II = 2, Final II = 2, Depth = 3, loop 'VITIS_LOOP_431_1'
INFO: [v++ 204-61] Pipelining loop 'VITIS_LOOP_453_2'.
INFO: [v++ 200-1470] Pipelining result : Target II = 2, Final II = 2, Depth = 3, loop 'VITIS_LOOP_453_2'
INFO: [v++ 204-61] Pipelining loop 'VITIS_LOOP_893_1_VITIS_LOOP_895_2'.
INFO: [v++ 200-1470] Pipelining result : Target II = 1, Final II = 1, Depth = 7, loop 'VITIS_LOOP_893_1_VITIS_LOOP_895_2'
INFO: [v++ 204-61] Pipelining loop 'VITIS_LOOP_956_1'.
INFO: [v++ 200-1470] Pipelining result : Target II = 1, Final II = 1, Depth = 2, loop 'VITIS_LOOP_956_1'
INFO: [v++ 204-61] Pipelining loop 'VITIS_LOOP_996_1'.
INFO: [v++ 200-1470] Pipelining result : Target II = 1, Final II = 1, Depth = 2, loop 'VITIS_LOOP_996_1'
INFO: [v++ 204-61] Pipelining loop 'VITIS_LOOP_809_1_VITIS_LOOP_811_2'.
INFO: [v++ 200-1470] Pipelining result : Target II = 1, Final II = 1, Depth = 5, loop 'VITIS_LOOP_809_1_VITIS_LOOP_811_2'
INFO: [v++ 204-61] Pipelining loop 'VITIS_LOOP_567_1'.
INFO: [v++ 200-1470] Pipelining result : Target II = 2, Final II = 2, Depth = 3, loop 'VITIS_LOOP_567_1'
INFO: [v++ 204-61] Pipelining loop 'VITIS_LOOP_580_2'.
INFO: [v++ 200-1470] Pipelining result : Target II = 2, Final II = 2, Depth = 3, loop 'VITIS_LOOP_580_2'
INFO: [v++ 200-790] **** Loop Constraint Status: All loop constraints were satisfied.
INFO: [v++ 200-789] **** Estimated Fmax: 411.00 MHz
INFO: [v++ 60-594] Finished kernel compilation
INFO: [v++ 60-244] Generating system estimate report...
INFO: [v++ 60-1092] Generated system estimate report: /home/x_thileeb/repos/ops-hls-pact25-artifact/codegen_apps/jacobian3d/vck5000_project/hls/build/hw/temp_dir/reports/datamover_outerloop_0/system_estimate_datamover_outerloop_0.xtxt
INFO: [v++ 60-586] Created hls/build/hw/datamover_outerloop_0.xo
INFO: [v++ 60-2343] Use the vitis_analyzer tool to visualize and navigate the relevant reports. Run the following command. 
    vitis_analyzer /home/x_thileeb/repos/ops-hls-pact25-artifact/codegen_apps/jacobian3d/vck5000_project/hls/build/hw/datamover_outerloop_0.xo.compile_summary 
INFO: [v++ 60-791] Total elapsed time: 0h 1m 36s
INFO: [v++ 60-1653] Closing dispatch client.
