

================================================================
== Vitis HLS Report for 'stream2axis_256u_256u_s'
================================================================
* Date:           Sun Jul 26 01:26:30 2026

* Version:        2022.1 (Build 3526262 on Mon Apr 18 15:47:01 MDT 2022)
* Project:        kernel_outerloop_0
* Solution:       solution (Vitis Kernel Flow Target)
* Product family: versal
* Target device:  xcvc1902-vsvd1760-2MP-e-S


================================================================
== Performance Estimates
================================================================
+ Timing: 
    * Summary: 
    +--------+---------+----------+------------+
    |  Clock |  Target | Estimated| Uncertainty|
    +--------+---------+----------+------------+
    |ap_clk  |  3.33 ns|  1.788 ns|     0.90 ns|
    +--------+---------+----------+------------+

+ Latency: 
    * Summary: 
    +---------+---------+----------+----------+-----+-----+---------+
    |  Latency (cycles) |  Latency (absolute) |  Interval | Pipeline|
    |   min   |   max   |    min   |    max   | min | max |   Type  |
    +---------+---------+----------+----------+-----+-----+---------+
    |        ?|        ?|         ?|         ?|    ?|    ?|       no|
    +---------+---------+----------+----------+-----+-----+---------+

    + Detail: 
        * Instance: 
        +------------------------------------------------------------+--------------------------------------------------+---------+---------+----------+----------+-----+-----+---------+
        |                                                            |                                                  |  Latency (cycles) |  Latency (absolute) |  Interval | Pipeline|
        |                          Instance                          |                      Module                      |   min   |   max   |    min   |    max   | min | max |   Type  |
        +------------------------------------------------------------+--------------------------------------------------+---------+---------+----------+----------+-----+-----+---------+
        |grp_stream2axis_256u_256u_Pipeline_VITIS_LOOP_1897_1_fu_54  |stream2axis_256u_256u_Pipeline_VITIS_LOOP_1897_1  |        ?|        ?|         ?|         ?|    ?|    ?|       no|
        +------------------------------------------------------------+--------------------------------------------------+---------+---------+----------+----------+-----+-----+---------+

        * Loop: 
        N/A



================================================================
== Utilization Estimates
================================================================
* Summary: 
+-----------------+---------+------+---------+--------+-----+
|       Name      | BRAM_18K|  DSP |    FF   |   LUT  | URAM|
+-----------------+---------+------+---------+--------+-----+
|DSP              |        -|     -|        -|       -|    -|
|Expression       |        -|     -|        0|      36|    -|
|FIFO             |        -|     -|        -|       -|    -|
|Instance         |        -|     -|       30|     104|    -|
|Memory           |        -|     -|        -|       -|    -|
|Multiplexer      |        -|     -|        -|       8|    -|
|Register         |        -|     -|       32|       -|    -|
+-----------------+---------+------+---------+--------+-----+
|Total            |        0|     0|       62|     148|    0|
+-----------------+---------+------+---------+--------+-----+
|Available        |     1934|  1968|  1799680|  899840|  463|
+-----------------+---------+------+---------+--------+-----+
|Utilization (%)  |        0|     0|       ~0|      ~0|    0|
+-----------------+---------+------+---------+--------+-----+

+ Detail: 
    * Instance: 
    +------------------------------------------------------------+--------------------------------------------------+---------+----+----+-----+-----+
    |                          Instance                          |                      Module                      | BRAM_18K| DSP| FF | LUT | URAM|
    +------------------------------------------------------------+--------------------------------------------------+---------+----+----+-----+-----+
    |grp_stream2axis_256u_256u_Pipeline_VITIS_LOOP_1897_1_fu_54  |stream2axis_256u_256u_Pipeline_VITIS_LOOP_1897_1  |        0|   0|  30|  104|    0|
    +------------------------------------------------------------+--------------------------------------------------+---------+----+----+-----+-----+
    |Total                                                       |                                                  |        0|   0|  30|  104|    0|
    +------------------------------------------------------------+--------------------------------------------------+---------+----+----+-----+-----+

    * DSP: 
    N/A

    * Memory: 
    N/A

    * FIFO: 
    N/A

    * Expression: 
    +---------------------------------------------------------------------------------+----------+----+---+----+------------+------------+
    |                                  Variable Name                                  | Operation| DSP| FF| LUT| Bitwidth P0| Bitwidth P1|
    +---------------------------------------------------------------------------------+----------+----+---+----+------------+------------+
    |add_ln1889_fu_69_p2                                                              |         +|   0|  0|  32|          32|           5|
    |grp_stream2axis_256u_256u_Pipeline_VITIS_LOOP_1897_1_fu_54_arg1_axis_out_TREADY  |       and|   0|  0|   2|           1|           1|
    |ap_block_state1                                                                  |        or|   0|  0|   2|           1|           1|
    +---------------------------------------------------------------------------------+----------+----+---+----+------------+------------+
    |Total                                                                            |          |   0|  0|  36|          34|           7|
    +---------------------------------------------------------------------------------+----------+----+---+----+------------+------------+

    * Multiplexer: 
    +---------------------------+----+-----------+-----+-----------+
    |            Name           | LUT| Input Size| Bits| Total Bits|
    +---------------------------+----+-----------+-----+-----------+
    |ap_NS_fsm                  |   2|          4|    1|          4|
    |ap_done                    |   2|          2|    1|          2|
    |arg0_arg1_streams_14_read  |   2|          2|    1|          2|
    |size_blk_n                 |   2|          2|    1|          2|
    +---------------------------+----+-----------+-----+-----------+
    |Total                      |   8|         10|    4|         10|
    +---------------------------+----+-----------+-----+-----------+

    * Register: 
    +-------------------------------------------------------------------------+----+----+-----+-----------+
    |                                   Name                                  | FF | LUT| Bits| Const Bits|
    +-------------------------------------------------------------------------+----+----+-----+-----------+
    |ap_CS_fsm                                                                |   3|   0|    3|          0|
    |ap_done_reg                                                              |   1|   0|    1|          0|
    |grp_stream2axis_256u_256u_Pipeline_VITIS_LOOP_1897_1_fu_54_ap_start_reg  |   1|   0|    1|          0|
    |trunc_ln_reg_85                                                          |  27|   0|   27|          0|
    +-------------------------------------------------------------------------+----+----+-----+-----------+
    |Total                                                                    |  32|   0|   32|          0|
    +-------------------------------------------------------------------------+----+----+-----+-----------+



================================================================
== Interface
================================================================
* Summary: 
+-------------------------------------+-----+-----+------------+-------------------------+--------------+
|              RTL Ports              | Dir | Bits|  Protocol  |      Source Object      |    C Type    |
+-------------------------------------+-----+-----+------------+-------------------------+--------------+
|ap_clk                               |   in|    1|  ap_ctrl_hs|  stream2axis<256u, 256u>|  return value|
|ap_rst                               |   in|    1|  ap_ctrl_hs|  stream2axis<256u, 256u>|  return value|
|ap_start                             |   in|    1|  ap_ctrl_hs|  stream2axis<256u, 256u>|  return value|
|ap_done                              |  out|    1|  ap_ctrl_hs|  stream2axis<256u, 256u>|  return value|
|ap_continue                          |   in|    1|  ap_ctrl_hs|  stream2axis<256u, 256u>|  return value|
|ap_idle                              |  out|    1|  ap_ctrl_hs|  stream2axis<256u, 256u>|  return value|
|ap_ready                             |  out|    1|  ap_ctrl_hs|  stream2axis<256u, 256u>|  return value|
|arg1_axis_out_TDATA                  |  out|  256|        axis|   arg1_axis_out_V_data_V|       pointer|
|arg1_axis_out_TVALID                 |  out|    1|        axis|   arg1_axis_out_V_last_V|       pointer|
|arg1_axis_out_TREADY                 |   in|    1|        axis|   arg1_axis_out_V_last_V|       pointer|
|arg1_axis_out_TLAST                  |  out|    1|        axis|   arg1_axis_out_V_last_V|       pointer|
|arg1_axis_out_TKEEP                  |  out|   32|        axis|   arg1_axis_out_V_keep_V|       pointer|
|arg1_axis_out_TSTRB                  |  out|   32|        axis|   arg1_axis_out_V_strb_V|       pointer|
|arg0_arg1_streams_14_dout            |   in|  256|     ap_fifo|     arg0_arg1_streams_14|       pointer|
|arg0_arg1_streams_14_num_data_valid  |   in|    5|     ap_fifo|     arg0_arg1_streams_14|       pointer|
|arg0_arg1_streams_14_fifo_cap        |   in|    5|     ap_fifo|     arg0_arg1_streams_14|       pointer|
|arg0_arg1_streams_14_empty_n         |   in|    1|     ap_fifo|     arg0_arg1_streams_14|       pointer|
|arg0_arg1_streams_14_read            |  out|    1|     ap_fifo|     arg0_arg1_streams_14|       pointer|
|size_dout                            |   in|   32|     ap_fifo|                     size|       pointer|
|size_num_data_valid                  |   in|    5|     ap_fifo|                     size|       pointer|
|size_fifo_cap                        |   in|    5|     ap_fifo|                     size|       pointer|
|size_empty_n                         |   in|    1|     ap_fifo|                     size|       pointer|
|size_read                            |  out|    1|     ap_fifo|                     size|       pointer|
+-------------------------------------+-----+-----+------------+-------------------------+--------------+

