Copyright 1986-2022 Xilinx, Inc. All Rights Reserved.
-------------------------------------------------------------------------------------------------------------------------------------------------------------
| Tool Version : Vivado v.2022.1 (lin64) Build 3526262 Mon Apr 18 15:47:01 MDT 2022
| Date         : Sun Jul 26 01:43:56 2026
| Host         : acclnode05 running 64-bit Ubuntu 24.04.3 LTS
| Command      : report_utilization -file ulp_inst_0_kernel_outerloop_0_1_0_utilization_synth.rpt -pb ulp_inst_0_kernel_outerloop_0_1_0_utilization_synth.pb
| Design       : ulp_inst_0_kernel_outerloop_0_1_0
| Device       : xcvc1902-vsvd1760-2MP-e-S
| Speed File   : -2MP
| Design State : Synthesized
-------------------------------------------------------------------------------------------------------------------------------------------------------------

Utilization Design Information

Table of Contents
-----------------
1. Netlist Logic
2. BLOCKRAM
3. ARITHMETIC
4. I/O
5. CLOCK
6. NOC Interfaces
7. AI Engines
8. ADVANCED
9. Primitives
10. Black Boxes
11. Instantiated Netlists

1. Netlist Logic
----------------

+----------------------------+--------+-------+------------+-----------+-------+
|          Site Type         |  Used  | Fixed | Prohibited | Available | Util% |
+----------------------------+--------+-------+------------+-----------+-------+
| Registers                  | 194033 |     0 |          0 |   1799680 | 10.78 |
|   Register as Flip Flop    | 194033 |     0 |          0 |   1799680 | 10.78 |
|   Register as Latch        |      0 |     0 |          0 |   1799680 |  0.00 |
| CLB LUTs*                  |  53679 |     0 |          0 |    899840 |  5.97 |
|   LUT as Logic             |  33086 |     0 |          0 |    899840 |  3.68 |
|   LUT as Memory            |  20593 |     0 |          0 |    449920 |  4.58 |
|     LUT as Distributed RAM |   2220 |     0 |            |           |       |
|     LUT as Shift Register  |  18373 |     0 |            |           |       |
|       Variable Length      |      0 |     0 |            |           |       |
|       Fixed Length         |      0 |     0 |            |           |       |
| LOOKAHEAD8                 |   1354 |     0 |          0 |    112480 |  1.20 |
+----------------------------+--------+-------+------------+-----------+-------+
* Warning! The Final LUT count, after physical optimizations and full implementation, is typically lower. Run opt_design after synthesis, if not already completed, for a more realistic count.


2. BLOCKRAM
-----------

+--------------------------+------+-------+------------+-----------+-------+
|         Site Type        | Used | Fixed | Prohibited | Available | Util% |
+--------------------------+------+-------+------------+-----------+-------+
| Block RAM Tile           |  112 |     0 |          0 |       967 | 11.58 |
|   RAMB36E5               |  112 |     0 |          0 |       967 | 11.58 |
|   RAMB18E5*              |    0 |     0 |          0 |      1934 |  0.00 |
| Block RAM Imux registers |    0 |     0 |            |           |       |
|   Pipelining             |    0 |       |            |           |       |
| URAM                     |  420 |     0 |          0 |       463 | 90.71 |
| URAM Imux registers      |    0 |     0 |            |           |       |
|   Pipelining             |    0 |       |            |           |       |
+--------------------------+------+-------+------------+-----------+-------+
* Note: Each RAMB18 is counted as 0.5 Block RAM tiles


3. ARITHMETIC
-------------

+--------------------+------+-------+------------+-----------+-------+
|      Site Type     | Used | Fixed | Prohibited | Available | Util% |
+--------------------+------+-------+------------+-----------+-------+
| DSP Slices         | 1092 |     0 |          0 |      1968 | 55.49 |
|   DSP58            |   84 |     0 |            |           |       |
|   DSPCPLX          |    0 |     0 |            |           |       |
|   DSPFP32          | 1008 |     0 |            |           |       |
|   DSP48E5          |    0 |     0 |            |           |       |
| DSP Imux registers |    0 |     0 |            |           |       |
|   Pipelining       |    0 |       |            |           |       |
+--------------------+------+-------+------------+-----------+-------+


4. I/O
------

+------------------------------+------+-------+------------+-----------+-------+
|           Site Type          | Used | Fixed | Prohibited | Available | Util% |
+------------------------------+------+-------+------------+-----------+-------+
| Bonded IOB                   |    0 |     0 |          0 |       648 |  0.00 |
| IDELAY                       |    0 |     0 |            |           |       |
| ODELAY                       |    0 |     0 |            |           |       |
| Input Registers              |    0 |     0 |            |           |       |
|   IDDR                       |    0 |     0 |            |           |       |
|   Single Data Rate Registers |    0 |     0 |            |           |       |
| Output Registers             |    0 |     0 |            |           |       |
|   ODDR                       |    0 |     0 |            |           |       |
|   Single Data Rate Registers |    0 |     0 |            |           |       |
| Output Tristate Registers    |    0 |     0 |            |           |       |
|   ODDR                       |    0 |     0 |            |           |       |
|   Single Data Rate Registers |    0 |     0 |            |           |       |
+------------------------------+------+-------+------------+-----------+-------+


5. CLOCK
--------

+-----------------------+------+-------+------------+-----------+-------+
|       Site Type       | Used | Fixed | Prohibited | Available | Util% |
+-----------------------+------+-------+------------+-----------+-------+
| GLOBAL CLOCK BUFFERs  |    0 |     0 |          0 |       980 |  0.00 |
|   BUFG_GT/MBUFG_GT    |    0 |     0 |          0 |       168 |  0.00 |
|   BUFGCE/MBUFGCE      |    0 |     0 |          0 |       296 |  0.00 |
|   BUFGCTRL/MBUFGCTRL* |    0 |     0 |          0 |        80 |  0.00 |
|   BUFGCE_DIV          |    0 |     0 |          0 |        40 |  0.00 |
|   BUFG_FABRIC         |    0 |     0 |          0 |       384 |  0.00 |
|   BUFG_PS             |    0 |     0 |          0 |        12 |  0.00 |
|   MBUFGCE_DIV         |    0 |     0 |          0 |        40 |  0.00 |
|   MBUFG_PS            |    0 |     0 |          0 |        12 |  0.00 |
| BUFDIV_LEAF           |    0 |     0 |          0 |     16800 |  0.00 |
| DPLL                  |    0 |     0 |          0 |        23 |  0.00 |
| XPLL                  |    0 |     0 |          0 |        24 |  0.00 |
| MMCM                  |    0 |     0 |          0 |        12 |  0.00 |
+-----------------------+------+-------+------------+-----------+-------+
* Note: Each used BUFGCTRL/MBUFGCTRL counts as two GLOBAL CLOCK BUFFERs. This table does not include global clocking resources, only buffer cell usage. See the Clock Utilization Report (report_clock_utilization) for detailed accounting of global clocking resource availability.


6. NOC Interfaces
-----------------

+---------------------------+------+-------+------------+-----------+-------+
|         Site Type         | Used | Fixed | Prohibited | Available | Util% |
+---------------------------+------+-------+------------+-----------+-------+
| PL NOC Master Unit        |    0 |     0 |          0 |        28 |  0.00 |
| PL NOC Slave Unit         |    0 |     0 |          0 |        28 |  0.00 |
| PS NOC Master Unit        |    0 |     0 |          0 |        10 |  0.00 |
| PS NOC Slave Unit         |    0 |     0 |          0 |         6 |  0.00 |
| AI Engine NOC Master Unit |    0 |     0 |          0 |        16 |  0.00 |
| AI Engine NOC Slave Unit  |    0 |     0 |          0 |        16 |  0.00 |
+---------------------------+------+-------+------------+-----------+-------+


7. AI Engines
-------------

+------------+------+-------+------------+-----------+-------+
|  Site Type | Used | Fixed | Prohibited | Available | Util% |
+------------+------+-------+------------+-----------+-------+
| AI Engines |    0 |     0 |          0 |       400 |  0.00 |
| PL Master  |    0 |     0 |          0 |       234 |  0.00 |
| PL Slave   |    0 |     0 |          0 |       312 |  0.00 |
| NOC Master |    0 |     0 |          0 |        16 |  0.00 |
| NOC Slave  |    0 |     0 |          0 |        16 |  0.00 |
+------------+------+-------+------------+-----------+-------+


8. ADVANCED
-----------

+--------------------+------+-------+------------+-----------+-------+
|      Site Type     | Used | Fixed | Prohibited | Available | Util% |
+--------------------+------+-------+------------+-----------+-------+
| CPM_EXT            |    0 |     0 |          0 |         1 |  0.00 |
| CPM_MAIN           |    0 |     0 |          0 |         1 |  0.00 |
| DDRMC              |    0 |     0 |          0 |         4 |  0.00 |
| DDRMC_RIU          |    0 |     0 |          0 |         4 |  0.00 |
| GTYE5_QUAD         |    0 |     0 |          0 |         6 |  0.00 |
| MRMAC              |    0 |     0 |          0 |         4 |  0.00 |
| NPI_NIR            |    0 |     0 |          0 |         1 |  0.00 |
| OBUFDS_GTE5        |    0 |     0 |          0 |        22 |  0.00 |
| OBUFDS_GTE5_ADV    |    0 |     0 |          0 |        22 |  0.00 |
| OBUFTDS_COMP       |    0 |     0 |          0 |       324 |  0.00 |
| PCIE40E5           |    0 |     0 |          0 |         4 |  0.00 |
| PS9                |    0 |     0 |          0 |         1 |  0.00 |
| XPIPE_QUAD         |    0 |     0 |          0 |         4 |  0.00 |
| BLI Registers      |    0 |     0 |          0 |     88264 |  0.00 |
| BLI Imux Registers |    0 |     0 |            |           |       |
|   Pipelining       |    0 |     0 |            |           |       |
+--------------------+------+-------+------------+-----------+-------+


9. Primitives
-------------

+--------------+--------+---------------------+
|   Ref Name   |  Used  | Functional Category |
+--------------+--------+---------------------+
| FDRE         | 192274 |            Register |
| SRL16E       |  18359 |                 CLB |
| LUT3         |  18068 |                 CLB |
| LUTCY2       |   9288 |                 CLB |
| LUTCY1       |   9288 |                 CLB |
| LUT5         |   6658 |                 CLB |
| LUT6         |   4615 |                 CLB |
| LUT4         |   4086 |                 CLB |
| RAMD32       |   3870 |                 CLB |
| FDSE         |   1759 |            Register |
| LOOKAHEAD8   |   1354 |                 CLB |
| LUT2         |   1237 |                 CLB |
| DSPFP32      |   1008 |          Arithmetic |
| RAMS32       |    570 |                 CLB |
| URAM288E5    |    420 |            BLOCKRAM |
| LUT1         |    298 |                 CLB |
| RAMB36E5_INT |    112 |            BLOCKRAM |
| DSP58        |     84 |          Arithmetic |
| SRLC32E      |     14 |                 CLB |
+--------------+--------+---------------------+


10. Black Boxes
---------------

+----------+------+
| Ref Name | Used |
+----------+------+


11. Instantiated Netlists
-------------------------

+----------+------+
| Ref Name | Used |
+----------+------+


