

================================================================
== Vitis HLS Report for 'stream2streamStepup_256u_512u_s'
================================================================
* Date:           Sun Jul 26 01:22:53 2026

* Version:        2022.1 (Build 3526262 on Mon Apr 18 15:47:01 MDT 2022)
* Project:        datamover_outerloop_0
* Solution:       solution (Vitis Kernel Flow Target)
* Product family: versal
* Target device:  xcvc1902-vsvd1760-2MP-e-S


================================================================
== Performance Estimates
================================================================
+ Timing: 
    * Summary: 
    +--------+---------+----------+------------+
    |  Clock |  Target | Estimated| Uncertainty|
    +--------+---------+----------+------------+
    |ap_clk  |  3.33 ns|  1.943 ns|     0.90 ns|
    +--------+---------+----------+------------+

+ Latency: 
    * Summary: 
    +---------+---------+----------+----------+-----+-----+---------+
    |  Latency (cycles) |  Latency (absolute) |  Interval | Pipeline|
    |   min   |   max   |    min   |    max   | min | max |   Type  |
    +---------+---------+----------+----------+-----+-----+---------+
    |        ?|        ?|         ?|         ?|    ?|    ?|       no|
    +---------+---------+----------+----------+-----+-----+---------+

    + Detail: 
        * Instance: 
        +------------------------------------------------------------------------------------+--------------------------------------------------------------------------+---------+---------+----------+----------+-----+-----+---------+
        |                                                                                    |                                                                          |  Latency (cycles) |  Latency (absolute) |  Interval | Pipeline|
        |                                      Instance                                      |                                  Module                                  |   min   |   max   |    min   |    max   | min | max |   Type  |
        +------------------------------------------------------------------------------------+--------------------------------------------------------------------------+---------+---------+----------+----------+-----+-----+---------+
        |grp_stream2streamStepup_256u_512u_Pipeline_VITIS_LOOP_809_1_VITIS_LOOP_811_2_fu_54  |stream2streamStepup_256u_512u_Pipeline_VITIS_LOOP_809_1_VITIS_LOOP_811_2  |        ?|        ?|         ?|         ?|    ?|    ?|       no|
        +------------------------------------------------------------------------------------+--------------------------------------------------------------------------+---------+---------+----------+----------+-----+-----+---------+

        * Loop: 
        N/A



================================================================
== Utilization Estimates
================================================================
* Summary: 
+-----------------+---------+------+---------+--------+-----+
|       Name      | BRAM_18K|  DSP |    FF   |   LUT  | URAM|
+-----------------+---------+------+---------+--------+-----+
|DSP              |        -|     -|        -|       -|    -|
|Expression       |        -|     -|        0|       2|    -|
|FIFO             |        -|     -|        -|       -|    -|
|Instance         |        -|     -|     4217|   10498|    -|
|Memory           |        -|     -|        -|       -|    -|
|Multiplexer      |        -|     -|        -|      12|    -|
|Register         |        -|     -|       69|       -|    -|
+-----------------+---------+------+---------+--------+-----+
|Total            |        0|     0|     4286|   10512|    0|
+-----------------+---------+------+---------+--------+-----+
|Available        |     1934|  1968|  1799680|  899840|  463|
+-----------------+---------+------+---------+--------+-----+
|Utilization (%)  |        0|     0|       ~0|       1|    0|
+-----------------+---------+------+---------+--------+-----+

+ Detail: 
    * Instance: 
    +------------------------------------------------------------------------------------+--------------------------------------------------------------------------+---------+----+------+-------+-----+
    |                                      Instance                                      |                                  Module                                  | BRAM_18K| DSP|  FF  |  LUT  | URAM|
    +------------------------------------------------------------------------------------+--------------------------------------------------------------------------+---------+----+------+-------+-----+
    |grp_stream2streamStepup_256u_512u_Pipeline_VITIS_LOOP_809_1_VITIS_LOOP_811_2_fu_54  |stream2streamStepup_256u_512u_Pipeline_VITIS_LOOP_809_1_VITIS_LOOP_811_2  |        0|   0|  4217|  10498|    0|
    +------------------------------------------------------------------------------------+--------------------------------------------------------------------------+---------+----+------+-------+-----+
    |Total                                                                               |                                                                          |        0|   0|  4217|  10498|    0|
    +------------------------------------------------------------------------------------+--------------------------------------------------------------------------+---------+----+------+-------+-----+

    * DSP: 
    N/A

    * Memory: 
    N/A

    * FIFO: 
    N/A

    * Expression: 
    +-----------------+----------+----+---+----+------------+------------+
    |  Variable Name  | Operation| DSP| FF| LUT| Bitwidth P0| Bitwidth P1|
    +-----------------+----------+----+---+----+------------+------------+
    |ap_block_state1  |        or|   0|  0|   2|           1|           1|
    +-----------------+----------+----+---+----+------------+------------+
    |Total            |          |   0|  0|   2|           1|           1|
    +-----------------+----------+----+---+----+------------+------------+

    * Multiplexer: 
    +----------------------------------+----+-----------+-----+-----------+
    |               Name               | LUT| Input Size| Bits| Total Bits|
    +----------------------------------+----+-----------+-----+-----------+
    |ap_NS_fsm                         |   2|          4|    1|          4|
    |ap_done                           |   2|          2|    1|          2|
    |arg1_write_mem_strm_write         |   2|          2|    1|          2|
    |arg1_write_reduced_mem_strm_read  |   2|          2|    1|          2|
    |num_big_pkts_blk_n                |   2|          2|    1|          2|
    |p_read_c_blk_n                    |   2|          2|    1|          2|
    +----------------------------------+----+-----------+-----+-----------+
    |Total                             |  12|         14|    6|         14|
    +----------------------------------+----+-----------+-----+-----------+

    * Register: 
    +-------------------------------------------------------------------------------------------------+----+----+-----+-----------+
    |                                               Name                                              | FF | LUT| Bits| Const Bits|
    +-------------------------------------------------------------------------------------------------+----+----+-----+-----------+
    |ap_CS_fsm                                                                                        |   3|   0|    3|          0|
    |ap_done_reg                                                                                      |   1|   0|    1|          0|
    |grp_stream2streamStepup_256u_512u_Pipeline_VITIS_LOOP_809_1_VITIS_LOOP_811_2_fu_54_ap_start_reg  |   1|   0|    1|          0|
    |num_big_pkts_read_reg_71                                                                         |  32|   0|   32|          0|
    |tmp_reg_76                                                                                       |  32|   0|   33|          1|
    +-------------------------------------------------------------------------------------------------+----+----+-----+-----------+
    |Total                                                                                            |  69|   0|   70|          1|
    +-------------------------------------------------------------------------------------------------+----+----+-----+-----------+



================================================================
== Interface
================================================================
* Summary: 
+--------------------------------------------+-----+-----+------------+---------------------------------+--------------+
|                  RTL Ports                 | Dir | Bits|  Protocol  |          Source Object          |    C Type    |
+--------------------------------------------+-----+-----+------------+---------------------------------+--------------+
|ap_clk                                      |   in|    1|  ap_ctrl_hs|  stream2streamStepup<256u, 512u>|  return value|
|ap_rst                                      |   in|    1|  ap_ctrl_hs|  stream2streamStepup<256u, 512u>|  return value|
|ap_start                                    |   in|    1|  ap_ctrl_hs|  stream2streamStepup<256u, 512u>|  return value|
|ap_done                                     |  out|    1|  ap_ctrl_hs|  stream2streamStepup<256u, 512u>|  return value|
|ap_continue                                 |   in|    1|  ap_ctrl_hs|  stream2streamStepup<256u, 512u>|  return value|
|ap_idle                                     |  out|    1|  ap_ctrl_hs|  stream2streamStepup<256u, 512u>|  return value|
|ap_ready                                    |  out|    1|  ap_ctrl_hs|  stream2streamStepup<256u, 512u>|  return value|
|num_big_pkts_dout                           |   in|   32|     ap_fifo|                     num_big_pkts|       pointer|
|num_big_pkts_num_data_valid                 |   in|    3|     ap_fifo|                     num_big_pkts|       pointer|
|num_big_pkts_fifo_cap                       |   in|    3|     ap_fifo|                     num_big_pkts|       pointer|
|num_big_pkts_empty_n                        |   in|    1|     ap_fifo|                     num_big_pkts|       pointer|
|num_big_pkts_read                           |  out|    1|     ap_fifo|                     num_big_pkts|       pointer|
|p_read_c_din                                |  out|   32|     ap_fifo|                         p_read_c|       pointer|
|p_read_c_num_data_valid                     |   in|    2|     ap_fifo|                         p_read_c|       pointer|
|p_read_c_fifo_cap                           |   in|    2|     ap_fifo|                         p_read_c|       pointer|
|p_read_c_full_n                             |   in|    1|     ap_fifo|                         p_read_c|       pointer|
|p_read_c_write                              |  out|    1|     ap_fifo|                         p_read_c|       pointer|
|arg1_write_reduced_mem_strm_dout            |   in|  256|     ap_fifo|      arg1_write_reduced_mem_strm|       pointer|
|arg1_write_reduced_mem_strm_num_data_valid  |   in|    2|     ap_fifo|      arg1_write_reduced_mem_strm|       pointer|
|arg1_write_reduced_mem_strm_fifo_cap        |   in|    2|     ap_fifo|      arg1_write_reduced_mem_strm|       pointer|
|arg1_write_reduced_mem_strm_empty_n         |   in|    1|     ap_fifo|      arg1_write_reduced_mem_strm|       pointer|
|arg1_write_reduced_mem_strm_read            |  out|    1|     ap_fifo|      arg1_write_reduced_mem_strm|       pointer|
|arg1_write_mem_strm_din                     |  out|  512|     ap_fifo|              arg1_write_mem_strm|       pointer|
|arg1_write_mem_strm_num_data_valid          |   in|    2|     ap_fifo|              arg1_write_mem_strm|       pointer|
|arg1_write_mem_strm_fifo_cap                |   in|    2|     ap_fifo|              arg1_write_mem_strm|       pointer|
|arg1_write_mem_strm_full_n                  |   in|    1|     ap_fifo|              arg1_write_mem_strm|       pointer|
|arg1_write_mem_strm_write                   |  out|    1|     ap_fifo|              arg1_write_mem_strm|       pointer|
+--------------------------------------------+-----+-----+------------+---------------------------------+--------------+

