

================================================================
== Vitis HLS Report for 'stream2axis_256u_Pipeline_VITIS_LOOP_956_1'
================================================================
* Date:           Sun Jul 26 01:22:52 2026

* Version:        2022.1 (Build 3526262 on Mon Apr 18 15:47:01 MDT 2022)
* Project:        datamover_outerloop_0
* Solution:       solution (Vitis Kernel Flow Target)
* Product family: versal
* Target device:  xcvc1902-vsvd1760-2MP-e-S


================================================================
== Performance Estimates
================================================================
+ Timing: 
    * Summary: 
    +--------+---------+----------+------------+
    |  Clock |  Target | Estimated| Uncertainty|
    +--------+---------+----------+------------+
    |ap_clk  |  3.33 ns|  1.361 ns|     0.90 ns|
    +--------+---------+----------+------------+

+ Latency: 
    * Summary: 
    +---------+---------+----------+----------+-----+-----+---------+
    |  Latency (cycles) |  Latency (absolute) |  Interval | Pipeline|
    |   min   |   max   |    min   |    max   | min | max |   Type  |
    +---------+---------+----------+----------+-----+-----+---------+
    |        ?|        ?|         ?|         ?|    ?|    ?|       no|
    +---------+---------+----------+----------+-----+-----+---------+

    + Detail: 
        * Instance: 
        N/A

        * Loop: 
        +--------------------+---------+---------+----------+-----------+-----------+------+----------+
        |                    |  Latency (cycles) | Iteration|  Initiation Interval  | Trip |          |
        |      Loop Name     |   min   |   max   |  Latency |  achieved |   target  | Count| Pipelined|
        +--------------------+---------+---------+----------+-----------+-----------+------+----------+
        |- VITIS_LOOP_956_1  |        ?|        ?|         2|          1|          1|     ?|       yes|
        +--------------------+---------+---------+----------+-----------+-----------+------+----------+



================================================================
== Utilization Estimates
================================================================
* Summary: 
+-----------------+---------+------+---------+--------+-----+
|       Name      | BRAM_18K|  DSP |    FF   |   LUT  | URAM|
+-----------------+---------+------+---------+--------+-----+
|DSP              |        -|     -|        -|       -|    -|
|Expression       |        -|     -|        0|      54|    -|
|FIFO             |        -|     -|        -|       -|    -|
|Instance         |        -|     -|        -|       -|    -|
|Memory           |        -|     -|        -|       -|    -|
|Multiplexer      |        -|     -|        -|      72|    -|
|Register         |        -|     -|       35|       -|    -|
+-----------------+---------+------+---------+--------+-----+
|Total            |        0|     0|       35|     126|    0|
+-----------------+---------+------+---------+--------+-----+
|Available        |     1934|  1968|  1799680|  899840|  463|
+-----------------+---------+------+---------+--------+-----+
|Utilization (%)  |        0|     0|       ~0|      ~0|    0|
+-----------------+---------+------+---------+--------+-----+

+ Detail: 
    * Instance: 
    N/A

    * DSP: 
    N/A

    * Memory: 
    N/A

    * FIFO: 
    N/A

    * Expression: 
    +----------------------------------+----------+----+---+----+------------+------------+
    |           Variable Name          | Operation| DSP| FF| LUT| Bitwidth P0| Bitwidth P1|
    +----------------------------------+----------+----+---+----+------------+------------+
    |itr_2_fu_88_p2                    |         +|   0|  0|  32|          32|           1|
    |ap_block_pp0_stage0_01001         |       and|   0|  0|   2|           1|           1|
    |icmp_ln956_fu_94_p2               |      icmp|   0|  0|  16|          32|          32|
    |ap_block_state2_pp0_stage0_iter1  |        or|   0|  0|   2|           1|           1|
    |ap_enable_pp0                     |       xor|   0|  0|   2|           1|           2|
    +----------------------------------+----------+----+---+----+------------+------------+
    |Total                             |          |   0|  0|  54|          67|          37|
    +----------------------------------+----------+----+---+----+------------+------------+

    * Multiplexer: 
    +----------------------------------+----+-----------+-----+-----------+
    |               Name               | LUT| Input Size| Bits| Total Bits|
    +----------------------------------+----+-----------+-----+-----------+
    |ap_done_int                       |   2|          2|    1|          2|
    |ap_enable_reg_pp0_iter1           |   2|          2|    1|          2|
    |ap_sig_allocacmp_itr_1            |  32|          2|   32|         64|
    |arg0_axis_out_TDATA_blk_n         |   2|          2|    1|          2|
    |arg0_read_reduced_mem_strm_blk_n  |   2|          2|    1|          2|
    |itr_fu_44                         |  32|          2|   32|         64|
    +----------------------------------+----+-----------+-----+-----------+
    |Total                             |  72|         12|   68|        136|
    +----------------------------------+----+-----------+-----+-----------+

    * Register: 
    +-------------------------+----+----+-----+-----------+
    |           Name          | FF | LUT| Bits| Const Bits|
    +-------------------------+----+----+-----+-----------+
    |ap_CS_fsm                |   1|   0|    1|          0|
    |ap_done_reg              |   1|   0|    1|          0|
    |ap_enable_reg_pp0_iter1  |   1|   0|    1|          0|
    |itr_fu_44                |  32|   0|   32|          0|
    +-------------------------+----+----+-----+-----------+
    |Total                    |  35|   0|   35|          0|
    +-------------------------+----+----+-----+-----------+



================================================================
== Interface
================================================================
* Summary: 
+-------------------------------------------+-----+-----+------------+---------------------------------------------+--------------+
|                 RTL Ports                 | Dir | Bits|  Protocol  |                Source Object                |    C Type    |
+-------------------------------------------+-----+-----+------------+---------------------------------------------+--------------+
|ap_clk                                     |   in|    1|  ap_ctrl_hs|  stream2axis<256u>_Pipeline_VITIS_LOOP_956_1|  return value|
|ap_rst                                     |   in|    1|  ap_ctrl_hs|  stream2axis<256u>_Pipeline_VITIS_LOOP_956_1|  return value|
|ap_start                                   |   in|    1|  ap_ctrl_hs|  stream2axis<256u>_Pipeline_VITIS_LOOP_956_1|  return value|
|ap_done                                    |  out|    1|  ap_ctrl_hs|  stream2axis<256u>_Pipeline_VITIS_LOOP_956_1|  return value|
|ap_idle                                    |  out|    1|  ap_ctrl_hs|  stream2axis<256u>_Pipeline_VITIS_LOOP_956_1|  return value|
|ap_ready                                   |  out|    1|  ap_ctrl_hs|  stream2axis<256u>_Pipeline_VITIS_LOOP_956_1|  return value|
|arg0_read_reduced_mem_strm_dout            |   in|  256|     ap_fifo|                   arg0_read_reduced_mem_strm|       pointer|
|arg0_read_reduced_mem_strm_num_data_valid  |   in|    2|     ap_fifo|                   arg0_read_reduced_mem_strm|       pointer|
|arg0_read_reduced_mem_strm_fifo_cap        |   in|    2|     ap_fifo|                   arg0_read_reduced_mem_strm|       pointer|
|arg0_read_reduced_mem_strm_empty_n         |   in|    1|     ap_fifo|                   arg0_read_reduced_mem_strm|       pointer|
|arg0_read_reduced_mem_strm_read            |  out|    1|     ap_fifo|                   arg0_read_reduced_mem_strm|       pointer|
|arg0_axis_out_TREADY                       |   in|    1|        axis|                       arg0_axis_out_V_data_V|       pointer|
|arg0_axis_out_TDATA                        |  out|  256|        axis|                       arg0_axis_out_V_data_V|       pointer|
|pkts_load                                  |   in|   32|     ap_none|                                    pkts_load|        scalar|
|arg0_axis_out_TVALID                       |  out|    1|        axis|                       arg0_axis_out_V_last_V|       pointer|
|arg0_axis_out_TLAST                        |  out|    1|        axis|                       arg0_axis_out_V_last_V|       pointer|
|arg0_axis_out_TKEEP                        |  out|   32|        axis|                       arg0_axis_out_V_keep_V|       pointer|
|arg0_axis_out_TSTRB                        |  out|   32|        axis|                       arg0_axis_out_V_strb_V|       pointer|
+-------------------------------------------+-----+-----+------------+---------------------------------------------+--------------+

