

================================================================
== Vitis HLS Report for 'stream2streamStepdown_512u_256u_Pipeline_VITIS_LOOP_893_1_VITIS_LOOP_895_2'
================================================================
* Date:           Sun Jul 26 01:22:51 2026

* Version:        2022.1 (Build 3526262 on Mon Apr 18 15:47:01 MDT 2022)
* Project:        datamover_outerloop_0
* Solution:       solution (Vitis Kernel Flow Target)
* Product family: versal
* Target device:  xcvc1902-vsvd1760-2MP-e-S


================================================================
== Performance Estimates
================================================================
+ Timing: 
    * Summary: 
    +--------+---------+----------+------------+
    |  Clock |  Target | Estimated| Uncertainty|
    +--------+---------+----------+------------+
    |ap_clk  |  3.33 ns|  2.327 ns|     0.90 ns|
    +--------+---------+----------+------------+

+ Latency: 
    * Summary: 
    +---------+---------+----------+----------+-----+-----+---------+
    |  Latency (cycles) |  Latency (absolute) |  Interval | Pipeline|
    |   min   |   max   |    min   |    max   | min | max |   Type  |
    +---------+---------+----------+----------+-----+-----+---------+
    |        ?|        ?|         ?|         ?|    ?|    ?|       no|
    +---------+---------+----------+----------+-----+-----+---------+

    + Detail: 
        * Instance: 
        N/A

        * Loop: 
        +-------------------------------------+---------+---------+----------+-----------+-----------+------+----------+
        |                                     |  Latency (cycles) | Iteration|  Initiation Interval  | Trip |          |
        |              Loop Name              |   min   |   max   |  Latency |  achieved |   target  | Count| Pipelined|
        +-------------------------------------+---------+---------+----------+-----------+-----------+------+----------+
        |- VITIS_LOOP_893_1_VITIS_LOOP_895_2  |        ?|        ?|         6|          1|          1|     ?|       yes|
        +-------------------------------------+---------+---------+----------+-----------+-----------+------+----------+



================================================================
== Utilization Estimates
================================================================
* Summary: 
+-----------------+---------+------+---------+--------+-----+
|       Name      | BRAM_18K|  DSP |    FF   |   LUT  | URAM|
+-----------------+---------+------+---------+--------+-----+
|DSP              |        -|     -|        -|       -|    -|
|Expression       |        -|     -|      792|    3598|    -|
|FIFO             |        -|     -|        -|       -|    -|
|Instance         |        -|     -|      792|    3004|    -|
|Memory           |        -|     -|        -|       -|    -|
|Multiplexer      |        -|     -|        -|      44|    -|
|Register         |        -|     -|     1605|       0|    -|
+-----------------+---------+------+---------+--------+-----+
|Total            |        0|     0|     3189|    6646|    0|
+-----------------+---------+------+---------+--------+-----+
|Available        |     1934|  1968|  1799680|  899840|  463|
+-----------------+---------+------+---------+--------+-----+
|Utilization (%)  |        0|     0|       ~0|      ~0|    0|
+-----------------+---------+------+---------+--------+-----+

+ Detail: 
    * Instance: 
    +-----------------------------+-------------------------+---------+----+-----+------+-----+
    |           Instance          |          Module         | BRAM_18K| DSP|  FF |  LUT | URAM|
    +-----------------------------+-------------------------+---------+----+-----+------+-----+
    |lshr_512ns_10ns_512_2_1_U21  |lshr_512ns_10ns_512_2_1  |        0|   0|  792|  3004|    0|
    +-----------------------------+-------------------------+---------+----+-----+------+-----+
    |Total                        |                         |        0|   0|  792|  3004|    0|
    +-----------------------------+-------------------------+---------+----+-----+------+-----+

    * DSP: 
    N/A

    * Memory: 
    N/A

    * FIFO: 
    N/A

    * Expression: 
    +----------------------------------+----------+----+-----+------+------------+------------+
    |           Variable Name          | Operation| DSP|  FF |  LUT | Bitwidth P0| Bitwidth P1|
    +----------------------------------+----------+----+-----+------+------------+------------+
    |add_ln893_fu_100_p2               |         +|   0|    0|    33|          33|           1|
    |add_ln895_fu_138_p2               |         +|   0|    0|     5|           2|           1|
    |sub_ln674_1_fu_211_p2             |         -|   0|    0|    10|          10|          10|
    |sub_ln674_2_fu_241_p2             |         -|   0|    0|    10|           9|          10|
    |sub_ln674_fu_199_p2               |         -|   0|    0|    10|          10|          10|
    |ap_block_state3_pp0_stage0_iter2  |       and|   0|    0|     2|           1|           1|
    |p_Result_s_fu_264_p2              |       and|   0|    0|   215|         512|         512|
    |icmp_ln674_fu_175_p2              |      icmp|   0|    0|     5|           9|           9|
    |icmp_ln893_fu_106_p2              |      icmp|   0|    0|    16|          33|          33|
    |icmp_ln895_fu_114_p2              |      icmp|   0|    0|     1|           2|           3|
    |icmp_ln900_fu_128_p2              |      icmp|   0|    0|     1|           2|           1|
    |lshr_ln674_1_fu_258_p2            |      lshr|   0|  792|  3004|           2|         512|
    |ap_block_pp0_stage0_01001         |        or|   0|    0|     2|           1|           1|
    |or_ln918_fu_169_p2                |        or|   0|    0|     8|           9|           8|
    |select_ln674_1_fu_225_p3          |    select|   0|    0|   245|           1|         512|
    |select_ln674_2_fu_233_p3          |    select|   0|    0|     9|           1|          10|
    |select_ln674_fu_217_p3            |    select|   0|    0|     9|           1|          10|
    |select_ln895_fu_120_p3            |    select|   0|    0|     2|           1|           1|
    |ap_enable_pp0                     |       xor|   0|    0|     2|           1|           2|
    |xor_ln674_fu_205_p2               |       xor|   0|    0|     9|          10|           9|
    +----------------------------------+----------+----+-----+------+------------+------------+
    |Total                             |          |   0|  792|  3598|         650|        1656|
    +----------------------------------+----------+----+-----+------+------------+------------+

    * Multiplexer: 
    +----------------------------------+----+-----------+-----+-----------+
    |               Name               | LUT| Input Size| Bits| Total Bits|
    +----------------------------------+----+-----------+-----+-----------+
    |ap_done_int                       |   2|          2|    1|          2|
    |ap_enable_reg_pp0_iter1           |   2|          2|    1|          2|
    |ap_enable_reg_pp0_iter2           |   2|          2|    1|          2|
    |arg0_read_mem_strm_blk_n          |   2|          2|    1|          2|
    |arg0_read_reduced_mem_strm_blk_n  |   2|          2|    1|          2|
    |indvar_flatten_fu_60              |  32|          2|   33|         66|
    |n_fu_56                           |   2|          2|    2|          4|
    +----------------------------------+----+-----------+-----+-----------+
    |Total                             |  44|         14|   40|         80|
    +----------------------------------+----+-----------+-----+-----------+

    * Register: 
    +-----------------------------------+-----+----+-----+-----------+
    |                Name               |  FF | LUT| Bits| Const Bits|
    +-----------------------------------+-----+----+-----+-----------+
    |ap_CS_fsm                          |    1|   0|    1|          0|
    |ap_done_reg                        |    1|   0|    1|          0|
    |ap_enable_reg_pp0_iter1            |    1|   0|    1|          0|
    |ap_enable_reg_pp0_iter2            |    1|   0|    1|          0|
    |ap_enable_reg_pp0_iter3            |    1|   0|    1|          0|
    |ap_enable_reg_pp0_iter4            |    1|   0|    1|          0|
    |ap_enable_reg_pp0_iter5            |    1|   0|    1|          0|
    |ap_enable_reg_pp0_iter6            |    1|   0|    1|          0|
    |ap_loop_exit_ready_pp0_iter2_reg   |    1|   0|    1|          0|
    |ap_loop_exit_ready_pp0_iter3_reg   |    1|   0|    1|          0|
    |ap_loop_exit_ready_pp0_iter4_reg   |    1|   0|    1|          0|
    |ap_loop_exit_ready_pp0_iter5_reg   |    1|   0|    1|          0|
    |icmp_ln900_reg_303                 |    1|   0|    1|          0|
    |indvar_flatten_fu_60               |   33|   0|   33|          0|
    |lshr_ln674_reg_332                 |  512|   0|  512|          0|
    |n_fu_56                            |    2|   0|    2|          0|
    |select_ln674_1_reg_312             |  512|   0|  512|          0|
    |select_ln674_2_reg_317             |   10|   0|   10|          0|
    |sub_ln674_2_reg_322                |    9|   0|   10|          1|
    |tmp1_V_fu_64                       |  512|   0|  512|          0|
    |trunc_ln918_reg_307                |    1|   0|    1|          0|
    |trunc_ln918_reg_307_pp0_iter2_reg  |    1|   0|    1|          0|
    |sub_ln674_2_reg_322                |    0|   0|   10|          1|
    +-----------------------------------+-----+----+-----+-----------+
    |Total                              | 1605|   0| 1616|          2|
    +-----------------------------------+-----+----+-----+-----------+



================================================================
== Interface
================================================================
* Summary: 
+-------------------------------------------+-----+-----+------------+------------------------------------------------------------------------------+--------------+
|                 RTL Ports                 | Dir | Bits|  Protocol  |                                 Source Object                                |    C Type    |
+-------------------------------------------+-----+-----+------------+------------------------------------------------------------------------------+--------------+
|ap_clk                                     |   in|    1|  ap_ctrl_hs|  stream2streamStepdown<512u, 256u>_Pipeline_VITIS_LOOP_893_1_VITIS_LOOP_895_2|  return value|
|ap_rst                                     |   in|    1|  ap_ctrl_hs|  stream2streamStepdown<512u, 256u>_Pipeline_VITIS_LOOP_893_1_VITIS_LOOP_895_2|  return value|
|ap_start                                   |   in|    1|  ap_ctrl_hs|  stream2streamStepdown<512u, 256u>_Pipeline_VITIS_LOOP_893_1_VITIS_LOOP_895_2|  return value|
|ap_done                                    |  out|    1|  ap_ctrl_hs|  stream2streamStepdown<512u, 256u>_Pipeline_VITIS_LOOP_893_1_VITIS_LOOP_895_2|  return value|
|ap_idle                                    |  out|    1|  ap_ctrl_hs|  stream2streamStepdown<512u, 256u>_Pipeline_VITIS_LOOP_893_1_VITIS_LOOP_895_2|  return value|
|ap_ready                                   |  out|    1|  ap_ctrl_hs|  stream2streamStepdown<512u, 256u>_Pipeline_VITIS_LOOP_893_1_VITIS_LOOP_895_2|  return value|
|arg0_read_mem_strm_dout                    |   in|  512|     ap_fifo|                                                            arg0_read_mem_strm|       pointer|
|arg0_read_mem_strm_num_data_valid          |   in|    2|     ap_fifo|                                                            arg0_read_mem_strm|       pointer|
|arg0_read_mem_strm_fifo_cap                |   in|    2|     ap_fifo|                                                            arg0_read_mem_strm|       pointer|
|arg0_read_mem_strm_empty_n                 |   in|    1|     ap_fifo|                                                            arg0_read_mem_strm|       pointer|
|arg0_read_mem_strm_read                    |  out|    1|     ap_fifo|                                                            arg0_read_mem_strm|       pointer|
|arg0_read_reduced_mem_strm_din             |  out|  256|     ap_fifo|                                                    arg0_read_reduced_mem_strm|       pointer|
|arg0_read_reduced_mem_strm_num_data_valid  |   in|    2|     ap_fifo|                                                    arg0_read_reduced_mem_strm|       pointer|
|arg0_read_reduced_mem_strm_fifo_cap        |   in|    2|     ap_fifo|                                                    arg0_read_reduced_mem_strm|       pointer|
|arg0_read_reduced_mem_strm_full_n          |   in|    1|     ap_fifo|                                                    arg0_read_reduced_mem_strm|       pointer|
|arg0_read_reduced_mem_strm_write           |  out|    1|     ap_fifo|                                                    arg0_read_reduced_mem_strm|       pointer|
|bound                                      |   in|   33|     ap_none|                                                                         bound|        scalar|
+-------------------------------------------+-----+-----+------------+------------------------------------------------------------------------------+--------------+

