

================================================================
== Vitis HLS Report for 'axis2stream_256u_256u_Pipeline_VITIS_LOOP_1521_1'
================================================================
* Date:           Sun Jul 26 01:24:13 2026

* Version:        2022.1 (Build 3526262 on Mon Apr 18 15:47:01 MDT 2022)
* Project:        kernel_outerloop_0
* Solution:       solution (Vitis Kernel Flow Target)
* Product family: versal
* Target device:  xcvc1902-vsvd1760-2MP-e-S


================================================================
== Performance Estimates
================================================================
+ Timing: 
    * Summary: 
    +--------+---------+----------+------------+
    |  Clock |  Target | Estimated| Uncertainty|
    +--------+---------+----------+------------+
    |ap_clk  |  3.33 ns|  1.344 ns|     0.90 ns|
    +--------+---------+----------+------------+

+ Latency: 
    * Summary: 
    +---------+---------+----------+----------+-----+-----+---------+
    |  Latency (cycles) |  Latency (absolute) |  Interval | Pipeline|
    |   min   |   max   |    min   |    max   | min | max |   Type  |
    +---------+---------+----------+----------+-----+-----+---------+
    |        ?|        ?|         ?|         ?|    ?|    ?|       no|
    +---------+---------+----------+----------+-----+-----+---------+

    + Detail: 
        * Instance: 
        N/A

        * Loop: 
        +---------------------+---------+---------+----------+-----------+-----------+------+----------+
        |                     |  Latency (cycles) | Iteration|  Initiation Interval  | Trip |          |
        |      Loop Name      |   min   |   max   |  Latency |  achieved |   target  | Count| Pipelined|
        +---------------------+---------+---------+----------+-----------+-----------+------+----------+
        |- VITIS_LOOP_1521_1  |        ?|        ?|         2|          1|          1|     ?|       yes|
        +---------------------+---------+---------+----------+-----------+-----------+------+----------+

============================================================
+ Verbose Summary: Synthesis Manager
============================================================
InlineROM: 1
ExposeGlobal: 0
============================================================
+ Verbose Summary: CDFG Model
============================================================
IsTopModel: 0
ResetActiveHigh: 1
IsCombinational: 0
IsDatapathOnly: 0
HasWiredReturn: 1
HasMFsm: 2
HasVarLatency: 1
IsPipeline: 0
IsRtlPipelined: 0
IsInstanceOverlapped: 0
IsDontTouch: 0
HasImplIP: 0
IsGatedGlobalClock: 0

+ Individual pipeline summary: 
  * Pipeline-0: initiation interval (II) = 1, depth = 2


============================================================
+ Verbose Summary: Schedule
============================================================
* Number of FSM states : 2
* Pipeline : 1
  Pipeline-0 : II = 1, D = 2, States = { 1 2 }
* Dataflow Pipeline: 0

* FSM state transitions: 
1 --> 2 
2 --> 

* FSM state operations: 

State 1 <SV = 0> <Delay = 1.34>
ST_1 : Operation 5 [1/1] (0.00ns)   --->   "%itr = alloca i32 1"   --->   Operation 5 'alloca' 'itr' <Predicate = true> <Delay = 0.00>
ST_1 : Operation 6 [1/1] (0.00ns)   --->   "%specinterface_ln0 = specinterface void @_ssdm_op_SpecInterface, i1 %arg0_axis_in_V_last_V, i32 %arg0_axis_in_V_strb_V, i32 %arg0_axis_in_V_keep_V, i256 %arg0_axis_in_V_data_V, void @empty_3, i32 0, i32 0, void @empty_21, i32 0, i32 0, void @empty_18, void @empty_18, void @empty_18, i32 0, i32 0, i32 0, i32 0, void @empty_18, void @empty_18, i32 4294967295, i32 0"   --->   Operation 6 'specinterface' 'specinterface_ln0' <Predicate = true> <Delay = 0.00>
ST_1 : Operation 7 [1/1] (0.00ns)   --->   "%specinterface_ln0 = specinterface void @_ssdm_op_SpecInterface, i256 %arg0_arg1_streams_0, void @empty_2, i32 0, i32 0, void @empty_18, i32 0, i32 0, void @empty_18, void @empty_18, void @empty_18, i32 0, i32 0, i32 0, i32 0, void @empty_18, void @empty_18, i32 4294967295, i32 0"   --->   Operation 7 'specinterface' 'specinterface_ln0' <Predicate = true> <Delay = 0.00>
ST_1 : Operation 8 [1/1] (0.00ns)   --->   "%trunc_ln_read = read i27 @_ssdm_op_Read.ap_auto.i27, i27 %trunc_ln"   --->   Operation 8 'read' 'trunc_ln_read' <Predicate = true> <Delay = 0.00>
ST_1 : Operation 9 [1/1] (0.46ns)   --->   "%store_ln0 = store i27 0, i27 %itr"   --->   Operation 9 'store' 'store_ln0' <Predicate = true> <Delay = 0.46>
ST_1 : Operation 10 [1/1] (0.00ns)   --->   "%br_ln0 = br void %VITIS_LOOP_1523_2"   --->   Operation 10 'br' 'br_ln0' <Predicate = true> <Delay = 0.00>
ST_1 : Operation 11 [1/1] (0.00ns)   --->   "%itr_4 = load i27 %itr" [/home/x_thileeb/repos/ops-hls-pact25-artifact/OPS/ops/hls/include/device/../../L1/include/ops_hls_datamover.hpp:1521]   --->   Operation 11 'load' 'itr_4' <Predicate = true> <Delay = 0.00>
ST_1 : Operation 12 [1/1] (0.87ns)   --->   "%itr_5 = add i27 %itr_4, i27 1" [/home/x_thileeb/repos/ops-hls-pact25-artifact/OPS/ops/hls/include/device/../../L1/include/ops_hls_datamover.hpp:1521]   --->   Operation 12 'add' 'itr_5' <Predicate = true> <Delay = 0.87> <CoreInst = "Adder">   --->   Core 1 'Adder' <Latency = 0> <II = 1> <Delay = 0.87> <FuncUnit> <Opcode : 'add' 'sub'> <InPorts = 2> <OutPorts = 1>
ST_1 : Operation 13 [1/1] (0.00ns)   --->   "%specpipeline_ln0 = specpipeline void @_ssdm_op_SpecPipeline, i32 4294967295, i32 0, i32 1, i32 0, void @p_str"   --->   Operation 13 'specpipeline' 'specpipeline_ln0' <Predicate = true> <Delay = 0.00>
ST_1 : Operation 14 [1/1] (0.74ns)   --->   "%icmp_ln1521 = icmp_eq  i27 %itr_4, i27 %trunc_ln_read" [/home/x_thileeb/repos/ops-hls-pact25-artifact/OPS/ops/hls/include/device/../../L1/include/ops_hls_datamover.hpp:1521]   --->   Operation 14 'icmp' 'icmp_ln1521' <Predicate = true> <Delay = 0.74> <CoreInst = "Cmp">   --->   Core 9 'Cmp' <Latency = 0> <II = 1> <Delay = 0.74> <FuncUnit> <Opcode : 'icmp'> <InPorts = 2> <OutPorts = 1>
ST_1 : Operation 15 [1/1] (0.00ns)   --->   "%br_ln1521 = br i1 %icmp_ln1521, void %VITIS_LOOP_1523_2.split, void %for.end13.loopexit.exitStub" [/home/x_thileeb/repos/ops-hls-pact25-artifact/OPS/ops/hls/include/device/../../L1/include/ops_hls_datamover.hpp:1521]   --->   Operation 15 'br' 'br_ln1521' <Predicate = true> <Delay = 0.00>
ST_1 : Operation 16 [1/1] (0.00ns)   --->   "%empty = read i321 @_ssdm_op_Read.axis.volatile.i256P0A.i32P0A.i32P0A.i1P0A, i256 %arg0_axis_in_V_data_V, i32 %arg0_axis_in_V_keep_V, i32 %arg0_axis_in_V_strb_V, i1 %arg0_axis_in_V_last_V"   --->   Operation 16 'read' 'empty' <Predicate = (!icmp_ln1521)> <Delay = 0.00> <CoreInst = "axis">   --->   Core 127 'axis' <Latency = 0> <II = 1> <Delay = 1.00> <Adapter> <Opcode : >
ST_1 : Operation 17 [1/1] (0.00ns)   --->   "%tmp_data_V = extractvalue i321 %empty"   --->   Operation 17 'extractvalue' 'tmp_data_V' <Predicate = (!icmp_ln1521)> <Delay = 0.00>
ST_1 : Operation 18 [1/1] (0.46ns)   --->   "%store_ln1521 = store i27 %itr_5, i27 %itr" [/home/x_thileeb/repos/ops-hls-pact25-artifact/OPS/ops/hls/include/device/../../L1/include/ops_hls_datamover.hpp:1521]   --->   Operation 18 'store' 'store_ln1521' <Predicate = (!icmp_ln1521)> <Delay = 0.46>
ST_1 : Operation 22 [1/1] (0.00ns)   --->   "%ret_ln0 = ret"   --->   Operation 22 'ret' 'ret_ln0' <Predicate = (icmp_ln1521)> <Delay = 0.00>

State 2 <SV = 1> <Delay = 1.21>
ST_2 : Operation 19 [1/1] (0.00ns)   --->   "%specloopname_ln1521 = specloopname void @_ssdm_op_SpecLoopName, void @empty_11" [/home/x_thileeb/repos/ops-hls-pact25-artifact/OPS/ops/hls/include/device/../../L1/include/ops_hls_datamover.hpp:1521]   --->   Operation 19 'specloopname' 'specloopname_ln1521' <Predicate = true> <Delay = 0.00>
ST_2 : Operation 20 [1/1] (1.21ns)   --->   "%write_ln174 = write void @_ssdm_op_Write.ap_fifo.volatile.i256P0A, i256 %arg0_arg1_streams_0, i256 %tmp_data_V" [/tools/Xilinx/Vitis_HLS/2022.1/common/technology/autopilot/hls_stream_39.h:174]   --->   Operation 20 'write' 'write_ln174' <Predicate = true> <Delay = 1.21> <CoreInst = "FIFO">   --->   Core 82 'FIFO' <Latency = 0> <II = 1> <Delay = 1.38> <Storage> <Opcode : 'read' 'write' 'nbread' 'nbwrite'> <Ports = 0> <Width = 256> <Depth = 10> <FIFO>
ST_2 : Operation 21 [1/1] (0.00ns)   --->   "%br_ln1521 = br void %VITIS_LOOP_1523_2" [/home/x_thileeb/repos/ops-hls-pact25-artifact/OPS/ops/hls/include/device/../../L1/include/ops_hls_datamover.hpp:1521]   --->   Operation 21 'br' 'br_ln1521' <Predicate = true> <Delay = 0.00>


============================================================
+ Verbose Summary: Timing violations
============================================================
Target clock period: 3.33ns, clock uncertainty: 0.9ns.

 <State 1>: 1.34ns
The critical path consists of the following:
	'alloca' operation ('itr') [7]  (0 ns)
	'load' operation ('itr', /home/x_thileeb/repos/ops-hls-pact25-artifact/OPS/ops/hls/include/device/../../L1/include/ops_hls_datamover.hpp:1521) on local variable 'itr' [14]  (0 ns)
	'add' operation ('itr', /home/x_thileeb/repos/ops-hls-pact25-artifact/OPS/ops/hls/include/device/../../L1/include/ops_hls_datamover.hpp:1521) [15]  (0.879 ns)
	'store' operation ('store_ln1521', /home/x_thileeb/repos/ops-hls-pact25-artifact/OPS/ops/hls/include/device/../../L1/include/ops_hls_datamover.hpp:1521) of variable 'itr', /home/x_thileeb/repos/ops-hls-pact25-artifact/OPS/ops/hls/include/device/../../L1/include/ops_hls_datamover.hpp:1521 on local variable 'itr' [24]  (0.465 ns)

 <State 2>: 1.22ns
The critical path consists of the following:
	fifo write operation ('write_ln174', /tools/Xilinx/Vitis_HLS/2022.1/common/technology/autopilot/hls_stream_39.h:174) on port 'arg0_arg1_streams_0' (/tools/Xilinx/Vitis_HLS/2022.1/common/technology/autopilot/hls_stream_39.h:174) [23]  (1.22 ns)


============================================================
+ Verbose Summary: Binding
============================================================
N/A
* FSMD analyzer results:
  - Output states:
 - Input state : 
  - Chain level:
	State 1
	State 2


============================================================
+ Verbose Summary: Datapath Resource usage 
============================================================
N/A
