

================================================================
== Vitis HLS Report for 'axis2stream_256u_256u_Pipeline_VITIS_LOOP_1521_1'
================================================================
* Date:           Sun Jul 26 01:25:55 2026

* Version:        2022.1 (Build 3526262 on Mon Apr 18 15:47:01 MDT 2022)
* Project:        kernel_outerloop_0
* Solution:       solution (Vitis Kernel Flow Target)
* Product family: versal
* Target device:  xcvc1902-vsvd1760-2MP-e-S


================================================================
== Performance Estimates
================================================================
+ Timing: 
    * Summary: 
    +--------+---------+----------+------------+
    |  Clock |  Target | Estimated| Uncertainty|
    +--------+---------+----------+------------+
    |ap_clk  |  3.33 ns|  1.344 ns|     0.90 ns|
    +--------+---------+----------+------------+

+ Latency: 
    * Summary: 
    +---------+---------+----------+----------+-----+-----+---------+
    |  Latency (cycles) |  Latency (absolute) |  Interval | Pipeline|
    |   min   |   max   |    min   |    max   | min | max |   Type  |
    +---------+---------+----------+----------+-----+-----+---------+
    |        ?|        ?|         ?|         ?|    ?|    ?|       no|
    +---------+---------+----------+----------+-----+-----+---------+

    + Detail: 
        * Instance: 
        N/A

        * Loop: 
        +---------------------+---------+---------+----------+-----------+-----------+------+----------+
        |                     |  Latency (cycles) | Iteration|  Initiation Interval  | Trip |          |
        |      Loop Name      |   min   |   max   |  Latency |  achieved |   target  | Count| Pipelined|
        +---------------------+---------+---------+----------+-----------+-----------+------+----------+
        |- VITIS_LOOP_1521_1  |        ?|        ?|         2|          1|          1|     ?|       yes|
        +---------------------+---------+---------+----------+-----------+-----------+------+----------+



================================================================
== Utilization Estimates
================================================================
* Summary: 
+-----------------+---------+------+---------+--------+-----+
|       Name      | BRAM_18K|  DSP |    FF   |   LUT  | URAM|
+-----------------+---------+------+---------+--------+-----+
|DSP              |        -|     -|        -|       -|    -|
|Expression       |        -|     -|        0|      46|    -|
|FIFO             |        -|     -|        -|       -|    -|
|Instance         |        -|     -|        -|       -|    -|
|Memory           |        -|     -|        -|       -|    -|
|Multiplexer      |        -|     -|        -|      58|    -|
|Register         |        -|     -|      286|       -|    -|
+-----------------+---------+------+---------+--------+-----+
|Total            |        0|     0|      286|     104|    0|
+-----------------+---------+------+---------+--------+-----+
|Available        |     1934|  1968|  1799680|  899840|  463|
+-----------------+---------+------+---------+--------+-----+
|Utilization (%)  |        0|     0|       ~0|      ~0|    0|
+-----------------+---------+------+---------+--------+-----+

+ Detail: 
    * Instance: 
    N/A

    * DSP: 
    N/A

    * Memory: 
    N/A

    * FIFO: 
    N/A

    * Expression: 
    +----------------------------------+----------+----+---+----+------------+------------+
    |           Variable Name          | Operation| DSP| FF| LUT| Bitwidth P0| Bitwidth P1|
    +----------------------------------+----------+----+---+----+------------+------------+
    |itr_5_fu_83_p2                    |         +|   0|  0|  27|          27|           1|
    |ap_block_state1_pp0_stage0_iter0  |       and|   0|  0|   2|           1|           1|
    |icmp_ln1521_fu_89_p2              |      icmp|   0|  0|  13|          27|          27|
    |ap_block_pp0_stage0_01001         |        or|   0|  0|   2|           1|           1|
    |ap_enable_pp0                     |       xor|   0|  0|   2|           1|           2|
    +----------------------------------+----------+----+---+----+------------+------------+
    |Total                             |          |   0|  0|  46|          57|          32|
    +----------------------------------+----------+----+---+----+------------+------------+

    * Multiplexer: 
    +---------------------------+----+-----------+-----+-----------+
    |            Name           | LUT| Input Size| Bits| Total Bits|
    +---------------------------+----+-----------+-----+-----------+
    |ap_done_int                |   2|          2|    1|          2|
    |ap_enable_reg_pp0_iter1    |   2|          2|    1|          2|
    |ap_sig_allocacmp_itr_4     |  25|          2|   27|         54|
    |arg0_arg1_streams_0_blk_n  |   2|          2|    1|          2|
    |arg0_axis_in_TDATA_blk_n   |   2|          2|    1|          2|
    |itr_fu_46                  |  25|          2|   27|         54|
    +---------------------------+----+-----------+-----+-----------+
    |Total                      |  58|         12|   58|        116|
    +---------------------------+----+-----------+-----+-----------+

    * Register: 
    +-------------------------+-----+----+-----+-----------+
    |           Name          |  FF | LUT| Bits| Const Bits|
    +-------------------------+-----+----+-----+-----------+
    |ap_CS_fsm                |    1|   0|    1|          0|
    |ap_done_reg              |    1|   0|    1|          0|
    |ap_enable_reg_pp0_iter1  |    1|   0|    1|          0|
    |itr_fu_46                |   27|   0|   27|          0|
    |tmp_data_V_reg_114       |  256|   0|  256|          0|
    +-------------------------+-----+----+-----+-----------+
    |Total                    |  286|   0|  286|          0|
    +-------------------------+-----+----+-----+-----------+



================================================================
== Interface
================================================================
* Summary: 
+------------------------------------+-----+-----+------------+----------------------------------------------------+--------------+
|              RTL Ports             | Dir | Bits|  Protocol  |                    Source Object                   |    C Type    |
+------------------------------------+-----+-----+------------+----------------------------------------------------+--------------+
|ap_clk                              |   in|    1|  ap_ctrl_hs|  axis2stream<256u, 256u>_Pipeline_VITIS_LOOP_1521_1|  return value|
|ap_rst                              |   in|    1|  ap_ctrl_hs|  axis2stream<256u, 256u>_Pipeline_VITIS_LOOP_1521_1|  return value|
|ap_start                            |   in|    1|  ap_ctrl_hs|  axis2stream<256u, 256u>_Pipeline_VITIS_LOOP_1521_1|  return value|
|ap_done                             |  out|    1|  ap_ctrl_hs|  axis2stream<256u, 256u>_Pipeline_VITIS_LOOP_1521_1|  return value|
|ap_idle                             |  out|    1|  ap_ctrl_hs|  axis2stream<256u, 256u>_Pipeline_VITIS_LOOP_1521_1|  return value|
|ap_ready                            |  out|    1|  ap_ctrl_hs|  axis2stream<256u, 256u>_Pipeline_VITIS_LOOP_1521_1|  return value|
|arg0_axis_in_TVALID                 |   in|    1|        axis|                               arg0_axis_in_V_data_V|       pointer|
|arg0_axis_in_TDATA                  |   in|  256|        axis|                               arg0_axis_in_V_data_V|       pointer|
|arg0_arg1_streams_0_din             |  out|  256|     ap_fifo|                                 arg0_arg1_streams_0|       pointer|
|arg0_arg1_streams_0_num_data_valid  |   in|    5|     ap_fifo|                                 arg0_arg1_streams_0|       pointer|
|arg0_arg1_streams_0_fifo_cap        |   in|    5|     ap_fifo|                                 arg0_arg1_streams_0|       pointer|
|arg0_arg1_streams_0_full_n          |   in|    1|     ap_fifo|                                 arg0_arg1_streams_0|       pointer|
|arg0_arg1_streams_0_write           |  out|    1|     ap_fifo|                                 arg0_arg1_streams_0|       pointer|
|trunc_ln                            |   in|   27|     ap_none|                                            trunc_ln|        scalar|
|arg0_axis_in_TREADY                 |  out|    1|        axis|                               arg0_axis_in_V_last_V|       pointer|
|arg0_axis_in_TLAST                  |   in|    1|        axis|                               arg0_axis_in_V_last_V|       pointer|
|arg0_axis_in_TKEEP                  |   in|   32|        axis|                               arg0_axis_in_V_keep_V|       pointer|
|arg0_axis_in_TSTRB                  |   in|   32|        axis|                               arg0_axis_in_V_strb_V|       pointer|
+------------------------------------+-----+-----+------------+----------------------------------------------------+--------------+

============================================================
+ Verbose Summary: Synthesis Manager
============================================================
InlineROM: 1
ExposeGlobal: 0
============================================================
+ Verbose Summary: CDFG Model
============================================================
IsTopModel: 0
ResetActiveHigh: 1
IsCombinational: 2
IsDatapathOnly: 2
HasWiredReturn: 1
HasMFsm: 2
HasVarLatency: 1
IsPipeline: 0
IsRtlPipelined: 0
IsInstanceOverlapped: 0
IsDontTouch: 0
HasImplIP: 0
IsGatedGlobalClock: 0

+ Individual pipeline summary: 
  * Pipeline-0: initiation interval (II) = 1, depth = 2


============================================================
+ Verbose Summary: Schedule
============================================================
* Number of FSM states : 2
* Pipeline : 1
  Pipeline-0 : II = 1, D = 2, States = { 1 2 }
* Dataflow Pipeline: 0

* FSM state transitions: 
1 --> 2 
2 --> 

* FSM state operations: 

State 1 <SV = 0> <Delay = 1.34>
ST_1 : Operation 5 [1/1] (0.00ns)   --->   "%itr = alloca i32 1"   --->   Operation 5 'alloca' 'itr' <Predicate = true> <Delay = 0.00>
ST_1 : Operation 6 [1/1] (0.00ns)   --->   "%specinterface_ln0 = specinterface void @_ssdm_op_SpecInterface, i1 %arg0_axis_in_V_last_V, i32 %arg0_axis_in_V_strb_V, i32 %arg0_axis_in_V_keep_V, i256 %arg0_axis_in_V_data_V, void @empty_3, i32 0, i32 0, void @empty_21, i32 0, i32 0, void @empty_18, void @empty_18, void @empty_18, i32 0, i32 0, i32 0, i32 0, void @empty_18, void @empty_18, i32 4294967295, i32 0"   --->   Operation 6 'specinterface' 'specinterface_ln0' <Predicate = true> <Delay = 0.00>
ST_1 : Operation 7 [1/1] (0.00ns)   --->   "%specinterface_ln0 = specinterface void @_ssdm_op_SpecInterface, i256 %arg0_arg1_streams_0, void @empty_2, i32 0, i32 0, void @empty_18, i32 0, i32 0, void @empty_18, void @empty_18, void @empty_18, i32 0, i32 0, i32 0, i32 0, void @empty_18, void @empty_18, i32 4294967295, i32 0"   --->   Operation 7 'specinterface' 'specinterface_ln0' <Predicate = true> <Delay = 0.00>
ST_1 : Operation 8 [1/1] (0.00ns)   --->   "%trunc_ln_read = read i27 @_ssdm_op_Read.ap_auto.i27, i27 %trunc_ln"   --->   Operation 8 'read' 'trunc_ln_read' <Predicate = true> <Delay = 0.00>
ST_1 : Operation 9 [1/1] (0.46ns)   --->   "%store_ln0 = store i27 0, i27 %itr"   --->   Operation 9 'store' 'store_ln0' <Predicate = true> <Delay = 0.46>
ST_1 : Operation 10 [1/1] (0.00ns)   --->   "%br_ln0 = br void %VITIS_LOOP_1523_2"   --->   Operation 10 'br' 'br_ln0' <Predicate = true> <Delay = 0.00>
ST_1 : Operation 11 [1/1] (0.00ns)   --->   "%itr_4 = load i27 %itr" [/home/x_thileeb/repos/ops-hls-pact25-artifact/OPS/ops/hls/include/device/../../L1/include/ops_hls_datamover.hpp:1521]   --->   Operation 11 'load' 'itr_4' <Predicate = true> <Delay = 0.00>
ST_1 : Operation 12 [1/1] (0.87ns)   --->   "%itr_5 = add i27 %itr_4, i27 1" [/home/x_thileeb/repos/ops-hls-pact25-artifact/OPS/ops/hls/include/device/../../L1/include/ops_hls_datamover.hpp:1521]   --->   Operation 12 'add' 'itr_5' <Predicate = true> <Delay = 0.87> <CoreInst = "Adder">   --->   Core 1 'Adder' <Latency = 0> <II = 1> <Delay = 0.87> <FuncUnit> <Opcode : 'add' 'sub'> <InPorts = 2> <OutPorts = 1>
ST_1 : Operation 13 [1/1] (0.00ns)   --->   "%specpipeline_ln0 = specpipeline void @_ssdm_op_SpecPipeline, i32 4294967295, i32 0, i32 1, i32 0, void @p_str"   --->   Operation 13 'specpipeline' 'specpipeline_ln0' <Predicate = true> <Delay = 0.00>
ST_1 : Operation 14 [1/1] (0.74ns)   --->   "%icmp_ln1521 = icmp_eq  i27 %itr_4, i27 %trunc_ln_read" [/home/x_thileeb/repos/ops-hls-pact25-artifact/OPS/ops/hls/include/device/../../L1/include/ops_hls_datamover.hpp:1521]   --->   Operation 14 'icmp' 'icmp_ln1521' <Predicate = true> <Delay = 0.74> <CoreInst = "Cmp">   --->   Core 9 'Cmp' <Latency = 0> <II = 1> <Delay = 0.74> <FuncUnit> <Opcode : 'icmp'> <InPorts = 2> <OutPorts = 1>
ST_1 : Operation 15 [1/1] (0.00ns)   --->   "%br_ln1521 = br i1 %icmp_ln1521, void %VITIS_LOOP_1523_2.split, void %for.end13.loopexit.exitStub" [/home/x_thileeb/repos/ops-hls-pact25-artifact/OPS/ops/hls/include/device/../../L1/include/ops_hls_datamover.hpp:1521]   --->   Operation 15 'br' 'br_ln1521' <Predicate = true> <Delay = 0.00>
ST_1 : Operation 16 [1/1] (0.00ns)   --->   "%empty = read i321 @_ssdm_op_Read.axis.volatile.i256P0A.i32P0A.i32P0A.i1P0A, i256 %arg0_axis_in_V_data_V, i32 %arg0_axis_in_V_keep_V, i32 %arg0_axis_in_V_strb_V, i1 %arg0_axis_in_V_last_V"   --->   Operation 16 'read' 'empty' <Predicate = (!icmp_ln1521)> <Delay = 0.00> <CoreInst = "axis">   --->   Core 127 'axis' <Latency = 0> <II = 1> <Delay = 1.00> <Adapter> <Opcode : >
ST_1 : Operation 17 [1/1] (0.00ns)   --->   "%tmp_data_V = extractvalue i321 %empty"   --->   Operation 17 'extractvalue' 'tmp_data_V' <Predicate = (!icmp_ln1521)> <Delay = 0.00>
ST_1 : Operation 18 [1/1] (0.46ns)   --->   "%store_ln1521 = store i27 %itr_5, i27 %itr" [/home/x_thileeb/repos/ops-hls-pact25-artifact/OPS/ops/hls/include/device/../../L1/include/ops_hls_datamover.hpp:1521]   --->   Operation 18 'store' 'store_ln1521' <Predicate = (!icmp_ln1521)> <Delay = 0.46>
ST_1 : Operation 22 [1/1] (0.00ns)   --->   "%ret_ln0 = ret"   --->   Operation 22 'ret' 'ret_ln0' <Predicate = (icmp_ln1521)> <Delay = 0.00>

State 2 <SV = 1> <Delay = 1.21>
ST_2 : Operation 19 [1/1] (0.00ns)   --->   "%specloopname_ln1521 = specloopname void @_ssdm_op_SpecLoopName, void @empty_11" [/home/x_thileeb/repos/ops-hls-pact25-artifact/OPS/ops/hls/include/device/../../L1/include/ops_hls_datamover.hpp:1521]   --->   Operation 19 'specloopname' 'specloopname_ln1521' <Predicate = true> <Delay = 0.00>
ST_2 : Operation 20 [1/1] (1.21ns)   --->   "%write_ln174 = write void @_ssdm_op_Write.ap_fifo.volatile.i256P0A, i256 %arg0_arg1_streams_0, i256 %tmp_data_V" [/tools/Xilinx/Vitis_HLS/2022.1/common/technology/autopilot/hls_stream_39.h:174]   --->   Operation 20 'write' 'write_ln174' <Predicate = true> <Delay = 1.21> <CoreInst = "FIFO">   --->   Core 82 'FIFO' <Latency = 0> <II = 1> <Delay = 1.38> <Storage> <Opcode : 'read' 'write' 'nbread' 'nbwrite'> <Ports = 0> <Width = 256> <Depth = 10> <FIFO>
ST_2 : Operation 21 [1/1] (0.00ns)   --->   "%br_ln1521 = br void %VITIS_LOOP_1523_2" [/home/x_thileeb/repos/ops-hls-pact25-artifact/OPS/ops/hls/include/device/../../L1/include/ops_hls_datamover.hpp:1521]   --->   Operation 21 'br' 'br_ln1521' <Predicate = true> <Delay = 0.00>


============================================================
+ Verbose Summary: Binding
============================================================
STG Binding: 
---------------- STG Properties BEGIN ----------------
- Is combinational: 0
- Is one-state seq: 0
- Is datapath-only: 0
- Is pipelined: 0
- Is top level: 0
Port [ Return ] is wired: 1; IO mode=ap_ctrl_hs:ce=0
Port [ trunc_ln]:  wired=1; compound=0; hidden=0; nouse=0; global=0; static=0; extern=0; dir=0; type=0; pingpong=0; private_global=0; IO mode=ap_none:ce=0
Port [ arg0_axis_in_V_data_V]:  wired=1; compound=1; hidden=0; nouse=0; global=0; static=0; extern=0; dir=0; type=0; pingpong=0; private_global=0; IO mode=axis:ce=0
Port [ arg0_axis_in_V_keep_V]:  wired=1; compound=1; hidden=0; nouse=0; global=0; static=0; extern=0; dir=0; type=0; pingpong=0; private_global=0; IO mode=axis:ce=0
Port [ arg0_axis_in_V_strb_V]:  wired=1; compound=1; hidden=0; nouse=0; global=0; static=0; extern=0; dir=0; type=0; pingpong=0; private_global=0; IO mode=axis:ce=0
Port [ arg0_axis_in_V_last_V]:  wired=1; compound=1; hidden=0; nouse=0; global=0; static=0; extern=0; dir=0; type=0; pingpong=0; private_global=0; IO mode=axis:ce=0
Port [ arg0_arg1_streams_0]:  wired=1; compound=1; hidden=0; nouse=0; global=0; static=0; extern=0; dir=1; type=3; pingpong=0; private_global=0; IO mode=ap_fifo:ce=0
---------------- STG Properties END ------------------

---------------- Datapath Model BEGIN ----------------

<LifeTime>
<method=bitvector/>
itr                 (alloca       ) [ 010]
specinterface_ln0   (specinterface) [ 000]
specinterface_ln0   (specinterface) [ 000]
trunc_ln_read       (read         ) [ 000]
store_ln0           (store        ) [ 000]
br_ln0              (br           ) [ 000]
itr_4               (load         ) [ 000]
itr_5               (add          ) [ 000]
specpipeline_ln0    (specpipeline ) [ 000]
icmp_ln1521         (icmp         ) [ 010]
br_ln1521           (br           ) [ 000]
empty               (read         ) [ 000]
tmp_data_V          (extractvalue ) [ 011]
store_ln1521        (store        ) [ 000]
specloopname_ln1521 (specloopname ) [ 000]
write_ln174         (write        ) [ 000]
br_ln1521           (br           ) [ 000]
ret_ln0             (ret          ) [ 000]
</LifeTime>

<model>

<comp_list>
<comp id="0" class="1000" name="trunc_ln">
<pin_list>
<pin id="1" dir="1" index="0" bw="1" slack="0"/>
</pin_list>
<bind>
<StgValue><ssdm name="trunc_ln"/></StgValue>
</bind>
</comp>

<comp id="2" class="1000" name="arg0_axis_in_V_data_V">
<pin_list>
<pin id="3" dir="1" index="0" bw="1" slack="0"/>
</pin_list>
<bind>
<StgValue><ssdm name="arg0_axis_in_V_data_V"/></StgValue>
</bind>
</comp>

<comp id="4" class="1000" name="arg0_axis_in_V_keep_V">
<pin_list>
<pin id="5" dir="1" index="0" bw="1" slack="0"/>
</pin_list>
<bind>
<StgValue><ssdm name="arg0_axis_in_V_keep_V"/></StgValue>
</bind>
</comp>

<comp id="6" class="1000" name="arg0_axis_in_V_strb_V">
<pin_list>
<pin id="7" dir="1" index="0" bw="1" slack="0"/>
</pin_list>
<bind>
<StgValue><ssdm name="arg0_axis_in_V_strb_V"/></StgValue>
</bind>
</comp>

<comp id="8" class="1000" name="arg0_axis_in_V_last_V">
<pin_list>
<pin id="9" dir="1" index="0" bw="1" slack="0"/>
</pin_list>
<bind>
<StgValue><ssdm name="arg0_axis_in_V_last_V"/></StgValue>
</bind>
</comp>

<comp id="10" class="1000" name="arg0_arg1_streams_0">
<pin_list>
<pin id="11" dir="1" index="0" bw="1" slack="0"/>
</pin_list>
<bind>
<StgValue><ssdm name="arg0_arg1_streams_0"/></StgValue>
</bind>
</comp>

<comp id="12" class="1001" name="const_12">
<pin_list>
<pin id="13" dir="1" index="0" bw="1" slack="0"/>
</pin_list>
<bind>
<StgValue><ssdm name=""/></StgValue>
</bind>
</comp>

<comp id="14" class="1001" name="const_14">
<pin_list>
<pin id="15" dir="1" index="0" bw="1" slack="2147483647"/>
</pin_list>
<bind>
<StgValue><ssdm name="_ssdm_op_SpecInterface"/></StgValue>
</bind>
</comp>

<comp id="16" class="1001" name="const_16">
<pin_list>
<pin id="17" dir="1" index="0" bw="1" slack="2147483647"/>
</pin_list>
<bind>
<StgValue><ssdm name="empty_3"/></StgValue>
</bind>
</comp>

<comp id="18" class="1001" name="const_18">
<pin_list>
<pin id="19" dir="1" index="0" bw="1" slack="2147483647"/>
</pin_list>
<bind>
<StgValue><ssdm name=""/></StgValue>
</bind>
</comp>

<comp id="20" class="1001" name="const_20">
<pin_list>
<pin id="21" dir="1" index="0" bw="1" slack="2147483647"/>
</pin_list>
<bind>
<StgValue><ssdm name="empty_21"/></StgValue>
</bind>
</comp>

<comp id="22" class="1001" name="const_22">
<pin_list>
<pin id="23" dir="1" index="0" bw="1" slack="2147483647"/>
</pin_list>
<bind>
<StgValue><ssdm name="empty_18"/></StgValue>
</bind>
</comp>

<comp id="24" class="1001" name="const_24">
<pin_list>
<pin id="25" dir="1" index="0" bw="1" slack="2147483647"/>
</pin_list>
<bind>
<StgValue><ssdm name=""/></StgValue>
</bind>
</comp>

<comp id="26" class="1001" name="const_26">
<pin_list>
<pin id="27" dir="1" index="0" bw="1" slack="2147483647"/>
</pin_list>
<bind>
<StgValue><ssdm name="empty_2"/></StgValue>
</bind>
</comp>

<comp id="28" class="1001" name="const_28">
<pin_list>
<pin id="29" dir="1" index="0" bw="1" slack="0"/>
</pin_list>
<bind>
<StgValue><ssdm name="_ssdm_op_Read.ap_auto.i27"/></StgValue>
</bind>
</comp>

<comp id="30" class="1001" name="const_30">
<pin_list>
<pin id="31" dir="1" index="0" bw="1" slack="0"/>
</pin_list>
<bind>
<StgValue><ssdm name=""/></StgValue>
</bind>
</comp>

<comp id="32" class="1001" name="const_32">
<pin_list>
<pin id="33" dir="1" index="0" bw="1" slack="0"/>
</pin_list>
<bind>
<StgValue><ssdm name=""/></StgValue>
</bind>
</comp>

<comp id="34" class="1001" name="const_34">
<pin_list>
<pin id="35" dir="1" index="0" bw="1" slack="2147483647"/>
</pin_list>
<bind>
<StgValue><ssdm name="_ssdm_op_SpecPipeline"/></StgValue>
</bind>
</comp>

<comp id="36" class="1001" name="const_36">
<pin_list>
<pin id="37" dir="1" index="0" bw="1" slack="2147483647"/>
</pin_list>
<bind>
<StgValue><ssdm name="p_str"/></StgValue>
</bind>
</comp>

<comp id="38" class="1001" name="const_38">
<pin_list>
<pin id="39" dir="1" index="0" bw="1" slack="0"/>
</pin_list>
<bind>
<StgValue><ssdm name="_ssdm_op_Read.axis.volatile.i256P0A.i32P0A.i32P0A.i1P0A"/></StgValue>
</bind>
</comp>

<comp id="40" class="1001" name="const_40">
<pin_list>
<pin id="41" dir="1" index="0" bw="1" slack="2147483647"/>
</pin_list>
<bind>
<StgValue><ssdm name="_ssdm_op_SpecLoopName"/></StgValue>
</bind>
</comp>

<comp id="42" class="1001" name="const_42">
<pin_list>
<pin id="43" dir="1" index="0" bw="1" slack="2147483647"/>
</pin_list>
<bind>
<StgValue><ssdm name="empty_11"/></StgValue>
</bind>
</comp>

<comp id="44" class="1001" name="const_44">
<pin_list>
<pin id="45" dir="1" index="0" bw="1" slack="0"/>
</pin_list>
<bind>
<StgValue><ssdm name="_ssdm_op_Write.ap_fifo.volatile.i256P0A"/></StgValue>
</bind>
</comp>

<comp id="46" class="1004" name="itr_fu_46">
<pin_list>
<pin id="47" dir="0" index="0" bw="1" slack="0"/>
<pin id="48" dir="1" index="1" bw="27" slack="0"/>
</pin_list>
<bind>
<opcode="alloca(26) " fcode="alloca"/>
<opset="itr/1 "/>
</bind>
</comp>

<comp id="50" class="1004" name="trunc_ln_read_read_fu_50">
<pin_list>
<pin id="51" dir="0" index="0" bw="27" slack="0"/>
<pin id="52" dir="0" index="1" bw="27" slack="0"/>
<pin id="53" dir="1" index="2" bw="27" slack="0"/>
</pin_list>
<bind>
<opcode="read(1150) " fcode="read"/>
<opset="trunc_ln_read/1 "/>
</bind>
</comp>

<comp id="56" class="1004" name="empty_read_fu_56">
<pin_list>
<pin id="57" dir="0" index="0" bw="321" slack="0"/>
<pin id="58" dir="0" index="1" bw="256" slack="0"/>
<pin id="59" dir="0" index="2" bw="32" slack="0"/>
<pin id="60" dir="0" index="3" bw="32" slack="0"/>
<pin id="61" dir="0" index="4" bw="1" slack="0"/>
<pin id="62" dir="1" index="5" bw="321" slack="0"/>
</pin_list>
<bind>
<opcode="read(1150) " fcode="read"/>
<opset="empty/1 "/>
</bind>
</comp>

<comp id="68" class="1004" name="write_ln174_write_fu_68">
<pin_list>
<pin id="69" dir="0" index="0" bw="0" slack="0"/>
<pin id="70" dir="0" index="1" bw="256" slack="0"/>
<pin id="71" dir="0" index="2" bw="256" slack="1"/>
<pin id="72" dir="1" index="3" bw="0" slack="2147483647"/>
</pin_list>
<bind>
<opcode="write(1151) " fcode="write"/>
<opset="write_ln174/2 "/>
</bind>
</comp>

<comp id="75" class="1004" name="store_ln0_store_fu_75">
<pin_list>
<pin id="76" dir="0" index="0" bw="1" slack="0"/>
<pin id="77" dir="0" index="1" bw="27" slack="0"/>
<pin id="78" dir="1" index="2" bw="0" slack="2147483647"/>
</pin_list>
<bind>
<opcode="store(28) " fcode="store"/>
<opset="store_ln0/1 "/>
</bind>
</comp>

<comp id="80" class="1004" name="itr_4_load_fu_80">
<pin_list>
<pin id="81" dir="0" index="0" bw="27" slack="0"/>
<pin id="82" dir="1" index="1" bw="27" slack="0"/>
</pin_list>
<bind>
<opcode="load(27) " fcode="load"/>
<opset="itr_4/1 "/>
</bind>
</comp>

<comp id="83" class="1004" name="itr_5_fu_83">
<pin_list>
<pin id="84" dir="0" index="0" bw="27" slack="0"/>
<pin id="85" dir="0" index="1" bw="1" slack="0"/>
<pin id="86" dir="1" index="2" bw="27" slack="0"/>
</pin_list>
<bind>
<opcode="add(8) " fcode="add"/>
<opset="itr_5/1 "/>
</bind>
</comp>

<comp id="89" class="1004" name="icmp_ln1521_fu_89">
<pin_list>
<pin id="90" dir="0" index="0" bw="27" slack="0"/>
<pin id="91" dir="0" index="1" bw="27" slack="0"/>
<pin id="92" dir="1" index="2" bw="1" slack="2147483647"/>
</pin_list>
<bind>
<opcode="icmp(45) " fcode="icmp"/>
<opset="icmp_ln1521/1 "/>
</bind>
</comp>

<comp id="95" class="1004" name="tmp_data_V_fu_95">
<pin_list>
<pin id="96" dir="0" index="0" bw="321" slack="0"/>
<pin id="97" dir="1" index="1" bw="256" slack="1"/>
</pin_list>
<bind>
<opcode="extractvalue(56) " fcode="extractvalue"/>
<opset="tmp_data_V/1 "/>
</bind>
</comp>

<comp id="99" class="1004" name="store_ln1521_store_fu_99">
<pin_list>
<pin id="100" dir="0" index="0" bw="27" slack="0"/>
<pin id="101" dir="0" index="1" bw="27" slack="0"/>
<pin id="102" dir="1" index="2" bw="0" slack="2147483647"/>
</pin_list>
<bind>
<opcode="store(28) " fcode="store"/>
<opset="store_ln1521/1 "/>
</bind>
</comp>

<comp id="104" class="1005" name="itr_reg_104">
<pin_list>
<pin id="105" dir="0" index="0" bw="27" slack="0"/>
<pin id="106" dir="1" index="1" bw="27" slack="0"/>
</pin_list>
<bind>
<opset="itr "/>
</bind>
</comp>

<comp id="114" class="1005" name="tmp_data_V_reg_114">
<pin_list>
<pin id="115" dir="0" index="0" bw="256" slack="1"/>
<pin id="116" dir="1" index="1" bw="256" slack="1"/>
</pin_list>
<bind>
<opset="tmp_data_V "/>
</bind>
</comp>

</comp_list>

<net_list>
<net id="49"><net_src comp="12" pin="0"/><net_sink comp="46" pin=0"/></net>

<net id="54"><net_src comp="28" pin="0"/><net_sink comp="50" pin=0"/></net>

<net id="55"><net_src comp="0" pin="0"/><net_sink comp="50" pin=1"/></net>

<net id="63"><net_src comp="38" pin="0"/><net_sink comp="56" pin=0"/></net>

<net id="64"><net_src comp="2" pin="0"/><net_sink comp="56" pin=1"/></net>

<net id="65"><net_src comp="4" pin="0"/><net_sink comp="56" pin=2"/></net>

<net id="66"><net_src comp="6" pin="0"/><net_sink comp="56" pin=3"/></net>

<net id="67"><net_src comp="8" pin="0"/><net_sink comp="56" pin=4"/></net>

<net id="73"><net_src comp="44" pin="0"/><net_sink comp="68" pin=0"/></net>

<net id="74"><net_src comp="10" pin="0"/><net_sink comp="68" pin=1"/></net>

<net id="79"><net_src comp="30" pin="0"/><net_sink comp="75" pin=0"/></net>

<net id="87"><net_src comp="80" pin="1"/><net_sink comp="83" pin=0"/></net>

<net id="88"><net_src comp="32" pin="0"/><net_sink comp="83" pin=1"/></net>

<net id="93"><net_src comp="80" pin="1"/><net_sink comp="89" pin=0"/></net>

<net id="94"><net_src comp="50" pin="2"/><net_sink comp="89" pin=1"/></net>

<net id="98"><net_src comp="56" pin="5"/><net_sink comp="95" pin=0"/></net>

<net id="103"><net_src comp="83" pin="2"/><net_sink comp="99" pin=0"/></net>

<net id="107"><net_src comp="46" pin="1"/><net_sink comp="104" pin=0"/></net>

<net id="108"><net_src comp="104" pin="1"/><net_sink comp="75" pin=1"/></net>

<net id="109"><net_src comp="104" pin="1"/><net_sink comp="80" pin=0"/></net>

<net id="110"><net_src comp="104" pin="1"/><net_sink comp="99" pin=1"/></net>

<net id="117"><net_src comp="95" pin="1"/><net_sink comp="114" pin=0"/></net>

<net id="118"><net_src comp="114" pin="1"/><net_sink comp="68" pin=2"/></net>

</net_list>

</model> 
---------------- Datapath Model END ------------------

* FSMD analyzer results:
  - Output states:
	Port: arg0_axis_in_V_data_V | {}
	Port: arg0_axis_in_V_keep_V | {}
	Port: arg0_axis_in_V_strb_V | {}
	Port: arg0_axis_in_V_last_V | {}
	Port: arg0_arg1_streams_0 | {2 }
 - Input state : 
	Port: axis2stream<256u, 256u>_Pipeline_VITIS_LOOP_1521_1 : trunc_ln | {1 }
	Port: axis2stream<256u, 256u>_Pipeline_VITIS_LOOP_1521_1 : arg0_axis_in_V_data_V | {1 }
	Port: axis2stream<256u, 256u>_Pipeline_VITIS_LOOP_1521_1 : arg0_axis_in_V_keep_V | {1 }
	Port: axis2stream<256u, 256u>_Pipeline_VITIS_LOOP_1521_1 : arg0_axis_in_V_strb_V | {1 }
	Port: axis2stream<256u, 256u>_Pipeline_VITIS_LOOP_1521_1 : arg0_axis_in_V_last_V | {1 }
	Port: axis2stream<256u, 256u>_Pipeline_VITIS_LOOP_1521_1 : arg0_arg1_streams_0 | {}
  - Chain level:
	State 1
		store_ln0 : 1
		itr_4 : 1
		itr_5 : 2
		icmp_ln1521 : 2
		br_ln1521 : 3
		store_ln1521 : 3
	State 2


============================================================
+ Verbose Summary: Datapath Resource usage 
============================================================

* Functional unit list:
|----------|--------------------------|---------|---------|
| Operation|      Functional Unit     |    FF   |   LUT   |
|----------|--------------------------|---------|---------|
|    add   |        itr_5_fu_83       |    0    |    27   |
|----------|--------------------------|---------|---------|
|   icmp   |     icmp_ln1521_fu_89    |    0    |    13   |
|----------|--------------------------|---------|---------|
|   read   | trunc_ln_read_read_fu_50 |    0    |    0    |
|          |     empty_read_fu_56     |    0    |    0    |
|----------|--------------------------|---------|---------|
|   write  |  write_ln174_write_fu_68 |    0    |    0    |
|----------|--------------------------|---------|---------|
|extractvalue|     tmp_data_V_fu_95     |    0    |    0    |
|----------|--------------------------|---------|---------|
|   Total  |                          |    0    |    40   |
|----------|--------------------------|---------|---------|

Memories:
N/A

* Register list:
+------------------+--------+
|                  |   FF   |
+------------------+--------+
|    itr_reg_104   |   27   |
|tmp_data_V_reg_114|   256  |
+------------------+--------+
|       Total      |   283  |
+------------------+--------+

* Multiplexer (MUX) list: 
|--------|------|------|------|--------|
|  Comp  |  Pin | Size |  BW  | S x BW |
|--------|------|------|------|--------|
|  Total |      |      |      |    0   |
|--------|------|------|------|--------|



* Summary:
+-----------+--------+--------+
|           |   FF   |   LUT  |
+-----------+--------+--------+
|  Function |    0   |   40   |
|   Memory  |    -   |    -   |
|Multiplexer|    -   |    -   |
|  Register |   283  |    -   |
+-----------+--------+--------+
|   Total   |   283  |   40   |
+-----------+--------+--------+
