

================================================================
== Vitis HLS Report for 'entry_proc'
================================================================
* Date:           Sun Jul 26 01:25:55 2026

* Version:        2022.1 (Build 3526262 on Mon Apr 18 15:47:01 MDT 2022)
* Project:        kernel_outerloop_0
* Solution:       solution (Vitis Kernel Flow Target)
* Product family: versal
* Target device:  xcvc1902-vsvd1760-2MP-e-S


================================================================
== Performance Estimates
================================================================
+ Timing: 
    * Summary: 
    +--------+---------+----------+------------+
    |  Clock |  Target | Estimated| Uncertainty|
    +--------+---------+----------+------------+
    |ap_clk  |  3.33 ns|  0.901 ns|     0.90 ns|
    +--------+---------+----------+------------+

+ Latency: 
    * Summary: 
    +---------+---------+----------+----------+-----+-----+---------+
    |  Latency (cycles) |  Latency (absolute) |  Interval | Pipeline|
    |   min   |   max   |    min   |    max   | min | max |   Type  |
    +---------+---------+----------+----------+-----+-----+---------+
    |        0|        0|      0 ns|      0 ns|    0|    0|       no|
    +---------+---------+----------+----------+-----+-----+---------+

    + Detail: 
        * Instance: 
        N/A

        * Loop: 
        N/A



================================================================
== Utilization Estimates
================================================================
* Summary: 
+-----------------+---------+------+---------+--------+-----+
|       Name      | BRAM_18K|  DSP |    FF   |   LUT  | URAM|
+-----------------+---------+------+---------+--------+-----+
|DSP              |        -|     -|        -|       -|    -|
|Expression       |        -|     -|        0|       2|    -|
|FIFO             |        -|     -|        -|       -|    -|
|Instance         |        -|     -|        -|       -|    -|
|Memory           |        -|     -|        -|       -|    -|
|Multiplexer      |        -|     -|        -|      24|    -|
|Register         |        -|     -|        3|       -|    -|
+-----------------+---------+------+---------+--------+-----+
|Total            |        0|     0|        3|      26|    0|
+-----------------+---------+------+---------+--------+-----+
|Available        |     1934|  1968|  1799680|  899840|  463|
+-----------------+---------+------+---------+--------+-----+
|Utilization (%)  |        0|     0|       ~0|      ~0|    0|
+-----------------+---------+------+---------+--------+-----+

+ Detail: 
    * Instance: 
    N/A

    * DSP: 
    N/A

    * Memory: 
    N/A

    * FIFO: 
    N/A

    * Expression: 
    +-----------------+----------+----+---+----+------------+------------+
    |  Variable Name  | Operation| DSP| FF| LUT| Bitwidth P0| Bitwidth P1|
    +-----------------+----------+----+---+----+------------+------------+
    |ap_block_state1  |        or|   0|  0|   2|           1|           1|
    +-----------------+----------+----+---+----+------------+------------+
    |Total            |          |   0|  0|   2|           1|           1|
    +-----------------+----------+----+---+----+------------+------------+

    * Multiplexer: 
    +-------------------------------------------+----+-----------+-----+-----------+
    |                    Name                   | LUT| Input Size| Bits| Total Bits|
    +-------------------------------------------+----+-----------+-----+-----------+
    |ap_done                                    |   2|          2|    1|          2|
    |real_start                                 |   2|          2|    1|          2|
    |stencilConfig_grid_size_0_c47_blk_n        |   2|          2|    1|          2|
    |stencilConfig_grid_size_1_c60_blk_n        |   2|          2|    1|          2|
    |stencilConfig_grid_size_2_c73_blk_n        |   2|          2|    1|          2|
    |stencilConfig_lower_limit_0_c86_blk_n      |   2|          2|    1|          2|
    |stencilConfig_lower_limit_1_c99_blk_n      |   2|          2|    1|          2|
    |stencilConfig_lower_limit_2_c112_blk_n     |   2|          2|    1|          2|
    |stencilConfig_outer_loop_limit_c164_blk_n  |   2|          2|    1|          2|
    |stencilConfig_upper_limit_0_c125_blk_n     |   2|          2|    1|          2|
    |stencilConfig_upper_limit_1_c138_blk_n     |   2|          2|    1|          2|
    |stencilConfig_upper_limit_2_c151_blk_n     |   2|          2|    1|          2|
    +-------------------------------------------+----+-----------+-----+-----------+
    |Total                                      |  24|         24|   12|         24|
    +-------------------------------------------+----+-----------+-----+-----------+

    * Register: 
    +----------------+---+----+-----+-----------+
    |      Name      | FF| LUT| Bits| Const Bits|
    +----------------+---+----+-----+-----------+
    |ap_CS_fsm       |  1|   0|    1|          0|
    |ap_done_reg     |  1|   0|    1|          0|
    |start_once_reg  |  1|   0|    1|          0|
    +----------------+---+----+-----+-----------+
    |Total           |  3|   0|    3|          0|
    +----------------+---+----+-----+-----------+



================================================================
== Interface
================================================================
* Summary: 
+----------------------------------------------------+-----+-----+------------+-------------------------------------+--------------+
|                      RTL Ports                     | Dir | Bits|  Protocol  |            Source Object            |    C Type    |
+----------------------------------------------------+-----+-----+------------+-------------------------------------+--------------+
|ap_clk                                              |   in|    1|  ap_ctrl_hs|                           entry_proc|  return value|
|ap_rst                                              |   in|    1|  ap_ctrl_hs|                           entry_proc|  return value|
|ap_start                                            |   in|    1|  ap_ctrl_hs|                           entry_proc|  return value|
|start_full_n                                        |   in|    1|  ap_ctrl_hs|                           entry_proc|  return value|
|ap_done                                             |  out|    1|  ap_ctrl_hs|                           entry_proc|  return value|
|ap_continue                                         |   in|    1|  ap_ctrl_hs|                           entry_proc|  return value|
|ap_idle                                             |  out|    1|  ap_ctrl_hs|                           entry_proc|  return value|
|ap_ready                                            |  out|    1|  ap_ctrl_hs|                           entry_proc|  return value|
|start_out                                           |  out|    1|  ap_ctrl_hs|                           entry_proc|  return value|
|start_write                                         |  out|    1|  ap_ctrl_hs|                           entry_proc|  return value|
|p_read                                              |   in|   16|     ap_none|                               p_read|        scalar|
|stencilConfig_grid_size_0_c47_din                   |  out|   16|     ap_fifo|        stencilConfig_grid_size_0_c47|       pointer|
|stencilConfig_grid_size_0_c47_num_data_valid        |   in|    3|     ap_fifo|        stencilConfig_grid_size_0_c47|       pointer|
|stencilConfig_grid_size_0_c47_fifo_cap              |   in|    3|     ap_fifo|        stencilConfig_grid_size_0_c47|       pointer|
|stencilConfig_grid_size_0_c47_full_n                |   in|    1|     ap_fifo|        stencilConfig_grid_size_0_c47|       pointer|
|stencilConfig_grid_size_0_c47_write                 |  out|    1|     ap_fifo|        stencilConfig_grid_size_0_c47|       pointer|
|p_read1                                             |   in|   16|     ap_none|                              p_read1|        scalar|
|stencilConfig_grid_size_1_c60_din                   |  out|   16|     ap_fifo|        stencilConfig_grid_size_1_c60|       pointer|
|stencilConfig_grid_size_1_c60_num_data_valid        |   in|    3|     ap_fifo|        stencilConfig_grid_size_1_c60|       pointer|
|stencilConfig_grid_size_1_c60_fifo_cap              |   in|    3|     ap_fifo|        stencilConfig_grid_size_1_c60|       pointer|
|stencilConfig_grid_size_1_c60_full_n                |   in|    1|     ap_fifo|        stencilConfig_grid_size_1_c60|       pointer|
|stencilConfig_grid_size_1_c60_write                 |  out|    1|     ap_fifo|        stencilConfig_grid_size_1_c60|       pointer|
|p_read2                                             |   in|   16|     ap_none|                              p_read2|        scalar|
|stencilConfig_grid_size_2_c73_din                   |  out|   16|     ap_fifo|        stencilConfig_grid_size_2_c73|       pointer|
|stencilConfig_grid_size_2_c73_num_data_valid        |   in|    3|     ap_fifo|        stencilConfig_grid_size_2_c73|       pointer|
|stencilConfig_grid_size_2_c73_fifo_cap              |   in|    3|     ap_fifo|        stencilConfig_grid_size_2_c73|       pointer|
|stencilConfig_grid_size_2_c73_full_n                |   in|    1|     ap_fifo|        stencilConfig_grid_size_2_c73|       pointer|
|stencilConfig_grid_size_2_c73_write                 |  out|    1|     ap_fifo|        stencilConfig_grid_size_2_c73|       pointer|
|p_read3                                             |   in|   16|     ap_none|                              p_read3|        scalar|
|stencilConfig_lower_limit_0_c86_din                 |  out|   16|     ap_fifo|      stencilConfig_lower_limit_0_c86|       pointer|
|stencilConfig_lower_limit_0_c86_num_data_valid      |   in|    3|     ap_fifo|      stencilConfig_lower_limit_0_c86|       pointer|
|stencilConfig_lower_limit_0_c86_fifo_cap            |   in|    3|     ap_fifo|      stencilConfig_lower_limit_0_c86|       pointer|
|stencilConfig_lower_limit_0_c86_full_n              |   in|    1|     ap_fifo|      stencilConfig_lower_limit_0_c86|       pointer|
|stencilConfig_lower_limit_0_c86_write               |  out|    1|     ap_fifo|      stencilConfig_lower_limit_0_c86|       pointer|
|p_read4                                             |   in|   16|     ap_none|                              p_read4|        scalar|
|stencilConfig_lower_limit_1_c99_din                 |  out|   16|     ap_fifo|      stencilConfig_lower_limit_1_c99|       pointer|
|stencilConfig_lower_limit_1_c99_num_data_valid      |   in|    3|     ap_fifo|      stencilConfig_lower_limit_1_c99|       pointer|
|stencilConfig_lower_limit_1_c99_fifo_cap            |   in|    3|     ap_fifo|      stencilConfig_lower_limit_1_c99|       pointer|
|stencilConfig_lower_limit_1_c99_full_n              |   in|    1|     ap_fifo|      stencilConfig_lower_limit_1_c99|       pointer|
|stencilConfig_lower_limit_1_c99_write               |  out|    1|     ap_fifo|      stencilConfig_lower_limit_1_c99|       pointer|
|p_read5                                             |   in|   16|     ap_none|                              p_read5|        scalar|
|stencilConfig_lower_limit_2_c112_din                |  out|   16|     ap_fifo|     stencilConfig_lower_limit_2_c112|       pointer|
|stencilConfig_lower_limit_2_c112_num_data_valid     |   in|    3|     ap_fifo|     stencilConfig_lower_limit_2_c112|       pointer|
|stencilConfig_lower_limit_2_c112_fifo_cap           |   in|    3|     ap_fifo|     stencilConfig_lower_limit_2_c112|       pointer|
|stencilConfig_lower_limit_2_c112_full_n             |   in|    1|     ap_fifo|     stencilConfig_lower_limit_2_c112|       pointer|
|stencilConfig_lower_limit_2_c112_write              |  out|    1|     ap_fifo|     stencilConfig_lower_limit_2_c112|       pointer|
|p_read6                                             |   in|   16|     ap_none|                              p_read6|        scalar|
|stencilConfig_upper_limit_0_c125_din                |  out|   16|     ap_fifo|     stencilConfig_upper_limit_0_c125|       pointer|
|stencilConfig_upper_limit_0_c125_num_data_valid     |   in|    3|     ap_fifo|     stencilConfig_upper_limit_0_c125|       pointer|
|stencilConfig_upper_limit_0_c125_fifo_cap           |   in|    3|     ap_fifo|     stencilConfig_upper_limit_0_c125|       pointer|
|stencilConfig_upper_limit_0_c125_full_n             |   in|    1|     ap_fifo|     stencilConfig_upper_limit_0_c125|       pointer|
|stencilConfig_upper_limit_0_c125_write              |  out|    1|     ap_fifo|     stencilConfig_upper_limit_0_c125|       pointer|
|p_read7                                             |   in|   16|     ap_none|                              p_read7|        scalar|
|stencilConfig_upper_limit_1_c138_din                |  out|   16|     ap_fifo|     stencilConfig_upper_limit_1_c138|       pointer|
|stencilConfig_upper_limit_1_c138_num_data_valid     |   in|    3|     ap_fifo|     stencilConfig_upper_limit_1_c138|       pointer|
|stencilConfig_upper_limit_1_c138_fifo_cap           |   in|    3|     ap_fifo|     stencilConfig_upper_limit_1_c138|       pointer|
|stencilConfig_upper_limit_1_c138_full_n             |   in|    1|     ap_fifo|     stencilConfig_upper_limit_1_c138|       pointer|
|stencilConfig_upper_limit_1_c138_write              |  out|    1|     ap_fifo|     stencilConfig_upper_limit_1_c138|       pointer|
|p_read8                                             |   in|   16|     ap_none|                              p_read8|        scalar|
|stencilConfig_upper_limit_2_c151_din                |  out|   16|     ap_fifo|     stencilConfig_upper_limit_2_c151|       pointer|
|stencilConfig_upper_limit_2_c151_num_data_valid     |   in|    3|     ap_fifo|     stencilConfig_upper_limit_2_c151|       pointer|
|stencilConfig_upper_limit_2_c151_fifo_cap           |   in|    3|     ap_fifo|     stencilConfig_upper_limit_2_c151|       pointer|
|stencilConfig_upper_limit_2_c151_full_n             |   in|    1|     ap_fifo|     stencilConfig_upper_limit_2_c151|       pointer|
|stencilConfig_upper_limit_2_c151_write              |  out|    1|     ap_fifo|     stencilConfig_upper_limit_2_c151|       pointer|
|p_read9                                             |   in|   16|     ap_none|                              p_read9|        scalar|
|stencilConfig_outer_loop_limit_c164_din             |  out|   16|     ap_fifo|  stencilConfig_outer_loop_limit_c164|       pointer|
|stencilConfig_outer_loop_limit_c164_num_data_valid  |   in|    3|     ap_fifo|  stencilConfig_outer_loop_limit_c164|       pointer|
|stencilConfig_outer_loop_limit_c164_fifo_cap        |   in|    3|     ap_fifo|  stencilConfig_outer_loop_limit_c164|       pointer|
|stencilConfig_outer_loop_limit_c164_full_n          |   in|    1|     ap_fifo|  stencilConfig_outer_loop_limit_c164|       pointer|
|stencilConfig_outer_loop_limit_c164_write           |  out|    1|     ap_fifo|  stencilConfig_outer_loop_limit_c164|       pointer|
+----------------------------------------------------+-----+-----+------------+-------------------------------------+--------------+

============================================================
+ Verbose Summary: Synthesis Manager
============================================================
InlineROM: 1
ExposeGlobal: 0
============================================================
+ Verbose Summary: CDFG Model
============================================================
IsTopModel: 0
ResetActiveHigh: 1
IsCombinational: 2
IsDatapathOnly: 0
HasWiredReturn: 1
HasMFsm: 0
HasVarLatency: 0
IsPipeline: 0
IsRtlPipelined: 0
IsInstanceOverlapped: 0
IsDontTouch: 0
HasImplIP: 0
IsGatedGlobalClock: 0


============================================================
+ Verbose Summary: Schedule
============================================================
* Number of FSM states : 1
* Pipeline : 0
* Dataflow Pipeline: 0

* FSM state transitions: 
1 --> 

* FSM state operations: 

State 1 <SV = 0> <Delay = 0.90>
ST_1 : Operation 2 [1/1] (0.00ns)   --->   "%specinterface_ln0 = specinterface void @_ssdm_op_SpecInterface, i16 %stencilConfig_outer_loop_limit_c164, void @ap_fifo_str, i32 0, i32 0, void @p_str, i32 0, i32 0, void @p_str, void @p_str, void @p_str, i32 2, i32 2, i32 16, i32 16, void @p_str, void @ScalarProp_str, i32 4294967295, i32 0"   --->   Operation 2 'specinterface' 'specinterface_ln0' <Predicate = true> <Delay = 0.00>
ST_1 : Operation 3 [1/1] (0.00ns)   --->   "%p_read_19 = read i16 @_ssdm_op_Read.ap_auto.i16, i16 %p_read9"   --->   Operation 3 'read' 'p_read_19' <Predicate = true> <Delay = 0.00>
ST_1 : Operation 4 [1/1] (0.00ns)   --->   "%p_read818 = read i16 @_ssdm_op_Read.ap_auto.i16, i16 %p_read8"   --->   Operation 4 'read' 'p_read818' <Predicate = true> <Delay = 0.00>
ST_1 : Operation 5 [1/1] (0.00ns)   --->   "%p_read717 = read i16 @_ssdm_op_Read.ap_auto.i16, i16 %p_read7"   --->   Operation 5 'read' 'p_read717' <Predicate = true> <Delay = 0.00>
ST_1 : Operation 6 [1/1] (0.00ns)   --->   "%p_read616 = read i16 @_ssdm_op_Read.ap_auto.i16, i16 %p_read6"   --->   Operation 6 'read' 'p_read616' <Predicate = true> <Delay = 0.00>
ST_1 : Operation 7 [1/1] (0.00ns)   --->   "%p_read515 = read i16 @_ssdm_op_Read.ap_auto.i16, i16 %p_read5"   --->   Operation 7 'read' 'p_read515' <Predicate = true> <Delay = 0.00>
ST_1 : Operation 8 [1/1] (0.00ns)   --->   "%p_read414 = read i16 @_ssdm_op_Read.ap_auto.i16, i16 %p_read4"   --->   Operation 8 'read' 'p_read414' <Predicate = true> <Delay = 0.00>
ST_1 : Operation 9 [1/1] (0.00ns)   --->   "%p_read313 = read i16 @_ssdm_op_Read.ap_auto.i16, i16 %p_read3"   --->   Operation 9 'read' 'p_read313' <Predicate = true> <Delay = 0.00>
ST_1 : Operation 10 [1/1] (0.00ns)   --->   "%p_read212 = read i16 @_ssdm_op_Read.ap_auto.i16, i16 %p_read2"   --->   Operation 10 'read' 'p_read212' <Predicate = true> <Delay = 0.00>
ST_1 : Operation 11 [1/1] (0.00ns)   --->   "%p_read111 = read i16 @_ssdm_op_Read.ap_auto.i16, i16 %p_read1"   --->   Operation 11 'read' 'p_read111' <Predicate = true> <Delay = 0.00>
ST_1 : Operation 12 [1/1] (0.00ns)   --->   "%p_read_20 = read i16 @_ssdm_op_Read.ap_auto.i16, i16 %p_read"   --->   Operation 12 'read' 'p_read_20' <Predicate = true> <Delay = 0.00>
ST_1 : Operation 13 [1/1] (0.90ns)   --->   "%write_ln0 = write void @_ssdm_op_Write.ap_fifo.i16P0A, i16 %stencilConfig_outer_loop_limit_c164, i16 %p_read_19"   --->   Operation 13 'write' 'write_ln0' <Predicate = true> <Delay = 0.90> <CoreInst = "FIFO_SRL">   --->   Core 85 'FIFO_SRL' <Latency = 0> <II = 1> <Delay = 0.90> <Storage> <Opcode : 'read' 'write' 'nbread' 'nbwrite'> <Ports = 0> <Width = 16> <Depth = 3> <FIFO>
ST_1 : Operation 14 [1/1] (0.00ns)   --->   "%specinterface_ln0 = specinterface void @_ssdm_op_SpecInterface, i16 %stencilConfig_upper_limit_2_c151, void @ap_fifo_str, i32 0, i32 0, void @p_str, i32 0, i32 0, void @p_str, void @p_str, void @p_str, i32 2, i32 2, i32 16, i32 16, void @p_str, void @ScalarProp_str, i32 4294967295, i32 0"   --->   Operation 14 'specinterface' 'specinterface_ln0' <Predicate = true> <Delay = 0.00>
ST_1 : Operation 15 [1/1] (0.90ns)   --->   "%write_ln0 = write void @_ssdm_op_Write.ap_fifo.i16P0A, i16 %stencilConfig_upper_limit_2_c151, i16 %p_read818"   --->   Operation 15 'write' 'write_ln0' <Predicate = true> <Delay = 0.90> <CoreInst = "FIFO_SRL">   --->   Core 85 'FIFO_SRL' <Latency = 0> <II = 1> <Delay = 0.90> <Storage> <Opcode : 'read' 'write' 'nbread' 'nbwrite'> <Ports = 0> <Width = 16> <Depth = 3> <FIFO>
ST_1 : Operation 16 [1/1] (0.00ns)   --->   "%specinterface_ln0 = specinterface void @_ssdm_op_SpecInterface, i16 %stencilConfig_upper_limit_1_c138, void @ap_fifo_str, i32 0, i32 0, void @p_str, i32 0, i32 0, void @p_str, void @p_str, void @p_str, i32 2, i32 2, i32 16, i32 16, void @p_str, void @ScalarProp_str, i32 4294967295, i32 0"   --->   Operation 16 'specinterface' 'specinterface_ln0' <Predicate = true> <Delay = 0.00>
ST_1 : Operation 17 [1/1] (0.90ns)   --->   "%write_ln0 = write void @_ssdm_op_Write.ap_fifo.i16P0A, i16 %stencilConfig_upper_limit_1_c138, i16 %p_read717"   --->   Operation 17 'write' 'write_ln0' <Predicate = true> <Delay = 0.90> <CoreInst = "FIFO_SRL">   --->   Core 85 'FIFO_SRL' <Latency = 0> <II = 1> <Delay = 0.90> <Storage> <Opcode : 'read' 'write' 'nbread' 'nbwrite'> <Ports = 0> <Width = 16> <Depth = 3> <FIFO>
ST_1 : Operation 18 [1/1] (0.00ns)   --->   "%specinterface_ln0 = specinterface void @_ssdm_op_SpecInterface, i16 %stencilConfig_upper_limit_0_c125, void @ap_fifo_str, i32 0, i32 0, void @p_str, i32 0, i32 0, void @p_str, void @p_str, void @p_str, i32 2, i32 2, i32 16, i32 16, void @p_str, void @ScalarProp_str, i32 4294967295, i32 0"   --->   Operation 18 'specinterface' 'specinterface_ln0' <Predicate = true> <Delay = 0.00>
ST_1 : Operation 19 [1/1] (0.90ns)   --->   "%write_ln0 = write void @_ssdm_op_Write.ap_fifo.i16P0A, i16 %stencilConfig_upper_limit_0_c125, i16 %p_read616"   --->   Operation 19 'write' 'write_ln0' <Predicate = true> <Delay = 0.90> <CoreInst = "FIFO_SRL">   --->   Core 85 'FIFO_SRL' <Latency = 0> <II = 1> <Delay = 0.90> <Storage> <Opcode : 'read' 'write' 'nbread' 'nbwrite'> <Ports = 0> <Width = 16> <Depth = 3> <FIFO>
ST_1 : Operation 20 [1/1] (0.00ns)   --->   "%specinterface_ln0 = specinterface void @_ssdm_op_SpecInterface, i16 %stencilConfig_lower_limit_2_c112, void @ap_fifo_str, i32 0, i32 0, void @p_str, i32 0, i32 0, void @p_str, void @p_str, void @p_str, i32 2, i32 2, i32 16, i32 16, void @p_str, void @ScalarProp_str, i32 4294967295, i32 0"   --->   Operation 20 'specinterface' 'specinterface_ln0' <Predicate = true> <Delay = 0.00>
ST_1 : Operation 21 [1/1] (0.90ns)   --->   "%write_ln0 = write void @_ssdm_op_Write.ap_fifo.i16P0A, i16 %stencilConfig_lower_limit_2_c112, i16 %p_read515"   --->   Operation 21 'write' 'write_ln0' <Predicate = true> <Delay = 0.90> <CoreInst = "FIFO_SRL">   --->   Core 85 'FIFO_SRL' <Latency = 0> <II = 1> <Delay = 0.90> <Storage> <Opcode : 'read' 'write' 'nbread' 'nbwrite'> <Ports = 0> <Width = 16> <Depth = 3> <FIFO>
ST_1 : Operation 22 [1/1] (0.00ns)   --->   "%specinterface_ln0 = specinterface void @_ssdm_op_SpecInterface, i16 %stencilConfig_lower_limit_1_c99, void @ap_fifo_str, i32 0, i32 0, void @p_str, i32 0, i32 0, void @p_str, void @p_str, void @p_str, i32 2, i32 2, i32 16, i32 16, void @p_str, void @ScalarProp_str, i32 4294967295, i32 0"   --->   Operation 22 'specinterface' 'specinterface_ln0' <Predicate = true> <Delay = 0.00>
ST_1 : Operation 23 [1/1] (0.90ns)   --->   "%write_ln0 = write void @_ssdm_op_Write.ap_fifo.i16P0A, i16 %stencilConfig_lower_limit_1_c99, i16 %p_read414"   --->   Operation 23 'write' 'write_ln0' <Predicate = true> <Delay = 0.90> <CoreInst = "FIFO_SRL">   --->   Core 85 'FIFO_SRL' <Latency = 0> <II = 1> <Delay = 0.90> <Storage> <Opcode : 'read' 'write' 'nbread' 'nbwrite'> <Ports = 0> <Width = 16> <Depth = 3> <FIFO>
ST_1 : Operation 24 [1/1] (0.00ns)   --->   "%specinterface_ln0 = specinterface void @_ssdm_op_SpecInterface, i16 %stencilConfig_lower_limit_0_c86, void @ap_fifo_str, i32 0, i32 0, void @p_str, i32 0, i32 0, void @p_str, void @p_str, void @p_str, i32 2, i32 2, i32 16, i32 16, void @p_str, void @ScalarProp_str, i32 4294967295, i32 0"   --->   Operation 24 'specinterface' 'specinterface_ln0' <Predicate = true> <Delay = 0.00>
ST_1 : Operation 25 [1/1] (0.90ns)   --->   "%write_ln0 = write void @_ssdm_op_Write.ap_fifo.i16P0A, i16 %stencilConfig_lower_limit_0_c86, i16 %p_read313"   --->   Operation 25 'write' 'write_ln0' <Predicate = true> <Delay = 0.90> <CoreInst = "FIFO_SRL">   --->   Core 85 'FIFO_SRL' <Latency = 0> <II = 1> <Delay = 0.90> <Storage> <Opcode : 'read' 'write' 'nbread' 'nbwrite'> <Ports = 0> <Width = 16> <Depth = 3> <FIFO>
ST_1 : Operation 26 [1/1] (0.00ns)   --->   "%specinterface_ln0 = specinterface void @_ssdm_op_SpecInterface, i16 %stencilConfig_grid_size_2_c73, void @ap_fifo_str, i32 0, i32 0, void @p_str, i32 0, i32 0, void @p_str, void @p_str, void @p_str, i32 2, i32 2, i32 16, i32 16, void @p_str, void @ScalarProp_str, i32 4294967295, i32 0"   --->   Operation 26 'specinterface' 'specinterface_ln0' <Predicate = true> <Delay = 0.00>
ST_1 : Operation 27 [1/1] (0.90ns)   --->   "%write_ln0 = write void @_ssdm_op_Write.ap_fifo.i16P0A, i16 %stencilConfig_grid_size_2_c73, i16 %p_read212"   --->   Operation 27 'write' 'write_ln0' <Predicate = true> <Delay = 0.90> <CoreInst = "FIFO_SRL">   --->   Core 85 'FIFO_SRL' <Latency = 0> <II = 1> <Delay = 0.90> <Storage> <Opcode : 'read' 'write' 'nbread' 'nbwrite'> <Ports = 0> <Width = 16> <Depth = 3> <FIFO>
ST_1 : Operation 28 [1/1] (0.00ns)   --->   "%specinterface_ln0 = specinterface void @_ssdm_op_SpecInterface, i16 %stencilConfig_grid_size_1_c60, void @ap_fifo_str, i32 0, i32 0, void @p_str, i32 0, i32 0, void @p_str, void @p_str, void @p_str, i32 2, i32 2, i32 16, i32 16, void @p_str, void @ScalarProp_str, i32 4294967295, i32 0"   --->   Operation 28 'specinterface' 'specinterface_ln0' <Predicate = true> <Delay = 0.00>
ST_1 : Operation 29 [1/1] (0.90ns)   --->   "%write_ln0 = write void @_ssdm_op_Write.ap_fifo.i16P0A, i16 %stencilConfig_grid_size_1_c60, i16 %p_read111"   --->   Operation 29 'write' 'write_ln0' <Predicate = true> <Delay = 0.90> <CoreInst = "FIFO_SRL">   --->   Core 85 'FIFO_SRL' <Latency = 0> <II = 1> <Delay = 0.90> <Storage> <Opcode : 'read' 'write' 'nbread' 'nbwrite'> <Ports = 0> <Width = 16> <Depth = 3> <FIFO>
ST_1 : Operation 30 [1/1] (0.00ns)   --->   "%specinterface_ln0 = specinterface void @_ssdm_op_SpecInterface, i16 %stencilConfig_grid_size_0_c47, void @ap_fifo_str, i32 0, i32 0, void @p_str, i32 0, i32 0, void @p_str, void @p_str, void @p_str, i32 2, i32 2, i32 16, i32 16, void @p_str, void @ScalarProp_str, i32 4294967295, i32 0"   --->   Operation 30 'specinterface' 'specinterface_ln0' <Predicate = true> <Delay = 0.00>
ST_1 : Operation 31 [1/1] (0.90ns)   --->   "%write_ln0 = write void @_ssdm_op_Write.ap_fifo.i16P0A, i16 %stencilConfig_grid_size_0_c47, i16 %p_read_20"   --->   Operation 31 'write' 'write_ln0' <Predicate = true> <Delay = 0.90> <CoreInst = "FIFO_SRL">   --->   Core 85 'FIFO_SRL' <Latency = 0> <II = 1> <Delay = 0.90> <Storage> <Opcode : 'read' 'write' 'nbread' 'nbwrite'> <Ports = 0> <Width = 16> <Depth = 3> <FIFO>
ST_1 : Operation 32 [1/1] (0.00ns)   --->   "%ret_ln0 = ret"   --->   Operation 32 'ret' 'ret_ln0' <Predicate = true> <Delay = 0.00>


============================================================
+ Verbose Summary: Binding
============================================================
STG Binding: 
---------------- STG Properties BEGIN ----------------
- Is combinational: 0
- Is one-state seq: 1
- Is datapath-only: 0
- Is pipelined: 0
- Is top level: 0
Port [ Return ] is wired: 1; IO mode=ap_ctrl_hs:ce=0
Port [ p_read]:  wired=1; compound=0; hidden=0; nouse=0; global=0; static=0; extern=0; dir=0; type=0; pingpong=0; private_global=0; IO mode=ap_none:ce=0
Port [ stencilConfig_grid_size_0_c47]:  wired=1; compound=1; hidden=0; nouse=0; global=0; static=0; extern=0; dir=1; type=3; pingpong=0; private_global=0; IO mode=ap_fifo:ce=0
Port [ p_read1]:  wired=1; compound=0; hidden=0; nouse=0; global=0; static=0; extern=0; dir=0; type=0; pingpong=0; private_global=0; IO mode=ap_none:ce=0
Port [ stencilConfig_grid_size_1_c60]:  wired=1; compound=1; hidden=0; nouse=0; global=0; static=0; extern=0; dir=1; type=3; pingpong=0; private_global=0; IO mode=ap_fifo:ce=0
Port [ p_read2]:  wired=1; compound=0; hidden=0; nouse=0; global=0; static=0; extern=0; dir=0; type=0; pingpong=0; private_global=0; IO mode=ap_none:ce=0
Port [ stencilConfig_grid_size_2_c73]:  wired=1; compound=1; hidden=0; nouse=0; global=0; static=0; extern=0; dir=1; type=3; pingpong=0; private_global=0; IO mode=ap_fifo:ce=0
Port [ p_read3]:  wired=1; compound=0; hidden=0; nouse=0; global=0; static=0; extern=0; dir=0; type=0; pingpong=0; private_global=0; IO mode=ap_none:ce=0
Port [ stencilConfig_lower_limit_0_c86]:  wired=1; compound=1; hidden=0; nouse=0; global=0; static=0; extern=0; dir=1; type=3; pingpong=0; private_global=0; IO mode=ap_fifo:ce=0
Port [ p_read4]:  wired=1; compound=0; hidden=0; nouse=0; global=0; static=0; extern=0; dir=0; type=0; pingpong=0; private_global=0; IO mode=ap_none:ce=0
Port [ stencilConfig_lower_limit_1_c99]:  wired=1; compound=1; hidden=0; nouse=0; global=0; static=0; extern=0; dir=1; type=3; pingpong=0; private_global=0; IO mode=ap_fifo:ce=0
Port [ p_read5]:  wired=1; compound=0; hidden=0; nouse=0; global=0; static=0; extern=0; dir=0; type=0; pingpong=0; private_global=0; IO mode=ap_none:ce=0
Port [ stencilConfig_lower_limit_2_c112]:  wired=1; compound=1; hidden=0; nouse=0; global=0; static=0; extern=0; dir=1; type=3; pingpong=0; private_global=0; IO mode=ap_fifo:ce=0
Port [ p_read6]:  wired=1; compound=0; hidden=0; nouse=0; global=0; static=0; extern=0; dir=0; type=0; pingpong=0; private_global=0; IO mode=ap_none:ce=0
Port [ stencilConfig_upper_limit_0_c125]:  wired=1; compound=1; hidden=0; nouse=0; global=0; static=0; extern=0; dir=1; type=3; pingpong=0; private_global=0; IO mode=ap_fifo:ce=0
Port [ p_read7]:  wired=1; compound=0; hidden=0; nouse=0; global=0; static=0; extern=0; dir=0; type=0; pingpong=0; private_global=0; IO mode=ap_none:ce=0
Port [ stencilConfig_upper_limit_1_c138]:  wired=1; compound=1; hidden=0; nouse=0; global=0; static=0; extern=0; dir=1; type=3; pingpong=0; private_global=0; IO mode=ap_fifo:ce=0
Port [ p_read8]:  wired=1; compound=0; hidden=0; nouse=0; global=0; static=0; extern=0; dir=0; type=0; pingpong=0; private_global=0; IO mode=ap_none:ce=0
Port [ stencilConfig_upper_limit_2_c151]:  wired=1; compound=1; hidden=0; nouse=0; global=0; static=0; extern=0; dir=1; type=3; pingpong=0; private_global=0; IO mode=ap_fifo:ce=0
Port [ p_read9]:  wired=1; compound=0; hidden=0; nouse=0; global=0; static=0; extern=0; dir=0; type=0; pingpong=0; private_global=0; IO mode=ap_none:ce=0
Port [ stencilConfig_outer_loop_limit_c164]:  wired=1; compound=1; hidden=0; nouse=0; global=0; static=0; extern=0; dir=1; type=3; pingpong=0; private_global=0; IO mode=ap_fifo:ce=0
---------------- STG Properties END ------------------

---------------- Datapath Model BEGIN ----------------

<LifeTime>
<method=bitvector/>
specinterface_ln0 (specinterface) [ 00]
p_read_19         (read         ) [ 00]
p_read818         (read         ) [ 00]
p_read717         (read         ) [ 00]
p_read616         (read         ) [ 00]
p_read515         (read         ) [ 00]
p_read414         (read         ) [ 00]
p_read313         (read         ) [ 00]
p_read212         (read         ) [ 00]
p_read111         (read         ) [ 00]
p_read_20         (read         ) [ 00]
write_ln0         (write        ) [ 00]
specinterface_ln0 (specinterface) [ 00]
write_ln0         (write        ) [ 00]
specinterface_ln0 (specinterface) [ 00]
write_ln0         (write        ) [ 00]
specinterface_ln0 (specinterface) [ 00]
write_ln0         (write        ) [ 00]
specinterface_ln0 (specinterface) [ 00]
write_ln0         (write        ) [ 00]
specinterface_ln0 (specinterface) [ 00]
write_ln0         (write        ) [ 00]
specinterface_ln0 (specinterface) [ 00]
write_ln0         (write        ) [ 00]
specinterface_ln0 (specinterface) [ 00]
write_ln0         (write        ) [ 00]
specinterface_ln0 (specinterface) [ 00]
write_ln0         (write        ) [ 00]
specinterface_ln0 (specinterface) [ 00]
write_ln0         (write        ) [ 00]
ret_ln0           (ret          ) [ 00]
</LifeTime>

<model>

<comp_list>
<comp id="0" class="1000" name="p_read">
<pin_list>
<pin id="1" dir="1" index="0" bw="1" slack="0"/>
</pin_list>
<bind>
<StgValue><ssdm name="p_read"/></StgValue>
</bind>
</comp>

<comp id="2" class="1000" name="stencilConfig_grid_size_0_c47">
<pin_list>
<pin id="3" dir="1" index="0" bw="1" slack="0"/>
</pin_list>
<bind>
<StgValue><ssdm name="stencilConfig_grid_size_0_c47"/></StgValue>
</bind>
</comp>

<comp id="4" class="1000" name="p_read1">
<pin_list>
<pin id="5" dir="1" index="0" bw="1" slack="0"/>
</pin_list>
<bind>
<StgValue><ssdm name="p_read1"/></StgValue>
</bind>
</comp>

<comp id="6" class="1000" name="stencilConfig_grid_size_1_c60">
<pin_list>
<pin id="7" dir="1" index="0" bw="1" slack="0"/>
</pin_list>
<bind>
<StgValue><ssdm name="stencilConfig_grid_size_1_c60"/></StgValue>
</bind>
</comp>

<comp id="8" class="1000" name="p_read2">
<pin_list>
<pin id="9" dir="1" index="0" bw="1" slack="0"/>
</pin_list>
<bind>
<StgValue><ssdm name="p_read2"/></StgValue>
</bind>
</comp>

<comp id="10" class="1000" name="stencilConfig_grid_size_2_c73">
<pin_list>
<pin id="11" dir="1" index="0" bw="1" slack="0"/>
</pin_list>
<bind>
<StgValue><ssdm name="stencilConfig_grid_size_2_c73"/></StgValue>
</bind>
</comp>

<comp id="12" class="1000" name="p_read3">
<pin_list>
<pin id="13" dir="1" index="0" bw="1" slack="0"/>
</pin_list>
<bind>
<StgValue><ssdm name="p_read3"/></StgValue>
</bind>
</comp>

<comp id="14" class="1000" name="stencilConfig_lower_limit_0_c86">
<pin_list>
<pin id="15" dir="1" index="0" bw="1" slack="0"/>
</pin_list>
<bind>
<StgValue><ssdm name="stencilConfig_lower_limit_0_c86"/></StgValue>
</bind>
</comp>

<comp id="16" class="1000" name="p_read4">
<pin_list>
<pin id="17" dir="1" index="0" bw="1" slack="0"/>
</pin_list>
<bind>
<StgValue><ssdm name="p_read4"/></StgValue>
</bind>
</comp>

<comp id="18" class="1000" name="stencilConfig_lower_limit_1_c99">
<pin_list>
<pin id="19" dir="1" index="0" bw="1" slack="0"/>
</pin_list>
<bind>
<StgValue><ssdm name="stencilConfig_lower_limit_1_c99"/></StgValue>
</bind>
</comp>

<comp id="20" class="1000" name="p_read5">
<pin_list>
<pin id="21" dir="1" index="0" bw="1" slack="0"/>
</pin_list>
<bind>
<StgValue><ssdm name="p_read5"/></StgValue>
</bind>
</comp>

<comp id="22" class="1000" name="stencilConfig_lower_limit_2_c112">
<pin_list>
<pin id="23" dir="1" index="0" bw="1" slack="0"/>
</pin_list>
<bind>
<StgValue><ssdm name="stencilConfig_lower_limit_2_c112"/></StgValue>
</bind>
</comp>

<comp id="24" class="1000" name="p_read6">
<pin_list>
<pin id="25" dir="1" index="0" bw="1" slack="0"/>
</pin_list>
<bind>
<StgValue><ssdm name="p_read6"/></StgValue>
</bind>
</comp>

<comp id="26" class="1000" name="stencilConfig_upper_limit_0_c125">
<pin_list>
<pin id="27" dir="1" index="0" bw="1" slack="0"/>
</pin_list>
<bind>
<StgValue><ssdm name="stencilConfig_upper_limit_0_c125"/></StgValue>
</bind>
</comp>

<comp id="28" class="1000" name="p_read7">
<pin_list>
<pin id="29" dir="1" index="0" bw="1" slack="0"/>
</pin_list>
<bind>
<StgValue><ssdm name="p_read7"/></StgValue>
</bind>
</comp>

<comp id="30" class="1000" name="stencilConfig_upper_limit_1_c138">
<pin_list>
<pin id="31" dir="1" index="0" bw="1" slack="0"/>
</pin_list>
<bind>
<StgValue><ssdm name="stencilConfig_upper_limit_1_c138"/></StgValue>
</bind>
</comp>

<comp id="32" class="1000" name="p_read8">
<pin_list>
<pin id="33" dir="1" index="0" bw="1" slack="0"/>
</pin_list>
<bind>
<StgValue><ssdm name="p_read8"/></StgValue>
</bind>
</comp>

<comp id="34" class="1000" name="stencilConfig_upper_limit_2_c151">
<pin_list>
<pin id="35" dir="1" index="0" bw="1" slack="0"/>
</pin_list>
<bind>
<StgValue><ssdm name="stencilConfig_upper_limit_2_c151"/></StgValue>
</bind>
</comp>

<comp id="36" class="1000" name="p_read9">
<pin_list>
<pin id="37" dir="1" index="0" bw="1" slack="0"/>
</pin_list>
<bind>
<StgValue><ssdm name="p_read9"/></StgValue>
</bind>
</comp>

<comp id="38" class="1000" name="stencilConfig_outer_loop_limit_c164">
<pin_list>
<pin id="39" dir="1" index="0" bw="1" slack="0"/>
</pin_list>
<bind>
<StgValue><ssdm name="stencilConfig_outer_loop_limit_c164"/></StgValue>
</bind>
</comp>

<comp id="40" class="1001" name="const_40">
<pin_list>
<pin id="41" dir="1" index="0" bw="1" slack="2147483647"/>
</pin_list>
<bind>
<StgValue><ssdm name="_ssdm_op_SpecInterface"/></StgValue>
</bind>
</comp>

<comp id="42" class="1001" name="const_42">
<pin_list>
<pin id="43" dir="1" index="0" bw="1" slack="2147483647"/>
</pin_list>
<bind>
<StgValue><ssdm name="ap_fifo_str"/></StgValue>
</bind>
</comp>

<comp id="44" class="1001" name="const_44">
<pin_list>
<pin id="45" dir="1" index="0" bw="1" slack="2147483647"/>
</pin_list>
<bind>
<StgValue><ssdm name=""/></StgValue>
</bind>
</comp>

<comp id="46" class="1001" name="const_46">
<pin_list>
<pin id="47" dir="1" index="0" bw="1" slack="2147483647"/>
</pin_list>
<bind>
<StgValue><ssdm name="p_str"/></StgValue>
</bind>
</comp>

<comp id="48" class="1001" name="const_48">
<pin_list>
<pin id="49" dir="1" index="0" bw="1" slack="2147483647"/>
</pin_list>
<bind>
<StgValue><ssdm name=""/></StgValue>
</bind>
</comp>

<comp id="50" class="1001" name="const_50">
<pin_list>
<pin id="51" dir="1" index="0" bw="1" slack="2147483647"/>
</pin_list>
<bind>
<StgValue><ssdm name=""/></StgValue>
</bind>
</comp>

<comp id="52" class="1001" name="const_52">
<pin_list>
<pin id="53" dir="1" index="0" bw="1" slack="2147483647"/>
</pin_list>
<bind>
<StgValue><ssdm name="ScalarProp_str"/></StgValue>
</bind>
</comp>

<comp id="54" class="1001" name="const_54">
<pin_list>
<pin id="55" dir="1" index="0" bw="1" slack="2147483647"/>
</pin_list>
<bind>
<StgValue><ssdm name=""/></StgValue>
</bind>
</comp>

<comp id="56" class="1001" name="const_56">
<pin_list>
<pin id="57" dir="1" index="0" bw="1" slack="0"/>
</pin_list>
<bind>
<StgValue><ssdm name="_ssdm_op_Read.ap_auto.i16"/></StgValue>
</bind>
</comp>

<comp id="58" class="1001" name="const_58">
<pin_list>
<pin id="59" dir="1" index="0" bw="1" slack="0"/>
</pin_list>
<bind>
<StgValue><ssdm name="_ssdm_op_Write.ap_fifo.i16P0A"/></StgValue>
</bind>
</comp>

<comp id="60" class="1004" name="p_read_19_read_fu_60">
<pin_list>
<pin id="61" dir="0" index="0" bw="16" slack="0"/>
<pin id="62" dir="0" index="1" bw="16" slack="0"/>
<pin id="63" dir="1" index="2" bw="16" slack="0"/>
</pin_list>
<bind>
<opcode="read(1150) " fcode="read"/>
<opset="p_read_19/1 "/>
</bind>
</comp>

<comp id="66" class="1004" name="p_read818_read_fu_66">
<pin_list>
<pin id="67" dir="0" index="0" bw="16" slack="0"/>
<pin id="68" dir="0" index="1" bw="16" slack="0"/>
<pin id="69" dir="1" index="2" bw="16" slack="0"/>
</pin_list>
<bind>
<opcode="read(1150) " fcode="read"/>
<opset="p_read818/1 "/>
</bind>
</comp>

<comp id="72" class="1004" name="p_read717_read_fu_72">
<pin_list>
<pin id="73" dir="0" index="0" bw="16" slack="0"/>
<pin id="74" dir="0" index="1" bw="16" slack="0"/>
<pin id="75" dir="1" index="2" bw="16" slack="0"/>
</pin_list>
<bind>
<opcode="read(1150) " fcode="read"/>
<opset="p_read717/1 "/>
</bind>
</comp>

<comp id="78" class="1004" name="p_read616_read_fu_78">
<pin_list>
<pin id="79" dir="0" index="0" bw="16" slack="0"/>
<pin id="80" dir="0" index="1" bw="16" slack="0"/>
<pin id="81" dir="1" index="2" bw="16" slack="0"/>
</pin_list>
<bind>
<opcode="read(1150) " fcode="read"/>
<opset="p_read616/1 "/>
</bind>
</comp>

<comp id="84" class="1004" name="p_read515_read_fu_84">
<pin_list>
<pin id="85" dir="0" index="0" bw="16" slack="0"/>
<pin id="86" dir="0" index="1" bw="16" slack="0"/>
<pin id="87" dir="1" index="2" bw="16" slack="0"/>
</pin_list>
<bind>
<opcode="read(1150) " fcode="read"/>
<opset="p_read515/1 "/>
</bind>
</comp>

<comp id="90" class="1004" name="p_read414_read_fu_90">
<pin_list>
<pin id="91" dir="0" index="0" bw="16" slack="0"/>
<pin id="92" dir="0" index="1" bw="16" slack="0"/>
<pin id="93" dir="1" index="2" bw="16" slack="0"/>
</pin_list>
<bind>
<opcode="read(1150) " fcode="read"/>
<opset="p_read414/1 "/>
</bind>
</comp>

<comp id="96" class="1004" name="p_read313_read_fu_96">
<pin_list>
<pin id="97" dir="0" index="0" bw="16" slack="0"/>
<pin id="98" dir="0" index="1" bw="16" slack="0"/>
<pin id="99" dir="1" index="2" bw="16" slack="0"/>
</pin_list>
<bind>
<opcode="read(1150) " fcode="read"/>
<opset="p_read313/1 "/>
</bind>
</comp>

<comp id="102" class="1004" name="p_read212_read_fu_102">
<pin_list>
<pin id="103" dir="0" index="0" bw="16" slack="0"/>
<pin id="104" dir="0" index="1" bw="16" slack="0"/>
<pin id="105" dir="1" index="2" bw="16" slack="0"/>
</pin_list>
<bind>
<opcode="read(1150) " fcode="read"/>
<opset="p_read212/1 "/>
</bind>
</comp>

<comp id="108" class="1004" name="p_read111_read_fu_108">
<pin_list>
<pin id="109" dir="0" index="0" bw="16" slack="0"/>
<pin id="110" dir="0" index="1" bw="16" slack="0"/>
<pin id="111" dir="1" index="2" bw="16" slack="0"/>
</pin_list>
<bind>
<opcode="read(1150) " fcode="read"/>
<opset="p_read111/1 "/>
</bind>
</comp>

<comp id="114" class="1004" name="p_read_20_read_fu_114">
<pin_list>
<pin id="115" dir="0" index="0" bw="16" slack="0"/>
<pin id="116" dir="0" index="1" bw="16" slack="0"/>
<pin id="117" dir="1" index="2" bw="16" slack="0"/>
</pin_list>
<bind>
<opcode="read(1150) " fcode="read"/>
<opset="p_read_20/1 "/>
</bind>
</comp>

<comp id="120" class="1004" name="write_ln0_write_fu_120">
<pin_list>
<pin id="121" dir="0" index="0" bw="0" slack="0"/>
<pin id="122" dir="0" index="1" bw="16" slack="0"/>
<pin id="123" dir="0" index="2" bw="16" slack="0"/>
<pin id="124" dir="1" index="3" bw="0" slack="2147483647"/>
</pin_list>
<bind>
<opcode="write(1151) " fcode="write"/>
<opset="write_ln0/1 "/>
</bind>
</comp>

<comp id="128" class="1004" name="write_ln0_write_fu_128">
<pin_list>
<pin id="129" dir="0" index="0" bw="0" slack="0"/>
<pin id="130" dir="0" index="1" bw="16" slack="0"/>
<pin id="131" dir="0" index="2" bw="16" slack="0"/>
<pin id="132" dir="1" index="3" bw="0" slack="2147483647"/>
</pin_list>
<bind>
<opcode="write(1151) " fcode="write"/>
<opset="write_ln0/1 "/>
</bind>
</comp>

<comp id="136" class="1004" name="write_ln0_write_fu_136">
<pin_list>
<pin id="137" dir="0" index="0" bw="0" slack="0"/>
<pin id="138" dir="0" index="1" bw="16" slack="0"/>
<pin id="139" dir="0" index="2" bw="16" slack="0"/>
<pin id="140" dir="1" index="3" bw="0" slack="2147483647"/>
</pin_list>
<bind>
<opcode="write(1151) " fcode="write"/>
<opset="write_ln0/1 "/>
</bind>
</comp>

<comp id="144" class="1004" name="write_ln0_write_fu_144">
<pin_list>
<pin id="145" dir="0" index="0" bw="0" slack="0"/>
<pin id="146" dir="0" index="1" bw="16" slack="0"/>
<pin id="147" dir="0" index="2" bw="16" slack="0"/>
<pin id="148" dir="1" index="3" bw="0" slack="2147483647"/>
</pin_list>
<bind>
<opcode="write(1151) " fcode="write"/>
<opset="write_ln0/1 "/>
</bind>
</comp>

<comp id="152" class="1004" name="write_ln0_write_fu_152">
<pin_list>
<pin id="153" dir="0" index="0" bw="0" slack="0"/>
<pin id="154" dir="0" index="1" bw="16" slack="0"/>
<pin id="155" dir="0" index="2" bw="16" slack="0"/>
<pin id="156" dir="1" index="3" bw="0" slack="2147483647"/>
</pin_list>
<bind>
<opcode="write(1151) " fcode="write"/>
<opset="write_ln0/1 "/>
</bind>
</comp>

<comp id="160" class="1004" name="write_ln0_write_fu_160">
<pin_list>
<pin id="161" dir="0" index="0" bw="0" slack="0"/>
<pin id="162" dir="0" index="1" bw="16" slack="0"/>
<pin id="163" dir="0" index="2" bw="16" slack="0"/>
<pin id="164" dir="1" index="3" bw="0" slack="2147483647"/>
</pin_list>
<bind>
<opcode="write(1151) " fcode="write"/>
<opset="write_ln0/1 "/>
</bind>
</comp>

<comp id="168" class="1004" name="write_ln0_write_fu_168">
<pin_list>
<pin id="169" dir="0" index="0" bw="0" slack="0"/>
<pin id="170" dir="0" index="1" bw="16" slack="0"/>
<pin id="171" dir="0" index="2" bw="16" slack="0"/>
<pin id="172" dir="1" index="3" bw="0" slack="2147483647"/>
</pin_list>
<bind>
<opcode="write(1151) " fcode="write"/>
<opset="write_ln0/1 "/>
</bind>
</comp>

<comp id="176" class="1004" name="write_ln0_write_fu_176">
<pin_list>
<pin id="177" dir="0" index="0" bw="0" slack="0"/>
<pin id="178" dir="0" index="1" bw="16" slack="0"/>
<pin id="179" dir="0" index="2" bw="16" slack="0"/>
<pin id="180" dir="1" index="3" bw="0" slack="2147483647"/>
</pin_list>
<bind>
<opcode="write(1151) " fcode="write"/>
<opset="write_ln0/1 "/>
</bind>
</comp>

<comp id="184" class="1004" name="write_ln0_write_fu_184">
<pin_list>
<pin id="185" dir="0" index="0" bw="0" slack="0"/>
<pin id="186" dir="0" index="1" bw="16" slack="0"/>
<pin id="187" dir="0" index="2" bw="16" slack="0"/>
<pin id="188" dir="1" index="3" bw="0" slack="2147483647"/>
</pin_list>
<bind>
<opcode="write(1151) " fcode="write"/>
<opset="write_ln0/1 "/>
</bind>
</comp>

<comp id="192" class="1004" name="write_ln0_write_fu_192">
<pin_list>
<pin id="193" dir="0" index="0" bw="0" slack="0"/>
<pin id="194" dir="0" index="1" bw="16" slack="0"/>
<pin id="195" dir="0" index="2" bw="16" slack="0"/>
<pin id="196" dir="1" index="3" bw="0" slack="2147483647"/>
</pin_list>
<bind>
<opcode="write(1151) " fcode="write"/>
<opset="write_ln0/1 "/>
</bind>
</comp>

</comp_list>

<net_list>
<net id="64"><net_src comp="56" pin="0"/><net_sink comp="60" pin=0"/></net>

<net id="65"><net_src comp="36" pin="0"/><net_sink comp="60" pin=1"/></net>

<net id="70"><net_src comp="56" pin="0"/><net_sink comp="66" pin=0"/></net>

<net id="71"><net_src comp="32" pin="0"/><net_sink comp="66" pin=1"/></net>

<net id="76"><net_src comp="56" pin="0"/><net_sink comp="72" pin=0"/></net>

<net id="77"><net_src comp="28" pin="0"/><net_sink comp="72" pin=1"/></net>

<net id="82"><net_src comp="56" pin="0"/><net_sink comp="78" pin=0"/></net>

<net id="83"><net_src comp="24" pin="0"/><net_sink comp="78" pin=1"/></net>

<net id="88"><net_src comp="56" pin="0"/><net_sink comp="84" pin=0"/></net>

<net id="89"><net_src comp="20" pin="0"/><net_sink comp="84" pin=1"/></net>

<net id="94"><net_src comp="56" pin="0"/><net_sink comp="90" pin=0"/></net>

<net id="95"><net_src comp="16" pin="0"/><net_sink comp="90" pin=1"/></net>

<net id="100"><net_src comp="56" pin="0"/><net_sink comp="96" pin=0"/></net>

<net id="101"><net_src comp="12" pin="0"/><net_sink comp="96" pin=1"/></net>

<net id="106"><net_src comp="56" pin="0"/><net_sink comp="102" pin=0"/></net>

<net id="107"><net_src comp="8" pin="0"/><net_sink comp="102" pin=1"/></net>

<net id="112"><net_src comp="56" pin="0"/><net_sink comp="108" pin=0"/></net>

<net id="113"><net_src comp="4" pin="0"/><net_sink comp="108" pin=1"/></net>

<net id="118"><net_src comp="56" pin="0"/><net_sink comp="114" pin=0"/></net>

<net id="119"><net_src comp="0" pin="0"/><net_sink comp="114" pin=1"/></net>

<net id="125"><net_src comp="58" pin="0"/><net_sink comp="120" pin=0"/></net>

<net id="126"><net_src comp="38" pin="0"/><net_sink comp="120" pin=1"/></net>

<net id="127"><net_src comp="60" pin="2"/><net_sink comp="120" pin=2"/></net>

<net id="133"><net_src comp="58" pin="0"/><net_sink comp="128" pin=0"/></net>

<net id="134"><net_src comp="34" pin="0"/><net_sink comp="128" pin=1"/></net>

<net id="135"><net_src comp="66" pin="2"/><net_sink comp="128" pin=2"/></net>

<net id="141"><net_src comp="58" pin="0"/><net_sink comp="136" pin=0"/></net>

<net id="142"><net_src comp="30" pin="0"/><net_sink comp="136" pin=1"/></net>

<net id="143"><net_src comp="72" pin="2"/><net_sink comp="136" pin=2"/></net>

<net id="149"><net_src comp="58" pin="0"/><net_sink comp="144" pin=0"/></net>

<net id="150"><net_src comp="26" pin="0"/><net_sink comp="144" pin=1"/></net>

<net id="151"><net_src comp="78" pin="2"/><net_sink comp="144" pin=2"/></net>

<net id="157"><net_src comp="58" pin="0"/><net_sink comp="152" pin=0"/></net>

<net id="158"><net_src comp="22" pin="0"/><net_sink comp="152" pin=1"/></net>

<net id="159"><net_src comp="84" pin="2"/><net_sink comp="152" pin=2"/></net>

<net id="165"><net_src comp="58" pin="0"/><net_sink comp="160" pin=0"/></net>

<net id="166"><net_src comp="18" pin="0"/><net_sink comp="160" pin=1"/></net>

<net id="167"><net_src comp="90" pin="2"/><net_sink comp="160" pin=2"/></net>

<net id="173"><net_src comp="58" pin="0"/><net_sink comp="168" pin=0"/></net>

<net id="174"><net_src comp="14" pin="0"/><net_sink comp="168" pin=1"/></net>

<net id="175"><net_src comp="96" pin="2"/><net_sink comp="168" pin=2"/></net>

<net id="181"><net_src comp="58" pin="0"/><net_sink comp="176" pin=0"/></net>

<net id="182"><net_src comp="10" pin="0"/><net_sink comp="176" pin=1"/></net>

<net id="183"><net_src comp="102" pin="2"/><net_sink comp="176" pin=2"/></net>

<net id="189"><net_src comp="58" pin="0"/><net_sink comp="184" pin=0"/></net>

<net id="190"><net_src comp="6" pin="0"/><net_sink comp="184" pin=1"/></net>

<net id="191"><net_src comp="108" pin="2"/><net_sink comp="184" pin=2"/></net>

<net id="197"><net_src comp="58" pin="0"/><net_sink comp="192" pin=0"/></net>

<net id="198"><net_src comp="2" pin="0"/><net_sink comp="192" pin=1"/></net>

<net id="199"><net_src comp="114" pin="2"/><net_sink comp="192" pin=2"/></net>

</net_list>

</model> 
---------------- Datapath Model END ------------------

* FSMD analyzer results:
  - Output states:
	Port: stencilConfig_grid_size_0_c47 | {1 }
	Port: stencilConfig_grid_size_1_c60 | {1 }
	Port: stencilConfig_grid_size_2_c73 | {1 }
	Port: stencilConfig_lower_limit_0_c86 | {1 }
	Port: stencilConfig_lower_limit_1_c99 | {1 }
	Port: stencilConfig_lower_limit_2_c112 | {1 }
	Port: stencilConfig_upper_limit_0_c125 | {1 }
	Port: stencilConfig_upper_limit_1_c138 | {1 }
	Port: stencilConfig_upper_limit_2_c151 | {1 }
	Port: stencilConfig_outer_loop_limit_c164 | {1 }
 - Input state : 
	Port: entry_proc : p_read | {1 }
	Port: entry_proc : stencilConfig_grid_size_0_c47 | {}
	Port: entry_proc : p_read1 | {1 }
	Port: entry_proc : stencilConfig_grid_size_1_c60 | {}
	Port: entry_proc : p_read2 | {1 }
	Port: entry_proc : stencilConfig_grid_size_2_c73 | {}
	Port: entry_proc : p_read3 | {1 }
	Port: entry_proc : stencilConfig_lower_limit_0_c86 | {}
	Port: entry_proc : p_read4 | {1 }
	Port: entry_proc : stencilConfig_lower_limit_1_c99 | {}
	Port: entry_proc : p_read5 | {1 }
	Port: entry_proc : stencilConfig_lower_limit_2_c112 | {}
	Port: entry_proc : p_read6 | {1 }
	Port: entry_proc : stencilConfig_upper_limit_0_c125 | {}
	Port: entry_proc : p_read7 | {1 }
	Port: entry_proc : stencilConfig_upper_limit_1_c138 | {}
	Port: entry_proc : p_read8 | {1 }
	Port: entry_proc : stencilConfig_upper_limit_2_c151 | {}
	Port: entry_proc : p_read9 | {1 }
	Port: entry_proc : stencilConfig_outer_loop_limit_c164 | {}
  - Chain level:
	State 1


============================================================
+ Verbose Summary: Datapath Resource usage 
============================================================

* Functional unit list:
|----------|------------------------|
| Operation|     Functional Unit    |
|----------|------------------------|
|          |  p_read_19_read_fu_60  |
|          |  p_read818_read_fu_66  |
|          |  p_read717_read_fu_72  |
|          |  p_read616_read_fu_78  |
|   read   |  p_read515_read_fu_84  |
|          |  p_read414_read_fu_90  |
|          |  p_read313_read_fu_96  |
|          |  p_read212_read_fu_102 |
|          |  p_read111_read_fu_108 |
|          |  p_read_20_read_fu_114 |
|----------|------------------------|
|          | write_ln0_write_fu_120 |
|          | write_ln0_write_fu_128 |
|          | write_ln0_write_fu_136 |
|          | write_ln0_write_fu_144 |
|   write  | write_ln0_write_fu_152 |
|          | write_ln0_write_fu_160 |
|          | write_ln0_write_fu_168 |
|          | write_ln0_write_fu_176 |
|          | write_ln0_write_fu_184 |
|          | write_ln0_write_fu_192 |
|----------|------------------------|
|   Total  |                        |
|----------|------------------------|

Memories:
N/A

* Register list:
N/A

* Multiplexer (MUX) list: 
|--------|------|------|------|--------|
|  Comp  |  Pin | Size |  BW  | S x BW |
|--------|------|------|------|--------|
|  Total |      |      |      |    0   |
|--------|------|------|------|--------|



* Summary:
+-----------+
|           |
+-----------+
|  Function |
|   Memory  |
|Multiplexer|
|  Register |
+-----------+
|   Total   |
+-----------+
