

================================================================
== Vitis HLS Report for 'joint_PE_outerloop_0_2'
================================================================
* Date:           Sun Jul 26 01:24:26 2026

* Version:        2022.1 (Build 3526262 on Mon Apr 18 15:47:01 MDT 2022)
* Project:        kernel_outerloop_0
* Solution:       solution (Vitis Kernel Flow Target)
* Product family: versal
* Target device:  xcvc1902-vsvd1760-2MP-e-S


================================================================
== Performance Estimates
================================================================
+ Timing: 
    * Summary: 
    +--------+---------+----------+------------+
    |  Clock |  Target | Estimated| Uncertainty|
    +--------+---------+----------+------------+
    |ap_clk  |  3.33 ns|  2.301 ns|     0.90 ns|
    +--------+---------+----------+------------+

+ Latency: 
    * Summary: 
    +---------+---------+----------+----------+-----+-----+---------+
    |  Latency (cycles) |  Latency (absolute) |  Interval | Pipeline|
    |   min   |   max   |    min   |    max   | min | max |   Type  |
    +---------+---------+----------+----------+-----+-----+---------+
    |        ?|        ?|         ?|         ?|    ?|    ?|       no|
    +---------+---------+----------+----------+-----+-----+---------+

    + Detail: 
        * Instance: 
        +-----------------------+------------+---------+---------+----------+----------+-----+-----+---------+
        |                       |            |  Latency (cycles) |  Latency (absolute) |  Interval | Pipeline|
        |        Instance       |   Module   |   min   |   max   |    min   |    max   | min | max |   Type  |
        +-----------------------+------------+---------+---------+----------+----------+-----+-----+---------+
        |grp_stencilRun_fu_210  |stencilRun  |        ?|        ?|         ?|         ?|    ?|    ?|       no|
        +-----------------------+------------+---------+---------+----------+----------+-----+-----+---------+

        * Loop: 
        N/A

============================================================
+ Verbose Summary: Synthesis Manager
============================================================
InlineROM: 1
ExposeGlobal: 0
============================================================
+ Verbose Summary: CDFG Model
============================================================
IsTopModel: 0
ResetActiveHigh: 1
IsCombinational: 2
IsDatapathOnly: 0
HasWiredReturn: 1
HasMFsm: 0
HasVarLatency: 1
IsPipeline: 0
IsRtlPipelined: 0
IsInstanceOverlapped: 0
IsDontTouch: 0
HasImplIP: 0
IsGatedGlobalClock: 0


============================================================
+ Verbose Summary: Schedule
============================================================
* Number of FSM states : 2
* Pipeline : 0
* Dataflow Pipeline: 0

* FSM state transitions: 
1 --> 2 
2 --> 

* FSM state operations: 

State 1 <SV = 0> <Delay = 1.59>
ST_1 : Operation 3 [1/1] (0.79ns)   --->   "%stencil_m_stencilConfig_outer_loop_limit = read i16 @_ssdm_op_Read.ap_fifo.i16P0A, i16 %stencilConfig_outer_loop_limit"   --->   Operation 3 'read' 'stencil_m_stencilConfig_outer_loop_limit' <Predicate = true> <Delay = 0.79> <CoreInst = "FIFO_SRL">   --->   Core 85 'FIFO_SRL' <Latency = 0> <II = 1> <Delay = 0.79> <Storage> <Opcode : 'read' 'write' 'nbread' 'nbwrite'> <Ports = 0> <Width = 16> <Depth = 2> <FIFO>
ST_1 : Operation 4 [1/1] (0.79ns)   --->   "%write_ln0 = write void @_ssdm_op_Write.ap_fifo.i16P0A, i16 %stencilConfig_outer_loop_limit_c161, i16 %stencil_m_stencilConfig_outer_loop_limit"   --->   Operation 4 'write' 'write_ln0' <Predicate = true> <Delay = 0.79> <CoreInst = "FIFO_SRL">   --->   Core 85 'FIFO_SRL' <Latency = 0> <II = 1> <Delay = 0.79> <Storage> <Opcode : 'read' 'write' 'nbread' 'nbwrite'> <Ports = 0> <Width = 16> <Depth = 2> <FIFO>
ST_1 : Operation 5 [1/1] (0.79ns)   --->   "%stencil_m_stencilConfig_upper_limit_2 = read i16 @_ssdm_op_Read.ap_fifo.i16P0A, i16 %stencilConfig_upper_limit_2"   --->   Operation 5 'read' 'stencil_m_stencilConfig_upper_limit_2' <Predicate = true> <Delay = 0.79> <CoreInst = "FIFO_SRL">   --->   Core 85 'FIFO_SRL' <Latency = 0> <II = 1> <Delay = 0.79> <Storage> <Opcode : 'read' 'write' 'nbread' 'nbwrite'> <Ports = 0> <Width = 16> <Depth = 2> <FIFO>
ST_1 : Operation 6 [1/1] (0.79ns)   --->   "%write_ln0 = write void @_ssdm_op_Write.ap_fifo.i16P0A, i16 %stencilConfig_upper_limit_2_c148, i16 %stencil_m_stencilConfig_upper_limit_2"   --->   Operation 6 'write' 'write_ln0' <Predicate = true> <Delay = 0.79> <CoreInst = "FIFO_SRL">   --->   Core 85 'FIFO_SRL' <Latency = 0> <II = 1> <Delay = 0.79> <Storage> <Opcode : 'read' 'write' 'nbread' 'nbwrite'> <Ports = 0> <Width = 16> <Depth = 2> <FIFO>
ST_1 : Operation 7 [1/1] (0.79ns)   --->   "%stencil_m_stencilConfig_upper_limit_1 = read i16 @_ssdm_op_Read.ap_fifo.i16P0A, i16 %stencilConfig_upper_limit_1"   --->   Operation 7 'read' 'stencil_m_stencilConfig_upper_limit_1' <Predicate = true> <Delay = 0.79> <CoreInst = "FIFO_SRL">   --->   Core 85 'FIFO_SRL' <Latency = 0> <II = 1> <Delay = 0.79> <Storage> <Opcode : 'read' 'write' 'nbread' 'nbwrite'> <Ports = 0> <Width = 16> <Depth = 2> <FIFO>
ST_1 : Operation 8 [1/1] (0.79ns)   --->   "%write_ln0 = write void @_ssdm_op_Write.ap_fifo.i16P0A, i16 %stencilConfig_upper_limit_1_c135, i16 %stencil_m_stencilConfig_upper_limit_1"   --->   Operation 8 'write' 'write_ln0' <Predicate = true> <Delay = 0.79> <CoreInst = "FIFO_SRL">   --->   Core 85 'FIFO_SRL' <Latency = 0> <II = 1> <Delay = 0.79> <Storage> <Opcode : 'read' 'write' 'nbread' 'nbwrite'> <Ports = 0> <Width = 16> <Depth = 2> <FIFO>
ST_1 : Operation 9 [1/1] (0.79ns)   --->   "%stencil_m_stencilConfig_upper_limit_0 = read i16 @_ssdm_op_Read.ap_fifo.i16P0A, i16 %stencilConfig_upper_limit_0"   --->   Operation 9 'read' 'stencil_m_stencilConfig_upper_limit_0' <Predicate = true> <Delay = 0.79> <CoreInst = "FIFO_SRL">   --->   Core 85 'FIFO_SRL' <Latency = 0> <II = 1> <Delay = 0.79> <Storage> <Opcode : 'read' 'write' 'nbread' 'nbwrite'> <Ports = 0> <Width = 16> <Depth = 2> <FIFO>
ST_1 : Operation 10 [1/1] (0.79ns)   --->   "%write_ln0 = write void @_ssdm_op_Write.ap_fifo.i16P0A, i16 %stencilConfig_upper_limit_0_c122, i16 %stencil_m_stencilConfig_upper_limit_0"   --->   Operation 10 'write' 'write_ln0' <Predicate = true> <Delay = 0.79> <CoreInst = "FIFO_SRL">   --->   Core 85 'FIFO_SRL' <Latency = 0> <II = 1> <Delay = 0.79> <Storage> <Opcode : 'read' 'write' 'nbread' 'nbwrite'> <Ports = 0> <Width = 16> <Depth = 2> <FIFO>
ST_1 : Operation 11 [1/1] (0.79ns)   --->   "%stencil_m_stencilConfig_lower_limit_2 = read i16 @_ssdm_op_Read.ap_fifo.i16P0A, i16 %stencilConfig_lower_limit_2"   --->   Operation 11 'read' 'stencil_m_stencilConfig_lower_limit_2' <Predicate = true> <Delay = 0.79> <CoreInst = "FIFO_SRL">   --->   Core 85 'FIFO_SRL' <Latency = 0> <II = 1> <Delay = 0.79> <Storage> <Opcode : 'read' 'write' 'nbread' 'nbwrite'> <Ports = 0> <Width = 16> <Depth = 2> <FIFO>
ST_1 : Operation 12 [1/1] (0.79ns)   --->   "%write_ln0 = write void @_ssdm_op_Write.ap_fifo.i16P0A, i16 %stencilConfig_lower_limit_2_c109, i16 %stencil_m_stencilConfig_lower_limit_2"   --->   Operation 12 'write' 'write_ln0' <Predicate = true> <Delay = 0.79> <CoreInst = "FIFO_SRL">   --->   Core 85 'FIFO_SRL' <Latency = 0> <II = 1> <Delay = 0.79> <Storage> <Opcode : 'read' 'write' 'nbread' 'nbwrite'> <Ports = 0> <Width = 16> <Depth = 2> <FIFO>
ST_1 : Operation 13 [1/1] (0.79ns)   --->   "%stencil_m_stencilConfig_lower_limit_1 = read i16 @_ssdm_op_Read.ap_fifo.i16P0A, i16 %stencilConfig_lower_limit_1"   --->   Operation 13 'read' 'stencil_m_stencilConfig_lower_limit_1' <Predicate = true> <Delay = 0.79> <CoreInst = "FIFO_SRL">   --->   Core 85 'FIFO_SRL' <Latency = 0> <II = 1> <Delay = 0.79> <Storage> <Opcode : 'read' 'write' 'nbread' 'nbwrite'> <Ports = 0> <Width = 16> <Depth = 2> <FIFO>
ST_1 : Operation 14 [1/1] (0.79ns)   --->   "%write_ln0 = write void @_ssdm_op_Write.ap_fifo.i16P0A, i16 %stencilConfig_lower_limit_1_c96, i16 %stencil_m_stencilConfig_lower_limit_1"   --->   Operation 14 'write' 'write_ln0' <Predicate = true> <Delay = 0.79> <CoreInst = "FIFO_SRL">   --->   Core 85 'FIFO_SRL' <Latency = 0> <II = 1> <Delay = 0.79> <Storage> <Opcode : 'read' 'write' 'nbread' 'nbwrite'> <Ports = 0> <Width = 16> <Depth = 2> <FIFO>
ST_1 : Operation 15 [1/1] (0.79ns)   --->   "%stencil_m_stencilConfig_lower_limit_0 = read i16 @_ssdm_op_Read.ap_fifo.i16P0A, i16 %stencilConfig_lower_limit_0"   --->   Operation 15 'read' 'stencil_m_stencilConfig_lower_limit_0' <Predicate = true> <Delay = 0.79> <CoreInst = "FIFO_SRL">   --->   Core 85 'FIFO_SRL' <Latency = 0> <II = 1> <Delay = 0.79> <Storage> <Opcode : 'read' 'write' 'nbread' 'nbwrite'> <Ports = 0> <Width = 16> <Depth = 2> <FIFO>
ST_1 : Operation 16 [1/1] (0.79ns)   --->   "%write_ln0 = write void @_ssdm_op_Write.ap_fifo.i16P0A, i16 %stencilConfig_lower_limit_0_c83, i16 %stencil_m_stencilConfig_lower_limit_0"   --->   Operation 16 'write' 'write_ln0' <Predicate = true> <Delay = 0.79> <CoreInst = "FIFO_SRL">   --->   Core 85 'FIFO_SRL' <Latency = 0> <II = 1> <Delay = 0.79> <Storage> <Opcode : 'read' 'write' 'nbread' 'nbwrite'> <Ports = 0> <Width = 16> <Depth = 2> <FIFO>
ST_1 : Operation 17 [1/1] (0.79ns)   --->   "%stencil_m_stencilConfig_grid_size_2 = read i16 @_ssdm_op_Read.ap_fifo.i16P0A, i16 %stencilConfig_grid_size_2"   --->   Operation 17 'read' 'stencil_m_stencilConfig_grid_size_2' <Predicate = true> <Delay = 0.79> <CoreInst = "FIFO_SRL">   --->   Core 85 'FIFO_SRL' <Latency = 0> <II = 1> <Delay = 0.79> <Storage> <Opcode : 'read' 'write' 'nbread' 'nbwrite'> <Ports = 0> <Width = 16> <Depth = 2> <FIFO>
ST_1 : Operation 18 [1/1] (0.79ns)   --->   "%write_ln0 = write void @_ssdm_op_Write.ap_fifo.i16P0A, i16 %stencilConfig_grid_size_2_c70, i16 %stencil_m_stencilConfig_grid_size_2"   --->   Operation 18 'write' 'write_ln0' <Predicate = true> <Delay = 0.79> <CoreInst = "FIFO_SRL">   --->   Core 85 'FIFO_SRL' <Latency = 0> <II = 1> <Delay = 0.79> <Storage> <Opcode : 'read' 'write' 'nbread' 'nbwrite'> <Ports = 0> <Width = 16> <Depth = 2> <FIFO>
ST_1 : Operation 19 [1/1] (0.79ns)   --->   "%stencil_m_stencilConfig_grid_size_1 = read i16 @_ssdm_op_Read.ap_fifo.i16P0A, i16 %stencilConfig_grid_size_1"   --->   Operation 19 'read' 'stencil_m_stencilConfig_grid_size_1' <Predicate = true> <Delay = 0.79> <CoreInst = "FIFO_SRL">   --->   Core 85 'FIFO_SRL' <Latency = 0> <II = 1> <Delay = 0.79> <Storage> <Opcode : 'read' 'write' 'nbread' 'nbwrite'> <Ports = 0> <Width = 16> <Depth = 2> <FIFO>
ST_1 : Operation 20 [1/1] (0.79ns)   --->   "%write_ln0 = write void @_ssdm_op_Write.ap_fifo.i16P0A, i16 %stencilConfig_grid_size_1_c57, i16 %stencil_m_stencilConfig_grid_size_1"   --->   Operation 20 'write' 'write_ln0' <Predicate = true> <Delay = 0.79> <CoreInst = "FIFO_SRL">   --->   Core 85 'FIFO_SRL' <Latency = 0> <II = 1> <Delay = 0.79> <Storage> <Opcode : 'read' 'write' 'nbread' 'nbwrite'> <Ports = 0> <Width = 16> <Depth = 2> <FIFO>
ST_1 : Operation 21 [1/1] (0.79ns)   --->   "%stencil_m_stencilConfig_grid_size_0 = read i16 @_ssdm_op_Read.ap_fifo.i16P0A, i16 %stencilConfig_grid_size_0"   --->   Operation 21 'read' 'stencil_m_stencilConfig_grid_size_0' <Predicate = true> <Delay = 0.79> <CoreInst = "FIFO_SRL">   --->   Core 85 'FIFO_SRL' <Latency = 0> <II = 1> <Delay = 0.79> <Storage> <Opcode : 'read' 'write' 'nbread' 'nbwrite'> <Ports = 0> <Width = 16> <Depth = 2> <FIFO>
ST_1 : Operation 22 [1/1] (0.79ns)   --->   "%write_ln0 = write void @_ssdm_op_Write.ap_fifo.i16P0A, i16 %stencilConfig_grid_size_0_c44, i16 %stencil_m_stencilConfig_grid_size_0"   --->   Operation 22 'write' 'write_ln0' <Predicate = true> <Delay = 0.79> <CoreInst = "FIFO_SRL">   --->   Core 85 'FIFO_SRL' <Latency = 0> <II = 1> <Delay = 0.79> <Storage> <Opcode : 'read' 'write' 'nbread' 'nbwrite'> <Ports = 0> <Width = 16> <Depth = 2> <FIFO>
ST_1 : Operation 23 [2/2] (0.70ns)   --->   "%call_ln484 = call void @stencilRun, i16 %stencil_m_stencilConfig_grid_size_0, i16 %stencil_m_stencilConfig_grid_size_1, i16 %stencil_m_stencilConfig_grid_size_2, i16 %stencil_m_stencilConfig_lower_limit_0, i16 %stencil_m_stencilConfig_lower_limit_1, i16 %stencil_m_stencilConfig_lower_limit_2, i16 %stencil_m_stencilConfig_upper_limit_0, i16 %stencil_m_stencilConfig_upper_limit_1, i16 %stencil_m_stencilConfig_upper_limit_2, i16 %stencil_m_stencilConfig_outer_loop_limit, i256 %arg0_arg1_streams_2, i256 %arg0_arg1_streams_3" [/home/x_thileeb/repos/ops-hls-pact25-artifact/codegen_apps/jacobian3d/vck5000_project/hls/device/include/PE_jac3D_kernel_stencil.hpp:484]   --->   Operation 23 'call' 'call_ln484' <Predicate = true> <Delay = 0.70> <CoreType = "Generic">   --->   Core 0 '' <Latency = 0> <II = 1> <Delay = 1.00> <Generic> <Opcode : >

State 2 <SV = 1> <Delay = 0.00>
ST_2 : Operation 24 [1/1] (0.00ns)   --->   "%specinterface_ln0 = specinterface void @_ssdm_op_SpecInterface, i16 %stencilConfig_outer_loop_limit, void @ap_fifo_str, i32 0, i32 0, void @p_str, i32 0, i32 0, void @p_str, void @p_str, void @p_str, i32 2, i32 2, i32 16, i32 16, void @p_str, void @ScalarProp_str, i32 4294967295, i32 0"   --->   Operation 24 'specinterface' 'specinterface_ln0' <Predicate = true> <Delay = 0.00>
ST_2 : Operation 25 [1/1] (0.00ns)   --->   "%specinterface_ln0 = specinterface void @_ssdm_op_SpecInterface, i16 %stencilConfig_outer_loop_limit_c161, void @ap_fifo_str, i32 0, i32 0, void @p_str, i32 0, i32 0, void @p_str, void @p_str, void @p_str, i32 2, i32 2, i32 16, i32 16, void @p_str, void @ScalarProp_str, i32 4294967295, i32 0"   --->   Operation 25 'specinterface' 'specinterface_ln0' <Predicate = true> <Delay = 0.00>
ST_2 : Operation 26 [1/1] (0.00ns)   --->   "%specinterface_ln0 = specinterface void @_ssdm_op_SpecInterface, i16 %stencilConfig_upper_limit_2, void @ap_fifo_str, i32 0, i32 0, void @p_str, i32 0, i32 0, void @p_str, void @p_str, void @p_str, i32 2, i32 2, i32 16, i32 16, void @p_str, void @ScalarProp_str, i32 4294967295, i32 0"   --->   Operation 26 'specinterface' 'specinterface_ln0' <Predicate = true> <Delay = 0.00>
ST_2 : Operation 27 [1/1] (0.00ns)   --->   "%specinterface_ln0 = specinterface void @_ssdm_op_SpecInterface, i16 %stencilConfig_upper_limit_2_c148, void @ap_fifo_str, i32 0, i32 0, void @p_str, i32 0, i32 0, void @p_str, void @p_str, void @p_str, i32 2, i32 2, i32 16, i32 16, void @p_str, void @ScalarProp_str, i32 4294967295, i32 0"   --->   Operation 27 'specinterface' 'specinterface_ln0' <Predicate = true> <Delay = 0.00>
ST_2 : Operation 28 [1/1] (0.00ns)   --->   "%specinterface_ln0 = specinterface void @_ssdm_op_SpecInterface, i16 %stencilConfig_upper_limit_1, void @ap_fifo_str, i32 0, i32 0, void @p_str, i32 0, i32 0, void @p_str, void @p_str, void @p_str, i32 2, i32 2, i32 16, i32 16, void @p_str, void @ScalarProp_str, i32 4294967295, i32 0"   --->   Operation 28 'specinterface' 'specinterface_ln0' <Predicate = true> <Delay = 0.00>
ST_2 : Operation 29 [1/1] (0.00ns)   --->   "%specinterface_ln0 = specinterface void @_ssdm_op_SpecInterface, i16 %stencilConfig_upper_limit_1_c135, void @ap_fifo_str, i32 0, i32 0, void @p_str, i32 0, i32 0, void @p_str, void @p_str, void @p_str, i32 2, i32 2, i32 16, i32 16, void @p_str, void @ScalarProp_str, i32 4294967295, i32 0"   --->   Operation 29 'specinterface' 'specinterface_ln0' <Predicate = true> <Delay = 0.00>
ST_2 : Operation 30 [1/1] (0.00ns)   --->   "%specinterface_ln0 = specinterface void @_ssdm_op_SpecInterface, i16 %stencilConfig_upper_limit_0, void @ap_fifo_str, i32 0, i32 0, void @p_str, i32 0, i32 0, void @p_str, void @p_str, void @p_str, i32 2, i32 2, i32 16, i32 16, void @p_str, void @ScalarProp_str, i32 4294967295, i32 0"   --->   Operation 30 'specinterface' 'specinterface_ln0' <Predicate = true> <Delay = 0.00>
ST_2 : Operation 31 [1/1] (0.00ns)   --->   "%specinterface_ln0 = specinterface void @_ssdm_op_SpecInterface, i16 %stencilConfig_upper_limit_0_c122, void @ap_fifo_str, i32 0, i32 0, void @p_str, i32 0, i32 0, void @p_str, void @p_str, void @p_str, i32 2, i32 2, i32 16, i32 16, void @p_str, void @ScalarProp_str, i32 4294967295, i32 0"   --->   Operation 31 'specinterface' 'specinterface_ln0' <Predicate = true> <Delay = 0.00>
ST_2 : Operation 32 [1/1] (0.00ns)   --->   "%specinterface_ln0 = specinterface void @_ssdm_op_SpecInterface, i16 %stencilConfig_lower_limit_2, void @ap_fifo_str, i32 0, i32 0, void @p_str, i32 0, i32 0, void @p_str, void @p_str, void @p_str, i32 2, i32 2, i32 16, i32 16, void @p_str, void @ScalarProp_str, i32 4294967295, i32 0"   --->   Operation 32 'specinterface' 'specinterface_ln0' <Predicate = true> <Delay = 0.00>
ST_2 : Operation 33 [1/1] (0.00ns)   --->   "%specinterface_ln0 = specinterface void @_ssdm_op_SpecInterface, i16 %stencilConfig_lower_limit_2_c109, void @ap_fifo_str, i32 0, i32 0, void @p_str, i32 0, i32 0, void @p_str, void @p_str, void @p_str, i32 2, i32 2, i32 16, i32 16, void @p_str, void @ScalarProp_str, i32 4294967295, i32 0"   --->   Operation 33 'specinterface' 'specinterface_ln0' <Predicate = true> <Delay = 0.00>
ST_2 : Operation 34 [1/1] (0.00ns)   --->   "%specinterface_ln0 = specinterface void @_ssdm_op_SpecInterface, i16 %stencilConfig_lower_limit_1, void @ap_fifo_str, i32 0, i32 0, void @p_str, i32 0, i32 0, void @p_str, void @p_str, void @p_str, i32 2, i32 2, i32 16, i32 16, void @p_str, void @ScalarProp_str, i32 4294967295, i32 0"   --->   Operation 34 'specinterface' 'specinterface_ln0' <Predicate = true> <Delay = 0.00>
ST_2 : Operation 35 [1/1] (0.00ns)   --->   "%specinterface_ln0 = specinterface void @_ssdm_op_SpecInterface, i16 %stencilConfig_lower_limit_1_c96, void @ap_fifo_str, i32 0, i32 0, void @p_str, i32 0, i32 0, void @p_str, void @p_str, void @p_str, i32 2, i32 2, i32 16, i32 16, void @p_str, void @ScalarProp_str, i32 4294967295, i32 0"   --->   Operation 35 'specinterface' 'specinterface_ln0' <Predicate = true> <Delay = 0.00>
ST_2 : Operation 36 [1/1] (0.00ns)   --->   "%specinterface_ln0 = specinterface void @_ssdm_op_SpecInterface, i16 %stencilConfig_lower_limit_0, void @ap_fifo_str, i32 0, i32 0, void @p_str, i32 0, i32 0, void @p_str, void @p_str, void @p_str, i32 2, i32 2, i32 16, i32 16, void @p_str, void @ScalarProp_str, i32 4294967295, i32 0"   --->   Operation 36 'specinterface' 'specinterface_ln0' <Predicate = true> <Delay = 0.00>
ST_2 : Operation 37 [1/1] (0.00ns)   --->   "%specinterface_ln0 = specinterface void @_ssdm_op_SpecInterface, i16 %stencilConfig_lower_limit_0_c83, void @ap_fifo_str, i32 0, i32 0, void @p_str, i32 0, i32 0, void @p_str, void @p_str, void @p_str, i32 2, i32 2, i32 16, i32 16, void @p_str, void @ScalarProp_str, i32 4294967295, i32 0"   --->   Operation 37 'specinterface' 'specinterface_ln0' <Predicate = true> <Delay = 0.00>
ST_2 : Operation 38 [1/1] (0.00ns)   --->   "%specinterface_ln0 = specinterface void @_ssdm_op_SpecInterface, i16 %stencilConfig_grid_size_2, void @ap_fifo_str, i32 0, i32 0, void @p_str, i32 0, i32 0, void @p_str, void @p_str, void @p_str, i32 2, i32 2, i32 16, i32 16, void @p_str, void @ScalarProp_str, i32 4294967295, i32 0"   --->   Operation 38 'specinterface' 'specinterface_ln0' <Predicate = true> <Delay = 0.00>
ST_2 : Operation 39 [1/1] (0.00ns)   --->   "%specinterface_ln0 = specinterface void @_ssdm_op_SpecInterface, i16 %stencilConfig_grid_size_2_c70, void @ap_fifo_str, i32 0, i32 0, void @p_str, i32 0, i32 0, void @p_str, void @p_str, void @p_str, i32 2, i32 2, i32 16, i32 16, void @p_str, void @ScalarProp_str, i32 4294967295, i32 0"   --->   Operation 39 'specinterface' 'specinterface_ln0' <Predicate = true> <Delay = 0.00>
ST_2 : Operation 40 [1/1] (0.00ns)   --->   "%specinterface_ln0 = specinterface void @_ssdm_op_SpecInterface, i16 %stencilConfig_grid_size_1, void @ap_fifo_str, i32 0, i32 0, void @p_str, i32 0, i32 0, void @p_str, void @p_str, void @p_str, i32 2, i32 2, i32 16, i32 16, void @p_str, void @ScalarProp_str, i32 4294967295, i32 0"   --->   Operation 40 'specinterface' 'specinterface_ln0' <Predicate = true> <Delay = 0.00>
ST_2 : Operation 41 [1/1] (0.00ns)   --->   "%specinterface_ln0 = specinterface void @_ssdm_op_SpecInterface, i16 %stencilConfig_grid_size_1_c57, void @ap_fifo_str, i32 0, i32 0, void @p_str, i32 0, i32 0, void @p_str, void @p_str, void @p_str, i32 2, i32 2, i32 16, i32 16, void @p_str, void @ScalarProp_str, i32 4294967295, i32 0"   --->   Operation 41 'specinterface' 'specinterface_ln0' <Predicate = true> <Delay = 0.00>
ST_2 : Operation 42 [1/1] (0.00ns)   --->   "%specinterface_ln0 = specinterface void @_ssdm_op_SpecInterface, i16 %stencilConfig_grid_size_0, void @ap_fifo_str, i32 0, i32 0, void @p_str, i32 0, i32 0, void @p_str, void @p_str, void @p_str, i32 2, i32 2, i32 16, i32 16, void @p_str, void @ScalarProp_str, i32 4294967295, i32 0"   --->   Operation 42 'specinterface' 'specinterface_ln0' <Predicate = true> <Delay = 0.00>
ST_2 : Operation 43 [1/1] (0.00ns)   --->   "%specinterface_ln0 = specinterface void @_ssdm_op_SpecInterface, i16 %stencilConfig_grid_size_0_c44, void @ap_fifo_str, i32 0, i32 0, void @p_str, i32 0, i32 0, void @p_str, void @p_str, void @p_str, i32 2, i32 2, i32 16, i32 16, void @p_str, void @ScalarProp_str, i32 4294967295, i32 0"   --->   Operation 43 'specinterface' 'specinterface_ln0' <Predicate = true> <Delay = 0.00>
ST_2 : Operation 44 [1/1] (0.00ns)   --->   "%specinterface_ln0 = specinterface void @_ssdm_op_SpecInterface, i256 %arg0_arg1_streams_3, void @empty_2, i32 0, i32 0, void @empty_18, i32 0, i32 0, void @empty_18, void @empty_18, void @empty_18, i32 0, i32 0, i32 0, i32 0, void @empty_18, void @empty_18, i32 4294967295, i32 0"   --->   Operation 44 'specinterface' 'specinterface_ln0' <Predicate = true> <Delay = 0.00>
ST_2 : Operation 45 [1/1] (0.00ns)   --->   "%specinterface_ln0 = specinterface void @_ssdm_op_SpecInterface, i256 %arg0_arg1_streams_2, void @empty_2, i32 0, i32 0, void @empty_18, i32 0, i32 0, void @empty_18, void @empty_18, void @empty_18, i32 0, i32 0, i32 0, i32 0, void @empty_18, void @empty_18, i32 4294967295, i32 0"   --->   Operation 45 'specinterface' 'specinterface_ln0' <Predicate = true> <Delay = 0.00>
ST_2 : Operation 46 [1/2] (0.00ns)   --->   "%call_ln484 = call void @stencilRun, i16 %stencil_m_stencilConfig_grid_size_0, i16 %stencil_m_stencilConfig_grid_size_1, i16 %stencil_m_stencilConfig_grid_size_2, i16 %stencil_m_stencilConfig_lower_limit_0, i16 %stencil_m_stencilConfig_lower_limit_1, i16 %stencil_m_stencilConfig_lower_limit_2, i16 %stencil_m_stencilConfig_upper_limit_0, i16 %stencil_m_stencilConfig_upper_limit_1, i16 %stencil_m_stencilConfig_upper_limit_2, i16 %stencil_m_stencilConfig_outer_loop_limit, i256 %arg0_arg1_streams_2, i256 %arg0_arg1_streams_3" [/home/x_thileeb/repos/ops-hls-pact25-artifact/codegen_apps/jacobian3d/vck5000_project/hls/device/include/PE_jac3D_kernel_stencil.hpp:484]   --->   Operation 46 'call' 'call_ln484' <Predicate = true> <Delay = 0.00> <CoreType = "Generic">   --->   Core 0 '' <Latency = 0> <II = 1> <Delay = 1.00> <Generic> <Opcode : >
ST_2 : Operation 47 [1/1] (0.00ns)   --->   "%ret_ln17 = ret" [/home/x_thileeb/repos/ops-hls-pact25-artifact/codegen_apps/jacobian3d/vck5000_project/hls/device/src/kernel_outerloop_0.cpp:17]   --->   Operation 47 'ret' 'ret_ln17' <Predicate = true> <Delay = 0.00>


============================================================
+ Verbose Summary: Binding
============================================================
STG Binding: 
---------------- STG Properties BEGIN ----------------
- Is combinational: 0
- Is one-state seq: 0
- Is datapath-only: 0
- Is pipelined: 0
- Is top level: 0
Port [ Return ] is wired: 1; IO mode=ap_ctrl_hs:ce=0
Port [ stencilConfig_grid_size_0]:  wired=1; compound=1; hidden=0; nouse=0; global=0; static=0; extern=0; dir=0; type=3; pingpong=0; private_global=0; IO mode=ap_fifo:ce=0
Port [ stencilConfig_grid_size_1]:  wired=1; compound=1; hidden=0; nouse=0; global=0; static=0; extern=0; dir=0; type=3; pingpong=0; private_global=0; IO mode=ap_fifo:ce=0
Port [ stencilConfig_grid_size_2]:  wired=1; compound=1; hidden=0; nouse=0; global=0; static=0; extern=0; dir=0; type=3; pingpong=0; private_global=0; IO mode=ap_fifo:ce=0
Port [ stencilConfig_lower_limit_0]:  wired=1; compound=1; hidden=0; nouse=0; global=0; static=0; extern=0; dir=0; type=3; pingpong=0; private_global=0; IO mode=ap_fifo:ce=0
Port [ stencilConfig_lower_limit_1]:  wired=1; compound=1; hidden=0; nouse=0; global=0; static=0; extern=0; dir=0; type=3; pingpong=0; private_global=0; IO mode=ap_fifo:ce=0
Port [ stencilConfig_lower_limit_2]:  wired=1; compound=1; hidden=0; nouse=0; global=0; static=0; extern=0; dir=0; type=3; pingpong=0; private_global=0; IO mode=ap_fifo:ce=0
Port [ stencilConfig_upper_limit_0]:  wired=1; compound=1; hidden=0; nouse=0; global=0; static=0; extern=0; dir=0; type=3; pingpong=0; private_global=0; IO mode=ap_fifo:ce=0
Port [ stencilConfig_upper_limit_1]:  wired=1; compound=1; hidden=0; nouse=0; global=0; static=0; extern=0; dir=0; type=3; pingpong=0; private_global=0; IO mode=ap_fifo:ce=0
Port [ stencilConfig_upper_limit_2]:  wired=1; compound=1; hidden=0; nouse=0; global=0; static=0; extern=0; dir=0; type=3; pingpong=0; private_global=0; IO mode=ap_fifo:ce=0
Port [ stencilConfig_outer_loop_limit]:  wired=1; compound=1; hidden=0; nouse=0; global=0; static=0; extern=0; dir=0; type=3; pingpong=0; private_global=0; IO mode=ap_fifo:ce=0
Port [ arg0_arg1_streams_2]:  wired=1; compound=1; hidden=0; nouse=0; global=0; static=0; extern=0; dir=0; type=3; pingpong=0; private_global=0; IO mode=ap_fifo:ce=0
Port [ arg0_arg1_streams_3]:  wired=1; compound=1; hidden=0; nouse=0; global=0; static=0; extern=0; dir=1; type=3; pingpong=0; private_global=0; IO mode=ap_fifo:ce=0
Port [ stencilConfig_grid_size_0_c44]:  wired=1; compound=1; hidden=0; nouse=0; global=0; static=0; extern=0; dir=1; type=3; pingpong=0; private_global=0; IO mode=ap_fifo:ce=0
Port [ stencilConfig_grid_size_1_c57]:  wired=1; compound=1; hidden=0; nouse=0; global=0; static=0; extern=0; dir=1; type=3; pingpong=0; private_global=0; IO mode=ap_fifo:ce=0
Port [ stencilConfig_grid_size_2_c70]:  wired=1; compound=1; hidden=0; nouse=0; global=0; static=0; extern=0; dir=1; type=3; pingpong=0; private_global=0; IO mode=ap_fifo:ce=0
Port [ stencilConfig_lower_limit_0_c83]:  wired=1; compound=1; hidden=0; nouse=0; global=0; static=0; extern=0; dir=1; type=3; pingpong=0; private_global=0; IO mode=ap_fifo:ce=0
Port [ stencilConfig_lower_limit_1_c96]:  wired=1; compound=1; hidden=0; nouse=0; global=0; static=0; extern=0; dir=1; type=3; pingpong=0; private_global=0; IO mode=ap_fifo:ce=0
Port [ stencilConfig_lower_limit_2_c109]:  wired=1; compound=1; hidden=0; nouse=0; global=0; static=0; extern=0; dir=1; type=3; pingpong=0; private_global=0; IO mode=ap_fifo:ce=0
Port [ stencilConfig_upper_limit_0_c122]:  wired=1; compound=1; hidden=0; nouse=0; global=0; static=0; extern=0; dir=1; type=3; pingpong=0; private_global=0; IO mode=ap_fifo:ce=0
Port [ stencilConfig_upper_limit_1_c135]:  wired=1; compound=1; hidden=0; nouse=0; global=0; static=0; extern=0; dir=1; type=3; pingpong=0; private_global=0; IO mode=ap_fifo:ce=0
Port [ stencilConfig_upper_limit_2_c148]:  wired=1; compound=1; hidden=0; nouse=0; global=0; static=0; extern=0; dir=1; type=3; pingpong=0; private_global=0; IO mode=ap_fifo:ce=0
Port [ stencilConfig_outer_loop_limit_c161]:  wired=1; compound=1; hidden=0; nouse=0; global=0; static=0; extern=0; dir=1; type=3; pingpong=0; private_global=0; IO mode=ap_fifo:ce=0
---------------- STG Properties END ------------------

---------------- Datapath Model BEGIN ----------------

<LifeTime>
<method=bitvector/>
stencil_m_stencilConfig_outer_loop_limit (read         ) [ 001]
write_ln0                                (write        ) [ 000]
stencil_m_stencilConfig_upper_limit_2    (read         ) [ 001]
write_ln0                                (write        ) [ 000]
stencil_m_stencilConfig_upper_limit_1    (read         ) [ 001]
write_ln0                                (write        ) [ 000]
stencil_m_stencilConfig_upper_limit_0    (read         ) [ 001]
write_ln0                                (write        ) [ 000]
stencil_m_stencilConfig_lower_limit_2    (read         ) [ 001]
write_ln0                                (write        ) [ 000]
stencil_m_stencilConfig_lower_limit_1    (read         ) [ 001]
write_ln0                                (write        ) [ 000]
stencil_m_stencilConfig_lower_limit_0    (read         ) [ 001]
write_ln0                                (write        ) [ 000]
stencil_m_stencilConfig_grid_size_2      (read         ) [ 001]
write_ln0                                (write        ) [ 000]
stencil_m_stencilConfig_grid_size_1      (read         ) [ 001]
write_ln0                                (write        ) [ 000]
stencil_m_stencilConfig_grid_size_0      (read         ) [ 001]
write_ln0                                (write        ) [ 000]
specinterface_ln0                        (specinterface) [ 000]
specinterface_ln0                        (specinterface) [ 000]
specinterface_ln0                        (specinterface) [ 000]
specinterface_ln0                        (specinterface) [ 000]
specinterface_ln0                        (specinterface) [ 000]
specinterface_ln0                        (specinterface) [ 000]
specinterface_ln0                        (specinterface) [ 000]
specinterface_ln0                        (specinterface) [ 000]
specinterface_ln0                        (specinterface) [ 000]
specinterface_ln0                        (specinterface) [ 000]
specinterface_ln0                        (specinterface) [ 000]
specinterface_ln0                        (specinterface) [ 000]
specinterface_ln0                        (specinterface) [ 000]
specinterface_ln0                        (specinterface) [ 000]
specinterface_ln0                        (specinterface) [ 000]
specinterface_ln0                        (specinterface) [ 000]
specinterface_ln0                        (specinterface) [ 000]
specinterface_ln0                        (specinterface) [ 000]
specinterface_ln0                        (specinterface) [ 000]
specinterface_ln0                        (specinterface) [ 000]
specinterface_ln0                        (specinterface) [ 000]
specinterface_ln0                        (specinterface) [ 000]
call_ln484                               (call         ) [ 000]
ret_ln17                                 (ret          ) [ 000]
</LifeTime>

<model>

<comp_list>
<comp id="0" class="1000" name="stencilConfig_grid_size_0">
<pin_list>
<pin id="1" dir="1" index="0" bw="1" slack="0"/>
</pin_list>
<bind>
<StgValue><ssdm name="stencilConfig_grid_size_0"/></StgValue>
</bind>
</comp>

<comp id="2" class="1000" name="stencilConfig_grid_size_1">
<pin_list>
<pin id="3" dir="1" index="0" bw="1" slack="0"/>
</pin_list>
<bind>
<StgValue><ssdm name="stencilConfig_grid_size_1"/></StgValue>
</bind>
</comp>

<comp id="4" class="1000" name="stencilConfig_grid_size_2">
<pin_list>
<pin id="5" dir="1" index="0" bw="1" slack="0"/>
</pin_list>
<bind>
<StgValue><ssdm name="stencilConfig_grid_size_2"/></StgValue>
</bind>
</comp>

<comp id="6" class="1000" name="stencilConfig_lower_limit_0">
<pin_list>
<pin id="7" dir="1" index="0" bw="1" slack="0"/>
</pin_list>
<bind>
<StgValue><ssdm name="stencilConfig_lower_limit_0"/></StgValue>
</bind>
</comp>

<comp id="8" class="1000" name="stencilConfig_lower_limit_1">
<pin_list>
<pin id="9" dir="1" index="0" bw="1" slack="0"/>
</pin_list>
<bind>
<StgValue><ssdm name="stencilConfig_lower_limit_1"/></StgValue>
</bind>
</comp>

<comp id="10" class="1000" name="stencilConfig_lower_limit_2">
<pin_list>
<pin id="11" dir="1" index="0" bw="1" slack="0"/>
</pin_list>
<bind>
<StgValue><ssdm name="stencilConfig_lower_limit_2"/></StgValue>
</bind>
</comp>

<comp id="12" class="1000" name="stencilConfig_upper_limit_0">
<pin_list>
<pin id="13" dir="1" index="0" bw="1" slack="0"/>
</pin_list>
<bind>
<StgValue><ssdm name="stencilConfig_upper_limit_0"/></StgValue>
</bind>
</comp>

<comp id="14" class="1000" name="stencilConfig_upper_limit_1">
<pin_list>
<pin id="15" dir="1" index="0" bw="1" slack="0"/>
</pin_list>
<bind>
<StgValue><ssdm name="stencilConfig_upper_limit_1"/></StgValue>
</bind>
</comp>

<comp id="16" class="1000" name="stencilConfig_upper_limit_2">
<pin_list>
<pin id="17" dir="1" index="0" bw="1" slack="0"/>
</pin_list>
<bind>
<StgValue><ssdm name="stencilConfig_upper_limit_2"/></StgValue>
</bind>
</comp>

<comp id="18" class="1000" name="stencilConfig_outer_loop_limit">
<pin_list>
<pin id="19" dir="1" index="0" bw="1" slack="0"/>
</pin_list>
<bind>
<StgValue><ssdm name="stencilConfig_outer_loop_limit"/></StgValue>
</bind>
</comp>

<comp id="20" class="1000" name="arg0_arg1_streams_2">
<pin_list>
<pin id="21" dir="1" index="0" bw="1" slack="0"/>
</pin_list>
<bind>
<StgValue><ssdm name="arg0_arg1_streams_2"/></StgValue>
</bind>
</comp>

<comp id="22" class="1000" name="arg0_arg1_streams_3">
<pin_list>
<pin id="23" dir="1" index="0" bw="1" slack="0"/>
</pin_list>
<bind>
<StgValue><ssdm name="arg0_arg1_streams_3"/></StgValue>
</bind>
</comp>

<comp id="24" class="1000" name="stencilConfig_grid_size_0_c44">
<pin_list>
<pin id="25" dir="1" index="0" bw="1" slack="0"/>
</pin_list>
<bind>
<StgValue><ssdm name="stencilConfig_grid_size_0_c44"/></StgValue>
</bind>
</comp>

<comp id="26" class="1000" name="stencilConfig_grid_size_1_c57">
<pin_list>
<pin id="27" dir="1" index="0" bw="1" slack="0"/>
</pin_list>
<bind>
<StgValue><ssdm name="stencilConfig_grid_size_1_c57"/></StgValue>
</bind>
</comp>

<comp id="28" class="1000" name="stencilConfig_grid_size_2_c70">
<pin_list>
<pin id="29" dir="1" index="0" bw="1" slack="0"/>
</pin_list>
<bind>
<StgValue><ssdm name="stencilConfig_grid_size_2_c70"/></StgValue>
</bind>
</comp>

<comp id="30" class="1000" name="stencilConfig_lower_limit_0_c83">
<pin_list>
<pin id="31" dir="1" index="0" bw="1" slack="0"/>
</pin_list>
<bind>
<StgValue><ssdm name="stencilConfig_lower_limit_0_c83"/></StgValue>
</bind>
</comp>

<comp id="32" class="1000" name="stencilConfig_lower_limit_1_c96">
<pin_list>
<pin id="33" dir="1" index="0" bw="1" slack="0"/>
</pin_list>
<bind>
<StgValue><ssdm name="stencilConfig_lower_limit_1_c96"/></StgValue>
</bind>
</comp>

<comp id="34" class="1000" name="stencilConfig_lower_limit_2_c109">
<pin_list>
<pin id="35" dir="1" index="0" bw="1" slack="0"/>
</pin_list>
<bind>
<StgValue><ssdm name="stencilConfig_lower_limit_2_c109"/></StgValue>
</bind>
</comp>

<comp id="36" class="1000" name="stencilConfig_upper_limit_0_c122">
<pin_list>
<pin id="37" dir="1" index="0" bw="1" slack="0"/>
</pin_list>
<bind>
<StgValue><ssdm name="stencilConfig_upper_limit_0_c122"/></StgValue>
</bind>
</comp>

<comp id="38" class="1000" name="stencilConfig_upper_limit_1_c135">
<pin_list>
<pin id="39" dir="1" index="0" bw="1" slack="0"/>
</pin_list>
<bind>
<StgValue><ssdm name="stencilConfig_upper_limit_1_c135"/></StgValue>
</bind>
</comp>

<comp id="40" class="1000" name="stencilConfig_upper_limit_2_c148">
<pin_list>
<pin id="41" dir="1" index="0" bw="1" slack="0"/>
</pin_list>
<bind>
<StgValue><ssdm name="stencilConfig_upper_limit_2_c148"/></StgValue>
</bind>
</comp>

<comp id="42" class="1000" name="stencilConfig_outer_loop_limit_c161">
<pin_list>
<pin id="43" dir="1" index="0" bw="1" slack="0"/>
</pin_list>
<bind>
<StgValue><ssdm name="stencilConfig_outer_loop_limit_c161"/></StgValue>
</bind>
</comp>

<comp id="44" class="1001" name="const_44">
<pin_list>
<pin id="45" dir="1" index="0" bw="1" slack="0"/>
</pin_list>
<bind>
<StgValue><ssdm name="_ssdm_op_Read.ap_fifo.i16P0A"/></StgValue>
</bind>
</comp>

<comp id="46" class="1001" name="const_46">
<pin_list>
<pin id="47" dir="1" index="0" bw="1" slack="0"/>
</pin_list>
<bind>
<StgValue><ssdm name="_ssdm_op_Write.ap_fifo.i16P0A"/></StgValue>
</bind>
</comp>

<comp id="48" class="1001" name="const_48">
<pin_list>
<pin id="49" dir="1" index="0" bw="1" slack="0"/>
</pin_list>
<bind>
<StgValue><ssdm name="stencilRun"/></StgValue>
</bind>
</comp>

<comp id="50" class="1001" name="const_50">
<pin_list>
<pin id="51" dir="1" index="0" bw="1" slack="2147483647"/>
</pin_list>
<bind>
<StgValue><ssdm name="_ssdm_op_SpecInterface"/></StgValue>
</bind>
</comp>

<comp id="52" class="1001" name="const_52">
<pin_list>
<pin id="53" dir="1" index="0" bw="1" slack="2147483647"/>
</pin_list>
<bind>
<StgValue><ssdm name="ap_fifo_str"/></StgValue>
</bind>
</comp>

<comp id="54" class="1001" name="const_54">
<pin_list>
<pin id="55" dir="1" index="0" bw="1" slack="2147483647"/>
</pin_list>
<bind>
<StgValue><ssdm name=""/></StgValue>
</bind>
</comp>

<comp id="56" class="1001" name="const_56">
<pin_list>
<pin id="57" dir="1" index="0" bw="1" slack="2147483647"/>
</pin_list>
<bind>
<StgValue><ssdm name="p_str"/></StgValue>
</bind>
</comp>

<comp id="58" class="1001" name="const_58">
<pin_list>
<pin id="59" dir="1" index="0" bw="1" slack="2147483647"/>
</pin_list>
<bind>
<StgValue><ssdm name=""/></StgValue>
</bind>
</comp>

<comp id="60" class="1001" name="const_60">
<pin_list>
<pin id="61" dir="1" index="0" bw="1" slack="2147483647"/>
</pin_list>
<bind>
<StgValue><ssdm name=""/></StgValue>
</bind>
</comp>

<comp id="62" class="1001" name="const_62">
<pin_list>
<pin id="63" dir="1" index="0" bw="1" slack="2147483647"/>
</pin_list>
<bind>
<StgValue><ssdm name="ScalarProp_str"/></StgValue>
</bind>
</comp>

<comp id="64" class="1001" name="const_64">
<pin_list>
<pin id="65" dir="1" index="0" bw="1" slack="2147483647"/>
</pin_list>
<bind>
<StgValue><ssdm name=""/></StgValue>
</bind>
</comp>

<comp id="66" class="1001" name="const_66">
<pin_list>
<pin id="67" dir="1" index="0" bw="1" slack="2147483647"/>
</pin_list>
<bind>
<StgValue><ssdm name="empty_2"/></StgValue>
</bind>
</comp>

<comp id="68" class="1001" name="const_68">
<pin_list>
<pin id="69" dir="1" index="0" bw="1" slack="2147483647"/>
</pin_list>
<bind>
<StgValue><ssdm name="empty_18"/></StgValue>
</bind>
</comp>

<comp id="70" class="1004" name="stencil_m_stencilConfig_outer_loop_limit_read_fu_70">
<pin_list>
<pin id="71" dir="0" index="0" bw="16" slack="0"/>
<pin id="72" dir="0" index="1" bw="16" slack="0"/>
<pin id="73" dir="1" index="2" bw="16" slack="0"/>
</pin_list>
<bind>
<opcode="read(1150) " fcode="read"/>
<opset="stencil_m_stencilConfig_outer_loop_limit/1 "/>
</bind>
</comp>

<comp id="76" class="1004" name="write_ln0_write_fu_76">
<pin_list>
<pin id="77" dir="0" index="0" bw="0" slack="0"/>
<pin id="78" dir="0" index="1" bw="16" slack="0"/>
<pin id="79" dir="0" index="2" bw="16" slack="0"/>
<pin id="80" dir="1" index="3" bw="0" slack="2147483647"/>
</pin_list>
<bind>
<opcode="write(1151) " fcode="write"/>
<opset="write_ln0/1 "/>
</bind>
</comp>

<comp id="84" class="1004" name="stencil_m_stencilConfig_upper_limit_2_read_fu_84">
<pin_list>
<pin id="85" dir="0" index="0" bw="16" slack="0"/>
<pin id="86" dir="0" index="1" bw="16" slack="0"/>
<pin id="87" dir="1" index="2" bw="16" slack="0"/>
</pin_list>
<bind>
<opcode="read(1150) " fcode="read"/>
<opset="stencil_m_stencilConfig_upper_limit_2/1 "/>
</bind>
</comp>

<comp id="90" class="1004" name="write_ln0_write_fu_90">
<pin_list>
<pin id="91" dir="0" index="0" bw="0" slack="0"/>
<pin id="92" dir="0" index="1" bw="16" slack="0"/>
<pin id="93" dir="0" index="2" bw="16" slack="0"/>
<pin id="94" dir="1" index="3" bw="0" slack="2147483647"/>
</pin_list>
<bind>
<opcode="write(1151) " fcode="write"/>
<opset="write_ln0/1 "/>
</bind>
</comp>

<comp id="98" class="1004" name="stencil_m_stencilConfig_upper_limit_1_read_fu_98">
<pin_list>
<pin id="99" dir="0" index="0" bw="16" slack="0"/>
<pin id="100" dir="0" index="1" bw="16" slack="0"/>
<pin id="101" dir="1" index="2" bw="16" slack="0"/>
</pin_list>
<bind>
<opcode="read(1150) " fcode="read"/>
<opset="stencil_m_stencilConfig_upper_limit_1/1 "/>
</bind>
</comp>

<comp id="104" class="1004" name="write_ln0_write_fu_104">
<pin_list>
<pin id="105" dir="0" index="0" bw="0" slack="0"/>
<pin id="106" dir="0" index="1" bw="16" slack="0"/>
<pin id="107" dir="0" index="2" bw="16" slack="0"/>
<pin id="108" dir="1" index="3" bw="0" slack="2147483647"/>
</pin_list>
<bind>
<opcode="write(1151) " fcode="write"/>
<opset="write_ln0/1 "/>
</bind>
</comp>

<comp id="112" class="1004" name="stencil_m_stencilConfig_upper_limit_0_read_fu_112">
<pin_list>
<pin id="113" dir="0" index="0" bw="16" slack="0"/>
<pin id="114" dir="0" index="1" bw="16" slack="0"/>
<pin id="115" dir="1" index="2" bw="16" slack="0"/>
</pin_list>
<bind>
<opcode="read(1150) " fcode="read"/>
<opset="stencil_m_stencilConfig_upper_limit_0/1 "/>
</bind>
</comp>

<comp id="118" class="1004" name="write_ln0_write_fu_118">
<pin_list>
<pin id="119" dir="0" index="0" bw="0" slack="0"/>
<pin id="120" dir="0" index="1" bw="16" slack="0"/>
<pin id="121" dir="0" index="2" bw="16" slack="0"/>
<pin id="122" dir="1" index="3" bw="0" slack="2147483647"/>
</pin_list>
<bind>
<opcode="write(1151) " fcode="write"/>
<opset="write_ln0/1 "/>
</bind>
</comp>

<comp id="126" class="1004" name="stencil_m_stencilConfig_lower_limit_2_read_fu_126">
<pin_list>
<pin id="127" dir="0" index="0" bw="16" slack="0"/>
<pin id="128" dir="0" index="1" bw="16" slack="0"/>
<pin id="129" dir="1" index="2" bw="16" slack="0"/>
</pin_list>
<bind>
<opcode="read(1150) " fcode="read"/>
<opset="stencil_m_stencilConfig_lower_limit_2/1 "/>
</bind>
</comp>

<comp id="132" class="1004" name="write_ln0_write_fu_132">
<pin_list>
<pin id="133" dir="0" index="0" bw="0" slack="0"/>
<pin id="134" dir="0" index="1" bw="16" slack="0"/>
<pin id="135" dir="0" index="2" bw="16" slack="0"/>
<pin id="136" dir="1" index="3" bw="0" slack="2147483647"/>
</pin_list>
<bind>
<opcode="write(1151) " fcode="write"/>
<opset="write_ln0/1 "/>
</bind>
</comp>

<comp id="140" class="1004" name="stencil_m_stencilConfig_lower_limit_1_read_fu_140">
<pin_list>
<pin id="141" dir="0" index="0" bw="16" slack="0"/>
<pin id="142" dir="0" index="1" bw="16" slack="0"/>
<pin id="143" dir="1" index="2" bw="16" slack="0"/>
</pin_list>
<bind>
<opcode="read(1150) " fcode="read"/>
<opset="stencil_m_stencilConfig_lower_limit_1/1 "/>
</bind>
</comp>

<comp id="146" class="1004" name="write_ln0_write_fu_146">
<pin_list>
<pin id="147" dir="0" index="0" bw="0" slack="0"/>
<pin id="148" dir="0" index="1" bw="16" slack="0"/>
<pin id="149" dir="0" index="2" bw="16" slack="0"/>
<pin id="150" dir="1" index="3" bw="0" slack="2147483647"/>
</pin_list>
<bind>
<opcode="write(1151) " fcode="write"/>
<opset="write_ln0/1 "/>
</bind>
</comp>

<comp id="154" class="1004" name="stencil_m_stencilConfig_lower_limit_0_read_fu_154">
<pin_list>
<pin id="155" dir="0" index="0" bw="16" slack="0"/>
<pin id="156" dir="0" index="1" bw="16" slack="0"/>
<pin id="157" dir="1" index="2" bw="16" slack="0"/>
</pin_list>
<bind>
<opcode="read(1150) " fcode="read"/>
<opset="stencil_m_stencilConfig_lower_limit_0/1 "/>
</bind>
</comp>

<comp id="160" class="1004" name="write_ln0_write_fu_160">
<pin_list>
<pin id="161" dir="0" index="0" bw="0" slack="0"/>
<pin id="162" dir="0" index="1" bw="16" slack="0"/>
<pin id="163" dir="0" index="2" bw="16" slack="0"/>
<pin id="164" dir="1" index="3" bw="0" slack="2147483647"/>
</pin_list>
<bind>
<opcode="write(1151) " fcode="write"/>
<opset="write_ln0/1 "/>
</bind>
</comp>

<comp id="168" class="1004" name="stencil_m_stencilConfig_grid_size_2_read_fu_168">
<pin_list>
<pin id="169" dir="0" index="0" bw="16" slack="0"/>
<pin id="170" dir="0" index="1" bw="16" slack="0"/>
<pin id="171" dir="1" index="2" bw="16" slack="0"/>
</pin_list>
<bind>
<opcode="read(1150) " fcode="read"/>
<opset="stencil_m_stencilConfig_grid_size_2/1 "/>
</bind>
</comp>

<comp id="174" class="1004" name="write_ln0_write_fu_174">
<pin_list>
<pin id="175" dir="0" index="0" bw="0" slack="0"/>
<pin id="176" dir="0" index="1" bw="16" slack="0"/>
<pin id="177" dir="0" index="2" bw="16" slack="0"/>
<pin id="178" dir="1" index="3" bw="0" slack="2147483647"/>
</pin_list>
<bind>
<opcode="write(1151) " fcode="write"/>
<opset="write_ln0/1 "/>
</bind>
</comp>

<comp id="182" class="1004" name="stencil_m_stencilConfig_grid_size_1_read_fu_182">
<pin_list>
<pin id="183" dir="0" index="0" bw="16" slack="0"/>
<pin id="184" dir="0" index="1" bw="16" slack="0"/>
<pin id="185" dir="1" index="2" bw="16" slack="0"/>
</pin_list>
<bind>
<opcode="read(1150) " fcode="read"/>
<opset="stencil_m_stencilConfig_grid_size_1/1 "/>
</bind>
</comp>

<comp id="188" class="1004" name="write_ln0_write_fu_188">
<pin_list>
<pin id="189" dir="0" index="0" bw="0" slack="0"/>
<pin id="190" dir="0" index="1" bw="16" slack="0"/>
<pin id="191" dir="0" index="2" bw="16" slack="0"/>
<pin id="192" dir="1" index="3" bw="0" slack="2147483647"/>
</pin_list>
<bind>
<opcode="write(1151) " fcode="write"/>
<opset="write_ln0/1 "/>
</bind>
</comp>

<comp id="196" class="1004" name="stencil_m_stencilConfig_grid_size_0_read_fu_196">
<pin_list>
<pin id="197" dir="0" index="0" bw="16" slack="0"/>
<pin id="198" dir="0" index="1" bw="16" slack="0"/>
<pin id="199" dir="1" index="2" bw="16" slack="0"/>
</pin_list>
<bind>
<opcode="read(1150) " fcode="read"/>
<opset="stencil_m_stencilConfig_grid_size_0/1 "/>
</bind>
</comp>

<comp id="202" class="1004" name="write_ln0_write_fu_202">
<pin_list>
<pin id="203" dir="0" index="0" bw="0" slack="0"/>
<pin id="204" dir="0" index="1" bw="16" slack="0"/>
<pin id="205" dir="0" index="2" bw="16" slack="0"/>
<pin id="206" dir="1" index="3" bw="0" slack="2147483647"/>
</pin_list>
<bind>
<opcode="write(1151) " fcode="write"/>
<opset="write_ln0/1 "/>
</bind>
</comp>

<comp id="210" class="1004" name="grp_stencilRun_fu_210">
<pin_list>
<pin id="211" dir="0" index="0" bw="0" slack="0"/>
<pin id="212" dir="0" index="1" bw="16" slack="0"/>
<pin id="213" dir="0" index="2" bw="16" slack="0"/>
<pin id="214" dir="0" index="3" bw="16" slack="0"/>
<pin id="215" dir="0" index="4" bw="16" slack="0"/>
<pin id="216" dir="0" index="5" bw="16" slack="0"/>
<pin id="217" dir="0" index="6" bw="16" slack="0"/>
<pin id="218" dir="0" index="7" bw="16" slack="0"/>
<pin id="219" dir="0" index="8" bw="16" slack="0"/>
<pin id="220" dir="0" index="9" bw="16" slack="0"/>
<pin id="221" dir="0" index="10" bw="16" slack="0"/>
<pin id="222" dir="0" index="11" bw="256" slack="0"/>
<pin id="223" dir="0" index="12" bw="256" slack="0"/>
<pin id="224" dir="1" index="13" bw="0" slack="2147483647"/>
</pin_list>
<bind>
<opcode="call(48) " fcode="call"/>
<opset="call_ln484/1 "/>
</bind>
</comp>

<comp id="238" class="1005" name="stencil_m_stencilConfig_outer_loop_limit_reg_238">
<pin_list>
<pin id="239" dir="0" index="0" bw="16" slack="1"/>
<pin id="240" dir="1" index="1" bw="16" slack="1"/>
</pin_list>
<bind>
<opset="stencil_m_stencilConfig_outer_loop_limit "/>
</bind>
</comp>

<comp id="243" class="1005" name="stencil_m_stencilConfig_upper_limit_2_reg_243">
<pin_list>
<pin id="244" dir="0" index="0" bw="16" slack="1"/>
<pin id="245" dir="1" index="1" bw="16" slack="1"/>
</pin_list>
<bind>
<opset="stencil_m_stencilConfig_upper_limit_2 "/>
</bind>
</comp>

<comp id="248" class="1005" name="stencil_m_stencilConfig_upper_limit_1_reg_248">
<pin_list>
<pin id="249" dir="0" index="0" bw="16" slack="1"/>
<pin id="250" dir="1" index="1" bw="16" slack="1"/>
</pin_list>
<bind>
<opset="stencil_m_stencilConfig_upper_limit_1 "/>
</bind>
</comp>

<comp id="253" class="1005" name="stencil_m_stencilConfig_upper_limit_0_reg_253">
<pin_list>
<pin id="254" dir="0" index="0" bw="16" slack="1"/>
<pin id="255" dir="1" index="1" bw="16" slack="1"/>
</pin_list>
<bind>
<opset="stencil_m_stencilConfig_upper_limit_0 "/>
</bind>
</comp>

<comp id="258" class="1005" name="stencil_m_stencilConfig_lower_limit_2_reg_258">
<pin_list>
<pin id="259" dir="0" index="0" bw="16" slack="1"/>
<pin id="260" dir="1" index="1" bw="16" slack="1"/>
</pin_list>
<bind>
<opset="stencil_m_stencilConfig_lower_limit_2 "/>
</bind>
</comp>

<comp id="263" class="1005" name="stencil_m_stencilConfig_lower_limit_1_reg_263">
<pin_list>
<pin id="264" dir="0" index="0" bw="16" slack="1"/>
<pin id="265" dir="1" index="1" bw="16" slack="1"/>
</pin_list>
<bind>
<opset="stencil_m_stencilConfig_lower_limit_1 "/>
</bind>
</comp>

<comp id="268" class="1005" name="stencil_m_stencilConfig_lower_limit_0_reg_268">
<pin_list>
<pin id="269" dir="0" index="0" bw="16" slack="1"/>
<pin id="270" dir="1" index="1" bw="16" slack="1"/>
</pin_list>
<bind>
<opset="stencil_m_stencilConfig_lower_limit_0 "/>
</bind>
</comp>

<comp id="273" class="1005" name="stencil_m_stencilConfig_grid_size_2_reg_273">
<pin_list>
<pin id="274" dir="0" index="0" bw="16" slack="1"/>
<pin id="275" dir="1" index="1" bw="16" slack="1"/>
</pin_list>
<bind>
<opset="stencil_m_stencilConfig_grid_size_2 "/>
</bind>
</comp>

<comp id="278" class="1005" name="stencil_m_stencilConfig_grid_size_1_reg_278">
<pin_list>
<pin id="279" dir="0" index="0" bw="16" slack="1"/>
<pin id="280" dir="1" index="1" bw="16" slack="1"/>
</pin_list>
<bind>
<opset="stencil_m_stencilConfig_grid_size_1 "/>
</bind>
</comp>

<comp id="283" class="1005" name="stencil_m_stencilConfig_grid_size_0_reg_283">
<pin_list>
<pin id="284" dir="0" index="0" bw="16" slack="1"/>
<pin id="285" dir="1" index="1" bw="16" slack="1"/>
</pin_list>
<bind>
<opset="stencil_m_stencilConfig_grid_size_0 "/>
</bind>
</comp>

</comp_list>

<net_list>
<net id="74"><net_src comp="44" pin="0"/><net_sink comp="70" pin=0"/></net>

<net id="75"><net_src comp="18" pin="0"/><net_sink comp="70" pin=1"/></net>

<net id="81"><net_src comp="46" pin="0"/><net_sink comp="76" pin=0"/></net>

<net id="82"><net_src comp="42" pin="0"/><net_sink comp="76" pin=1"/></net>

<net id="83"><net_src comp="70" pin="2"/><net_sink comp="76" pin=2"/></net>

<net id="88"><net_src comp="44" pin="0"/><net_sink comp="84" pin=0"/></net>

<net id="89"><net_src comp="16" pin="0"/><net_sink comp="84" pin=1"/></net>

<net id="95"><net_src comp="46" pin="0"/><net_sink comp="90" pin=0"/></net>

<net id="96"><net_src comp="40" pin="0"/><net_sink comp="90" pin=1"/></net>

<net id="97"><net_src comp="84" pin="2"/><net_sink comp="90" pin=2"/></net>

<net id="102"><net_src comp="44" pin="0"/><net_sink comp="98" pin=0"/></net>

<net id="103"><net_src comp="14" pin="0"/><net_sink comp="98" pin=1"/></net>

<net id="109"><net_src comp="46" pin="0"/><net_sink comp="104" pin=0"/></net>

<net id="110"><net_src comp="38" pin="0"/><net_sink comp="104" pin=1"/></net>

<net id="111"><net_src comp="98" pin="2"/><net_sink comp="104" pin=2"/></net>

<net id="116"><net_src comp="44" pin="0"/><net_sink comp="112" pin=0"/></net>

<net id="117"><net_src comp="12" pin="0"/><net_sink comp="112" pin=1"/></net>

<net id="123"><net_src comp="46" pin="0"/><net_sink comp="118" pin=0"/></net>

<net id="124"><net_src comp="36" pin="0"/><net_sink comp="118" pin=1"/></net>

<net id="125"><net_src comp="112" pin="2"/><net_sink comp="118" pin=2"/></net>

<net id="130"><net_src comp="44" pin="0"/><net_sink comp="126" pin=0"/></net>

<net id="131"><net_src comp="10" pin="0"/><net_sink comp="126" pin=1"/></net>

<net id="137"><net_src comp="46" pin="0"/><net_sink comp="132" pin=0"/></net>

<net id="138"><net_src comp="34" pin="0"/><net_sink comp="132" pin=1"/></net>

<net id="139"><net_src comp="126" pin="2"/><net_sink comp="132" pin=2"/></net>

<net id="144"><net_src comp="44" pin="0"/><net_sink comp="140" pin=0"/></net>

<net id="145"><net_src comp="8" pin="0"/><net_sink comp="140" pin=1"/></net>

<net id="151"><net_src comp="46" pin="0"/><net_sink comp="146" pin=0"/></net>

<net id="152"><net_src comp="32" pin="0"/><net_sink comp="146" pin=1"/></net>

<net id="153"><net_src comp="140" pin="2"/><net_sink comp="146" pin=2"/></net>

<net id="158"><net_src comp="44" pin="0"/><net_sink comp="154" pin=0"/></net>

<net id="159"><net_src comp="6" pin="0"/><net_sink comp="154" pin=1"/></net>

<net id="165"><net_src comp="46" pin="0"/><net_sink comp="160" pin=0"/></net>

<net id="166"><net_src comp="30" pin="0"/><net_sink comp="160" pin=1"/></net>

<net id="167"><net_src comp="154" pin="2"/><net_sink comp="160" pin=2"/></net>

<net id="172"><net_src comp="44" pin="0"/><net_sink comp="168" pin=0"/></net>

<net id="173"><net_src comp="4" pin="0"/><net_sink comp="168" pin=1"/></net>

<net id="179"><net_src comp="46" pin="0"/><net_sink comp="174" pin=0"/></net>

<net id="180"><net_src comp="28" pin="0"/><net_sink comp="174" pin=1"/></net>

<net id="181"><net_src comp="168" pin="2"/><net_sink comp="174" pin=2"/></net>

<net id="186"><net_src comp="44" pin="0"/><net_sink comp="182" pin=0"/></net>

<net id="187"><net_src comp="2" pin="0"/><net_sink comp="182" pin=1"/></net>

<net id="193"><net_src comp="46" pin="0"/><net_sink comp="188" pin=0"/></net>

<net id="194"><net_src comp="26" pin="0"/><net_sink comp="188" pin=1"/></net>

<net id="195"><net_src comp="182" pin="2"/><net_sink comp="188" pin=2"/></net>

<net id="200"><net_src comp="44" pin="0"/><net_sink comp="196" pin=0"/></net>

<net id="201"><net_src comp="0" pin="0"/><net_sink comp="196" pin=1"/></net>

<net id="207"><net_src comp="46" pin="0"/><net_sink comp="202" pin=0"/></net>

<net id="208"><net_src comp="24" pin="0"/><net_sink comp="202" pin=1"/></net>

<net id="209"><net_src comp="196" pin="2"/><net_sink comp="202" pin=2"/></net>

<net id="225"><net_src comp="48" pin="0"/><net_sink comp="210" pin=0"/></net>

<net id="226"><net_src comp="196" pin="2"/><net_sink comp="210" pin=1"/></net>

<net id="227"><net_src comp="182" pin="2"/><net_sink comp="210" pin=2"/></net>

<net id="228"><net_src comp="168" pin="2"/><net_sink comp="210" pin=3"/></net>

<net id="229"><net_src comp="154" pin="2"/><net_sink comp="210" pin=4"/></net>

<net id="230"><net_src comp="140" pin="2"/><net_sink comp="210" pin=5"/></net>

<net id="231"><net_src comp="126" pin="2"/><net_sink comp="210" pin=6"/></net>

<net id="232"><net_src comp="112" pin="2"/><net_sink comp="210" pin=7"/></net>

<net id="233"><net_src comp="98" pin="2"/><net_sink comp="210" pin=8"/></net>

<net id="234"><net_src comp="84" pin="2"/><net_sink comp="210" pin=9"/></net>

<net id="235"><net_src comp="70" pin="2"/><net_sink comp="210" pin=10"/></net>

<net id="236"><net_src comp="20" pin="0"/><net_sink comp="210" pin=11"/></net>

<net id="237"><net_src comp="22" pin="0"/><net_sink comp="210" pin=12"/></net>

<net id="241"><net_src comp="70" pin="2"/><net_sink comp="238" pin=0"/></net>

<net id="242"><net_src comp="238" pin="1"/><net_sink comp="210" pin=10"/></net>

<net id="246"><net_src comp="84" pin="2"/><net_sink comp="243" pin=0"/></net>

<net id="247"><net_src comp="243" pin="1"/><net_sink comp="210" pin=9"/></net>

<net id="251"><net_src comp="98" pin="2"/><net_sink comp="248" pin=0"/></net>

<net id="252"><net_src comp="248" pin="1"/><net_sink comp="210" pin=8"/></net>

<net id="256"><net_src comp="112" pin="2"/><net_sink comp="253" pin=0"/></net>

<net id="257"><net_src comp="253" pin="1"/><net_sink comp="210" pin=7"/></net>

<net id="261"><net_src comp="126" pin="2"/><net_sink comp="258" pin=0"/></net>

<net id="262"><net_src comp="258" pin="1"/><net_sink comp="210" pin=6"/></net>

<net id="266"><net_src comp="140" pin="2"/><net_sink comp="263" pin=0"/></net>

<net id="267"><net_src comp="263" pin="1"/><net_sink comp="210" pin=5"/></net>

<net id="271"><net_src comp="154" pin="2"/><net_sink comp="268" pin=0"/></net>

<net id="272"><net_src comp="268" pin="1"/><net_sink comp="210" pin=4"/></net>

<net id="276"><net_src comp="168" pin="2"/><net_sink comp="273" pin=0"/></net>

<net id="277"><net_src comp="273" pin="1"/><net_sink comp="210" pin=3"/></net>

<net id="281"><net_src comp="182" pin="2"/><net_sink comp="278" pin=0"/></net>

<net id="282"><net_src comp="278" pin="1"/><net_sink comp="210" pin=2"/></net>

<net id="286"><net_src comp="196" pin="2"/><net_sink comp="283" pin=0"/></net>

<net id="287"><net_src comp="283" pin="1"/><net_sink comp="210" pin=1"/></net>

</net_list>

</model> 
---------------- Datapath Model END ------------------

* FSMD analyzer results:
  - Output states:
	Port: arg0_arg1_streams_3 | {1 2 }
	Port: stencilConfig_grid_size_0_c44 | {1 }
	Port: stencilConfig_grid_size_1_c57 | {1 }
	Port: stencilConfig_grid_size_2_c70 | {1 }
	Port: stencilConfig_lower_limit_0_c83 | {1 }
	Port: stencilConfig_lower_limit_1_c96 | {1 }
	Port: stencilConfig_lower_limit_2_c109 | {1 }
	Port: stencilConfig_upper_limit_0_c122 | {1 }
	Port: stencilConfig_upper_limit_1_c135 | {1 }
	Port: stencilConfig_upper_limit_2_c148 | {1 }
	Port: stencilConfig_outer_loop_limit_c161 | {1 }
 - Input state : 
	Port: joint_PE_outerloop_0.2 : stencilConfig_grid_size_0 | {1 }
	Port: joint_PE_outerloop_0.2 : stencilConfig_grid_size_1 | {1 }
	Port: joint_PE_outerloop_0.2 : stencilConfig_grid_size_2 | {1 }
	Port: joint_PE_outerloop_0.2 : stencilConfig_lower_limit_0 | {1 }
	Port: joint_PE_outerloop_0.2 : stencilConfig_lower_limit_1 | {1 }
	Port: joint_PE_outerloop_0.2 : stencilConfig_lower_limit_2 | {1 }
	Port: joint_PE_outerloop_0.2 : stencilConfig_upper_limit_0 | {1 }
	Port: joint_PE_outerloop_0.2 : stencilConfig_upper_limit_1 | {1 }
	Port: joint_PE_outerloop_0.2 : stencilConfig_upper_limit_2 | {1 }
	Port: joint_PE_outerloop_0.2 : stencilConfig_outer_loop_limit | {1 }
	Port: joint_PE_outerloop_0.2 : arg0_arg1_streams_2 | {1 2 }
  - Chain level:
	State 1
	State 2


============================================================
+ Verbose Summary: Datapath Resource usage 
============================================================

* Functional unit list:
|----------|-----------------------------------------------------|---------|---------|---------|---------|---------|---------|
| Operation|                   Functional Unit                   |   BRAM  |   DSP   |  Delay  |    FF   |   LUT   |   URAM  |
|----------|-----------------------------------------------------|---------|---------|---------|---------|---------|---------|
|   call   |                grp_stencilRun_fu_210                |    16   |    78   |  48.45  |  11531  |   5216  |    16   |
|----------|-----------------------------------------------------|---------|---------|---------|---------|---------|---------|
|          | stencil_m_stencilConfig_outer_loop_limit_read_fu_70 |    0    |    0    |    0    |    0    |    0    |    0    |
|          |   stencil_m_stencilConfig_upper_limit_2_read_fu_84  |    0    |    0    |    0    |    0    |    0    |    0    |
|          |   stencil_m_stencilConfig_upper_limit_1_read_fu_98  |    0    |    0    |    0    |    0    |    0    |    0    |
|          |  stencil_m_stencilConfig_upper_limit_0_read_fu_112  |    0    |    0    |    0    |    0    |    0    |    0    |
|   read   |  stencil_m_stencilConfig_lower_limit_2_read_fu_126  |    0    |    0    |    0    |    0    |    0    |    0    |
|          |  stencil_m_stencilConfig_lower_limit_1_read_fu_140  |    0    |    0    |    0    |    0    |    0    |    0    |
|          |  stencil_m_stencilConfig_lower_limit_0_read_fu_154  |    0    |    0    |    0    |    0    |    0    |    0    |
|          |   stencil_m_stencilConfig_grid_size_2_read_fu_168   |    0    |    0    |    0    |    0    |    0    |    0    |
|          |   stencil_m_stencilConfig_grid_size_1_read_fu_182   |    0    |    0    |    0    |    0    |    0    |    0    |
|          |   stencil_m_stencilConfig_grid_size_0_read_fu_196   |    0    |    0    |    0    |    0    |    0    |    0    |
|----------|-----------------------------------------------------|---------|---------|---------|---------|---------|---------|
|          |                write_ln0_write_fu_76                |    0    |    0    |    0    |    0    |    0    |    0    |
|          |                write_ln0_write_fu_90                |    0    |    0    |    0    |    0    |    0    |    0    |
|          |                write_ln0_write_fu_104               |    0    |    0    |    0    |    0    |    0    |    0    |
|          |                write_ln0_write_fu_118               |    0    |    0    |    0    |    0    |    0    |    0    |
|   write  |                write_ln0_write_fu_132               |    0    |    0    |    0    |    0    |    0    |    0    |
|          |                write_ln0_write_fu_146               |    0    |    0    |    0    |    0    |    0    |    0    |
|          |                write_ln0_write_fu_160               |    0    |    0    |    0    |    0    |    0    |    0    |
|          |                write_ln0_write_fu_174               |    0    |    0    |    0    |    0    |    0    |    0    |
|          |                write_ln0_write_fu_188               |    0    |    0    |    0    |    0    |    0    |    0    |
|          |                write_ln0_write_fu_202               |    0    |    0    |    0    |    0    |    0    |    0    |
|----------|-----------------------------------------------------|---------|---------|---------|---------|---------|---------|
|   Total  |                                                     |    16   |    78   |  48.45  |  11531  |   5216  |    16   |
|----------|-----------------------------------------------------|---------|---------|---------|---------|---------|---------|

Memories:
N/A

* Register list:
+------------------------------------------------+--------+
|                                                |   FF   |
+------------------------------------------------+--------+
|   stencil_m_stencilConfig_grid_size_0_reg_283  |   16   |
|   stencil_m_stencilConfig_grid_size_1_reg_278  |   16   |
|   stencil_m_stencilConfig_grid_size_2_reg_273  |   16   |
|  stencil_m_stencilConfig_lower_limit_0_reg_268 |   16   |
|  stencil_m_stencilConfig_lower_limit_1_reg_263 |   16   |
|  stencil_m_stencilConfig_lower_limit_2_reg_258 |   16   |
|stencil_m_stencilConfig_outer_loop_limit_reg_238|   16   |
|  stencil_m_stencilConfig_upper_limit_0_reg_253 |   16   |
|  stencil_m_stencilConfig_upper_limit_1_reg_248 |   16   |
|  stencil_m_stencilConfig_upper_limit_2_reg_243 |   16   |
+------------------------------------------------+--------+
|                      Total                     |   160  |
+------------------------------------------------+--------+

* Multiplexer (MUX) list: 
|-----------------------|------|------|------|--------||---------||---------|
|          Comp         |  Pin | Size |  BW  | S x BW ||  Delay  ||   LUT   |
|-----------------------|------|------|------|--------||---------||---------|
| grp_stencilRun_fu_210 |  p1  |   2  |  16  |   32   ||    15   |
| grp_stencilRun_fu_210 |  p2  |   2  |  16  |   32   ||    15   |
| grp_stencilRun_fu_210 |  p3  |   2  |  16  |   32   ||    15   |
| grp_stencilRun_fu_210 |  p4  |   2  |  16  |   32   ||    15   |
| grp_stencilRun_fu_210 |  p5  |   2  |  16  |   32   ||    15   |
| grp_stencilRun_fu_210 |  p6  |   2  |  16  |   32   ||    15   |
| grp_stencilRun_fu_210 |  p7  |   2  |  16  |   32   ||    15   |
| grp_stencilRun_fu_210 |  p8  |   2  |  16  |   32   ||    15   |
| grp_stencilRun_fu_210 |  p9  |   2  |  16  |   32   ||    15   |
| grp_stencilRun_fu_210 |  p10 |   2  |  16  |   32   ||    15   |
|-----------------------|------|------|------|--------||---------||---------|
|         Total         |      |      |      |   320  ||   3.94  ||   150   |
|-----------------------|------|------|------|--------||---------||---------|



* Summary:
+-----------+--------+--------+--------+--------+--------+--------+
|           |  BRAM  |   DSP  |  Delay |   FF   |   LUT  |  URAM  |
+-----------+--------+--------+--------+--------+--------+--------+
|  Function |   16   |   78   |   48   |  11531 |  5216  |   16   |
|   Memory  |    -   |    -   |    -   |    -   |    -   |    -   |
|Multiplexer|    -   |    -   |    3   |    -   |   150  |    -   |
|  Register |    -   |    -   |    -   |   160  |    -   |    -   |
+-----------+--------+--------+--------+--------+--------+--------+
|   Total   |   16   |   78   |   52   |  11691 |  5366  |   16   |
+-----------+--------+--------+--------+--------+--------+--------+
