

================================================================
== Vitis HLS Report for 'kernel_jac3D_kernel_stencil_core'
================================================================
* Date:           Sun Jul 26 01:25:56 2026

* Version:        2022.1 (Build 3526262 on Mon Apr 18 15:47:01 MDT 2022)
* Project:        kernel_outerloop_0
* Solution:       solution (Vitis Kernel Flow Target)
* Product family: versal
* Target device:  xcvc1902-vsvd1760-2MP-e-S


================================================================
== Performance Estimates
================================================================
+ Timing: 
    * Summary: 
    +--------+---------+----------+------------+
    |  Clock |  Target | Estimated| Uncertainty|
    +--------+---------+----------+------------+
    |ap_clk  |  3.33 ns|  2.045 ns|     0.90 ns|
    +--------+---------+----------+------------+

+ Latency: 
    * Summary: 
    +---------+---------+-----------+-----------+-----+-----+---------+
    |  Latency (cycles) |   Latency (absolute)  |  Interval | Pipeline|
    |   min   |   max   |    min    |    max    | min | max |   Type  |
    +---------+---------+-----------+-----------+-----+-----+---------+
    |        9|        9|  29.997 ns|  29.997 ns|    1|    1|      yes|
    +---------+---------+-----------+-----------+-----+-----+---------+

    + Detail: 
        * Instance: 
        N/A

        * Loop: 
        N/A



================================================================
== Utilization Estimates
================================================================
* Summary: 
+-----------------+---------+------+---------+--------+-----+
|       Name      | BRAM_18K|  DSP |    FF   |   LUT  | URAM|
+-----------------+---------+------+---------+--------+-----+
|DSP              |        -|     -|        -|       -|    -|
|Expression       |        -|     -|        -|       -|    -|
|FIFO             |        -|     -|        -|       -|    -|
|Instance         |        -|     9|        8|       4|    -|
|Memory           |        -|     -|        -|       -|    -|
|Multiplexer      |        -|     -|        -|      32|    -|
|Register         |        -|     -|      545|       0|    -|
+-----------------+---------+------+---------+--------+-----+
|Total            |        0|     9|      553|      36|    0|
+-----------------+---------+------+---------+--------+-----+
|Available        |     1934|  1968|  1799680|  899840|  463|
+-----------------+---------+------+---------+--------+-----+
|Utilization (%)  |        0|    ~0|       ~0|      ~0|    0|
+-----------------+---------+------+---------+--------+-----+

+ Detail: 
    * Instance: 
    +----------------------------------------------------+------------------------------------------------+---------+----+---+----+-----+
    |                      Instance                      |                     Module                     | BRAM_18K| DSP| FF| LUT| URAM|
    +----------------------------------------------------+------------------------------------------------+---------+----+---+----+-----+
    |fadd_32ns_32ns_32_2_primitive_dsp_0_U34             |fadd_32ns_32ns_32_2_primitive_dsp_0             |        0|   1|  0|   0|    0|
    |fadd_32ns_32ns_32_2_primitive_dsp_0_U35             |fadd_32ns_32ns_32_2_primitive_dsp_0             |        0|   1|  0|   0|    0|
    |fmadd_32ns_32ns_32ns_32ns_32_3_primitive_dsp_0_U39  |fmadd_32ns_32ns_32ns_32ns_32_3_primitive_dsp_0  |        0|   1|  2|   1|    0|
    |fmadd_32ns_32ns_32ns_32ns_32_3_primitive_dsp_0_U40  |fmadd_32ns_32ns_32ns_32ns_32_3_primitive_dsp_0  |        0|   1|  2|   1|    0|
    |fmadd_32ns_32ns_32ns_32ns_32_3_primitive_dsp_0_U41  |fmadd_32ns_32ns_32ns_32ns_32_3_primitive_dsp_0  |        0|   1|  2|   1|    0|
    |fmadd_32ns_32ns_32ns_32ns_32_3_primitive_dsp_0_U42  |fmadd_32ns_32ns_32ns_32ns_32_3_primitive_dsp_0  |        0|   1|  2|   1|    0|
    |fmul_32ns_32ns_32_3_primitive_dsp_0_U36             |fmul_32ns_32ns_32_3_primitive_dsp_0             |        0|   1|  0|   0|    0|
    |fmul_32ns_32ns_32_3_primitive_dsp_0_U37             |fmul_32ns_32ns_32_3_primitive_dsp_0             |        0|   1|  0|   0|    0|
    |fmul_32ns_32ns_32_3_primitive_dsp_0_U38             |fmul_32ns_32ns_32_3_primitive_dsp_0             |        0|   1|  0|   0|    0|
    +----------------------------------------------------+------------------------------------------------+---------+----+---+----+-----+
    |Total                                               |                                                |        0|   9|  8|   4|    0|
    +----------------------------------------------------+------------------------------------------------+---------+----+---+----+-----+

    * DSP: 
    N/A

    * Memory: 
    N/A

    * FIFO: 
    N/A

    * Expression: 
    N/A

    * Multiplexer: 
    +-----------+----+-----------+-----+-----------+
    |    Name   | LUT| Input Size| Bits| Total Bits|
    +-----------+----+-----------+-----+-----------+
    |ap_return  |  32|          3|   32|         96|
    +-----------+----+-----------+-----+-----------+
    |Total      |  32|          3|   32|         96|
    +-----------+----+-----------+-----+-----------+

    * Register: 
    +------------------------+----+----+-----+-----------+
    |          Name          | FF | LUT| Bits| Const Bits|
    +------------------------+----+----+-----+-----------+
    |ap_ce_reg               |   1|   0|    1|          0|
    |ap_return_int_reg       |  32|   0|   32|          0|
    |reg_0_0_read_1_reg_165  |  32|   0|   32|          0|
    |reg_0_0_read_int_reg    |  32|   0|   32|          0|
    |reg_0_1_read_int_reg    |  32|   0|   32|          0|
    |reg_0_2_read_1_reg_155  |  32|   0|   32|          0|
    |reg_0_2_read_int_reg    |  32|   0|   32|          0|
    |reg_0_3_read_int_reg    |  32|   0|   32|          0|
    |reg_0_4_read_1_reg_145  |  32|   0|   32|          0|
    |reg_0_4_read_int_reg    |  32|   0|   32|          0|
    |reg_0_5_read_int_reg    |  32|   0|   32|          0|
    |reg_0_6_read_1_reg_135  |  32|   0|   32|          0|
    |reg_0_6_read_int_reg    |  32|   0|   32|          0|
    |tmp10_reg_195           |  32|   0|   32|          0|
    |tmp11_reg_205           |  32|   0|   32|          0|
    |tmp12_reg_200           |  32|   0|   32|          0|
    |tmp8_reg_185            |  32|   0|   32|          0|
    |tmp9_reg_190            |  32|   0|   32|          0|
    |reg_0_0_read_1_reg_165  |   0|   0|   32|          0|
    |reg_0_2_read_1_reg_155  |   0|   0|   32|          0|
    |reg_0_4_read_1_reg_145  |   0|   0|   32|          0|
    |reg_0_6_read_1_reg_135  |   0|   0|   32|          0|
    |tmp12_reg_200           |   0|   0|   32|          0|
    +------------------------+----+----+-----+-----------+
    |Total                   | 545|   0|  705|          0|
    +------------------------+----+----+-----+-----------+



================================================================
== Interface
================================================================
* Summary: 
+--------------+-----+-----+------------+----------------------------------+--------------+
|   RTL Ports  | Dir | Bits|  Protocol  |           Source Object          |    C Type    |
+--------------+-----+-----+------------+----------------------------------+--------------+
|ap_clk        |   in|    1|  ap_ctrl_hs|  kernel_jac3D_kernel_stencil_core|  return value|
|ap_rst        |   in|    1|  ap_ctrl_hs|  kernel_jac3D_kernel_stencil_core|  return value|
|ap_return     |  out|   32|  ap_ctrl_hs|  kernel_jac3D_kernel_stencil_core|  return value|
|ap_ce         |   in|    1|  ap_ctrl_hs|  kernel_jac3D_kernel_stencil_core|  return value|
|reg_0_0_read  |   in|   32|     ap_none|                      reg_0_0_read|        scalar|
|reg_0_1_read  |   in|   32|     ap_none|                      reg_0_1_read|        scalar|
|reg_0_2_read  |   in|   32|     ap_none|                      reg_0_2_read|        scalar|
|reg_0_3_read  |   in|   32|     ap_none|                      reg_0_3_read|        scalar|
|reg_0_4_read  |   in|   32|     ap_none|                      reg_0_4_read|        scalar|
|reg_0_5_read  |   in|   32|     ap_none|                      reg_0_5_read|        scalar|
|reg_0_6_read  |   in|   32|     ap_none|                      reg_0_6_read|        scalar|
+--------------+-----+-----+------------+----------------------------------+--------------+

============================================================
+ Verbose Summary: Synthesis Manager
============================================================
InlineROM: 1
ExposeGlobal: 0
============================================================
+ Verbose Summary: CDFG Model
============================================================
IsTopModel: 0
ResetActiveHigh: 1
IsCombinational: 2
IsDatapathOnly: 1
HasWiredReturn: 1
HasMFsm: 2
HasVarLatency: 0
IsPipeline: 1
IsRtlPipelined: 1
IsInstanceOverlapped: 0
IsDontTouch: 0
HasImplIP: 0
IsGatedGlobalClock: 0

+ Individual pipeline summary: 
  * Pipeline-0: initiation interval (II) = 1, depth = 10


============================================================
+ Verbose Summary: Schedule
============================================================
* Number of FSM states : 10
* Pipeline : 1
  Pipeline-0 : II = 1, D = 10, States = { 1 2 3 4 5 6 7 8 9 10 }
* Dataflow Pipeline: 0

* FSM state transitions: 
1 --> 2 
2 --> 3 
3 --> 4 
4 --> 5 
5 --> 6 
6 --> 7 
7 --> 8 
8 --> 9 
9 --> 10 
10 --> 

* FSM state operations: 

State 1 <SV = 0> <Delay = 1.22>
ST_1 : Operation 11 [1/1] (0.00ns)   --->   "%reg_0_6_read_1 = read i32 @_ssdm_op_Read.ap_auto.float, i32 %reg_0_6_read" [/home/x_thileeb/repos/ops-hls-pact25-artifact/codegen_apps/jacobian3d/vck5000_project/hls/device/include/PE_jac3D_kernel_stencil.hpp:30]   --->   Operation 11 'read' 'reg_0_6_read_1' <Predicate = true> <Delay = 0.00>
ST_1 : Operation 12 [1/1] (0.00ns)   --->   "%reg_0_5_read_1 = read i32 @_ssdm_op_Read.ap_auto.float, i32 %reg_0_5_read" [/home/x_thileeb/repos/ops-hls-pact25-artifact/codegen_apps/jacobian3d/vck5000_project/hls/device/include/PE_jac3D_kernel_stencil.hpp:30]   --->   Operation 12 'read' 'reg_0_5_read_1' <Predicate = true> <Delay = 0.00>
ST_1 : Operation 13 [1/1] (0.00ns)   --->   "%reg_0_4_read_1 = read i32 @_ssdm_op_Read.ap_auto.float, i32 %reg_0_4_read" [/home/x_thileeb/repos/ops-hls-pact25-artifact/codegen_apps/jacobian3d/vck5000_project/hls/device/include/PE_jac3D_kernel_stencil.hpp:30]   --->   Operation 13 'read' 'reg_0_4_read_1' <Predicate = true> <Delay = 0.00>
ST_1 : Operation 14 [1/1] (0.00ns)   --->   "%reg_0_3_read_1 = read i32 @_ssdm_op_Read.ap_auto.float, i32 %reg_0_3_read" [/home/x_thileeb/repos/ops-hls-pact25-artifact/codegen_apps/jacobian3d/vck5000_project/hls/device/include/PE_jac3D_kernel_stencil.hpp:30]   --->   Operation 14 'read' 'reg_0_3_read_1' <Predicate = true> <Delay = 0.00>
ST_1 : Operation 15 [1/1] (0.00ns)   --->   "%reg_0_2_read_1 = read i32 @_ssdm_op_Read.ap_auto.float, i32 %reg_0_2_read" [/home/x_thileeb/repos/ops-hls-pact25-artifact/codegen_apps/jacobian3d/vck5000_project/hls/device/include/PE_jac3D_kernel_stencil.hpp:30]   --->   Operation 15 'read' 'reg_0_2_read_1' <Predicate = true> <Delay = 0.00>
ST_1 : Operation 16 [1/1] (0.00ns)   --->   "%reg_0_1_read_1 = read i32 @_ssdm_op_Read.ap_auto.float, i32 %reg_0_1_read" [/home/x_thileeb/repos/ops-hls-pact25-artifact/codegen_apps/jacobian3d/vck5000_project/hls/device/include/PE_jac3D_kernel_stencil.hpp:30]   --->   Operation 16 'read' 'reg_0_1_read_1' <Predicate = true> <Delay = 0.00>
ST_1 : Operation 17 [1/1] (0.00ns)   --->   "%reg_0_0_read_1 = read i32 @_ssdm_op_Read.ap_auto.float, i32 %reg_0_0_read" [/home/x_thileeb/repos/ops-hls-pact25-artifact/codegen_apps/jacobian3d/vck5000_project/hls/device/include/PE_jac3D_kernel_stencil.hpp:30]   --->   Operation 17 'read' 'reg_0_0_read_1' <Predicate = true> <Delay = 0.00>
ST_1 : Operation 18 [3/3] (1.22ns)   --->   "%tmp2 = fmul i32 %reg_0_5_read_1, i32 0.04" [/home/x_thileeb/repos/ops-hls-pact25-artifact/codegen_apps/jacobian3d/vck5000_project/hls/device/include/PE_jac3D_kernel_stencil.hpp:45]   --->   Operation 18 'fmul' 'tmp2' <Predicate = true> <Delay = 1.22> <CoreInst = "FMul_primitivedsp">   --->   Core 14 'FMul_primitivedsp' <Latency = 2> <II = 1> <Delay = 1.31> <FuncUnit> <Opcode : 'fmul'> <InPorts = 2> <OutPorts = 1>
ST_1 : Operation 19 [3/3] (1.22ns)   --->   "%tmp4 = fmul i32 %reg_0_3_read_1, i32 0.79" [/home/x_thileeb/repos/ops-hls-pact25-artifact/codegen_apps/jacobian3d/vck5000_project/hls/device/include/PE_jac3D_kernel_stencil.hpp:47]   --->   Operation 19 'fmul' 'tmp4' <Predicate = true> <Delay = 1.22> <CoreInst = "FMul_primitivedsp">   --->   Core 14 'FMul_primitivedsp' <Latency = 2> <II = 1> <Delay = 1.31> <FuncUnit> <Opcode : 'fmul'> <InPorts = 2> <OutPorts = 1>
ST_1 : Operation 20 [3/3] (1.22ns)   --->   "%tmp6 = fmul i32 %reg_0_1_read_1, i32 0.03" [/home/x_thileeb/repos/ops-hls-pact25-artifact/codegen_apps/jacobian3d/vck5000_project/hls/device/include/PE_jac3D_kernel_stencil.hpp:49]   --->   Operation 20 'fmul' 'tmp6' <Predicate = true> <Delay = 1.22> <CoreInst = "FMul_primitivedsp">   --->   Core 14 'FMul_primitivedsp' <Latency = 2> <II = 1> <Delay = 1.31> <FuncUnit> <Opcode : 'fmul'> <InPorts = 2> <OutPorts = 1>

State 2 <SV = 1> <Delay = 1.31>
ST_2 : Operation 21 [2/3] (1.31ns)   --->   "%tmp2 = fmul i32 %reg_0_5_read_1, i32 0.04" [/home/x_thileeb/repos/ops-hls-pact25-artifact/codegen_apps/jacobian3d/vck5000_project/hls/device/include/PE_jac3D_kernel_stencil.hpp:45]   --->   Operation 21 'fmul' 'tmp2' <Predicate = true> <Delay = 1.31> <CoreInst = "FMul_primitivedsp">   --->   Core 14 'FMul_primitivedsp' <Latency = 2> <II = 1> <Delay = 1.31> <FuncUnit> <Opcode : 'fmul'> <InPorts = 2> <OutPorts = 1>
ST_2 : Operation 22 [2/3] (1.31ns)   --->   "%tmp4 = fmul i32 %reg_0_3_read_1, i32 0.79" [/home/x_thileeb/repos/ops-hls-pact25-artifact/codegen_apps/jacobian3d/vck5000_project/hls/device/include/PE_jac3D_kernel_stencil.hpp:47]   --->   Operation 22 'fmul' 'tmp4' <Predicate = true> <Delay = 1.31> <CoreInst = "FMul_primitivedsp">   --->   Core 14 'FMul_primitivedsp' <Latency = 2> <II = 1> <Delay = 1.31> <FuncUnit> <Opcode : 'fmul'> <InPorts = 2> <OutPorts = 1>
ST_2 : Operation 23 [2/3] (1.31ns)   --->   "%tmp6 = fmul i32 %reg_0_1_read_1, i32 0.03" [/home/x_thileeb/repos/ops-hls-pact25-artifact/codegen_apps/jacobian3d/vck5000_project/hls/device/include/PE_jac3D_kernel_stencil.hpp:49]   --->   Operation 23 'fmul' 'tmp6' <Predicate = true> <Delay = 1.31> <CoreInst = "FMul_primitivedsp">   --->   Core 14 'FMul_primitivedsp' <Latency = 2> <II = 1> <Delay = 1.31> <FuncUnit> <Opcode : 'fmul'> <InPorts = 2> <OutPorts = 1>

State 3 <SV = 2> <Delay = 2.04>
ST_3 : Operation 24 [1/3] (0.28ns)   --->   "%tmp2 = fmul i32 %reg_0_5_read_1, i32 0.04" [/home/x_thileeb/repos/ops-hls-pact25-artifact/codegen_apps/jacobian3d/vck5000_project/hls/device/include/PE_jac3D_kernel_stencil.hpp:45]   --->   Operation 24 'fmul' 'tmp2' <Predicate = true> <Delay = 0.28> <CoreInst = "FMul_primitivedsp">   --->   Core 14 'FMul_primitivedsp' <Latency = 2> <II = 1> <Delay = 1.31> <FuncUnit> <Opcode : 'fmul'> <InPorts = 2> <OutPorts = 1>
ST_3 : Operation 25 [1/3] (0.28ns)   --->   "%tmp4 = fmul i32 %reg_0_3_read_1, i32 0.79" [/home/x_thileeb/repos/ops-hls-pact25-artifact/codegen_apps/jacobian3d/vck5000_project/hls/device/include/PE_jac3D_kernel_stencil.hpp:47]   --->   Operation 25 'fmul' 'tmp4' <Predicate = true> <Delay = 0.28> <CoreInst = "FMul_primitivedsp">   --->   Core 14 'FMul_primitivedsp' <Latency = 2> <II = 1> <Delay = 1.31> <FuncUnit> <Opcode : 'fmul'> <InPorts = 2> <OutPorts = 1>
ST_3 : Operation 26 [1/3] (0.28ns)   --->   "%tmp6 = fmul i32 %reg_0_1_read_1, i32 0.03" [/home/x_thileeb/repos/ops-hls-pact25-artifact/codegen_apps/jacobian3d/vck5000_project/hls/device/include/PE_jac3D_kernel_stencil.hpp:49]   --->   Operation 26 'fmul' 'tmp6' <Predicate = true> <Delay = 0.28> <CoreInst = "FMul_primitivedsp">   --->   Core 14 'FMul_primitivedsp' <Latency = 2> <II = 1> <Delay = 1.31> <FuncUnit> <Opcode : 'fmul'> <InPorts = 2> <OutPorts = 1>
ST_3 : Operation 27 [3/3] (1.75ns)   --->   "%tmp8 = fmadd i32 @_ssdm_op_FMADD, i32 %reg_0_6_read_1, i32 0.02, i32 %tmp2" [/home/x_thileeb/repos/ops-hls-pact25-artifact/codegen_apps/jacobian3d/vck5000_project/hls/device/include/PE_jac3D_kernel_stencil.hpp:51]   --->   Operation 27 'fmadd' 'tmp8' <Predicate = true> <Delay = 1.75> <CoreInst = "fma_primitivedsp">   --->   Core 138 'fma_primitivedsp' <Latency = 2> <II = 1> <Delay = 1.75> <FuncUnit> <Opcode : 'fmadd' 'fmsub'> <InPorts = 3> <OutPorts = 1>
ST_3 : Operation 28 [3/3] (1.75ns)   --->   "%tmp9 = fmadd i32 @_ssdm_op_FMADD, i32 %reg_0_2_read_1, i32 0.05, i32 %tmp4" [/home/x_thileeb/repos/ops-hls-pact25-artifact/codegen_apps/jacobian3d/vck5000_project/hls/device/include/PE_jac3D_kernel_stencil.hpp:52]   --->   Operation 28 'fmadd' 'tmp9' <Predicate = true> <Delay = 1.75> <CoreInst = "fma_primitivedsp">   --->   Core 138 'fma_primitivedsp' <Latency = 2> <II = 1> <Delay = 1.75> <FuncUnit> <Opcode : 'fmadd' 'fmsub'> <InPorts = 3> <OutPorts = 1>
ST_3 : Operation 29 [3/3] (1.75ns)   --->   "%tmp10 = fmadd i32 @_ssdm_op_FMADD, i32 %reg_0_4_read_1, i32 0.06, i32 %tmp6" [/home/x_thileeb/repos/ops-hls-pact25-artifact/codegen_apps/jacobian3d/vck5000_project/hls/device/include/PE_jac3D_kernel_stencil.hpp:53]   --->   Operation 29 'fmadd' 'tmp10' <Predicate = true> <Delay = 1.75> <CoreInst = "fma_primitivedsp">   --->   Core 138 'fma_primitivedsp' <Latency = 2> <II = 1> <Delay = 1.75> <FuncUnit> <Opcode : 'fmadd' 'fmsub'> <InPorts = 3> <OutPorts = 1>

State 4 <SV = 3> <Delay = 1.75>
ST_4 : Operation 30 [2/3] (1.75ns)   --->   "%tmp8 = fmadd i32 @_ssdm_op_FMADD, i32 %reg_0_6_read_1, i32 0.02, i32 %tmp2" [/home/x_thileeb/repos/ops-hls-pact25-artifact/codegen_apps/jacobian3d/vck5000_project/hls/device/include/PE_jac3D_kernel_stencil.hpp:51]   --->   Operation 30 'fmadd' 'tmp8' <Predicate = true> <Delay = 1.75> <CoreInst = "fma_primitivedsp">   --->   Core 138 'fma_primitivedsp' <Latency = 2> <II = 1> <Delay = 1.75> <FuncUnit> <Opcode : 'fmadd' 'fmsub'> <InPorts = 3> <OutPorts = 1>
ST_4 : Operation 31 [2/3] (1.75ns)   --->   "%tmp9 = fmadd i32 @_ssdm_op_FMADD, i32 %reg_0_2_read_1, i32 0.05, i32 %tmp4" [/home/x_thileeb/repos/ops-hls-pact25-artifact/codegen_apps/jacobian3d/vck5000_project/hls/device/include/PE_jac3D_kernel_stencil.hpp:52]   --->   Operation 31 'fmadd' 'tmp9' <Predicate = true> <Delay = 1.75> <CoreInst = "fma_primitivedsp">   --->   Core 138 'fma_primitivedsp' <Latency = 2> <II = 1> <Delay = 1.75> <FuncUnit> <Opcode : 'fmadd' 'fmsub'> <InPorts = 3> <OutPorts = 1>
ST_4 : Operation 32 [2/3] (1.75ns)   --->   "%tmp10 = fmadd i32 @_ssdm_op_FMADD, i32 %reg_0_4_read_1, i32 0.06, i32 %tmp6" [/home/x_thileeb/repos/ops-hls-pact25-artifact/codegen_apps/jacobian3d/vck5000_project/hls/device/include/PE_jac3D_kernel_stencil.hpp:53]   --->   Operation 32 'fmadd' 'tmp10' <Predicate = true> <Delay = 1.75> <CoreInst = "fma_primitivedsp">   --->   Core 138 'fma_primitivedsp' <Latency = 2> <II = 1> <Delay = 1.75> <FuncUnit> <Opcode : 'fmadd' 'fmsub'> <InPorts = 3> <OutPorts = 1>

State 5 <SV = 4> <Delay = 1.75>
ST_5 : Operation 33 [1/3] (1.75ns)   --->   "%tmp8 = fmadd i32 @_ssdm_op_FMADD, i32 %reg_0_6_read_1, i32 0.02, i32 %tmp2" [/home/x_thileeb/repos/ops-hls-pact25-artifact/codegen_apps/jacobian3d/vck5000_project/hls/device/include/PE_jac3D_kernel_stencil.hpp:51]   --->   Operation 33 'fmadd' 'tmp8' <Predicate = true> <Delay = 1.75> <CoreInst = "fma_primitivedsp">   --->   Core 138 'fma_primitivedsp' <Latency = 2> <II = 1> <Delay = 1.75> <FuncUnit> <Opcode : 'fmadd' 'fmsub'> <InPorts = 3> <OutPorts = 1>
ST_5 : Operation 34 [1/3] (1.75ns)   --->   "%tmp9 = fmadd i32 @_ssdm_op_FMADD, i32 %reg_0_2_read_1, i32 0.05, i32 %tmp4" [/home/x_thileeb/repos/ops-hls-pact25-artifact/codegen_apps/jacobian3d/vck5000_project/hls/device/include/PE_jac3D_kernel_stencil.hpp:52]   --->   Operation 34 'fmadd' 'tmp9' <Predicate = true> <Delay = 1.75> <CoreInst = "fma_primitivedsp">   --->   Core 138 'fma_primitivedsp' <Latency = 2> <II = 1> <Delay = 1.75> <FuncUnit> <Opcode : 'fmadd' 'fmsub'> <InPorts = 3> <OutPorts = 1>
ST_5 : Operation 35 [1/3] (1.75ns)   --->   "%tmp10 = fmadd i32 @_ssdm_op_FMADD, i32 %reg_0_4_read_1, i32 0.06, i32 %tmp6" [/home/x_thileeb/repos/ops-hls-pact25-artifact/codegen_apps/jacobian3d/vck5000_project/hls/device/include/PE_jac3D_kernel_stencil.hpp:53]   --->   Operation 35 'fmadd' 'tmp10' <Predicate = true> <Delay = 1.75> <CoreInst = "fma_primitivedsp">   --->   Core 138 'fma_primitivedsp' <Latency = 2> <II = 1> <Delay = 1.75> <FuncUnit> <Opcode : 'fmadd' 'fmsub'> <InPorts = 3> <OutPorts = 1>

State 6 <SV = 5> <Delay = 1.75>
ST_6 : Operation 36 [3/3] (1.75ns)   --->   "%tmp11 = fmadd i32 @_ssdm_op_FMADD, i32 %reg_0_0_read_1, i32 0.01, i32 %tmp8" [/home/x_thileeb/repos/ops-hls-pact25-artifact/codegen_apps/jacobian3d/vck5000_project/hls/device/include/PE_jac3D_kernel_stencil.hpp:54]   --->   Operation 36 'fmadd' 'tmp11' <Predicate = true> <Delay = 1.75> <CoreInst = "fma_primitivedsp">   --->   Core 138 'fma_primitivedsp' <Latency = 2> <II = 1> <Delay = 1.75> <FuncUnit> <Opcode : 'fmadd' 'fmsub'> <InPorts = 3> <OutPorts = 1>
ST_6 : Operation 37 [2/2] (1.43ns)   --->   "%tmp12 = fadd i32 %tmp9, i32 %tmp10" [/home/x_thileeb/repos/ops-hls-pact25-artifact/codegen_apps/jacobian3d/vck5000_project/hls/device/include/PE_jac3D_kernel_stencil.hpp:55]   --->   Operation 37 'fadd' 'tmp12' <Predicate = true> <Delay = 1.43> <CoreInst = "FAddSub_primitivedsp">   --->   Core 13 'FAddSub_primitivedsp' <Latency = 1> <II = 1> <Delay = 1.62> <FuncUnit> <Opcode : 'fadd' 'fsub'> <InPorts = 2> <OutPorts = 1>

State 7 <SV = 6> <Delay = 1.75>
ST_7 : Operation 38 [2/3] (1.75ns)   --->   "%tmp11 = fmadd i32 @_ssdm_op_FMADD, i32 %reg_0_0_read_1, i32 0.01, i32 %tmp8" [/home/x_thileeb/repos/ops-hls-pact25-artifact/codegen_apps/jacobian3d/vck5000_project/hls/device/include/PE_jac3D_kernel_stencil.hpp:54]   --->   Operation 38 'fmadd' 'tmp11' <Predicate = true> <Delay = 1.75> <CoreInst = "fma_primitivedsp">   --->   Core 138 'fma_primitivedsp' <Latency = 2> <II = 1> <Delay = 1.75> <FuncUnit> <Opcode : 'fmadd' 'fmsub'> <InPorts = 3> <OutPorts = 1>
ST_7 : Operation 39 [1/2] (0.28ns)   --->   "%tmp12 = fadd i32 %tmp9, i32 %tmp10" [/home/x_thileeb/repos/ops-hls-pact25-artifact/codegen_apps/jacobian3d/vck5000_project/hls/device/include/PE_jac3D_kernel_stencil.hpp:55]   --->   Operation 39 'fadd' 'tmp12' <Predicate = true> <Delay = 0.28> <CoreInst = "FAddSub_primitivedsp">   --->   Core 13 'FAddSub_primitivedsp' <Latency = 1> <II = 1> <Delay = 1.62> <FuncUnit> <Opcode : 'fadd' 'fsub'> <InPorts = 2> <OutPorts = 1>

State 8 <SV = 7> <Delay = 1.75>
ST_8 : Operation 40 [1/3] (1.75ns)   --->   "%tmp11 = fmadd i32 @_ssdm_op_FMADD, i32 %reg_0_0_read_1, i32 0.01, i32 %tmp8" [/home/x_thileeb/repos/ops-hls-pact25-artifact/codegen_apps/jacobian3d/vck5000_project/hls/device/include/PE_jac3D_kernel_stencil.hpp:54]   --->   Operation 40 'fmadd' 'tmp11' <Predicate = true> <Delay = 1.75> <CoreInst = "fma_primitivedsp">   --->   Core 138 'fma_primitivedsp' <Latency = 2> <II = 1> <Delay = 1.75> <FuncUnit> <Opcode : 'fmadd' 'fmsub'> <InPorts = 3> <OutPorts = 1>

State 9 <SV = 8> <Delay = 1.43>
ST_9 : Operation 41 [2/2] (1.43ns)   --->   "%reg_1_0_write_assign = fadd i32 %tmp11, i32 %tmp12" [/home/x_thileeb/repos/ops-hls-pact25-artifact/codegen_apps/jacobian3d/vck5000_project/hls/device/include/PE_jac3D_kernel_stencil.hpp:56]   --->   Operation 41 'fadd' 'reg_1_0_write_assign' <Predicate = true> <Delay = 1.43> <CoreInst = "FAddSub_primitivedsp">   --->   Core 13 'FAddSub_primitivedsp' <Latency = 1> <II = 1> <Delay = 1.62> <FuncUnit> <Opcode : 'fadd' 'fsub'> <InPorts = 2> <OutPorts = 1>

State 10 <SV = 9> <Delay = 0.28>
ST_10 : Operation 42 [1/2] (0.28ns)   --->   "%reg_1_0_write_assign = fadd i32 %tmp11, i32 %tmp12" [/home/x_thileeb/repos/ops-hls-pact25-artifact/codegen_apps/jacobian3d/vck5000_project/hls/device/include/PE_jac3D_kernel_stencil.hpp:56]   --->   Operation 42 'fadd' 'reg_1_0_write_assign' <Predicate = true> <Delay = 0.28> <CoreInst = "FAddSub_primitivedsp">   --->   Core 13 'FAddSub_primitivedsp' <Latency = 1> <II = 1> <Delay = 1.62> <FuncUnit> <Opcode : 'fadd' 'fsub'> <InPorts = 2> <OutPorts = 1>
ST_10 : Operation 43 [1/1] (0.00ns)   --->   "%ret_ln72 = ret i32 %reg_1_0_write_assign" [/home/x_thileeb/repos/ops-hls-pact25-artifact/codegen_apps/jacobian3d/vck5000_project/hls/device/include/PE_jac3D_kernel_stencil.hpp:72]   --->   Operation 43 'ret' 'ret_ln72' <Predicate = true> <Delay = 0.00>


============================================================
+ Verbose Summary: Binding
============================================================
STG Binding: 
---------------- STG Properties BEGIN ----------------
- Is combinational: 0
- Is one-state seq: 0
- Is datapath-only: 1
- Is pipelined: 1
- Is top level: 0
Port [ Return ] is wired: 1; IO mode=ap_ctrl_hs:ce=0
Port [ reg_0_0_read]:  wired=1; compound=0; hidden=0; nouse=0; global=0; static=0; extern=0; dir=0; type=0; pingpong=0; private_global=0; IO mode=ap_none:ce=0
Port [ reg_0_1_read]:  wired=1; compound=0; hidden=0; nouse=0; global=0; static=0; extern=0; dir=0; type=0; pingpong=0; private_global=0; IO mode=ap_none:ce=0
Port [ reg_0_2_read]:  wired=1; compound=0; hidden=0; nouse=0; global=0; static=0; extern=0; dir=0; type=0; pingpong=0; private_global=0; IO mode=ap_none:ce=0
Port [ reg_0_3_read]:  wired=1; compound=0; hidden=0; nouse=0; global=0; static=0; extern=0; dir=0; type=0; pingpong=0; private_global=0; IO mode=ap_none:ce=0
Port [ reg_0_4_read]:  wired=1; compound=0; hidden=0; nouse=0; global=0; static=0; extern=0; dir=0; type=0; pingpong=0; private_global=0; IO mode=ap_none:ce=0
Port [ reg_0_5_read]:  wired=1; compound=0; hidden=0; nouse=0; global=0; static=0; extern=0; dir=0; type=0; pingpong=0; private_global=0; IO mode=ap_none:ce=0
Port [ reg_0_6_read]:  wired=1; compound=0; hidden=0; nouse=0; global=0; static=0; extern=0; dir=0; type=0; pingpong=0; private_global=0; IO mode=ap_none:ce=0
---------------- STG Properties END ------------------

---------------- Datapath Model BEGIN ----------------

<LifeTime>
<method=bitvector/>
reg_0_6_read_1       (read ) [ 01111100000]
reg_0_5_read_1       (read ) [ 01110000000]
reg_0_4_read_1       (read ) [ 01111100000]
reg_0_3_read_1       (read ) [ 01110000000]
reg_0_2_read_1       (read ) [ 01111100000]
reg_0_1_read_1       (read ) [ 01110000000]
reg_0_0_read_1       (read ) [ 01111111100]
tmp2                 (fmul ) [ 01001100000]
tmp4                 (fmul ) [ 01001100000]
tmp6                 (fmul ) [ 01001100000]
tmp8                 (fmadd) [ 01000011100]
tmp9                 (fmadd) [ 01000011000]
tmp10                (fmadd) [ 01000011000]
tmp12                (fadd ) [ 01000000111]
tmp11                (fmadd) [ 01000000011]
reg_1_0_write_assign (fadd ) [ 00000000000]
ret_ln72             (ret  ) [ 00000000000]
</LifeTime>

<model>

<comp_list>
<comp id="0" class="1000" name="reg_0_0_read">
<pin_list>
<pin id="1" dir="1" index="0" bw="1" slack="0"/>
</pin_list>
<bind>
<StgValue><ssdm name="reg_0_0_read"/></StgValue>
</bind>
</comp>

<comp id="2" class="1000" name="reg_0_1_read">
<pin_list>
<pin id="3" dir="1" index="0" bw="1" slack="0"/>
</pin_list>
<bind>
<StgValue><ssdm name="reg_0_1_read"/></StgValue>
</bind>
</comp>

<comp id="4" class="1000" name="reg_0_2_read">
<pin_list>
<pin id="5" dir="1" index="0" bw="1" slack="0"/>
</pin_list>
<bind>
<StgValue><ssdm name="reg_0_2_read"/></StgValue>
</bind>
</comp>

<comp id="6" class="1000" name="reg_0_3_read">
<pin_list>
<pin id="7" dir="1" index="0" bw="1" slack="0"/>
</pin_list>
<bind>
<StgValue><ssdm name="reg_0_3_read"/></StgValue>
</bind>
</comp>

<comp id="8" class="1000" name="reg_0_4_read">
<pin_list>
<pin id="9" dir="1" index="0" bw="1" slack="0"/>
</pin_list>
<bind>
<StgValue><ssdm name="reg_0_4_read"/></StgValue>
</bind>
</comp>

<comp id="10" class="1000" name="reg_0_5_read">
<pin_list>
<pin id="11" dir="1" index="0" bw="1" slack="0"/>
</pin_list>
<bind>
<StgValue><ssdm name="reg_0_5_read"/></StgValue>
</bind>
</comp>

<comp id="12" class="1000" name="reg_0_6_read">
<pin_list>
<pin id="13" dir="1" index="0" bw="1" slack="0"/>
</pin_list>
<bind>
<StgValue><ssdm name="reg_0_6_read"/></StgValue>
</bind>
</comp>

<comp id="14" class="1001" name="const_14">
<pin_list>
<pin id="15" dir="1" index="0" bw="1" slack="0"/>
</pin_list>
<bind>
<StgValue><ssdm name="_ssdm_op_Read.ap_auto.float"/></StgValue>
</bind>
</comp>

<comp id="16" class="1001" name="const_16">
<pin_list>
<pin id="17" dir="1" index="0" bw="1" slack="0"/>
</pin_list>
<bind>
<StgValue><ssdm name=""/></StgValue>
</bind>
</comp>

<comp id="18" class="1001" name="const_18">
<pin_list>
<pin id="19" dir="1" index="0" bw="1" slack="0"/>
</pin_list>
<bind>
<StgValue><ssdm name=""/></StgValue>
</bind>
</comp>

<comp id="20" class="1001" name="const_20">
<pin_list>
<pin id="21" dir="1" index="0" bw="1" slack="0"/>
</pin_list>
<bind>
<StgValue><ssdm name=""/></StgValue>
</bind>
</comp>

<comp id="22" class="1001" name="const_22">
<pin_list>
<pin id="23" dir="1" index="0" bw="1" slack="0"/>
</pin_list>
<bind>
<StgValue><ssdm name="_ssdm_op_FMADD"/></StgValue>
</bind>
</comp>

<comp id="24" class="1001" name="const_24">
<pin_list>
<pin id="25" dir="1" index="0" bw="1" slack="0"/>
</pin_list>
<bind>
<StgValue><ssdm name=""/></StgValue>
</bind>
</comp>

<comp id="26" class="1001" name="const_26">
<pin_list>
<pin id="27" dir="1" index="0" bw="1" slack="0"/>
</pin_list>
<bind>
<StgValue><ssdm name=""/></StgValue>
</bind>
</comp>

<comp id="28" class="1001" name="const_28">
<pin_list>
<pin id="29" dir="1" index="0" bw="1" slack="0"/>
</pin_list>
<bind>
<StgValue><ssdm name=""/></StgValue>
</bind>
</comp>

<comp id="30" class="1001" name="const_30">
<pin_list>
<pin id="31" dir="1" index="0" bw="1" slack="0"/>
</pin_list>
<bind>
<StgValue><ssdm name=""/></StgValue>
</bind>
</comp>

<comp id="32" class="1004" name="reg_0_6_read_1_read_fu_32">
<pin_list>
<pin id="33" dir="0" index="0" bw="32" slack="0"/>
<pin id="34" dir="0" index="1" bw="32" slack="0"/>
<pin id="35" dir="1" index="2" bw="32" slack="2"/>
</pin_list>
<bind>
<opcode="read(1150) " fcode="read"/>
<opset="reg_0_6_read_1/1 "/>
</bind>
</comp>

<comp id="38" class="1004" name="reg_0_5_read_1_read_fu_38">
<pin_list>
<pin id="39" dir="0" index="0" bw="32" slack="0"/>
<pin id="40" dir="0" index="1" bw="32" slack="0"/>
<pin id="41" dir="1" index="2" bw="32" slack="0"/>
</pin_list>
<bind>
<opcode="read(1150) " fcode="read"/>
<opset="reg_0_5_read_1/1 "/>
</bind>
</comp>

<comp id="44" class="1004" name="reg_0_4_read_1_read_fu_44">
<pin_list>
<pin id="45" dir="0" index="0" bw="32" slack="0"/>
<pin id="46" dir="0" index="1" bw="32" slack="0"/>
<pin id="47" dir="1" index="2" bw="32" slack="2"/>
</pin_list>
<bind>
<opcode="read(1150) " fcode="read"/>
<opset="reg_0_4_read_1/1 "/>
</bind>
</comp>

<comp id="50" class="1004" name="reg_0_3_read_1_read_fu_50">
<pin_list>
<pin id="51" dir="0" index="0" bw="32" slack="0"/>
<pin id="52" dir="0" index="1" bw="32" slack="0"/>
<pin id="53" dir="1" index="2" bw="32" slack="0"/>
</pin_list>
<bind>
<opcode="read(1150) " fcode="read"/>
<opset="reg_0_3_read_1/1 "/>
</bind>
</comp>

<comp id="56" class="1004" name="reg_0_2_read_1_read_fu_56">
<pin_list>
<pin id="57" dir="0" index="0" bw="32" slack="0"/>
<pin id="58" dir="0" index="1" bw="32" slack="0"/>
<pin id="59" dir="1" index="2" bw="32" slack="2"/>
</pin_list>
<bind>
<opcode="read(1150) " fcode="read"/>
<opset="reg_0_2_read_1/1 "/>
</bind>
</comp>

<comp id="62" class="1004" name="reg_0_1_read_1_read_fu_62">
<pin_list>
<pin id="63" dir="0" index="0" bw="32" slack="0"/>
<pin id="64" dir="0" index="1" bw="32" slack="0"/>
<pin id="65" dir="1" index="2" bw="32" slack="0"/>
</pin_list>
<bind>
<opcode="read(1150) " fcode="read"/>
<opset="reg_0_1_read_1/1 "/>
</bind>
</comp>

<comp id="68" class="1004" name="reg_0_0_read_1_read_fu_68">
<pin_list>
<pin id="69" dir="0" index="0" bw="32" slack="0"/>
<pin id="70" dir="0" index="1" bw="32" slack="0"/>
<pin id="71" dir="1" index="2" bw="32" slack="5"/>
</pin_list>
<bind>
<opcode="read(1150) " fcode="read"/>
<opset="reg_0_0_read_1/1 "/>
</bind>
</comp>

<comp id="74" class="1004" name="grp_fu_74">
<pin_list>
<pin id="75" dir="0" index="0" bw="32" slack="1"/>
<pin id="76" dir="0" index="1" bw="32" slack="1"/>
<pin id="77" dir="1" index="2" bw="32" slack="2"/>
</pin_list>
<bind>
<opcode="fadd(9) " fcode="fadd"/>
<opset="tmp12/6 "/>
</bind>
</comp>

<comp id="78" class="1004" name="grp_fu_78">
<pin_list>
<pin id="79" dir="0" index="0" bw="32" slack="1"/>
<pin id="80" dir="0" index="1" bw="32" slack="2"/>
<pin id="81" dir="1" index="2" bw="32" slack="2147483647"/>
</pin_list>
<bind>
<opcode="fadd(9) " fcode="fadd"/>
<opset="reg_1_0_write_assign/9 "/>
</bind>
</comp>

<comp id="82" class="1004" name="grp_fu_82">
<pin_list>
<pin id="83" dir="0" index="0" bw="32" slack="0"/>
<pin id="84" dir="0" index="1" bw="32" slack="0"/>
<pin id="85" dir="1" index="2" bw="32" slack="0"/>
</pin_list>
<bind>
<opcode="fmul(13) " fcode="fmul"/>
<opset="tmp2/1 "/>
</bind>
</comp>

<comp id="88" class="1004" name="grp_fu_88">
<pin_list>
<pin id="89" dir="0" index="0" bw="32" slack="0"/>
<pin id="90" dir="0" index="1" bw="32" slack="0"/>
<pin id="91" dir="1" index="2" bw="32" slack="0"/>
</pin_list>
<bind>
<opcode="fmul(13) " fcode="fmul"/>
<opset="tmp4/1 "/>
</bind>
</comp>

<comp id="94" class="1004" name="grp_fu_94">
<pin_list>
<pin id="95" dir="0" index="0" bw="32" slack="0"/>
<pin id="96" dir="0" index="1" bw="32" slack="0"/>
<pin id="97" dir="1" index="2" bw="32" slack="0"/>
</pin_list>
<bind>
<opcode="fmul(13) " fcode="fmul"/>
<opset="tmp6/1 "/>
</bind>
</comp>

<comp id="100" class="1004" name="grp_fu_100">
<pin_list>
<pin id="101" dir="0" index="0" bw="32" slack="0"/>
<pin id="102" dir="0" index="1" bw="32" slack="2"/>
<pin id="103" dir="0" index="2" bw="32" slack="0"/>
<pin id="104" dir="0" index="3" bw="32" slack="0"/>
<pin id="105" dir="1" index="4" bw="32" slack="1"/>
</pin_list>
<bind>
<opcode="fmadd(585) " fcode="fmadd"/>
<opset="tmp8/3 "/>
</bind>
</comp>

<comp id="109" class="1004" name="grp_fu_109">
<pin_list>
<pin id="110" dir="0" index="0" bw="32" slack="0"/>
<pin id="111" dir="0" index="1" bw="32" slack="2"/>
<pin id="112" dir="0" index="2" bw="32" slack="0"/>
<pin id="113" dir="0" index="3" bw="32" slack="0"/>
<pin id="114" dir="1" index="4" bw="32" slack="1"/>
</pin_list>
<bind>
<opcode="fmadd(585) " fcode="fmadd"/>
<opset="tmp9/3 "/>
</bind>
</comp>

<comp id="118" class="1004" name="grp_fu_118">
<pin_list>
<pin id="119" dir="0" index="0" bw="32" slack="0"/>
<pin id="120" dir="0" index="1" bw="32" slack="2"/>
<pin id="121" dir="0" index="2" bw="32" slack="0"/>
<pin id="122" dir="0" index="3" bw="32" slack="0"/>
<pin id="123" dir="1" index="4" bw="32" slack="1"/>
</pin_list>
<bind>
<opcode="fmadd(585) " fcode="fmadd"/>
<opset="tmp10/3 "/>
</bind>
</comp>

<comp id="127" class="1004" name="grp_fu_127">
<pin_list>
<pin id="128" dir="0" index="0" bw="32" slack="0"/>
<pin id="129" dir="0" index="1" bw="32" slack="5"/>
<pin id="130" dir="0" index="2" bw="32" slack="0"/>
<pin id="131" dir="0" index="3" bw="32" slack="1"/>
<pin id="132" dir="1" index="4" bw="32" slack="1"/>
</pin_list>
<bind>
<opcode="fmadd(585) " fcode="fmadd"/>
<opset="tmp11/6 "/>
</bind>
</comp>

<comp id="135" class="1005" name="reg_0_6_read_1_reg_135">
<pin_list>
<pin id="136" dir="0" index="0" bw="32" slack="2"/>
<pin id="137" dir="1" index="1" bw="32" slack="2"/>
</pin_list>
<bind>
<opset="reg_0_6_read_1 "/>
</bind>
</comp>

<comp id="140" class="1005" name="reg_0_5_read_1_reg_140">
<pin_list>
<pin id="141" dir="0" index="0" bw="32" slack="1"/>
<pin id="142" dir="1" index="1" bw="32" slack="1"/>
</pin_list>
<bind>
<opset="reg_0_5_read_1 "/>
</bind>
</comp>

<comp id="145" class="1005" name="reg_0_4_read_1_reg_145">
<pin_list>
<pin id="146" dir="0" index="0" bw="32" slack="2"/>
<pin id="147" dir="1" index="1" bw="32" slack="2"/>
</pin_list>
<bind>
<opset="reg_0_4_read_1 "/>
</bind>
</comp>

<comp id="150" class="1005" name="reg_0_3_read_1_reg_150">
<pin_list>
<pin id="151" dir="0" index="0" bw="32" slack="1"/>
<pin id="152" dir="1" index="1" bw="32" slack="1"/>
</pin_list>
<bind>
<opset="reg_0_3_read_1 "/>
</bind>
</comp>

<comp id="155" class="1005" name="reg_0_2_read_1_reg_155">
<pin_list>
<pin id="156" dir="0" index="0" bw="32" slack="2"/>
<pin id="157" dir="1" index="1" bw="32" slack="2"/>
</pin_list>
<bind>
<opset="reg_0_2_read_1 "/>
</bind>
</comp>

<comp id="160" class="1005" name="reg_0_1_read_1_reg_160">
<pin_list>
<pin id="161" dir="0" index="0" bw="32" slack="1"/>
<pin id="162" dir="1" index="1" bw="32" slack="1"/>
</pin_list>
<bind>
<opset="reg_0_1_read_1 "/>
</bind>
</comp>

<comp id="165" class="1005" name="reg_0_0_read_1_reg_165">
<pin_list>
<pin id="166" dir="0" index="0" bw="32" slack="5"/>
<pin id="167" dir="1" index="1" bw="32" slack="5"/>
</pin_list>
<bind>
<opset="reg_0_0_read_1 "/>
</bind>
</comp>

<comp id="170" class="1005" name="tmp2_reg_170">
<pin_list>
<pin id="171" dir="0" index="0" bw="32" slack="1"/>
<pin id="172" dir="1" index="1" bw="32" slack="1"/>
</pin_list>
<bind>
<opset="tmp2 "/>
</bind>
</comp>

<comp id="175" class="1005" name="tmp4_reg_175">
<pin_list>
<pin id="176" dir="0" index="0" bw="32" slack="1"/>
<pin id="177" dir="1" index="1" bw="32" slack="1"/>
</pin_list>
<bind>
<opset="tmp4 "/>
</bind>
</comp>

<comp id="180" class="1005" name="tmp6_reg_180">
<pin_list>
<pin id="181" dir="0" index="0" bw="32" slack="1"/>
<pin id="182" dir="1" index="1" bw="32" slack="1"/>
</pin_list>
<bind>
<opset="tmp6 "/>
</bind>
</comp>

<comp id="185" class="1005" name="tmp8_reg_185">
<pin_list>
<pin id="186" dir="0" index="0" bw="32" slack="1"/>
<pin id="187" dir="1" index="1" bw="32" slack="1"/>
</pin_list>
<bind>
<opset="tmp8 "/>
</bind>
</comp>

<comp id="190" class="1005" name="tmp9_reg_190">
<pin_list>
<pin id="191" dir="0" index="0" bw="32" slack="1"/>
<pin id="192" dir="1" index="1" bw="32" slack="1"/>
</pin_list>
<bind>
<opset="tmp9 "/>
</bind>
</comp>

<comp id="195" class="1005" name="tmp10_reg_195">
<pin_list>
<pin id="196" dir="0" index="0" bw="32" slack="1"/>
<pin id="197" dir="1" index="1" bw="32" slack="1"/>
</pin_list>
<bind>
<opset="tmp10 "/>
</bind>
</comp>

<comp id="200" class="1005" name="tmp12_reg_200">
<pin_list>
<pin id="201" dir="0" index="0" bw="32" slack="2"/>
<pin id="202" dir="1" index="1" bw="32" slack="2"/>
</pin_list>
<bind>
<opset="tmp12 "/>
</bind>
</comp>

<comp id="205" class="1005" name="tmp11_reg_205">
<pin_list>
<pin id="206" dir="0" index="0" bw="32" slack="1"/>
<pin id="207" dir="1" index="1" bw="32" slack="1"/>
</pin_list>
<bind>
<opset="tmp11 "/>
</bind>
</comp>

</comp_list>

<net_list>
<net id="36"><net_src comp="14" pin="0"/><net_sink comp="32" pin=0"/></net>

<net id="37"><net_src comp="12" pin="0"/><net_sink comp="32" pin=1"/></net>

<net id="42"><net_src comp="14" pin="0"/><net_sink comp="38" pin=0"/></net>

<net id="43"><net_src comp="10" pin="0"/><net_sink comp="38" pin=1"/></net>

<net id="48"><net_src comp="14" pin="0"/><net_sink comp="44" pin=0"/></net>

<net id="49"><net_src comp="8" pin="0"/><net_sink comp="44" pin=1"/></net>

<net id="54"><net_src comp="14" pin="0"/><net_sink comp="50" pin=0"/></net>

<net id="55"><net_src comp="6" pin="0"/><net_sink comp="50" pin=1"/></net>

<net id="60"><net_src comp="14" pin="0"/><net_sink comp="56" pin=0"/></net>

<net id="61"><net_src comp="4" pin="0"/><net_sink comp="56" pin=1"/></net>

<net id="66"><net_src comp="14" pin="0"/><net_sink comp="62" pin=0"/></net>

<net id="67"><net_src comp="2" pin="0"/><net_sink comp="62" pin=1"/></net>

<net id="72"><net_src comp="14" pin="0"/><net_sink comp="68" pin=0"/></net>

<net id="73"><net_src comp="0" pin="0"/><net_sink comp="68" pin=1"/></net>

<net id="86"><net_src comp="38" pin="2"/><net_sink comp="82" pin=0"/></net>

<net id="87"><net_src comp="16" pin="0"/><net_sink comp="82" pin=1"/></net>

<net id="92"><net_src comp="50" pin="2"/><net_sink comp="88" pin=0"/></net>

<net id="93"><net_src comp="18" pin="0"/><net_sink comp="88" pin=1"/></net>

<net id="98"><net_src comp="62" pin="2"/><net_sink comp="94" pin=0"/></net>

<net id="99"><net_src comp="20" pin="0"/><net_sink comp="94" pin=1"/></net>

<net id="106"><net_src comp="22" pin="0"/><net_sink comp="100" pin=0"/></net>

<net id="107"><net_src comp="24" pin="0"/><net_sink comp="100" pin=2"/></net>

<net id="108"><net_src comp="82" pin="2"/><net_sink comp="100" pin=3"/></net>

<net id="115"><net_src comp="22" pin="0"/><net_sink comp="109" pin=0"/></net>

<net id="116"><net_src comp="26" pin="0"/><net_sink comp="109" pin=2"/></net>

<net id="117"><net_src comp="88" pin="2"/><net_sink comp="109" pin=3"/></net>

<net id="124"><net_src comp="22" pin="0"/><net_sink comp="118" pin=0"/></net>

<net id="125"><net_src comp="28" pin="0"/><net_sink comp="118" pin=2"/></net>

<net id="126"><net_src comp="94" pin="2"/><net_sink comp="118" pin=3"/></net>

<net id="133"><net_src comp="22" pin="0"/><net_sink comp="127" pin=0"/></net>

<net id="134"><net_src comp="30" pin="0"/><net_sink comp="127" pin=2"/></net>

<net id="138"><net_src comp="32" pin="2"/><net_sink comp="135" pin=0"/></net>

<net id="139"><net_src comp="135" pin="1"/><net_sink comp="100" pin=1"/></net>

<net id="143"><net_src comp="38" pin="2"/><net_sink comp="140" pin=0"/></net>

<net id="144"><net_src comp="140" pin="1"/><net_sink comp="82" pin=0"/></net>

<net id="148"><net_src comp="44" pin="2"/><net_sink comp="145" pin=0"/></net>

<net id="149"><net_src comp="145" pin="1"/><net_sink comp="118" pin=1"/></net>

<net id="153"><net_src comp="50" pin="2"/><net_sink comp="150" pin=0"/></net>

<net id="154"><net_src comp="150" pin="1"/><net_sink comp="88" pin=0"/></net>

<net id="158"><net_src comp="56" pin="2"/><net_sink comp="155" pin=0"/></net>

<net id="159"><net_src comp="155" pin="1"/><net_sink comp="109" pin=1"/></net>

<net id="163"><net_src comp="62" pin="2"/><net_sink comp="160" pin=0"/></net>

<net id="164"><net_src comp="160" pin="1"/><net_sink comp="94" pin=0"/></net>

<net id="168"><net_src comp="68" pin="2"/><net_sink comp="165" pin=0"/></net>

<net id="169"><net_src comp="165" pin="1"/><net_sink comp="127" pin=1"/></net>

<net id="173"><net_src comp="82" pin="2"/><net_sink comp="170" pin=0"/></net>

<net id="174"><net_src comp="170" pin="1"/><net_sink comp="100" pin=3"/></net>

<net id="178"><net_src comp="88" pin="2"/><net_sink comp="175" pin=0"/></net>

<net id="179"><net_src comp="175" pin="1"/><net_sink comp="109" pin=3"/></net>

<net id="183"><net_src comp="94" pin="2"/><net_sink comp="180" pin=0"/></net>

<net id="184"><net_src comp="180" pin="1"/><net_sink comp="118" pin=3"/></net>

<net id="188"><net_src comp="100" pin="4"/><net_sink comp="185" pin=0"/></net>

<net id="189"><net_src comp="185" pin="1"/><net_sink comp="127" pin=3"/></net>

<net id="193"><net_src comp="109" pin="4"/><net_sink comp="190" pin=0"/></net>

<net id="194"><net_src comp="190" pin="1"/><net_sink comp="74" pin=0"/></net>

<net id="198"><net_src comp="118" pin="4"/><net_sink comp="195" pin=0"/></net>

<net id="199"><net_src comp="195" pin="1"/><net_sink comp="74" pin=1"/></net>

<net id="203"><net_src comp="74" pin="2"/><net_sink comp="200" pin=0"/></net>

<net id="204"><net_src comp="200" pin="1"/><net_sink comp="78" pin=1"/></net>

<net id="208"><net_src comp="127" pin="4"/><net_sink comp="205" pin=0"/></net>

<net id="209"><net_src comp="205" pin="1"/><net_sink comp="78" pin=0"/></net>

</net_list>

</model> 
---------------- Datapath Model END ------------------

* FSMD analyzer results:
  - Output states:
	Port: reg_0_0_read | {}
	Port: reg_0_1_read | {}
	Port: reg_0_2_read | {}
	Port: reg_0_3_read | {}
	Port: reg_0_4_read | {}
	Port: reg_0_5_read | {}
	Port: reg_0_6_read | {}
 - Input state : 
	Port: kernel_jac3D_kernel_stencil_core : reg_0_0_read | {1 }
	Port: kernel_jac3D_kernel_stencil_core : reg_0_1_read | {1 }
	Port: kernel_jac3D_kernel_stencil_core : reg_0_2_read | {1 }
	Port: kernel_jac3D_kernel_stencil_core : reg_0_3_read | {1 }
	Port: kernel_jac3D_kernel_stencil_core : reg_0_4_read | {1 }
	Port: kernel_jac3D_kernel_stencil_core : reg_0_5_read | {1 }
	Port: kernel_jac3D_kernel_stencil_core : reg_0_6_read | {1 }
  - Chain level:
	State 1
	State 2
	State 3
		tmp8 : 1
		tmp9 : 1
		tmp10 : 1
	State 4
	State 5
	State 6
	State 7
	State 8
	State 9
	State 10
		ret_ln72 : 1


============================================================
+ Verbose Summary: Datapath Resource usage 
============================================================

* Functional unit list:
|----------|---------------------------|---------|---------|---------|
| Operation|      Functional Unit      |   DSP   |    FF   |   LUT   |
|----------|---------------------------|---------|---------|---------|
|          |         grp_fu_100        |    1    |    2    |    1    |
|   fmadd  |         grp_fu_109        |    1    |    2    |    1    |
|          |         grp_fu_118        |    1    |    2    |    1    |
|          |         grp_fu_127        |    1    |    2    |    1    |
|----------|---------------------------|---------|---------|---------|
|          |         grp_fu_82         |    1    |    0    |    0    |
|   fmul   |         grp_fu_88         |    1    |    0    |    0    |
|          |         grp_fu_94         |    1    |    0    |    0    |
|----------|---------------------------|---------|---------|---------|
|   fadd   |         grp_fu_74         |    1    |    0    |    0    |
|          |         grp_fu_78         |    1    |    0    |    0    |
|----------|---------------------------|---------|---------|---------|
|          | reg_0_6_read_1_read_fu_32 |    0    |    0    |    0    |
|          | reg_0_5_read_1_read_fu_38 |    0    |    0    |    0    |
|          | reg_0_4_read_1_read_fu_44 |    0    |    0    |    0    |
|   read   | reg_0_3_read_1_read_fu_50 |    0    |    0    |    0    |
|          | reg_0_2_read_1_read_fu_56 |    0    |    0    |    0    |
|          | reg_0_1_read_1_read_fu_62 |    0    |    0    |    0    |
|          | reg_0_0_read_1_read_fu_68 |    0    |    0    |    0    |
|----------|---------------------------|---------|---------|---------|
|   Total  |                           |    9    |    8    |    4    |
|----------|---------------------------|---------|---------|---------|

Memories:
N/A

* Register list:
+----------------------+--------+
|                      |   FF   |
+----------------------+--------+
|reg_0_0_read_1_reg_165|   32   |
|reg_0_1_read_1_reg_160|   32   |
|reg_0_2_read_1_reg_155|   32   |
|reg_0_3_read_1_reg_150|   32   |
|reg_0_4_read_1_reg_145|   32   |
|reg_0_5_read_1_reg_140|   32   |
|reg_0_6_read_1_reg_135|   32   |
|     tmp10_reg_195    |   32   |
|     tmp11_reg_205    |   32   |
|     tmp12_reg_200    |   32   |
|     tmp2_reg_170     |   32   |
|     tmp4_reg_175     |   32   |
|     tmp6_reg_180     |   32   |
|     tmp8_reg_185     |   32   |
|     tmp9_reg_190     |   32   |
+----------------------+--------+
|         Total        |   480  |
+----------------------+--------+

* Multiplexer (MUX) list: 
|------------|------|------|------|--------||---------||---------|
|    Comp    |  Pin | Size |  BW  | S x BW ||  Delay  ||   LUT   |
|------------|------|------|------|--------||---------||---------|
|  grp_fu_82 |  p0  |   2  |  32  |   64   ||    32   |
|  grp_fu_88 |  p0  |   2  |  32  |   64   ||    32   |
|  grp_fu_94 |  p0  |   2  |  32  |   64   ||    32   |
| grp_fu_100 |  p3  |   2  |  32  |   64   ||    32   |
| grp_fu_109 |  p3  |   2  |  32  |   64   ||    32   |
| grp_fu_118 |  p3  |   2  |  32  |   64   ||    32   |
|------------|------|------|------|--------||---------||---------|
|    Total   |      |      |      |   384  ||  2.808  ||   192   |
|------------|------|------|------|--------||---------||---------|



* Summary:
+-----------+--------+--------+--------+--------+
|           |   DSP  |  Delay |   FF   |   LUT  |
+-----------+--------+--------+--------+--------+
|  Function |    9   |    -   |    8   |    4   |
|   Memory  |    -   |    -   |    -   |    -   |
|Multiplexer|    -   |    2   |    -   |   192  |
|  Register |    -   |    -   |   480  |    -   |
+-----------+--------+--------+--------+--------+
|   Total   |    9   |    2   |   488  |   196  |
+-----------+--------+--------+--------+--------+
