

================================================================
== Vitis HLS Report for 'kernel_outerloop_0'
================================================================
* Date:           Sun Jul 26 01:25:24 2026

* Version:        2022.1 (Build 3526262 on Mon Apr 18 15:47:01 MDT 2022)
* Project:        kernel_outerloop_0
* Solution:       solution (Vitis Kernel Flow Target)
* Product family: versal
* Target device:  xcvc1902-vsvd1760-2MP-e-S


================================================================
== Performance Estimates
================================================================
+ Timing: 
    * Summary: 
    +--------+---------+----------+------------+
    |  Clock |  Target | Estimated| Uncertainty|
    +--------+---------+----------+------------+
    |ap_clk  |  3.33 ns|  2.301 ns|     0.90 ns|
    +--------+---------+----------+------------+

+ Latency: 
    * Summary: 
    +---------+---------+----------+----------+-----+-----+---------+
    |  Latency (cycles) |  Latency (absolute) |  Interval | Pipeline|
    |   min   |   max   |    min   |    max   | min | max |   Type  |
    +---------+---------+----------+----------+-----+-----+---------+
    |        ?|        ?|         ?|         ?|    ?|    ?|       no|
    +---------+---------+----------+----------+-----+-----+---------+

    + Detail: 
        * Instance: 
        N/A

        * Loop: 
        +--------------------+---------+---------+----------+-----------+-----------+------+----------+
        |                    |  Latency (cycles) | Iteration|  Initiation Interval  | Trip |          |
        |      Loop Name     |   min   |   max   |  Latency |  achieved |   target  | Count| Pipelined|
        +--------------------+---------+---------+----------+-----------+-----------+------+----------+
        |- VITIS_LOOP_120_1  |        ?|        ?|         ?|          -|          -|     ?|        no|
        +--------------------+---------+---------+----------+-----------+-----------+------+----------+

============================================================
+ Verbose Summary: Synthesis Manager
============================================================
InlineROM: 1
ExposeGlobal: 0
============================================================
+ Verbose Summary: CDFG Model
============================================================
IsTopModel: 1
ResetActiveHigh: 1
IsCombinational: 0
IsDatapathOnly: 0
HasWiredReturn: 1
HasMFsm: 0
HasVarLatency: 1
IsPipeline: 0
IsRtlPipelined: 0
IsInstanceOverlapped: 0
IsDontTouch: 0
HasImplIP: 0
IsGatedGlobalClock: 0


============================================================
+ Verbose Summary: Schedule
============================================================
* Number of FSM states : 4
* Pipeline : 0
* Dataflow Pipeline: 0

* FSM state transitions: 
1 --> 2 
2 --> 3 4 
3 --> 2 
4 --> 

* FSM state operations: 

State 1 <SV = 0> <Delay = 1.00>
ST_1 : Operation 5 [1/1] (0.00ns)   --->   "%i = alloca i32 1"   --->   Operation 5 'alloca' 'i' <Predicate = true> <Delay = 0.00>
ST_1 : Operation 6 [1/1] (0.00ns)   --->   "%spectopmodule_ln53 = spectopmodule void @_ssdm_op_SpecTopModule, void @empty_1" [/home/x_thileeb/repos/ops-hls-pact25-artifact/codegen_apps/jacobian3d/vck5000_project/hls/device/src/kernel_outerloop_0.cpp:53]   --->   Operation 6 'spectopmodule' 'spectopmodule_ln53' <Predicate = true> <Delay = 0.00>
ST_1 : Operation 7 [1/1] (0.00ns)   --->   "%specinterface_ln53 = specinterface void @_ssdm_op_SpecInterface, i32 0, void @empty_0, i32 0, i32 0, void @empty_18, i32 0, i32 0, void @empty_18, void @empty_18, void @empty_18, i32 0, i32 0, i32 0, i32 0, void @empty_18, void @empty_18, i32 4294967295, i32 0" [/home/x_thileeb/repos/ops-hls-pact25-artifact/codegen_apps/jacobian3d/vck5000_project/hls/device/src/kernel_outerloop_0.cpp:53]   --->   Operation 7 'specinterface' 'specinterface_ln53' <Predicate = true> <Delay = 0.00>
ST_1 : Operation 8 [1/1] (0.00ns)   --->   "%specbitsmap_ln0 = specbitsmap void @_ssdm_op_SpecBitsMap, i16 %slr_region"   --->   Operation 8 'specbitsmap' 'specbitsmap_ln0' <Predicate = true> <Delay = 0.00>
ST_1 : Operation 9 [1/1] (0.00ns)   --->   "%specinterface_ln0 = specinterface void @_ssdm_op_SpecInterface, i16 %slr_region, void @empty_17, i32 0, i32 0, void @empty_18, i32 0, i32 0, void @empty_19, void @empty_20, void @empty_18, i32 0, i32 0, i32 0, i32 0, void @empty_18, void @empty_18, i32 4294967295, i32 0"   --->   Operation 9 'specinterface' 'specinterface_ln0' <Predicate = true> <Delay = 0.00>
ST_1 : Operation 10 [1/1] (0.00ns)   --->   "%specinterface_ln0 = specinterface void @_ssdm_op_SpecInterface, i16 %slr_region, void @empty_25, i32 0, i32 0, void @empty_18, i32 0, i32 0, void @empty_18, void @empty_18, void @empty_18, i32 0, i32 0, i32 0, i32 0, void @empty_18, void @empty_18, i32 4294967295, i32 0"   --->   Operation 10 'specinterface' 'specinterface_ln0' <Predicate = true> <Delay = 0.00>
ST_1 : Operation 11 [1/1] (0.00ns)   --->   "%specbitsmap_ln0 = specbitsmap void @_ssdm_op_SpecBitsMap, i32 %outer_itr"   --->   Operation 11 'specbitsmap' 'specbitsmap_ln0' <Predicate = true> <Delay = 0.00>
ST_1 : Operation 12 [1/1] (0.00ns)   --->   "%specinterface_ln0 = specinterface void @_ssdm_op_SpecInterface, i32 %outer_itr, void @empty_17, i32 0, i32 0, void @empty_18, i32 0, i32 0, void @empty_19, void @empty_4, void @empty_18, i32 0, i32 0, i32 0, i32 0, void @empty_18, void @empty_18, i32 4294967295, i32 0"   --->   Operation 12 'specinterface' 'specinterface_ln0' <Predicate = true> <Delay = 0.00>
ST_1 : Operation 13 [1/1] (0.00ns)   --->   "%specinterface_ln0 = specinterface void @_ssdm_op_SpecInterface, i32 %outer_itr, void @empty_25, i32 0, i32 0, void @empty_18, i32 0, i32 0, void @empty_18, void @empty_18, void @empty_18, i32 0, i32 0, i32 0, i32 0, void @empty_18, void @empty_18, i32 4294967295, i32 0"   --->   Operation 13 'specinterface' 'specinterface_ln0' <Predicate = true> <Delay = 0.00>
ST_1 : Operation 14 [1/1] (0.00ns)   --->   "%specbitsmap_ln0 = specbitsmap void @_ssdm_op_SpecBitsMap, i16 %stencilConfig_grid_size_0"   --->   Operation 14 'specbitsmap' 'specbitsmap_ln0' <Predicate = true> <Delay = 0.00>
ST_1 : Operation 15 [1/1] (0.00ns)   --->   "%specinterface_ln0 = specinterface void @_ssdm_op_SpecInterface, i16 %stencilConfig_grid_size_0, void @empty_17, i32 0, i32 0, void @empty_18, i32 0, i32 0, void @empty_19, void @empty_23, void @empty_18, i32 0, i32 0, i32 0, i32 0, void @empty_18, void @empty_18, i32 4294967295, i32 0"   --->   Operation 15 'specinterface' 'specinterface_ln0' <Predicate = true> <Delay = 0.00>
ST_1 : Operation 16 [1/1] (0.00ns)   --->   "%specinterface_ln0 = specinterface void @_ssdm_op_SpecInterface, i16 %stencilConfig_grid_size_0, void @empty_25, i32 0, i32 0, void @empty_18, i32 0, i32 0, void @empty_18, void @empty_18, void @empty_18, i32 0, i32 0, i32 0, i32 0, void @empty_18, void @empty_18, i32 4294967295, i32 0"   --->   Operation 16 'specinterface' 'specinterface_ln0' <Predicate = true> <Delay = 0.00>
ST_1 : Operation 17 [1/1] (0.00ns)   --->   "%specbitsmap_ln0 = specbitsmap void @_ssdm_op_SpecBitsMap, i16 %stencilConfig_grid_size_1"   --->   Operation 17 'specbitsmap' 'specbitsmap_ln0' <Predicate = true> <Delay = 0.00>
ST_1 : Operation 18 [1/1] (0.00ns)   --->   "%specinterface_ln0 = specinterface void @_ssdm_op_SpecInterface, i16 %stencilConfig_grid_size_1, void @empty_17, i32 0, i32 0, void @empty_18, i32 0, i32 0, void @empty_19, void @empty_24, void @empty_18, i32 0, i32 0, i32 0, i32 0, void @empty_18, void @empty_18, i32 4294967295, i32 0"   --->   Operation 18 'specinterface' 'specinterface_ln0' <Predicate = true> <Delay = 0.00>
ST_1 : Operation 19 [1/1] (0.00ns)   --->   "%specinterface_ln0 = specinterface void @_ssdm_op_SpecInterface, i16 %stencilConfig_grid_size_1, void @empty_25, i32 0, i32 0, void @empty_18, i32 0, i32 0, void @empty_18, void @empty_18, void @empty_18, i32 0, i32 0, i32 0, i32 0, void @empty_18, void @empty_18, i32 4294967295, i32 0"   --->   Operation 19 'specinterface' 'specinterface_ln0' <Predicate = true> <Delay = 0.00>
ST_1 : Operation 20 [1/1] (0.00ns)   --->   "%specbitsmap_ln0 = specbitsmap void @_ssdm_op_SpecBitsMap, i16 %stencilConfig_grid_size_2"   --->   Operation 20 'specbitsmap' 'specbitsmap_ln0' <Predicate = true> <Delay = 0.00>
ST_1 : Operation 21 [1/1] (0.00ns)   --->   "%specinterface_ln0 = specinterface void @_ssdm_op_SpecInterface, i16 %stencilConfig_grid_size_2, void @empty_17, i32 0, i32 0, void @empty_18, i32 0, i32 0, void @empty_19, void @empty_12, void @empty_18, i32 0, i32 0, i32 0, i32 0, void @empty_18, void @empty_18, i32 4294967295, i32 0"   --->   Operation 21 'specinterface' 'specinterface_ln0' <Predicate = true> <Delay = 0.00>
ST_1 : Operation 22 [1/1] (0.00ns)   --->   "%specinterface_ln0 = specinterface void @_ssdm_op_SpecInterface, i16 %stencilConfig_grid_size_2, void @empty_25, i32 0, i32 0, void @empty_18, i32 0, i32 0, void @empty_18, void @empty_18, void @empty_18, i32 0, i32 0, i32 0, i32 0, void @empty_18, void @empty_18, i32 4294967295, i32 0"   --->   Operation 22 'specinterface' 'specinterface_ln0' <Predicate = true> <Delay = 0.00>
ST_1 : Operation 23 [1/1] (0.00ns)   --->   "%specbitsmap_ln0 = specbitsmap void @_ssdm_op_SpecBitsMap, i16 %stencilConfig_dim"   --->   Operation 23 'specbitsmap' 'specbitsmap_ln0' <Predicate = true> <Delay = 0.00>
ST_1 : Operation 24 [1/1] (0.00ns)   --->   "%specinterface_ln0 = specinterface void @_ssdm_op_SpecInterface, i16 %stencilConfig_dim, void @empty_17, i32 0, i32 0, void @empty_18, i32 0, i32 0, void @empty_19, void @empty_13, void @empty_18, i32 0, i32 0, i32 0, i32 0, void @empty_18, void @empty_18, i32 4294967295, i32 0"   --->   Operation 24 'specinterface' 'specinterface_ln0' <Predicate = true> <Delay = 0.00>
ST_1 : Operation 25 [1/1] (0.00ns)   --->   "%specinterface_ln0 = specinterface void @_ssdm_op_SpecInterface, i16 %stencilConfig_dim, void @empty_25, i32 0, i32 0, void @empty_18, i32 0, i32 0, void @empty_18, void @empty_18, void @empty_18, i32 0, i32 0, i32 0, i32 0, void @empty_18, void @empty_18, i32 4294967295, i32 0"   --->   Operation 25 'specinterface' 'specinterface_ln0' <Predicate = true> <Delay = 0.00>
ST_1 : Operation 26 [1/1] (0.00ns)   --->   "%specbitsmap_ln0 = specbitsmap void @_ssdm_op_SpecBitsMap, i32 %stencilConfig_total_itr"   --->   Operation 26 'specbitsmap' 'specbitsmap_ln0' <Predicate = true> <Delay = 0.00>
ST_1 : Operation 27 [1/1] (0.00ns)   --->   "%specinterface_ln0 = specinterface void @_ssdm_op_SpecInterface, i32 %stencilConfig_total_itr, void @empty_17, i32 0, i32 0, void @empty_18, i32 0, i32 0, void @empty_19, void @empty_14, void @empty_18, i32 0, i32 0, i32 0, i32 0, void @empty_18, void @empty_18, i32 4294967295, i32 0"   --->   Operation 27 'specinterface' 'specinterface_ln0' <Predicate = true> <Delay = 0.00>
ST_1 : Operation 28 [1/1] (0.00ns)   --->   "%specinterface_ln0 = specinterface void @_ssdm_op_SpecInterface, i32 %stencilConfig_total_itr, void @empty_25, i32 0, i32 0, void @empty_18, i32 0, i32 0, void @empty_18, void @empty_18, void @empty_18, i32 0, i32 0, i32 0, i32 0, void @empty_18, void @empty_18, i32 4294967295, i32 0"   --->   Operation 28 'specinterface' 'specinterface_ln0' <Predicate = true> <Delay = 0.00>
ST_1 : Operation 29 [1/1] (0.00ns)   --->   "%specbitsmap_ln0 = specbitsmap void @_ssdm_op_SpecBitsMap, i16 %stencilConfig_lower_limit_0"   --->   Operation 29 'specbitsmap' 'specbitsmap_ln0' <Predicate = true> <Delay = 0.00>
ST_1 : Operation 30 [1/1] (0.00ns)   --->   "%specinterface_ln0 = specinterface void @_ssdm_op_SpecInterface, i16 %stencilConfig_lower_limit_0, void @empty_17, i32 0, i32 0, void @empty_18, i32 0, i32 0, void @empty_19, void @empty_15, void @empty_18, i32 0, i32 0, i32 0, i32 0, void @empty_18, void @empty_18, i32 4294967295, i32 0"   --->   Operation 30 'specinterface' 'specinterface_ln0' <Predicate = true> <Delay = 0.00>
ST_1 : Operation 31 [1/1] (0.00ns)   --->   "%specinterface_ln0 = specinterface void @_ssdm_op_SpecInterface, i16 %stencilConfig_lower_limit_0, void @empty_25, i32 0, i32 0, void @empty_18, i32 0, i32 0, void @empty_18, void @empty_18, void @empty_18, i32 0, i32 0, i32 0, i32 0, void @empty_18, void @empty_18, i32 4294967295, i32 0"   --->   Operation 31 'specinterface' 'specinterface_ln0' <Predicate = true> <Delay = 0.00>
ST_1 : Operation 32 [1/1] (0.00ns)   --->   "%specbitsmap_ln0 = specbitsmap void @_ssdm_op_SpecBitsMap, i16 %stencilConfig_lower_limit_1"   --->   Operation 32 'specbitsmap' 'specbitsmap_ln0' <Predicate = true> <Delay = 0.00>
ST_1 : Operation 33 [1/1] (0.00ns)   --->   "%specinterface_ln0 = specinterface void @_ssdm_op_SpecInterface, i16 %stencilConfig_lower_limit_1, void @empty_17, i32 0, i32 0, void @empty_18, i32 0, i32 0, void @empty_19, void @empty_16, void @empty_18, i32 0, i32 0, i32 0, i32 0, void @empty_18, void @empty_18, i32 4294967295, i32 0"   --->   Operation 33 'specinterface' 'specinterface_ln0' <Predicate = true> <Delay = 0.00>
ST_1 : Operation 34 [1/1] (0.00ns)   --->   "%specinterface_ln0 = specinterface void @_ssdm_op_SpecInterface, i16 %stencilConfig_lower_limit_1, void @empty_25, i32 0, i32 0, void @empty_18, i32 0, i32 0, void @empty_18, void @empty_18, void @empty_18, i32 0, i32 0, i32 0, i32 0, void @empty_18, void @empty_18, i32 4294967295, i32 0"   --->   Operation 34 'specinterface' 'specinterface_ln0' <Predicate = true> <Delay = 0.00>
ST_1 : Operation 35 [1/1] (0.00ns)   --->   "%specbitsmap_ln0 = specbitsmap void @_ssdm_op_SpecBitsMap, i16 %stencilConfig_lower_limit_2"   --->   Operation 35 'specbitsmap' 'specbitsmap_ln0' <Predicate = true> <Delay = 0.00>
ST_1 : Operation 36 [1/1] (0.00ns)   --->   "%specinterface_ln0 = specinterface void @_ssdm_op_SpecInterface, i16 %stencilConfig_lower_limit_2, void @empty_17, i32 0, i32 0, void @empty_18, i32 0, i32 0, void @empty_19, void @empty_8, void @empty_18, i32 0, i32 0, i32 0, i32 0, void @empty_18, void @empty_18, i32 4294967295, i32 0"   --->   Operation 36 'specinterface' 'specinterface_ln0' <Predicate = true> <Delay = 0.00>
ST_1 : Operation 37 [1/1] (0.00ns)   --->   "%specinterface_ln0 = specinterface void @_ssdm_op_SpecInterface, i16 %stencilConfig_lower_limit_2, void @empty_25, i32 0, i32 0, void @empty_18, i32 0, i32 0, void @empty_18, void @empty_18, void @empty_18, i32 0, i32 0, i32 0, i32 0, void @empty_18, void @empty_18, i32 4294967295, i32 0"   --->   Operation 37 'specinterface' 'specinterface_ln0' <Predicate = true> <Delay = 0.00>
ST_1 : Operation 38 [1/1] (0.00ns)   --->   "%specbitsmap_ln0 = specbitsmap void @_ssdm_op_SpecBitsMap, i16 %stencilConfig_upper_limit_0"   --->   Operation 38 'specbitsmap' 'specbitsmap_ln0' <Predicate = true> <Delay = 0.00>
ST_1 : Operation 39 [1/1] (0.00ns)   --->   "%specinterface_ln0 = specinterface void @_ssdm_op_SpecInterface, i16 %stencilConfig_upper_limit_0, void @empty_17, i32 0, i32 0, void @empty_18, i32 0, i32 0, void @empty_19, void @empty_7, void @empty_18, i32 0, i32 0, i32 0, i32 0, void @empty_18, void @empty_18, i32 4294967295, i32 0"   --->   Operation 39 'specinterface' 'specinterface_ln0' <Predicate = true> <Delay = 0.00>
ST_1 : Operation 40 [1/1] (0.00ns)   --->   "%specinterface_ln0 = specinterface void @_ssdm_op_SpecInterface, i16 %stencilConfig_upper_limit_0, void @empty_25, i32 0, i32 0, void @empty_18, i32 0, i32 0, void @empty_18, void @empty_18, void @empty_18, i32 0, i32 0, i32 0, i32 0, void @empty_18, void @empty_18, i32 4294967295, i32 0"   --->   Operation 40 'specinterface' 'specinterface_ln0' <Predicate = true> <Delay = 0.00>
ST_1 : Operation 41 [1/1] (0.00ns)   --->   "%specbitsmap_ln0 = specbitsmap void @_ssdm_op_SpecBitsMap, i16 %stencilConfig_upper_limit_1"   --->   Operation 41 'specbitsmap' 'specbitsmap_ln0' <Predicate = true> <Delay = 0.00>
ST_1 : Operation 42 [1/1] (0.00ns)   --->   "%specinterface_ln0 = specinterface void @_ssdm_op_SpecInterface, i16 %stencilConfig_upper_limit_1, void @empty_17, i32 0, i32 0, void @empty_18, i32 0, i32 0, void @empty_19, void @empty_6, void @empty_18, i32 0, i32 0, i32 0, i32 0, void @empty_18, void @empty_18, i32 4294967295, i32 0"   --->   Operation 42 'specinterface' 'specinterface_ln0' <Predicate = true> <Delay = 0.00>
ST_1 : Operation 43 [1/1] (0.00ns)   --->   "%specinterface_ln0 = specinterface void @_ssdm_op_SpecInterface, i16 %stencilConfig_upper_limit_1, void @empty_25, i32 0, i32 0, void @empty_18, i32 0, i32 0, void @empty_18, void @empty_18, void @empty_18, i32 0, i32 0, i32 0, i32 0, void @empty_18, void @empty_18, i32 4294967295, i32 0"   --->   Operation 43 'specinterface' 'specinterface_ln0' <Predicate = true> <Delay = 0.00>
ST_1 : Operation 44 [1/1] (0.00ns)   --->   "%specbitsmap_ln0 = specbitsmap void @_ssdm_op_SpecBitsMap, i16 %stencilConfig_upper_limit_2"   --->   Operation 44 'specbitsmap' 'specbitsmap_ln0' <Predicate = true> <Delay = 0.00>
ST_1 : Operation 45 [1/1] (0.00ns)   --->   "%specinterface_ln0 = specinterface void @_ssdm_op_SpecInterface, i16 %stencilConfig_upper_limit_2, void @empty_17, i32 0, i32 0, void @empty_18, i32 0, i32 0, void @empty_19, void @empty_5, void @empty_18, i32 0, i32 0, i32 0, i32 0, void @empty_18, void @empty_18, i32 4294967295, i32 0"   --->   Operation 45 'specinterface' 'specinterface_ln0' <Predicate = true> <Delay = 0.00>
ST_1 : Operation 46 [1/1] (0.00ns)   --->   "%specinterface_ln0 = specinterface void @_ssdm_op_SpecInterface, i16 %stencilConfig_upper_limit_2, void @empty_25, i32 0, i32 0, void @empty_18, i32 0, i32 0, void @empty_18, void @empty_18, void @empty_18, i32 0, i32 0, i32 0, i32 0, void @empty_18, void @empty_18, i32 4294967295, i32 0"   --->   Operation 46 'specinterface' 'specinterface_ln0' <Predicate = true> <Delay = 0.00>
ST_1 : Operation 47 [1/1] (0.00ns)   --->   "%specbitsmap_ln0 = specbitsmap void @_ssdm_op_SpecBitsMap, i16 %stencilConfig_outer_loop_limit"   --->   Operation 47 'specbitsmap' 'specbitsmap_ln0' <Predicate = true> <Delay = 0.00>
ST_1 : Operation 48 [1/1] (0.00ns)   --->   "%specinterface_ln0 = specinterface void @_ssdm_op_SpecInterface, i16 %stencilConfig_outer_loop_limit, void @empty_17, i32 0, i32 0, void @empty_18, i32 0, i32 0, void @empty_19, void @empty_22, void @empty_18, i32 0, i32 0, i32 0, i32 0, void @empty_18, void @empty_18, i32 4294967295, i32 0"   --->   Operation 48 'specinterface' 'specinterface_ln0' <Predicate = true> <Delay = 0.00>
ST_1 : Operation 49 [1/1] (0.00ns)   --->   "%specinterface_ln0 = specinterface void @_ssdm_op_SpecInterface, i16 %stencilConfig_outer_loop_limit, void @empty_25, i32 0, i32 0, void @empty_18, i32 0, i32 0, void @empty_18, void @empty_18, void @empty_18, i32 0, i32 0, i32 0, i32 0, void @empty_18, void @empty_18, i32 4294967295, i32 0"   --->   Operation 49 'specinterface' 'specinterface_ln0' <Predicate = true> <Delay = 0.00>
ST_1 : Operation 50 [1/1] (0.00ns)   --->   "%specinterface_ln0 = specinterface void @_ssdm_op_SpecInterface, i256 %arg0_axis_in_V_data_V, i32 %arg0_axis_in_V_keep_V, i32 %arg0_axis_in_V_strb_V, i1 %arg0_axis_in_V_last_V, void @empty_3, i32 1, i32 1, void @empty_21, i32 0, i32 0, void @empty_18, void @empty_18, void @empty_18, i32 0, i32 0, i32 0, i32 0, void @empty_18, void @empty_18, i32 4294967295, i32 0"   --->   Operation 50 'specinterface' 'specinterface_ln0' <Predicate = true> <Delay = 0.00>
ST_1 : Operation 51 [1/1] (0.00ns)   --->   "%specbitsmap_ln0 = specbitsmap void @_ssdm_op_SpecBitsMap, i256 %arg0_axis_in_V_data_V"   --->   Operation 51 'specbitsmap' 'specbitsmap_ln0' <Predicate = true> <Delay = 0.00>
ST_1 : Operation 52 [1/1] (0.00ns)   --->   "%specbitsmap_ln0 = specbitsmap void @_ssdm_op_SpecBitsMap, i32 %arg0_axis_in_V_keep_V"   --->   Operation 52 'specbitsmap' 'specbitsmap_ln0' <Predicate = true> <Delay = 0.00>
ST_1 : Operation 53 [1/1] (0.00ns)   --->   "%specbitsmap_ln0 = specbitsmap void @_ssdm_op_SpecBitsMap, i32 %arg0_axis_in_V_strb_V"   --->   Operation 53 'specbitsmap' 'specbitsmap_ln0' <Predicate = true> <Delay = 0.00>
ST_1 : Operation 54 [1/1] (0.00ns)   --->   "%specbitsmap_ln0 = specbitsmap void @_ssdm_op_SpecBitsMap, i1 %arg0_axis_in_V_last_V"   --->   Operation 54 'specbitsmap' 'specbitsmap_ln0' <Predicate = true> <Delay = 0.00>
ST_1 : Operation 55 [1/1] (0.00ns)   --->   "%specinterface_ln0 = specinterface void @_ssdm_op_SpecInterface, i256 %arg1_axis_out_V_data_V, i32 %arg1_axis_out_V_keep_V, i32 %arg1_axis_out_V_strb_V, i1 %arg1_axis_out_V_last_V, void @empty_3, i32 1, i32 1, void @empty_21, i32 0, i32 0, void @empty_18, void @empty_18, void @empty_18, i32 0, i32 0, i32 0, i32 0, void @empty_18, void @empty_18, i32 4294967295, i32 0"   --->   Operation 55 'specinterface' 'specinterface_ln0' <Predicate = true> <Delay = 0.00>
ST_1 : Operation 56 [1/1] (0.00ns)   --->   "%specbitsmap_ln0 = specbitsmap void @_ssdm_op_SpecBitsMap, i256 %arg1_axis_out_V_data_V"   --->   Operation 56 'specbitsmap' 'specbitsmap_ln0' <Predicate = true> <Delay = 0.00>
ST_1 : Operation 57 [1/1] (0.00ns)   --->   "%specbitsmap_ln0 = specbitsmap void @_ssdm_op_SpecBitsMap, i32 %arg1_axis_out_V_keep_V"   --->   Operation 57 'specbitsmap' 'specbitsmap_ln0' <Predicate = true> <Delay = 0.00>
ST_1 : Operation 58 [1/1] (0.00ns)   --->   "%specbitsmap_ln0 = specbitsmap void @_ssdm_op_SpecBitsMap, i32 %arg1_axis_out_V_strb_V"   --->   Operation 58 'specbitsmap' 'specbitsmap_ln0' <Predicate = true> <Delay = 0.00>
ST_1 : Operation 59 [1/1] (0.00ns)   --->   "%specbitsmap_ln0 = specbitsmap void @_ssdm_op_SpecBitsMap, i1 %arg1_axis_out_V_last_V"   --->   Operation 59 'specbitsmap' 'specbitsmap_ln0' <Predicate = true> <Delay = 0.00>
ST_1 : Operation 60 [1/1] (0.00ns)   --->   "%specinterface_ln0 = specinterface void @_ssdm_op_SpecInterface, i32 0, void @empty_17, i32 0, i32 0, void @empty_18, i32 0, i32 0, void @empty_19, void @empty_18, void @empty_18, i32 0, i32 0, i32 0, i32 0, void @empty_18, void @empty_18, i32 4294967295, i32 0"   --->   Operation 60 'specinterface' 'specinterface_ln0' <Predicate = true> <Delay = 0.00>
ST_1 : Operation 61 [1/1] (1.00ns)   --->   "%stencilConfig_outer_loop_limit_read = read i16 @_ssdm_op_Read.ap_none.i16, i16 %stencilConfig_outer_loop_limit" [/home/x_thileeb/repos/ops-hls-pact25-artifact/codegen_apps/jacobian3d/vck5000_project/hls/device/src/kernel_outerloop_0.cpp:54]   --->   Operation 61 'read' 'stencilConfig_outer_loop_limit_read' <Predicate = true> <Delay = 1.00> <CoreInst = "s_axilite">   --->   Core 126 's_axilite' <Latency = 0> <II = 1> <Delay = 1.00> <Adapter> <Opcode : 'read' 'write'>
ST_1 : Operation 62 [1/1] (1.00ns)   --->   "%stencilConfig_upper_limit_2_read = read i16 @_ssdm_op_Read.ap_none.i16, i16 %stencilConfig_upper_limit_2" [/home/x_thileeb/repos/ops-hls-pact25-artifact/codegen_apps/jacobian3d/vck5000_project/hls/device/src/kernel_outerloop_0.cpp:54]   --->   Operation 62 'read' 'stencilConfig_upper_limit_2_read' <Predicate = true> <Delay = 1.00> <CoreInst = "s_axilite">   --->   Core 126 's_axilite' <Latency = 0> <II = 1> <Delay = 1.00> <Adapter> <Opcode : 'read' 'write'>
ST_1 : Operation 63 [1/1] (1.00ns)   --->   "%stencilConfig_upper_limit_1_read = read i16 @_ssdm_op_Read.ap_none.i16, i16 %stencilConfig_upper_limit_1" [/home/x_thileeb/repos/ops-hls-pact25-artifact/codegen_apps/jacobian3d/vck5000_project/hls/device/src/kernel_outerloop_0.cpp:54]   --->   Operation 63 'read' 'stencilConfig_upper_limit_1_read' <Predicate = true> <Delay = 1.00> <CoreInst = "s_axilite">   --->   Core 126 's_axilite' <Latency = 0> <II = 1> <Delay = 1.00> <Adapter> <Opcode : 'read' 'write'>
ST_1 : Operation 64 [1/1] (1.00ns)   --->   "%stencilConfig_upper_limit_0_read = read i16 @_ssdm_op_Read.ap_none.i16, i16 %stencilConfig_upper_limit_0" [/home/x_thileeb/repos/ops-hls-pact25-artifact/codegen_apps/jacobian3d/vck5000_project/hls/device/src/kernel_outerloop_0.cpp:54]   --->   Operation 64 'read' 'stencilConfig_upper_limit_0_read' <Predicate = true> <Delay = 1.00> <CoreInst = "s_axilite">   --->   Core 126 's_axilite' <Latency = 0> <II = 1> <Delay = 1.00> <Adapter> <Opcode : 'read' 'write'>
ST_1 : Operation 65 [1/1] (1.00ns)   --->   "%stencilConfig_lower_limit_2_read = read i16 @_ssdm_op_Read.ap_none.i16, i16 %stencilConfig_lower_limit_2" [/home/x_thileeb/repos/ops-hls-pact25-artifact/codegen_apps/jacobian3d/vck5000_project/hls/device/src/kernel_outerloop_0.cpp:54]   --->   Operation 65 'read' 'stencilConfig_lower_limit_2_read' <Predicate = true> <Delay = 1.00> <CoreInst = "s_axilite">   --->   Core 126 's_axilite' <Latency = 0> <II = 1> <Delay = 1.00> <Adapter> <Opcode : 'read' 'write'>
ST_1 : Operation 66 [1/1] (1.00ns)   --->   "%stencilConfig_lower_limit_1_read = read i16 @_ssdm_op_Read.ap_none.i16, i16 %stencilConfig_lower_limit_1" [/home/x_thileeb/repos/ops-hls-pact25-artifact/codegen_apps/jacobian3d/vck5000_project/hls/device/src/kernel_outerloop_0.cpp:54]   --->   Operation 66 'read' 'stencilConfig_lower_limit_1_read' <Predicate = true> <Delay = 1.00> <CoreInst = "s_axilite">   --->   Core 126 's_axilite' <Latency = 0> <II = 1> <Delay = 1.00> <Adapter> <Opcode : 'read' 'write'>
ST_1 : Operation 67 [1/1] (1.00ns)   --->   "%stencilConfig_lower_limit_0_read = read i16 @_ssdm_op_Read.ap_none.i16, i16 %stencilConfig_lower_limit_0" [/home/x_thileeb/repos/ops-hls-pact25-artifact/codegen_apps/jacobian3d/vck5000_project/hls/device/src/kernel_outerloop_0.cpp:54]   --->   Operation 67 'read' 'stencilConfig_lower_limit_0_read' <Predicate = true> <Delay = 1.00> <CoreInst = "s_axilite">   --->   Core 126 's_axilite' <Latency = 0> <II = 1> <Delay = 1.00> <Adapter> <Opcode : 'read' 'write'>
ST_1 : Operation 68 [1/1] (1.00ns)   --->   "%stencilConfig_total_itr_read = read i32 @_ssdm_op_Read.ap_none.i32, i32 %stencilConfig_total_itr" [/home/x_thileeb/repos/ops-hls-pact25-artifact/codegen_apps/jacobian3d/vck5000_project/hls/device/src/kernel_outerloop_0.cpp:54]   --->   Operation 68 'read' 'stencilConfig_total_itr_read' <Predicate = true> <Delay = 1.00> <CoreInst = "s_axilite">   --->   Core 126 's_axilite' <Latency = 0> <II = 1> <Delay = 1.00> <Adapter> <Opcode : 'read' 'write'>
ST_1 : Operation 69 [1/1] (1.00ns)   --->   "%stencilConfig_grid_size_2_read = read i16 @_ssdm_op_Read.ap_none.i16, i16 %stencilConfig_grid_size_2" [/home/x_thileeb/repos/ops-hls-pact25-artifact/codegen_apps/jacobian3d/vck5000_project/hls/device/src/kernel_outerloop_0.cpp:54]   --->   Operation 69 'read' 'stencilConfig_grid_size_2_read' <Predicate = true> <Delay = 1.00> <CoreInst = "s_axilite">   --->   Core 126 's_axilite' <Latency = 0> <II = 1> <Delay = 1.00> <Adapter> <Opcode : 'read' 'write'>
ST_1 : Operation 70 [1/1] (1.00ns)   --->   "%stencilConfig_grid_size_1_read = read i16 @_ssdm_op_Read.ap_none.i16, i16 %stencilConfig_grid_size_1" [/home/x_thileeb/repos/ops-hls-pact25-artifact/codegen_apps/jacobian3d/vck5000_project/hls/device/src/kernel_outerloop_0.cpp:54]   --->   Operation 70 'read' 'stencilConfig_grid_size_1_read' <Predicate = true> <Delay = 1.00> <CoreInst = "s_axilite">   --->   Core 126 's_axilite' <Latency = 0> <II = 1> <Delay = 1.00> <Adapter> <Opcode : 'read' 'write'>
ST_1 : Operation 71 [1/1] (1.00ns)   --->   "%stencilConfig_grid_size_0_read = read i16 @_ssdm_op_Read.ap_none.i16, i16 %stencilConfig_grid_size_0" [/home/x_thileeb/repos/ops-hls-pact25-artifact/codegen_apps/jacobian3d/vck5000_project/hls/device/src/kernel_outerloop_0.cpp:54]   --->   Operation 71 'read' 'stencilConfig_grid_size_0_read' <Predicate = true> <Delay = 1.00> <CoreInst = "s_axilite">   --->   Core 126 's_axilite' <Latency = 0> <II = 1> <Delay = 1.00> <Adapter> <Opcode : 'read' 'write'>
ST_1 : Operation 72 [1/1] (1.00ns)   --->   "%outer_itr_read = read i32 @_ssdm_op_Read.ap_none.i32, i32 %outer_itr" [/home/x_thileeb/repos/ops-hls-pact25-artifact/codegen_apps/jacobian3d/vck5000_project/hls/device/src/kernel_outerloop_0.cpp:54]   --->   Operation 72 'read' 'outer_itr_read' <Predicate = true> <Delay = 1.00> <CoreInst = "s_axilite">   --->   Core 126 's_axilite' <Latency = 0> <II = 1> <Delay = 1.00> <Adapter> <Opcode : 'read' 'write'>
ST_1 : Operation 73 [1/1] (0.00ns)   --->   "%total_bytes = shl i32 %stencilConfig_total_itr_read, i32 5" [/home/x_thileeb/repos/ops-hls-pact25-artifact/codegen_apps/jacobian3d/vck5000_project/hls/device/src/kernel_outerloop_0.cpp:114]   --->   Operation 73 'shl' 'total_bytes' <Predicate = true> <Delay = 0.00>
ST_1 : Operation 74 [1/1] (0.46ns)   --->   "%store_ln120 = store i32 0, i32 %i" [/home/x_thileeb/repos/ops-hls-pact25-artifact/codegen_apps/jacobian3d/vck5000_project/hls/device/src/kernel_outerloop_0.cpp:120]   --->   Operation 74 'store' 'store_ln120' <Predicate = true> <Delay = 0.46>
ST_1 : Operation 75 [1/1] (0.00ns)   --->   "%br_ln120 = br void %for.inc" [/home/x_thileeb/repos/ops-hls-pact25-artifact/codegen_apps/jacobian3d/vck5000_project/hls/device/src/kernel_outerloop_0.cpp:120]   --->   Operation 75 'br' 'br_ln120' <Predicate = true> <Delay = 0.00>

State 2 <SV = 1> <Delay = 1.59>
ST_2 : Operation 76 [1/1] (0.00ns)   --->   "%i_3 = load i32 %i" [/home/x_thileeb/repos/ops-hls-pact25-artifact/codegen_apps/jacobian3d/vck5000_project/hls/device/src/kernel_outerloop_0.cpp:120]   --->   Operation 76 'load' 'i_3' <Predicate = true> <Delay = 0.00>
ST_2 : Operation 77 [1/1] (0.89ns)   --->   "%i_4 = add i32 %i_3, i32 1" [/home/x_thileeb/repos/ops-hls-pact25-artifact/codegen_apps/jacobian3d/vck5000_project/hls/device/src/kernel_outerloop_0.cpp:120]   --->   Operation 77 'add' 'i_4' <Predicate = true> <Delay = 0.89> <CoreInst = "Adder">   --->   Core 1 'Adder' <Latency = 0> <II = 1> <Delay = 0.89> <FuncUnit> <Opcode : 'add' 'sub'> <InPorts = 2> <OutPorts = 1>
ST_2 : Operation 78 [1/1] (0.70ns)   --->   "%icmp_ln120 = icmp_eq  i32 %i_3, i32 %outer_itr_read" [/home/x_thileeb/repos/ops-hls-pact25-artifact/codegen_apps/jacobian3d/vck5000_project/hls/device/src/kernel_outerloop_0.cpp:120]   --->   Operation 78 'icmp' 'icmp_ln120' <Predicate = true> <Delay = 0.70> <CoreInst = "Cmp">   --->   Core 9 'Cmp' <Latency = 0> <II = 1> <Delay = 0.70> <FuncUnit> <Opcode : 'icmp'> <InPorts = 2> <OutPorts = 1>
ST_2 : Operation 79 [1/1] (0.00ns)   --->   "%br_ln120 = br i1 %icmp_ln120, void %for.inc.split, void %for.end.loopexit" [/home/x_thileeb/repos/ops-hls-pact25-artifact/codegen_apps/jacobian3d/vck5000_project/hls/device/src/kernel_outerloop_0.cpp:120]   --->   Operation 79 'br' 'br_ln120' <Predicate = true> <Delay = 0.00>
ST_2 : Operation 80 [2/2] (0.89ns)   --->   "%call_ln122 = call void @kernel_outerloop_0_dataflow_region, i16 %stencilConfig_grid_size_0_read, i16 %stencilConfig_grid_size_1_read, i16 %stencilConfig_grid_size_2_read, i16 %stencilConfig_lower_limit_0_read, i16 %stencilConfig_lower_limit_1_read, i16 %stencilConfig_lower_limit_2_read, i16 %stencilConfig_upper_limit_0_read, i16 %stencilConfig_upper_limit_1_read, i16 %stencilConfig_upper_limit_2_read, i16 %stencilConfig_outer_loop_limit_read, i32 %total_bytes, i256 %arg0_axis_in_V_data_V, i32 %arg0_axis_in_V_keep_V, i32 %arg0_axis_in_V_strb_V, i1 %arg0_axis_in_V_last_V, i256 %arg1_axis_out_V_data_V, i32 %arg1_axis_out_V_keep_V, i32 %arg1_axis_out_V_strb_V, i1 %arg1_axis_out_V_last_V" [/home/x_thileeb/repos/ops-hls-pact25-artifact/codegen_apps/jacobian3d/vck5000_project/hls/device/src/kernel_outerloop_0.cpp:122]   --->   Operation 80 'call' 'call_ln122' <Predicate = (!icmp_ln120)> <Delay = 0.89> <CoreType = "Generic">   --->   Core 0 '' <Latency = 0> <II = 1> <Delay = 1.00> <Generic> <Opcode : >
ST_2 : Operation 81 [1/1] (0.46ns)   --->   "%store_ln120 = store i32 %i_4, i32 %i" [/home/x_thileeb/repos/ops-hls-pact25-artifact/codegen_apps/jacobian3d/vck5000_project/hls/device/src/kernel_outerloop_0.cpp:120]   --->   Operation 81 'store' 'store_ln120' <Predicate = (!icmp_ln120)> <Delay = 0.46>

State 3 <SV = 2> <Delay = 0.00>
ST_3 : Operation 82 [1/1] (0.00ns)   --->   "%specloopname_ln120 = specloopname void @_ssdm_op_SpecLoopName, void @empty" [/home/x_thileeb/repos/ops-hls-pact25-artifact/codegen_apps/jacobian3d/vck5000_project/hls/device/src/kernel_outerloop_0.cpp:120]   --->   Operation 82 'specloopname' 'specloopname_ln120' <Predicate = true> <Delay = 0.00>
ST_3 : Operation 83 [1/2] (0.00ns)   --->   "%call_ln122 = call void @kernel_outerloop_0_dataflow_region, i16 %stencilConfig_grid_size_0_read, i16 %stencilConfig_grid_size_1_read, i16 %stencilConfig_grid_size_2_read, i16 %stencilConfig_lower_limit_0_read, i16 %stencilConfig_lower_limit_1_read, i16 %stencilConfig_lower_limit_2_read, i16 %stencilConfig_upper_limit_0_read, i16 %stencilConfig_upper_limit_1_read, i16 %stencilConfig_upper_limit_2_read, i16 %stencilConfig_outer_loop_limit_read, i32 %total_bytes, i256 %arg0_axis_in_V_data_V, i32 %arg0_axis_in_V_keep_V, i32 %arg0_axis_in_V_strb_V, i1 %arg0_axis_in_V_last_V, i256 %arg1_axis_out_V_data_V, i32 %arg1_axis_out_V_keep_V, i32 %arg1_axis_out_V_strb_V, i1 %arg1_axis_out_V_last_V" [/home/x_thileeb/repos/ops-hls-pact25-artifact/codegen_apps/jacobian3d/vck5000_project/hls/device/src/kernel_outerloop_0.cpp:122]   --->   Operation 83 'call' 'call_ln122' <Predicate = true> <Delay = 0.00> <CoreType = "Generic">   --->   Core 0 '' <Latency = 0> <II = 1> <Delay = 1.00> <Generic> <Opcode : >
ST_3 : Operation 84 [1/1] (0.00ns)   --->   "%br_ln120 = br void %for.inc" [/home/x_thileeb/repos/ops-hls-pact25-artifact/codegen_apps/jacobian3d/vck5000_project/hls/device/src/kernel_outerloop_0.cpp:120]   --->   Operation 84 'br' 'br_ln120' <Predicate = true> <Delay = 0.00>

State 4 <SV = 3> <Delay = 0.00>
ST_4 : Operation 85 [1/1] (0.00ns)   --->   "%ret_ln128 = ret" [/home/x_thileeb/repos/ops-hls-pact25-artifact/codegen_apps/jacobian3d/vck5000_project/hls/device/src/kernel_outerloop_0.cpp:128]   --->   Operation 85 'ret' 'ret_ln128' <Predicate = true> <Delay = 0.00>


============================================================
+ Verbose Summary: Timing violations
============================================================
Target clock period: 3.33ns, clock uncertainty: 0.9ns.

 <State 1>: 1ns
The critical path consists of the following:
	wire read operation ('stencilConfig_outer_loop_limit_read', /home/x_thileeb/repos/ops-hls-pact25-artifact/codegen_apps/jacobian3d/vck5000_project/hls/device/src/kernel_outerloop_0.cpp:54) on port 'stencilConfig_outer_loop_limit' (/home/x_thileeb/repos/ops-hls-pact25-artifact/codegen_apps/jacobian3d/vck5000_project/hls/device/src/kernel_outerloop_0.cpp:54) [79]  (1 ns)

 <State 2>: 1.6ns
The critical path consists of the following:
	'load' operation ('i', /home/x_thileeb/repos/ops-hls-pact25-artifact/codegen_apps/jacobian3d/vck5000_project/hls/device/src/kernel_outerloop_0.cpp:120) on local variable 'i' [95]  (0 ns)
	'add' operation ('i', /home/x_thileeb/repos/ops-hls-pact25-artifact/codegen_apps/jacobian3d/vck5000_project/hls/device/src/kernel_outerloop_0.cpp:120) [96]  (0.893 ns)
	'store' operation ('store_ln120', /home/x_thileeb/repos/ops-hls-pact25-artifact/codegen_apps/jacobian3d/vck5000_project/hls/device/src/kernel_outerloop_0.cpp:120) of variable 'i', /home/x_thileeb/repos/ops-hls-pact25-artifact/codegen_apps/jacobian3d/vck5000_project/hls/device/src/kernel_outerloop_0.cpp:120 on local variable 'i' [102]  (0.468 ns)
	blocking operation 0.237 ns on control path)

 <State 3>: 0ns
The critical path consists of the following:

 <State 4>: 0ns
The critical path consists of the following:


============================================================
+ Verbose Summary: Binding
============================================================
N/A
* FSMD analyzer results:
  - Output states:
 - Input state : 
  - Chain level:
	State 1
	State 2
	State 3
	State 4


============================================================
+ Verbose Summary: Datapath Resource usage 
============================================================
N/A
