

================================================================
== Vitis HLS Report for 'kernel_outerloop_0'
================================================================
* Date:           Sun Jul 26 01:26:53 2026

* Version:        2022.1 (Build 3526262 on Mon Apr 18 15:47:01 MDT 2022)
* Project:        kernel_outerloop_0
* Solution:       solution (Vitis Kernel Flow Target)
* Product family: versal
* Target device:  xcvc1902-vsvd1760-2MP-e-S


================================================================
== Performance Estimates
================================================================
+ Timing: 
    * Summary: 
    +--------+---------+----------+------------+
    |  Clock |  Target | Estimated| Uncertainty|
    +--------+---------+----------+------------+
    |ap_clk  |  3.33 ns|  2.301 ns|     0.90 ns|
    +--------+---------+----------+------------+

+ Latency: 
    * Summary: 
    +---------+---------+----------+----------+-----+-----+---------+
    |  Latency (cycles) |  Latency (absolute) |  Interval | Pipeline|
    |   min   |   max   |    min   |    max   | min | max |   Type  |
    +---------+---------+----------+----------+-----+-----+---------+
    |        ?|        ?|         ?|         ?|    ?|    ?|       no|
    +---------+---------+----------+----------+-----+-----+---------+

    + Detail: 
        * Instance: 
        +-----------------------------------------------+------------------------------------+---------+---------+----------+----------+-----+-----+----------+
        |                                               |                                    |  Latency (cycles) |  Latency (absolute) |  Interval | Pipeline |
        |                    Instance                   |               Module               |   min   |   max   |    min   |    max   | min | max |   Type   |
        +-----------------------------------------------+------------------------------------+---------+---------+----------+----------+-----+-----+----------+
        |grp_kernel_outerloop_0_dataflow_region_fu_188  |kernel_outerloop_0_dataflow_region  |        ?|        ?|         ?|         ?|    ?|    ?|  dataflow|
        +-----------------------------------------------+------------------------------------+---------+---------+----------+----------+-----+-----+----------+

        * Loop: 
        +--------------------+---------+---------+----------+-----------+-----------+------+----------+
        |                    |  Latency (cycles) | Iteration|  Initiation Interval  | Trip |          |
        |      Loop Name     |   min   |   max   |  Latency |  achieved |   target  | Count| Pipelined|
        +--------------------+---------+---------+----------+-----------+-----------+------+----------+
        |- VITIS_LOOP_120_1  |        ?|        ?|         ?|          -|          -|     ?|        no|
        +--------------------+---------+---------+----------+-----------+-----------+------+----------+



================================================================
== Utilization Estimates
================================================================
* Summary: 
+-----------------+---------+------+---------+--------+-----+
|       Name      | BRAM_18K|  DSP |    FF   |   LUT  | URAM|
+-----------------+---------+------+---------+--------+-----+
|DSP              |        -|     -|        -|       -|    -|
|Expression       |        -|     -|        0|      56|    -|
|FIFO             |        -|     -|        -|       -|    -|
|Instance         |      224|  1092|   229638|   68485|  224|
|Memory           |        -|     -|        -|       -|    -|
|Multiplexer      |        -|     -|        -|      42|    -|
|Register         |        -|     -|       70|       -|    -|
+-----------------+---------+------+---------+--------+-----+
|Total            |      224|  1092|   229708|   68583|  224|
+-----------------+---------+------+---------+--------+-----+
|Available        |     1934|  1968|  1799680|  899840|  463|
+-----------------+---------+------+---------+--------+-----+
|Utilization (%)  |       11|    55|       12|       7|   48|
+-----------------+---------+------+---------+--------+-----+

+ Detail: 
    * Instance: 
    +-----------------------------------------------+------------------------------------+---------+------+--------+-------+-----+
    |                    Instance                   |               Module               | BRAM_18K|  DSP |   FF   |  LUT  | URAM|
    +-----------------------------------------------+------------------------------------+---------+------+--------+-------+-----+
    |control_s_axi_U                                |control_s_axi                       |        0|     0|     376|    552|    0|
    |grp_kernel_outerloop_0_dataflow_region_fu_188  |kernel_outerloop_0_dataflow_region  |      224|  1092|  229262|  67933|  224|
    +-----------------------------------------------+------------------------------------+---------+------+--------+-------+-----+
    |Total                                          |                                    |      224|  1092|  229638|  68485|  224|
    +-----------------------------------------------+------------------------------------+---------+------+--------+-------+-----+

    * DSP: 
    N/A

    * Memory: 
    N/A

    * FIFO: 
    N/A

    * Expression: 
    +--------------------------------------------------------------------+----------+----+---+----+------------+------------+
    |                            Variable Name                           | Operation| DSP| FF| LUT| Bitwidth P0| Bitwidth P1|
    +--------------------------------------------------------------------+----------+----+---+----+------------+------------+
    |i_4_fu_233_p2                                                       |         +|   0|  0|  32|          32|           1|
    |grp_kernel_outerloop_0_dataflow_region_fu_188_arg1_axis_out_TREADY  |       and|   0|  0|   2|           1|           1|
    |icmp_ln120_fu_239_p2                                                |      icmp|   0|  0|  16|          32|          32|
    |ap_block_state1                                                     |        or|   0|  0|   2|           1|           1|
    |ap_sync_grp_kernel_outerloop_0_dataflow_region_fu_188_ap_done       |        or|   0|  0|   2|           1|           1|
    |ap_sync_grp_kernel_outerloop_0_dataflow_region_fu_188_ap_ready      |        or|   0|  0|   2|           1|           1|
    +--------------------------------------------------------------------+----------+----+---+----+------------+------------+
    |Total                                                               |          |   0|  0|  56|          68|          37|
    +--------------------------------------------------------------------+----------+----+---+----+------------+------------+

    * Multiplexer: 
    +----------------------------------+----+-----------+-----+-----------+
    |               Name               | LUT| Input Size| Bits| Total Bits|
    +----------------------------------+----+-----------+-----+-----------+
    |ap_NS_fsm                         |   6|          5|    1|          5|
    |ap_done                           |   2|          2|    1|          2|
    |arg0_axis_in_TREADY_int_regslice  |   2|          2|    1|          2|
    |i_fu_112                          |  32|          2|   32|         64|
    +----------------------------------+----+-----------+-----+-----------+
    |Total                             |  42|         11|   35|         73|
    +----------------------------------+----+-----------+-----+-----------+

    * Register: 
    +--------------------------------------------------------------------+----+----+-----+-----------+
    |                                Name                                | FF | LUT| Bits| Const Bits|
    +--------------------------------------------------------------------+----+----+-----+-----------+
    |ap_CS_fsm                                                           |   4|   0|    4|          0|
    |ap_done_reg                                                         |   1|   0|    1|          0|
    |ap_rst_n_inv                                                        |   1|   0|    1|          0|
    |ap_rst_reg_1                                                        |   1|   0|    1|          0|
    |ap_rst_reg_2                                                        |   1|   0|    1|          0|
    |ap_sync_reg_grp_kernel_outerloop_0_dataflow_region_fu_188_ap_done   |   1|   0|    1|          0|
    |ap_sync_reg_grp_kernel_outerloop_0_dataflow_region_fu_188_ap_ready  |   1|   0|    1|          0|
    |grp_kernel_outerloop_0_dataflow_region_fu_188_ap_start_reg          |   1|   0|    1|          0|
    |i_fu_112                                                            |  32|   0|   32|          0|
    |total_bytes_reg_311                                                 |  27|   0|   32|          5|
    +--------------------------------------------------------------------+----+----+-----+-----------+
    |Total                                                               |  70|   0|   75|          5|
    +--------------------------------------------------------------------+----+----+-----+-----------+



================================================================
== Interface
================================================================
* Summary: 
+-----------------------+-----+-----+---------------+------------------------+--------------+
|       RTL Ports       | Dir | Bits|    Protocol   |      Source Object     |    C Type    |
+-----------------------+-----+-----+---------------+------------------------+--------------+
|s_axi_control_AWVALID  |   in|    1|          s_axi|                 control|        scalar|
|s_axi_control_AWREADY  |  out|    1|          s_axi|                 control|        scalar|
|s_axi_control_AWADDR   |   in|    7|          s_axi|                 control|        scalar|
|s_axi_control_WVALID   |   in|    1|          s_axi|                 control|        scalar|
|s_axi_control_WREADY   |  out|    1|          s_axi|                 control|        scalar|
|s_axi_control_WDATA    |   in|   32|          s_axi|                 control|        scalar|
|s_axi_control_WSTRB    |   in|    4|          s_axi|                 control|        scalar|
|s_axi_control_ARVALID  |   in|    1|          s_axi|                 control|        scalar|
|s_axi_control_ARREADY  |  out|    1|          s_axi|                 control|        scalar|
|s_axi_control_ARADDR   |   in|    7|          s_axi|                 control|        scalar|
|s_axi_control_RVALID   |  out|    1|          s_axi|                 control|        scalar|
|s_axi_control_RREADY   |   in|    1|          s_axi|                 control|        scalar|
|s_axi_control_RDATA    |  out|   32|          s_axi|                 control|        scalar|
|s_axi_control_RRESP    |  out|    2|          s_axi|                 control|        scalar|
|s_axi_control_BVALID   |  out|    1|          s_axi|                 control|        scalar|
|s_axi_control_BREADY   |   in|    1|          s_axi|                 control|        scalar|
|s_axi_control_BRESP    |  out|    2|          s_axi|                 control|        scalar|
|ap_clk                 |   in|    1|  ap_ctrl_chain|      kernel_outerloop_0|  return value|
|ap_rst_n               |   in|    1|  ap_ctrl_chain|      kernel_outerloop_0|  return value|
|interrupt              |  out|    1|  ap_ctrl_chain|      kernel_outerloop_0|  return value|
|arg0_axis_in_TDATA     |   in|  256|           axis|   arg0_axis_in_V_data_V|       pointer|
|arg0_axis_in_TVALID    |   in|    1|           axis|   arg0_axis_in_V_last_V|       pointer|
|arg0_axis_in_TREADY    |  out|    1|           axis|   arg0_axis_in_V_last_V|       pointer|
|arg0_axis_in_TLAST     |   in|    1|           axis|   arg0_axis_in_V_last_V|       pointer|
|arg0_axis_in_TKEEP     |   in|   32|           axis|   arg0_axis_in_V_keep_V|       pointer|
|arg0_axis_in_TSTRB     |   in|   32|           axis|   arg0_axis_in_V_strb_V|       pointer|
|arg1_axis_out_TDATA    |  out|  256|           axis|  arg1_axis_out_V_data_V|       pointer|
|arg1_axis_out_TVALID   |  out|    1|           axis|  arg1_axis_out_V_last_V|       pointer|
|arg1_axis_out_TREADY   |   in|    1|           axis|  arg1_axis_out_V_last_V|       pointer|
|arg1_axis_out_TLAST    |  out|    1|           axis|  arg1_axis_out_V_last_V|       pointer|
|arg1_axis_out_TKEEP    |  out|   32|           axis|  arg1_axis_out_V_keep_V|       pointer|
|arg1_axis_out_TSTRB    |  out|   32|           axis|  arg1_axis_out_V_strb_V|       pointer|
+-----------------------+-----+-----+---------------+------------------------+--------------+

============================================================
+ Verbose Summary: Synthesis Manager
============================================================
InlineROM: 1
ExposeGlobal: 0
============================================================
+ Verbose Summary: CDFG Model
============================================================
IsTopModel: 1
ResetActiveHigh: 1
IsCombinational: 2
IsDatapathOnly: 2
HasWiredReturn: 1
HasMFsm: 0
HasVarLatency: 1
IsPipeline: 0
IsRtlPipelined: 0
IsInstanceOverlapped: 0
IsDontTouch: 0
HasImplIP: 0
IsGatedGlobalClock: 0


============================================================
+ Verbose Summary: Schedule
============================================================
* Number of FSM states : 4
* Pipeline : 0
* Dataflow Pipeline: 0

* FSM state transitions: 
1 --> 2 
2 --> 3 4 
3 --> 2 
4 --> 

* FSM state operations: 

State 1 <SV = 0> <Delay = 1.00>
ST_1 : Operation 5 [1/1] (0.00ns)   --->   "%i = alloca i32 1"   --->   Operation 5 'alloca' 'i' <Predicate = true> <Delay = 0.00>
ST_1 : Operation 6 [1/1] (0.00ns)   --->   "%spectopmodule_ln53 = spectopmodule void @_ssdm_op_SpecTopModule, void @empty_1" [/home/x_thileeb/repos/ops-hls-pact25-artifact/codegen_apps/jacobian3d/vck5000_project/hls/device/src/kernel_outerloop_0.cpp:53]   --->   Operation 6 'spectopmodule' 'spectopmodule_ln53' <Predicate = true> <Delay = 0.00>
ST_1 : Operation 7 [1/1] (0.00ns)   --->   "%specinterface_ln53 = specinterface void @_ssdm_op_SpecInterface, i32 0, void @empty_0, i32 0, i32 0, void @empty_18, i32 0, i32 0, void @empty_18, void @empty_18, void @empty_18, i32 0, i32 0, i32 0, i32 0, void @empty_18, void @empty_18, i32 4294967295, i32 0" [/home/x_thileeb/repos/ops-hls-pact25-artifact/codegen_apps/jacobian3d/vck5000_project/hls/device/src/kernel_outerloop_0.cpp:53]   --->   Operation 7 'specinterface' 'specinterface_ln53' <Predicate = true> <Delay = 0.00>
ST_1 : Operation 8 [1/1] (0.00ns)   --->   "%specbitsmap_ln0 = specbitsmap void @_ssdm_op_SpecBitsMap, i16 %slr_region"   --->   Operation 8 'specbitsmap' 'specbitsmap_ln0' <Predicate = true> <Delay = 0.00>
ST_1 : Operation 9 [1/1] (0.00ns)   --->   "%specinterface_ln0 = specinterface void @_ssdm_op_SpecInterface, i16 %slr_region, void @empty_17, i32 0, i32 0, void @empty_18, i32 0, i32 0, void @empty_19, void @empty_20, void @empty_18, i32 0, i32 0, i32 0, i32 0, void @empty_18, void @empty_18, i32 4294967295, i32 0"   --->   Operation 9 'specinterface' 'specinterface_ln0' <Predicate = true> <Delay = 0.00>
ST_1 : Operation 10 [1/1] (0.00ns)   --->   "%specinterface_ln0 = specinterface void @_ssdm_op_SpecInterface, i16 %slr_region, void @empty_25, i32 0, i32 0, void @empty_18, i32 0, i32 0, void @empty_18, void @empty_18, void @empty_18, i32 0, i32 0, i32 0, i32 0, void @empty_18, void @empty_18, i32 4294967295, i32 0"   --->   Operation 10 'specinterface' 'specinterface_ln0' <Predicate = true> <Delay = 0.00>
ST_1 : Operation 11 [1/1] (0.00ns)   --->   "%specbitsmap_ln0 = specbitsmap void @_ssdm_op_SpecBitsMap, i32 %outer_itr"   --->   Operation 11 'specbitsmap' 'specbitsmap_ln0' <Predicate = true> <Delay = 0.00>
ST_1 : Operation 12 [1/1] (0.00ns)   --->   "%specinterface_ln0 = specinterface void @_ssdm_op_SpecInterface, i32 %outer_itr, void @empty_17, i32 0, i32 0, void @empty_18, i32 0, i32 0, void @empty_19, void @empty_4, void @empty_18, i32 0, i32 0, i32 0, i32 0, void @empty_18, void @empty_18, i32 4294967295, i32 0"   --->   Operation 12 'specinterface' 'specinterface_ln0' <Predicate = true> <Delay = 0.00>
ST_1 : Operation 13 [1/1] (0.00ns)   --->   "%specinterface_ln0 = specinterface void @_ssdm_op_SpecInterface, i32 %outer_itr, void @empty_25, i32 0, i32 0, void @empty_18, i32 0, i32 0, void @empty_18, void @empty_18, void @empty_18, i32 0, i32 0, i32 0, i32 0, void @empty_18, void @empty_18, i32 4294967295, i32 0"   --->   Operation 13 'specinterface' 'specinterface_ln0' <Predicate = true> <Delay = 0.00>
ST_1 : Operation 14 [1/1] (0.00ns)   --->   "%specbitsmap_ln0 = specbitsmap void @_ssdm_op_SpecBitsMap, i16 %stencilConfig_grid_size_0"   --->   Operation 14 'specbitsmap' 'specbitsmap_ln0' <Predicate = true> <Delay = 0.00>
ST_1 : Operation 15 [1/1] (0.00ns)   --->   "%specinterface_ln0 = specinterface void @_ssdm_op_SpecInterface, i16 %stencilConfig_grid_size_0, void @empty_17, i32 0, i32 0, void @empty_18, i32 0, i32 0, void @empty_19, void @empty_23, void @empty_18, i32 0, i32 0, i32 0, i32 0, void @empty_18, void @empty_18, i32 4294967295, i32 0"   --->   Operation 15 'specinterface' 'specinterface_ln0' <Predicate = true> <Delay = 0.00>
ST_1 : Operation 16 [1/1] (0.00ns)   --->   "%specinterface_ln0 = specinterface void @_ssdm_op_SpecInterface, i16 %stencilConfig_grid_size_0, void @empty_25, i32 0, i32 0, void @empty_18, i32 0, i32 0, void @empty_18, void @empty_18, void @empty_18, i32 0, i32 0, i32 0, i32 0, void @empty_18, void @empty_18, i32 4294967295, i32 0"   --->   Operation 16 'specinterface' 'specinterface_ln0' <Predicate = true> <Delay = 0.00>
ST_1 : Operation 17 [1/1] (0.00ns)   --->   "%specbitsmap_ln0 = specbitsmap void @_ssdm_op_SpecBitsMap, i16 %stencilConfig_grid_size_1"   --->   Operation 17 'specbitsmap' 'specbitsmap_ln0' <Predicate = true> <Delay = 0.00>
ST_1 : Operation 18 [1/1] (0.00ns)   --->   "%specinterface_ln0 = specinterface void @_ssdm_op_SpecInterface, i16 %stencilConfig_grid_size_1, void @empty_17, i32 0, i32 0, void @empty_18, i32 0, i32 0, void @empty_19, void @empty_24, void @empty_18, i32 0, i32 0, i32 0, i32 0, void @empty_18, void @empty_18, i32 4294967295, i32 0"   --->   Operation 18 'specinterface' 'specinterface_ln0' <Predicate = true> <Delay = 0.00>
ST_1 : Operation 19 [1/1] (0.00ns)   --->   "%specinterface_ln0 = specinterface void @_ssdm_op_SpecInterface, i16 %stencilConfig_grid_size_1, void @empty_25, i32 0, i32 0, void @empty_18, i32 0, i32 0, void @empty_18, void @empty_18, void @empty_18, i32 0, i32 0, i32 0, i32 0, void @empty_18, void @empty_18, i32 4294967295, i32 0"   --->   Operation 19 'specinterface' 'specinterface_ln0' <Predicate = true> <Delay = 0.00>
ST_1 : Operation 20 [1/1] (0.00ns)   --->   "%specbitsmap_ln0 = specbitsmap void @_ssdm_op_SpecBitsMap, i16 %stencilConfig_grid_size_2"   --->   Operation 20 'specbitsmap' 'specbitsmap_ln0' <Predicate = true> <Delay = 0.00>
ST_1 : Operation 21 [1/1] (0.00ns)   --->   "%specinterface_ln0 = specinterface void @_ssdm_op_SpecInterface, i16 %stencilConfig_grid_size_2, void @empty_17, i32 0, i32 0, void @empty_18, i32 0, i32 0, void @empty_19, void @empty_12, void @empty_18, i32 0, i32 0, i32 0, i32 0, void @empty_18, void @empty_18, i32 4294967295, i32 0"   --->   Operation 21 'specinterface' 'specinterface_ln0' <Predicate = true> <Delay = 0.00>
ST_1 : Operation 22 [1/1] (0.00ns)   --->   "%specinterface_ln0 = specinterface void @_ssdm_op_SpecInterface, i16 %stencilConfig_grid_size_2, void @empty_25, i32 0, i32 0, void @empty_18, i32 0, i32 0, void @empty_18, void @empty_18, void @empty_18, i32 0, i32 0, i32 0, i32 0, void @empty_18, void @empty_18, i32 4294967295, i32 0"   --->   Operation 22 'specinterface' 'specinterface_ln0' <Predicate = true> <Delay = 0.00>
ST_1 : Operation 23 [1/1] (0.00ns)   --->   "%specbitsmap_ln0 = specbitsmap void @_ssdm_op_SpecBitsMap, i16 %stencilConfig_dim"   --->   Operation 23 'specbitsmap' 'specbitsmap_ln0' <Predicate = true> <Delay = 0.00>
ST_1 : Operation 24 [1/1] (0.00ns)   --->   "%specinterface_ln0 = specinterface void @_ssdm_op_SpecInterface, i16 %stencilConfig_dim, void @empty_17, i32 0, i32 0, void @empty_18, i32 0, i32 0, void @empty_19, void @empty_13, void @empty_18, i32 0, i32 0, i32 0, i32 0, void @empty_18, void @empty_18, i32 4294967295, i32 0"   --->   Operation 24 'specinterface' 'specinterface_ln0' <Predicate = true> <Delay = 0.00>
ST_1 : Operation 25 [1/1] (0.00ns)   --->   "%specinterface_ln0 = specinterface void @_ssdm_op_SpecInterface, i16 %stencilConfig_dim, void @empty_25, i32 0, i32 0, void @empty_18, i32 0, i32 0, void @empty_18, void @empty_18, void @empty_18, i32 0, i32 0, i32 0, i32 0, void @empty_18, void @empty_18, i32 4294967295, i32 0"   --->   Operation 25 'specinterface' 'specinterface_ln0' <Predicate = true> <Delay = 0.00>
ST_1 : Operation 26 [1/1] (0.00ns)   --->   "%specbitsmap_ln0 = specbitsmap void @_ssdm_op_SpecBitsMap, i32 %stencilConfig_total_itr"   --->   Operation 26 'specbitsmap' 'specbitsmap_ln0' <Predicate = true> <Delay = 0.00>
ST_1 : Operation 27 [1/1] (0.00ns)   --->   "%specinterface_ln0 = specinterface void @_ssdm_op_SpecInterface, i32 %stencilConfig_total_itr, void @empty_17, i32 0, i32 0, void @empty_18, i32 0, i32 0, void @empty_19, void @empty_14, void @empty_18, i32 0, i32 0, i32 0, i32 0, void @empty_18, void @empty_18, i32 4294967295, i32 0"   --->   Operation 27 'specinterface' 'specinterface_ln0' <Predicate = true> <Delay = 0.00>
ST_1 : Operation 28 [1/1] (0.00ns)   --->   "%specinterface_ln0 = specinterface void @_ssdm_op_SpecInterface, i32 %stencilConfig_total_itr, void @empty_25, i32 0, i32 0, void @empty_18, i32 0, i32 0, void @empty_18, void @empty_18, void @empty_18, i32 0, i32 0, i32 0, i32 0, void @empty_18, void @empty_18, i32 4294967295, i32 0"   --->   Operation 28 'specinterface' 'specinterface_ln0' <Predicate = true> <Delay = 0.00>
ST_1 : Operation 29 [1/1] (0.00ns)   --->   "%specbitsmap_ln0 = specbitsmap void @_ssdm_op_SpecBitsMap, i16 %stencilConfig_lower_limit_0"   --->   Operation 29 'specbitsmap' 'specbitsmap_ln0' <Predicate = true> <Delay = 0.00>
ST_1 : Operation 30 [1/1] (0.00ns)   --->   "%specinterface_ln0 = specinterface void @_ssdm_op_SpecInterface, i16 %stencilConfig_lower_limit_0, void @empty_17, i32 0, i32 0, void @empty_18, i32 0, i32 0, void @empty_19, void @empty_15, void @empty_18, i32 0, i32 0, i32 0, i32 0, void @empty_18, void @empty_18, i32 4294967295, i32 0"   --->   Operation 30 'specinterface' 'specinterface_ln0' <Predicate = true> <Delay = 0.00>
ST_1 : Operation 31 [1/1] (0.00ns)   --->   "%specinterface_ln0 = specinterface void @_ssdm_op_SpecInterface, i16 %stencilConfig_lower_limit_0, void @empty_25, i32 0, i32 0, void @empty_18, i32 0, i32 0, void @empty_18, void @empty_18, void @empty_18, i32 0, i32 0, i32 0, i32 0, void @empty_18, void @empty_18, i32 4294967295, i32 0"   --->   Operation 31 'specinterface' 'specinterface_ln0' <Predicate = true> <Delay = 0.00>
ST_1 : Operation 32 [1/1] (0.00ns)   --->   "%specbitsmap_ln0 = specbitsmap void @_ssdm_op_SpecBitsMap, i16 %stencilConfig_lower_limit_1"   --->   Operation 32 'specbitsmap' 'specbitsmap_ln0' <Predicate = true> <Delay = 0.00>
ST_1 : Operation 33 [1/1] (0.00ns)   --->   "%specinterface_ln0 = specinterface void @_ssdm_op_SpecInterface, i16 %stencilConfig_lower_limit_1, void @empty_17, i32 0, i32 0, void @empty_18, i32 0, i32 0, void @empty_19, void @empty_16, void @empty_18, i32 0, i32 0, i32 0, i32 0, void @empty_18, void @empty_18, i32 4294967295, i32 0"   --->   Operation 33 'specinterface' 'specinterface_ln0' <Predicate = true> <Delay = 0.00>
ST_1 : Operation 34 [1/1] (0.00ns)   --->   "%specinterface_ln0 = specinterface void @_ssdm_op_SpecInterface, i16 %stencilConfig_lower_limit_1, void @empty_25, i32 0, i32 0, void @empty_18, i32 0, i32 0, void @empty_18, void @empty_18, void @empty_18, i32 0, i32 0, i32 0, i32 0, void @empty_18, void @empty_18, i32 4294967295, i32 0"   --->   Operation 34 'specinterface' 'specinterface_ln0' <Predicate = true> <Delay = 0.00>
ST_1 : Operation 35 [1/1] (0.00ns)   --->   "%specbitsmap_ln0 = specbitsmap void @_ssdm_op_SpecBitsMap, i16 %stencilConfig_lower_limit_2"   --->   Operation 35 'specbitsmap' 'specbitsmap_ln0' <Predicate = true> <Delay = 0.00>
ST_1 : Operation 36 [1/1] (0.00ns)   --->   "%specinterface_ln0 = specinterface void @_ssdm_op_SpecInterface, i16 %stencilConfig_lower_limit_2, void @empty_17, i32 0, i32 0, void @empty_18, i32 0, i32 0, void @empty_19, void @empty_8, void @empty_18, i32 0, i32 0, i32 0, i32 0, void @empty_18, void @empty_18, i32 4294967295, i32 0"   --->   Operation 36 'specinterface' 'specinterface_ln0' <Predicate = true> <Delay = 0.00>
ST_1 : Operation 37 [1/1] (0.00ns)   --->   "%specinterface_ln0 = specinterface void @_ssdm_op_SpecInterface, i16 %stencilConfig_lower_limit_2, void @empty_25, i32 0, i32 0, void @empty_18, i32 0, i32 0, void @empty_18, void @empty_18, void @empty_18, i32 0, i32 0, i32 0, i32 0, void @empty_18, void @empty_18, i32 4294967295, i32 0"   --->   Operation 37 'specinterface' 'specinterface_ln0' <Predicate = true> <Delay = 0.00>
ST_1 : Operation 38 [1/1] (0.00ns)   --->   "%specbitsmap_ln0 = specbitsmap void @_ssdm_op_SpecBitsMap, i16 %stencilConfig_upper_limit_0"   --->   Operation 38 'specbitsmap' 'specbitsmap_ln0' <Predicate = true> <Delay = 0.00>
ST_1 : Operation 39 [1/1] (0.00ns)   --->   "%specinterface_ln0 = specinterface void @_ssdm_op_SpecInterface, i16 %stencilConfig_upper_limit_0, void @empty_17, i32 0, i32 0, void @empty_18, i32 0, i32 0, void @empty_19, void @empty_7, void @empty_18, i32 0, i32 0, i32 0, i32 0, void @empty_18, void @empty_18, i32 4294967295, i32 0"   --->   Operation 39 'specinterface' 'specinterface_ln0' <Predicate = true> <Delay = 0.00>
ST_1 : Operation 40 [1/1] (0.00ns)   --->   "%specinterface_ln0 = specinterface void @_ssdm_op_SpecInterface, i16 %stencilConfig_upper_limit_0, void @empty_25, i32 0, i32 0, void @empty_18, i32 0, i32 0, void @empty_18, void @empty_18, void @empty_18, i32 0, i32 0, i32 0, i32 0, void @empty_18, void @empty_18, i32 4294967295, i32 0"   --->   Operation 40 'specinterface' 'specinterface_ln0' <Predicate = true> <Delay = 0.00>
ST_1 : Operation 41 [1/1] (0.00ns)   --->   "%specbitsmap_ln0 = specbitsmap void @_ssdm_op_SpecBitsMap, i16 %stencilConfig_upper_limit_1"   --->   Operation 41 'specbitsmap' 'specbitsmap_ln0' <Predicate = true> <Delay = 0.00>
ST_1 : Operation 42 [1/1] (0.00ns)   --->   "%specinterface_ln0 = specinterface void @_ssdm_op_SpecInterface, i16 %stencilConfig_upper_limit_1, void @empty_17, i32 0, i32 0, void @empty_18, i32 0, i32 0, void @empty_19, void @empty_6, void @empty_18, i32 0, i32 0, i32 0, i32 0, void @empty_18, void @empty_18, i32 4294967295, i32 0"   --->   Operation 42 'specinterface' 'specinterface_ln0' <Predicate = true> <Delay = 0.00>
ST_1 : Operation 43 [1/1] (0.00ns)   --->   "%specinterface_ln0 = specinterface void @_ssdm_op_SpecInterface, i16 %stencilConfig_upper_limit_1, void @empty_25, i32 0, i32 0, void @empty_18, i32 0, i32 0, void @empty_18, void @empty_18, void @empty_18, i32 0, i32 0, i32 0, i32 0, void @empty_18, void @empty_18, i32 4294967295, i32 0"   --->   Operation 43 'specinterface' 'specinterface_ln0' <Predicate = true> <Delay = 0.00>
ST_1 : Operation 44 [1/1] (0.00ns)   --->   "%specbitsmap_ln0 = specbitsmap void @_ssdm_op_SpecBitsMap, i16 %stencilConfig_upper_limit_2"   --->   Operation 44 'specbitsmap' 'specbitsmap_ln0' <Predicate = true> <Delay = 0.00>
ST_1 : Operation 45 [1/1] (0.00ns)   --->   "%specinterface_ln0 = specinterface void @_ssdm_op_SpecInterface, i16 %stencilConfig_upper_limit_2, void @empty_17, i32 0, i32 0, void @empty_18, i32 0, i32 0, void @empty_19, void @empty_5, void @empty_18, i32 0, i32 0, i32 0, i32 0, void @empty_18, void @empty_18, i32 4294967295, i32 0"   --->   Operation 45 'specinterface' 'specinterface_ln0' <Predicate = true> <Delay = 0.00>
ST_1 : Operation 46 [1/1] (0.00ns)   --->   "%specinterface_ln0 = specinterface void @_ssdm_op_SpecInterface, i16 %stencilConfig_upper_limit_2, void @empty_25, i32 0, i32 0, void @empty_18, i32 0, i32 0, void @empty_18, void @empty_18, void @empty_18, i32 0, i32 0, i32 0, i32 0, void @empty_18, void @empty_18, i32 4294967295, i32 0"   --->   Operation 46 'specinterface' 'specinterface_ln0' <Predicate = true> <Delay = 0.00>
ST_1 : Operation 47 [1/1] (0.00ns)   --->   "%specbitsmap_ln0 = specbitsmap void @_ssdm_op_SpecBitsMap, i16 %stencilConfig_outer_loop_limit"   --->   Operation 47 'specbitsmap' 'specbitsmap_ln0' <Predicate = true> <Delay = 0.00>
ST_1 : Operation 48 [1/1] (0.00ns)   --->   "%specinterface_ln0 = specinterface void @_ssdm_op_SpecInterface, i16 %stencilConfig_outer_loop_limit, void @empty_17, i32 0, i32 0, void @empty_18, i32 0, i32 0, void @empty_19, void @empty_22, void @empty_18, i32 0, i32 0, i32 0, i32 0, void @empty_18, void @empty_18, i32 4294967295, i32 0"   --->   Operation 48 'specinterface' 'specinterface_ln0' <Predicate = true> <Delay = 0.00>
ST_1 : Operation 49 [1/1] (0.00ns)   --->   "%specinterface_ln0 = specinterface void @_ssdm_op_SpecInterface, i16 %stencilConfig_outer_loop_limit, void @empty_25, i32 0, i32 0, void @empty_18, i32 0, i32 0, void @empty_18, void @empty_18, void @empty_18, i32 0, i32 0, i32 0, i32 0, void @empty_18, void @empty_18, i32 4294967295, i32 0"   --->   Operation 49 'specinterface' 'specinterface_ln0' <Predicate = true> <Delay = 0.00>
ST_1 : Operation 50 [1/1] (0.00ns)   --->   "%specinterface_ln0 = specinterface void @_ssdm_op_SpecInterface, i256 %arg0_axis_in_V_data_V, i32 %arg0_axis_in_V_keep_V, i32 %arg0_axis_in_V_strb_V, i1 %arg0_axis_in_V_last_V, void @empty_3, i32 1, i32 1, void @empty_21, i32 0, i32 0, void @empty_18, void @empty_18, void @empty_18, i32 0, i32 0, i32 0, i32 0, void @empty_18, void @empty_18, i32 4294967295, i32 0"   --->   Operation 50 'specinterface' 'specinterface_ln0' <Predicate = true> <Delay = 0.00>
ST_1 : Operation 51 [1/1] (0.00ns)   --->   "%specbitsmap_ln0 = specbitsmap void @_ssdm_op_SpecBitsMap, i256 %arg0_axis_in_V_data_V"   --->   Operation 51 'specbitsmap' 'specbitsmap_ln0' <Predicate = true> <Delay = 0.00>
ST_1 : Operation 52 [1/1] (0.00ns)   --->   "%specbitsmap_ln0 = specbitsmap void @_ssdm_op_SpecBitsMap, i32 %arg0_axis_in_V_keep_V"   --->   Operation 52 'specbitsmap' 'specbitsmap_ln0' <Predicate = true> <Delay = 0.00>
ST_1 : Operation 53 [1/1] (0.00ns)   --->   "%specbitsmap_ln0 = specbitsmap void @_ssdm_op_SpecBitsMap, i32 %arg0_axis_in_V_strb_V"   --->   Operation 53 'specbitsmap' 'specbitsmap_ln0' <Predicate = true> <Delay = 0.00>
ST_1 : Operation 54 [1/1] (0.00ns)   --->   "%specbitsmap_ln0 = specbitsmap void @_ssdm_op_SpecBitsMap, i1 %arg0_axis_in_V_last_V"   --->   Operation 54 'specbitsmap' 'specbitsmap_ln0' <Predicate = true> <Delay = 0.00>
ST_1 : Operation 55 [1/1] (0.00ns)   --->   "%specinterface_ln0 = specinterface void @_ssdm_op_SpecInterface, i256 %arg1_axis_out_V_data_V, i32 %arg1_axis_out_V_keep_V, i32 %arg1_axis_out_V_strb_V, i1 %arg1_axis_out_V_last_V, void @empty_3, i32 1, i32 1, void @empty_21, i32 0, i32 0, void @empty_18, void @empty_18, void @empty_18, i32 0, i32 0, i32 0, i32 0, void @empty_18, void @empty_18, i32 4294967295, i32 0"   --->   Operation 55 'specinterface' 'specinterface_ln0' <Predicate = true> <Delay = 0.00>
ST_1 : Operation 56 [1/1] (0.00ns)   --->   "%specbitsmap_ln0 = specbitsmap void @_ssdm_op_SpecBitsMap, i256 %arg1_axis_out_V_data_V"   --->   Operation 56 'specbitsmap' 'specbitsmap_ln0' <Predicate = true> <Delay = 0.00>
ST_1 : Operation 57 [1/1] (0.00ns)   --->   "%specbitsmap_ln0 = specbitsmap void @_ssdm_op_SpecBitsMap, i32 %arg1_axis_out_V_keep_V"   --->   Operation 57 'specbitsmap' 'specbitsmap_ln0' <Predicate = true> <Delay = 0.00>
ST_1 : Operation 58 [1/1] (0.00ns)   --->   "%specbitsmap_ln0 = specbitsmap void @_ssdm_op_SpecBitsMap, i32 %arg1_axis_out_V_strb_V"   --->   Operation 58 'specbitsmap' 'specbitsmap_ln0' <Predicate = true> <Delay = 0.00>
ST_1 : Operation 59 [1/1] (0.00ns)   --->   "%specbitsmap_ln0 = specbitsmap void @_ssdm_op_SpecBitsMap, i1 %arg1_axis_out_V_last_V"   --->   Operation 59 'specbitsmap' 'specbitsmap_ln0' <Predicate = true> <Delay = 0.00>
ST_1 : Operation 60 [1/1] (0.00ns)   --->   "%specinterface_ln0 = specinterface void @_ssdm_op_SpecInterface, i32 0, void @empty_17, i32 0, i32 0, void @empty_18, i32 0, i32 0, void @empty_19, void @empty_18, void @empty_18, i32 0, i32 0, i32 0, i32 0, void @empty_18, void @empty_18, i32 4294967295, i32 0"   --->   Operation 60 'specinterface' 'specinterface_ln0' <Predicate = true> <Delay = 0.00>
ST_1 : Operation 61 [1/1] (1.00ns)   --->   "%stencilConfig_outer_loop_limit_read = read i16 @_ssdm_op_Read.ap_none.i16, i16 %stencilConfig_outer_loop_limit" [/home/x_thileeb/repos/ops-hls-pact25-artifact/codegen_apps/jacobian3d/vck5000_project/hls/device/src/kernel_outerloop_0.cpp:54]   --->   Operation 61 'read' 'stencilConfig_outer_loop_limit_read' <Predicate = true> <Delay = 1.00> <CoreInst = "s_axilite">   --->   Core 126 's_axilite' <Latency = 0> <II = 1> <Delay = 1.00> <Adapter> <Opcode : 'read' 'write'>
ST_1 : Operation 62 [1/1] (1.00ns)   --->   "%stencilConfig_upper_limit_2_read = read i16 @_ssdm_op_Read.ap_none.i16, i16 %stencilConfig_upper_limit_2" [/home/x_thileeb/repos/ops-hls-pact25-artifact/codegen_apps/jacobian3d/vck5000_project/hls/device/src/kernel_outerloop_0.cpp:54]   --->   Operation 62 'read' 'stencilConfig_upper_limit_2_read' <Predicate = true> <Delay = 1.00> <CoreInst = "s_axilite">   --->   Core 126 's_axilite' <Latency = 0> <II = 1> <Delay = 1.00> <Adapter> <Opcode : 'read' 'write'>
ST_1 : Operation 63 [1/1] (1.00ns)   --->   "%stencilConfig_upper_limit_1_read = read i16 @_ssdm_op_Read.ap_none.i16, i16 %stencilConfig_upper_limit_1" [/home/x_thileeb/repos/ops-hls-pact25-artifact/codegen_apps/jacobian3d/vck5000_project/hls/device/src/kernel_outerloop_0.cpp:54]   --->   Operation 63 'read' 'stencilConfig_upper_limit_1_read' <Predicate = true> <Delay = 1.00> <CoreInst = "s_axilite">   --->   Core 126 's_axilite' <Latency = 0> <II = 1> <Delay = 1.00> <Adapter> <Opcode : 'read' 'write'>
ST_1 : Operation 64 [1/1] (1.00ns)   --->   "%stencilConfig_upper_limit_0_read = read i16 @_ssdm_op_Read.ap_none.i16, i16 %stencilConfig_upper_limit_0" [/home/x_thileeb/repos/ops-hls-pact25-artifact/codegen_apps/jacobian3d/vck5000_project/hls/device/src/kernel_outerloop_0.cpp:54]   --->   Operation 64 'read' 'stencilConfig_upper_limit_0_read' <Predicate = true> <Delay = 1.00> <CoreInst = "s_axilite">   --->   Core 126 's_axilite' <Latency = 0> <II = 1> <Delay = 1.00> <Adapter> <Opcode : 'read' 'write'>
ST_1 : Operation 65 [1/1] (1.00ns)   --->   "%stencilConfig_lower_limit_2_read = read i16 @_ssdm_op_Read.ap_none.i16, i16 %stencilConfig_lower_limit_2" [/home/x_thileeb/repos/ops-hls-pact25-artifact/codegen_apps/jacobian3d/vck5000_project/hls/device/src/kernel_outerloop_0.cpp:54]   --->   Operation 65 'read' 'stencilConfig_lower_limit_2_read' <Predicate = true> <Delay = 1.00> <CoreInst = "s_axilite">   --->   Core 126 's_axilite' <Latency = 0> <II = 1> <Delay = 1.00> <Adapter> <Opcode : 'read' 'write'>
ST_1 : Operation 66 [1/1] (1.00ns)   --->   "%stencilConfig_lower_limit_1_read = read i16 @_ssdm_op_Read.ap_none.i16, i16 %stencilConfig_lower_limit_1" [/home/x_thileeb/repos/ops-hls-pact25-artifact/codegen_apps/jacobian3d/vck5000_project/hls/device/src/kernel_outerloop_0.cpp:54]   --->   Operation 66 'read' 'stencilConfig_lower_limit_1_read' <Predicate = true> <Delay = 1.00> <CoreInst = "s_axilite">   --->   Core 126 's_axilite' <Latency = 0> <II = 1> <Delay = 1.00> <Adapter> <Opcode : 'read' 'write'>
ST_1 : Operation 67 [1/1] (1.00ns)   --->   "%stencilConfig_lower_limit_0_read = read i16 @_ssdm_op_Read.ap_none.i16, i16 %stencilConfig_lower_limit_0" [/home/x_thileeb/repos/ops-hls-pact25-artifact/codegen_apps/jacobian3d/vck5000_project/hls/device/src/kernel_outerloop_0.cpp:54]   --->   Operation 67 'read' 'stencilConfig_lower_limit_0_read' <Predicate = true> <Delay = 1.00> <CoreInst = "s_axilite">   --->   Core 126 's_axilite' <Latency = 0> <II = 1> <Delay = 1.00> <Adapter> <Opcode : 'read' 'write'>
ST_1 : Operation 68 [1/1] (1.00ns)   --->   "%stencilConfig_total_itr_read = read i32 @_ssdm_op_Read.ap_none.i32, i32 %stencilConfig_total_itr" [/home/x_thileeb/repos/ops-hls-pact25-artifact/codegen_apps/jacobian3d/vck5000_project/hls/device/src/kernel_outerloop_0.cpp:54]   --->   Operation 68 'read' 'stencilConfig_total_itr_read' <Predicate = true> <Delay = 1.00> <CoreInst = "s_axilite">   --->   Core 126 's_axilite' <Latency = 0> <II = 1> <Delay = 1.00> <Adapter> <Opcode : 'read' 'write'>
ST_1 : Operation 69 [1/1] (1.00ns)   --->   "%stencilConfig_grid_size_2_read = read i16 @_ssdm_op_Read.ap_none.i16, i16 %stencilConfig_grid_size_2" [/home/x_thileeb/repos/ops-hls-pact25-artifact/codegen_apps/jacobian3d/vck5000_project/hls/device/src/kernel_outerloop_0.cpp:54]   --->   Operation 69 'read' 'stencilConfig_grid_size_2_read' <Predicate = true> <Delay = 1.00> <CoreInst = "s_axilite">   --->   Core 126 's_axilite' <Latency = 0> <II = 1> <Delay = 1.00> <Adapter> <Opcode : 'read' 'write'>
ST_1 : Operation 70 [1/1] (1.00ns)   --->   "%stencilConfig_grid_size_1_read = read i16 @_ssdm_op_Read.ap_none.i16, i16 %stencilConfig_grid_size_1" [/home/x_thileeb/repos/ops-hls-pact25-artifact/codegen_apps/jacobian3d/vck5000_project/hls/device/src/kernel_outerloop_0.cpp:54]   --->   Operation 70 'read' 'stencilConfig_grid_size_1_read' <Predicate = true> <Delay = 1.00> <CoreInst = "s_axilite">   --->   Core 126 's_axilite' <Latency = 0> <II = 1> <Delay = 1.00> <Adapter> <Opcode : 'read' 'write'>
ST_1 : Operation 71 [1/1] (1.00ns)   --->   "%stencilConfig_grid_size_0_read = read i16 @_ssdm_op_Read.ap_none.i16, i16 %stencilConfig_grid_size_0" [/home/x_thileeb/repos/ops-hls-pact25-artifact/codegen_apps/jacobian3d/vck5000_project/hls/device/src/kernel_outerloop_0.cpp:54]   --->   Operation 71 'read' 'stencilConfig_grid_size_0_read' <Predicate = true> <Delay = 1.00> <CoreInst = "s_axilite">   --->   Core 126 's_axilite' <Latency = 0> <II = 1> <Delay = 1.00> <Adapter> <Opcode : 'read' 'write'>
ST_1 : Operation 72 [1/1] (1.00ns)   --->   "%outer_itr_read = read i32 @_ssdm_op_Read.ap_none.i32, i32 %outer_itr" [/home/x_thileeb/repos/ops-hls-pact25-artifact/codegen_apps/jacobian3d/vck5000_project/hls/device/src/kernel_outerloop_0.cpp:54]   --->   Operation 72 'read' 'outer_itr_read' <Predicate = true> <Delay = 1.00> <CoreInst = "s_axilite">   --->   Core 126 's_axilite' <Latency = 0> <II = 1> <Delay = 1.00> <Adapter> <Opcode : 'read' 'write'>
ST_1 : Operation 73 [1/1] (0.00ns)   --->   "%total_bytes = shl i32 %stencilConfig_total_itr_read, i32 5" [/home/x_thileeb/repos/ops-hls-pact25-artifact/codegen_apps/jacobian3d/vck5000_project/hls/device/src/kernel_outerloop_0.cpp:114]   --->   Operation 73 'shl' 'total_bytes' <Predicate = true> <Delay = 0.00>
ST_1 : Operation 74 [1/1] (0.46ns)   --->   "%store_ln120 = store i32 0, i32 %i" [/home/x_thileeb/repos/ops-hls-pact25-artifact/codegen_apps/jacobian3d/vck5000_project/hls/device/src/kernel_outerloop_0.cpp:120]   --->   Operation 74 'store' 'store_ln120' <Predicate = true> <Delay = 0.46>
ST_1 : Operation 75 [1/1] (0.00ns)   --->   "%br_ln120 = br void %for.inc" [/home/x_thileeb/repos/ops-hls-pact25-artifact/codegen_apps/jacobian3d/vck5000_project/hls/device/src/kernel_outerloop_0.cpp:120]   --->   Operation 75 'br' 'br_ln120' <Predicate = true> <Delay = 0.00>

State 2 <SV = 1> <Delay = 1.59>
ST_2 : Operation 76 [1/1] (0.00ns)   --->   "%i_3 = load i32 %i" [/home/x_thileeb/repos/ops-hls-pact25-artifact/codegen_apps/jacobian3d/vck5000_project/hls/device/src/kernel_outerloop_0.cpp:120]   --->   Operation 76 'load' 'i_3' <Predicate = true> <Delay = 0.00>
ST_2 : Operation 77 [1/1] (0.89ns)   --->   "%i_4 = add i32 %i_3, i32 1" [/home/x_thileeb/repos/ops-hls-pact25-artifact/codegen_apps/jacobian3d/vck5000_project/hls/device/src/kernel_outerloop_0.cpp:120]   --->   Operation 77 'add' 'i_4' <Predicate = true> <Delay = 0.89> <CoreInst = "Adder">   --->   Core 1 'Adder' <Latency = 0> <II = 1> <Delay = 0.89> <FuncUnit> <Opcode : 'add' 'sub'> <InPorts = 2> <OutPorts = 1>
ST_2 : Operation 78 [1/1] (0.70ns)   --->   "%icmp_ln120 = icmp_eq  i32 %i_3, i32 %outer_itr_read" [/home/x_thileeb/repos/ops-hls-pact25-artifact/codegen_apps/jacobian3d/vck5000_project/hls/device/src/kernel_outerloop_0.cpp:120]   --->   Operation 78 'icmp' 'icmp_ln120' <Predicate = true> <Delay = 0.70> <CoreInst = "Cmp">   --->   Core 9 'Cmp' <Latency = 0> <II = 1> <Delay = 0.70> <FuncUnit> <Opcode : 'icmp'> <InPorts = 2> <OutPorts = 1>
ST_2 : Operation 79 [1/1] (0.00ns)   --->   "%br_ln120 = br i1 %icmp_ln120, void %for.inc.split, void %for.end.loopexit" [/home/x_thileeb/repos/ops-hls-pact25-artifact/codegen_apps/jacobian3d/vck5000_project/hls/device/src/kernel_outerloop_0.cpp:120]   --->   Operation 79 'br' 'br_ln120' <Predicate = true> <Delay = 0.00>
ST_2 : Operation 80 [2/2] (0.89ns)   --->   "%call_ln122 = call void @kernel_outerloop_0_dataflow_region, i16 %stencilConfig_grid_size_0_read, i16 %stencilConfig_grid_size_1_read, i16 %stencilConfig_grid_size_2_read, i16 %stencilConfig_lower_limit_0_read, i16 %stencilConfig_lower_limit_1_read, i16 %stencilConfig_lower_limit_2_read, i16 %stencilConfig_upper_limit_0_read, i16 %stencilConfig_upper_limit_1_read, i16 %stencilConfig_upper_limit_2_read, i16 %stencilConfig_outer_loop_limit_read, i32 %total_bytes, i256 %arg0_axis_in_V_data_V, i32 %arg0_axis_in_V_keep_V, i32 %arg0_axis_in_V_strb_V, i1 %arg0_axis_in_V_last_V, i256 %arg1_axis_out_V_data_V, i32 %arg1_axis_out_V_keep_V, i32 %arg1_axis_out_V_strb_V, i1 %arg1_axis_out_V_last_V" [/home/x_thileeb/repos/ops-hls-pact25-artifact/codegen_apps/jacobian3d/vck5000_project/hls/device/src/kernel_outerloop_0.cpp:122]   --->   Operation 80 'call' 'call_ln122' <Predicate = (!icmp_ln120)> <Delay = 0.89> <CoreType = "Generic">   --->   Core 0 '' <Latency = 0> <II = 1> <Delay = 1.00> <Generic> <Opcode : >
ST_2 : Operation 81 [1/1] (0.46ns)   --->   "%store_ln120 = store i32 %i_4, i32 %i" [/home/x_thileeb/repos/ops-hls-pact25-artifact/codegen_apps/jacobian3d/vck5000_project/hls/device/src/kernel_outerloop_0.cpp:120]   --->   Operation 81 'store' 'store_ln120' <Predicate = (!icmp_ln120)> <Delay = 0.46>

State 3 <SV = 2> <Delay = 0.00>
ST_3 : Operation 82 [1/1] (0.00ns)   --->   "%specloopname_ln120 = specloopname void @_ssdm_op_SpecLoopName, void @empty" [/home/x_thileeb/repos/ops-hls-pact25-artifact/codegen_apps/jacobian3d/vck5000_project/hls/device/src/kernel_outerloop_0.cpp:120]   --->   Operation 82 'specloopname' 'specloopname_ln120' <Predicate = true> <Delay = 0.00>
ST_3 : Operation 83 [1/2] (0.00ns)   --->   "%call_ln122 = call void @kernel_outerloop_0_dataflow_region, i16 %stencilConfig_grid_size_0_read, i16 %stencilConfig_grid_size_1_read, i16 %stencilConfig_grid_size_2_read, i16 %stencilConfig_lower_limit_0_read, i16 %stencilConfig_lower_limit_1_read, i16 %stencilConfig_lower_limit_2_read, i16 %stencilConfig_upper_limit_0_read, i16 %stencilConfig_upper_limit_1_read, i16 %stencilConfig_upper_limit_2_read, i16 %stencilConfig_outer_loop_limit_read, i32 %total_bytes, i256 %arg0_axis_in_V_data_V, i32 %arg0_axis_in_V_keep_V, i32 %arg0_axis_in_V_strb_V, i1 %arg0_axis_in_V_last_V, i256 %arg1_axis_out_V_data_V, i32 %arg1_axis_out_V_keep_V, i32 %arg1_axis_out_V_strb_V, i1 %arg1_axis_out_V_last_V" [/home/x_thileeb/repos/ops-hls-pact25-artifact/codegen_apps/jacobian3d/vck5000_project/hls/device/src/kernel_outerloop_0.cpp:122]   --->   Operation 83 'call' 'call_ln122' <Predicate = true> <Delay = 0.00> <CoreType = "Generic">   --->   Core 0 '' <Latency = 0> <II = 1> <Delay = 1.00> <Generic> <Opcode : >
ST_3 : Operation 84 [1/1] (0.00ns)   --->   "%br_ln120 = br void %for.inc" [/home/x_thileeb/repos/ops-hls-pact25-artifact/codegen_apps/jacobian3d/vck5000_project/hls/device/src/kernel_outerloop_0.cpp:120]   --->   Operation 84 'br' 'br_ln120' <Predicate = true> <Delay = 0.00>

State 4 <SV = 3> <Delay = 0.00>
ST_4 : Operation 85 [1/1] (0.00ns)   --->   "%ret_ln128 = ret" [/home/x_thileeb/repos/ops-hls-pact25-artifact/codegen_apps/jacobian3d/vck5000_project/hls/device/src/kernel_outerloop_0.cpp:128]   --->   Operation 85 'ret' 'ret_ln128' <Predicate = true> <Delay = 0.00>


============================================================
+ Verbose Summary: Binding
============================================================
STG Binding: 
---------------- STG Properties BEGIN ----------------
- Is combinational: 0
- Is one-state seq: 0
- Is datapath-only: 0
- Is pipelined: 0
- Is top level: 1
Port [ Return ] is wired: 1; IO mode=ap_ctrl_chain:ce=0
Port [ slr_region]:  wired=1; compound=0; hidden=0; nouse=1; global=0; static=0; extern=0; dir=0; type=0; pingpong=0; private_global=0; IO mode=ap_none:ce=0
Port [ outer_itr]:  wired=1; compound=0; hidden=0; nouse=0; global=0; static=0; extern=0; dir=0; type=0; pingpong=0; private_global=0; IO mode=ap_none:ce=0
Port [ stencilConfig_grid_size_0]:  wired=1; compound=0; hidden=0; nouse=0; global=0; static=0; extern=0; dir=0; type=0; pingpong=0; private_global=0; IO mode=ap_none:ce=0
Port [ stencilConfig_grid_size_1]:  wired=1; compound=0; hidden=0; nouse=0; global=0; static=0; extern=0; dir=0; type=0; pingpong=0; private_global=0; IO mode=ap_none:ce=0
Port [ stencilConfig_grid_size_2]:  wired=1; compound=0; hidden=0; nouse=0; global=0; static=0; extern=0; dir=0; type=0; pingpong=0; private_global=0; IO mode=ap_none:ce=0
Port [ stencilConfig_dim]:  wired=1; compound=0; hidden=0; nouse=1; global=0; static=0; extern=0; dir=0; type=0; pingpong=0; private_global=0; IO mode=ap_none:ce=0
Port [ stencilConfig_total_itr]:  wired=1; compound=0; hidden=0; nouse=0; global=0; static=0; extern=0; dir=0; type=0; pingpong=0; private_global=0; IO mode=ap_none:ce=0
Port [ stencilConfig_lower_limit_0]:  wired=1; compound=0; hidden=0; nouse=0; global=0; static=0; extern=0; dir=0; type=0; pingpong=0; private_global=0; IO mode=ap_none:ce=0
Port [ stencilConfig_lower_limit_1]:  wired=1; compound=0; hidden=0; nouse=0; global=0; static=0; extern=0; dir=0; type=0; pingpong=0; private_global=0; IO mode=ap_none:ce=0
Port [ stencilConfig_lower_limit_2]:  wired=1; compound=0; hidden=0; nouse=0; global=0; static=0; extern=0; dir=0; type=0; pingpong=0; private_global=0; IO mode=ap_none:ce=0
Port [ stencilConfig_upper_limit_0]:  wired=1; compound=0; hidden=0; nouse=0; global=0; static=0; extern=0; dir=0; type=0; pingpong=0; private_global=0; IO mode=ap_none:ce=0
Port [ stencilConfig_upper_limit_1]:  wired=1; compound=0; hidden=0; nouse=0; global=0; static=0; extern=0; dir=0; type=0; pingpong=0; private_global=0; IO mode=ap_none:ce=0
Port [ stencilConfig_upper_limit_2]:  wired=1; compound=0; hidden=0; nouse=0; global=0; static=0; extern=0; dir=0; type=0; pingpong=0; private_global=0; IO mode=ap_none:ce=0
Port [ stencilConfig_outer_loop_limit]:  wired=1; compound=0; hidden=0; nouse=0; global=0; static=0; extern=0; dir=0; type=0; pingpong=0; private_global=0; IO mode=ap_none:ce=0
Port [ arg0_axis_in_V_data_V]:  wired=1; compound=1; hidden=0; nouse=0; global=0; static=0; extern=0; dir=0; type=0; pingpong=0; private_global=0; IO mode=axis:ce=0
Port [ arg0_axis_in_V_keep_V]:  wired=1; compound=1; hidden=0; nouse=0; global=0; static=0; extern=0; dir=0; type=0; pingpong=0; private_global=0; IO mode=axis:ce=0
Port [ arg0_axis_in_V_strb_V]:  wired=1; compound=1; hidden=0; nouse=0; global=0; static=0; extern=0; dir=0; type=0; pingpong=0; private_global=0; IO mode=axis:ce=0
Port [ arg0_axis_in_V_last_V]:  wired=1; compound=1; hidden=0; nouse=0; global=0; static=0; extern=0; dir=0; type=0; pingpong=0; private_global=0; IO mode=axis:ce=0
Port [ arg1_axis_out_V_data_V]:  wired=1; compound=1; hidden=0; nouse=0; global=0; static=0; extern=0; dir=1; type=0; pingpong=0; private_global=0; IO mode=axis:ce=0
Port [ arg1_axis_out_V_keep_V]:  wired=1; compound=1; hidden=0; nouse=0; global=0; static=0; extern=0; dir=1; type=0; pingpong=0; private_global=0; IO mode=axis:ce=0
Port [ arg1_axis_out_V_strb_V]:  wired=1; compound=1; hidden=0; nouse=0; global=0; static=0; extern=0; dir=1; type=0; pingpong=0; private_global=0; IO mode=axis:ce=0
Port [ arg1_axis_out_V_last_V]:  wired=1; compound=1; hidden=0; nouse=0; global=0; static=0; extern=0; dir=1; type=0; pingpong=0; private_global=0; IO mode=axis:ce=0
---------------- STG Properties END ------------------

---------------- Datapath Model BEGIN ----------------

<LifeTime>
<method=bitvector/>
i                                   (alloca       ) [ 01110]
spectopmodule_ln53                  (spectopmodule) [ 00000]
specinterface_ln53                  (specinterface) [ 00000]
specbitsmap_ln0                     (specbitsmap  ) [ 00000]
specinterface_ln0                   (specinterface) [ 00000]
specinterface_ln0                   (specinterface) [ 00000]
specbitsmap_ln0                     (specbitsmap  ) [ 00000]
specinterface_ln0                   (specinterface) [ 00000]
specinterface_ln0                   (specinterface) [ 00000]
specbitsmap_ln0                     (specbitsmap  ) [ 00000]
specinterface_ln0                   (specinterface) [ 00000]
specinterface_ln0                   (specinterface) [ 00000]
specbitsmap_ln0                     (specbitsmap  ) [ 00000]
specinterface_ln0                   (specinterface) [ 00000]
specinterface_ln0                   (specinterface) [ 00000]
specbitsmap_ln0                     (specbitsmap  ) [ 00000]
specinterface_ln0                   (specinterface) [ 00000]
specinterface_ln0                   (specinterface) [ 00000]
specbitsmap_ln0                     (specbitsmap  ) [ 00000]
specinterface_ln0                   (specinterface) [ 00000]
specinterface_ln0                   (specinterface) [ 00000]
specbitsmap_ln0                     (specbitsmap  ) [ 00000]
specinterface_ln0                   (specinterface) [ 00000]
specinterface_ln0                   (specinterface) [ 00000]
specbitsmap_ln0                     (specbitsmap  ) [ 00000]
specinterface_ln0                   (specinterface) [ 00000]
specinterface_ln0                   (specinterface) [ 00000]
specbitsmap_ln0                     (specbitsmap  ) [ 00000]
specinterface_ln0                   (specinterface) [ 00000]
specinterface_ln0                   (specinterface) [ 00000]
specbitsmap_ln0                     (specbitsmap  ) [ 00000]
specinterface_ln0                   (specinterface) [ 00000]
specinterface_ln0                   (specinterface) [ 00000]
specbitsmap_ln0                     (specbitsmap  ) [ 00000]
specinterface_ln0                   (specinterface) [ 00000]
specinterface_ln0                   (specinterface) [ 00000]
specbitsmap_ln0                     (specbitsmap  ) [ 00000]
specinterface_ln0                   (specinterface) [ 00000]
specinterface_ln0                   (specinterface) [ 00000]
specbitsmap_ln0                     (specbitsmap  ) [ 00000]
specinterface_ln0                   (specinterface) [ 00000]
specinterface_ln0                   (specinterface) [ 00000]
specbitsmap_ln0                     (specbitsmap  ) [ 00000]
specinterface_ln0                   (specinterface) [ 00000]
specinterface_ln0                   (specinterface) [ 00000]
specinterface_ln0                   (specinterface) [ 00000]
specbitsmap_ln0                     (specbitsmap  ) [ 00000]
specbitsmap_ln0                     (specbitsmap  ) [ 00000]
specbitsmap_ln0                     (specbitsmap  ) [ 00000]
specbitsmap_ln0                     (specbitsmap  ) [ 00000]
specinterface_ln0                   (specinterface) [ 00000]
specbitsmap_ln0                     (specbitsmap  ) [ 00000]
specbitsmap_ln0                     (specbitsmap  ) [ 00000]
specbitsmap_ln0                     (specbitsmap  ) [ 00000]
specbitsmap_ln0                     (specbitsmap  ) [ 00000]
specinterface_ln0                   (specinterface) [ 00000]
stencilConfig_outer_loop_limit_read (read         ) [ 00110]
stencilConfig_upper_limit_2_read    (read         ) [ 00110]
stencilConfig_upper_limit_1_read    (read         ) [ 00110]
stencilConfig_upper_limit_0_read    (read         ) [ 00110]
stencilConfig_lower_limit_2_read    (read         ) [ 00110]
stencilConfig_lower_limit_1_read    (read         ) [ 00110]
stencilConfig_lower_limit_0_read    (read         ) [ 00110]
stencilConfig_total_itr_read        (read         ) [ 00000]
stencilConfig_grid_size_2_read      (read         ) [ 00110]
stencilConfig_grid_size_1_read      (read         ) [ 00110]
stencilConfig_grid_size_0_read      (read         ) [ 00110]
outer_itr_read                      (read         ) [ 00110]
total_bytes                         (shl          ) [ 00110]
store_ln120                         (store        ) [ 00000]
br_ln120                            (br           ) [ 00000]
i_3                                 (load         ) [ 00000]
i_4                                 (add          ) [ 00000]
icmp_ln120                          (icmp         ) [ 00110]
br_ln120                            (br           ) [ 00000]
store_ln120                         (store        ) [ 00000]
specloopname_ln120                  (specloopname ) [ 00000]
call_ln122                          (call         ) [ 00000]
br_ln120                            (br           ) [ 00000]
ret_ln128                           (ret          ) [ 00000]
</LifeTime>

<model>

<comp_list>
<comp id="0" class="1000" name="slr_region">
<pin_list>
<pin id="1" dir="1" index="0" bw="1" slack="2147483647"/>
</pin_list>
<bind>
<StgValue><ssdm name="slr_region"/></StgValue>
</bind>
</comp>

<comp id="2" class="1000" name="outer_itr">
<pin_list>
<pin id="3" dir="1" index="0" bw="1" slack="0"/>
</pin_list>
<bind>
<StgValue><ssdm name="outer_itr"/></StgValue>
</bind>
</comp>

<comp id="4" class="1000" name="stencilConfig_grid_size_0">
<pin_list>
<pin id="5" dir="1" index="0" bw="1" slack="0"/>
</pin_list>
<bind>
<StgValue><ssdm name="stencilConfig_grid_size_0"/></StgValue>
</bind>
</comp>

<comp id="6" class="1000" name="stencilConfig_grid_size_1">
<pin_list>
<pin id="7" dir="1" index="0" bw="1" slack="0"/>
</pin_list>
<bind>
<StgValue><ssdm name="stencilConfig_grid_size_1"/></StgValue>
</bind>
</comp>

<comp id="8" class="1000" name="stencilConfig_grid_size_2">
<pin_list>
<pin id="9" dir="1" index="0" bw="1" slack="0"/>
</pin_list>
<bind>
<StgValue><ssdm name="stencilConfig_grid_size_2"/></StgValue>
</bind>
</comp>

<comp id="10" class="1000" name="stencilConfig_dim">
<pin_list>
<pin id="11" dir="1" index="0" bw="1" slack="2147483647"/>
</pin_list>
<bind>
<StgValue><ssdm name="stencilConfig_dim"/></StgValue>
</bind>
</comp>

<comp id="12" class="1000" name="stencilConfig_total_itr">
<pin_list>
<pin id="13" dir="1" index="0" bw="1" slack="0"/>
</pin_list>
<bind>
<StgValue><ssdm name="stencilConfig_total_itr"/></StgValue>
</bind>
</comp>

<comp id="14" class="1000" name="stencilConfig_lower_limit_0">
<pin_list>
<pin id="15" dir="1" index="0" bw="1" slack="0"/>
</pin_list>
<bind>
<StgValue><ssdm name="stencilConfig_lower_limit_0"/></StgValue>
</bind>
</comp>

<comp id="16" class="1000" name="stencilConfig_lower_limit_1">
<pin_list>
<pin id="17" dir="1" index="0" bw="1" slack="0"/>
</pin_list>
<bind>
<StgValue><ssdm name="stencilConfig_lower_limit_1"/></StgValue>
</bind>
</comp>

<comp id="18" class="1000" name="stencilConfig_lower_limit_2">
<pin_list>
<pin id="19" dir="1" index="0" bw="1" slack="0"/>
</pin_list>
<bind>
<StgValue><ssdm name="stencilConfig_lower_limit_2"/></StgValue>
</bind>
</comp>

<comp id="20" class="1000" name="stencilConfig_upper_limit_0">
<pin_list>
<pin id="21" dir="1" index="0" bw="1" slack="0"/>
</pin_list>
<bind>
<StgValue><ssdm name="stencilConfig_upper_limit_0"/></StgValue>
</bind>
</comp>

<comp id="22" class="1000" name="stencilConfig_upper_limit_1">
<pin_list>
<pin id="23" dir="1" index="0" bw="1" slack="0"/>
</pin_list>
<bind>
<StgValue><ssdm name="stencilConfig_upper_limit_1"/></StgValue>
</bind>
</comp>

<comp id="24" class="1000" name="stencilConfig_upper_limit_2">
<pin_list>
<pin id="25" dir="1" index="0" bw="1" slack="0"/>
</pin_list>
<bind>
<StgValue><ssdm name="stencilConfig_upper_limit_2"/></StgValue>
</bind>
</comp>

<comp id="26" class="1000" name="stencilConfig_outer_loop_limit">
<pin_list>
<pin id="27" dir="1" index="0" bw="1" slack="0"/>
</pin_list>
<bind>
<StgValue><ssdm name="stencilConfig_outer_loop_limit"/></StgValue>
</bind>
</comp>

<comp id="28" class="1000" name="arg0_axis_in_V_data_V">
<pin_list>
<pin id="29" dir="1" index="0" bw="1" slack="0"/>
</pin_list>
<bind>
<StgValue><ssdm name="arg0_axis_in_V_data_V"/></StgValue>
</bind>
</comp>

<comp id="30" class="1000" name="arg0_axis_in_V_keep_V">
<pin_list>
<pin id="31" dir="1" index="0" bw="1" slack="0"/>
</pin_list>
<bind>
<StgValue><ssdm name="arg0_axis_in_V_keep_V"/></StgValue>
</bind>
</comp>

<comp id="32" class="1000" name="arg0_axis_in_V_strb_V">
<pin_list>
<pin id="33" dir="1" index="0" bw="1" slack="0"/>
</pin_list>
<bind>
<StgValue><ssdm name="arg0_axis_in_V_strb_V"/></StgValue>
</bind>
</comp>

<comp id="34" class="1000" name="arg0_axis_in_V_last_V">
<pin_list>
<pin id="35" dir="1" index="0" bw="1" slack="0"/>
</pin_list>
<bind>
<StgValue><ssdm name="arg0_axis_in_V_last_V"/></StgValue>
</bind>
</comp>

<comp id="36" class="1000" name="arg1_axis_out_V_data_V">
<pin_list>
<pin id="37" dir="1" index="0" bw="1" slack="0"/>
</pin_list>
<bind>
<StgValue><ssdm name="arg1_axis_out_V_data_V"/></StgValue>
</bind>
</comp>

<comp id="38" class="1000" name="arg1_axis_out_V_keep_V">
<pin_list>
<pin id="39" dir="1" index="0" bw="1" slack="0"/>
</pin_list>
<bind>
<StgValue><ssdm name="arg1_axis_out_V_keep_V"/></StgValue>
</bind>
</comp>

<comp id="40" class="1000" name="arg1_axis_out_V_strb_V">
<pin_list>
<pin id="41" dir="1" index="0" bw="1" slack="0"/>
</pin_list>
<bind>
<StgValue><ssdm name="arg1_axis_out_V_strb_V"/></StgValue>
</bind>
</comp>

<comp id="42" class="1000" name="arg1_axis_out_V_last_V">
<pin_list>
<pin id="43" dir="1" index="0" bw="1" slack="0"/>
</pin_list>
<bind>
<StgValue><ssdm name="arg1_axis_out_V_last_V"/></StgValue>
</bind>
</comp>

<comp id="44" class="1001" name="const_44">
<pin_list>
<pin id="45" dir="1" index="0" bw="1" slack="0"/>
</pin_list>
<bind>
<StgValue><ssdm name=""/></StgValue>
</bind>
</comp>

<comp id="46" class="1001" name="const_46">
<pin_list>
<pin id="47" dir="1" index="0" bw="1" slack="2147483647"/>
</pin_list>
<bind>
<StgValue><ssdm name="_ssdm_op_SpecTopModule"/></StgValue>
</bind>
</comp>

<comp id="48" class="1001" name="const_48">
<pin_list>
<pin id="49" dir="1" index="0" bw="1" slack="2147483647"/>
</pin_list>
<bind>
<StgValue><ssdm name="empty_1"/></StgValue>
</bind>
</comp>

<comp id="50" class="1001" name="const_50">
<pin_list>
<pin id="51" dir="1" index="0" bw="1" slack="2147483647"/>
</pin_list>
<bind>
<StgValue><ssdm name="_ssdm_op_SpecInterface"/></StgValue>
</bind>
</comp>

<comp id="52" class="1001" name="const_52">
<pin_list>
<pin id="53" dir="1" index="0" bw="1" slack="0"/>
</pin_list>
<bind>
<StgValue><ssdm name=""/></StgValue>
</bind>
</comp>

<comp id="54" class="1001" name="const_54">
<pin_list>
<pin id="55" dir="1" index="0" bw="1" slack="2147483647"/>
</pin_list>
<bind>
<StgValue><ssdm name="empty_0"/></StgValue>
</bind>
</comp>

<comp id="56" class="1001" name="const_56">
<pin_list>
<pin id="57" dir="1" index="0" bw="1" slack="2147483647"/>
</pin_list>
<bind>
<StgValue><ssdm name="empty_18"/></StgValue>
</bind>
</comp>

<comp id="58" class="1001" name="const_58">
<pin_list>
<pin id="59" dir="1" index="0" bw="1" slack="2147483647"/>
</pin_list>
<bind>
<StgValue><ssdm name=""/></StgValue>
</bind>
</comp>

<comp id="60" class="1001" name="const_60">
<pin_list>
<pin id="61" dir="1" index="0" bw="1" slack="2147483647"/>
</pin_list>
<bind>
<StgValue><ssdm name="_ssdm_op_SpecBitsMap"/></StgValue>
</bind>
</comp>

<comp id="62" class="1001" name="const_62">
<pin_list>
<pin id="63" dir="1" index="0" bw="1" slack="2147483647"/>
</pin_list>
<bind>
<StgValue><ssdm name="empty_17"/></StgValue>
</bind>
</comp>

<comp id="64" class="1001" name="const_64">
<pin_list>
<pin id="65" dir="1" index="0" bw="1" slack="2147483647"/>
</pin_list>
<bind>
<StgValue><ssdm name="empty_19"/></StgValue>
</bind>
</comp>

<comp id="66" class="1001" name="const_66">
<pin_list>
<pin id="67" dir="1" index="0" bw="1" slack="2147483647"/>
</pin_list>
<bind>
<StgValue><ssdm name="empty_20"/></StgValue>
</bind>
</comp>

<comp id="68" class="1001" name="const_68">
<pin_list>
<pin id="69" dir="1" index="0" bw="1" slack="2147483647"/>
</pin_list>
<bind>
<StgValue><ssdm name="empty_25"/></StgValue>
</bind>
</comp>

<comp id="70" class="1001" name="const_70">
<pin_list>
<pin id="71" dir="1" index="0" bw="1" slack="2147483647"/>
</pin_list>
<bind>
<StgValue><ssdm name="empty_4"/></StgValue>
</bind>
</comp>

<comp id="72" class="1001" name="const_72">
<pin_list>
<pin id="73" dir="1" index="0" bw="1" slack="2147483647"/>
</pin_list>
<bind>
<StgValue><ssdm name="empty_23"/></StgValue>
</bind>
</comp>

<comp id="74" class="1001" name="const_74">
<pin_list>
<pin id="75" dir="1" index="0" bw="1" slack="2147483647"/>
</pin_list>
<bind>
<StgValue><ssdm name="empty_24"/></StgValue>
</bind>
</comp>

<comp id="76" class="1001" name="const_76">
<pin_list>
<pin id="77" dir="1" index="0" bw="1" slack="2147483647"/>
</pin_list>
<bind>
<StgValue><ssdm name="empty_12"/></StgValue>
</bind>
</comp>

<comp id="78" class="1001" name="const_78">
<pin_list>
<pin id="79" dir="1" index="0" bw="1" slack="2147483647"/>
</pin_list>
<bind>
<StgValue><ssdm name="empty_13"/></StgValue>
</bind>
</comp>

<comp id="80" class="1001" name="const_80">
<pin_list>
<pin id="81" dir="1" index="0" bw="1" slack="2147483647"/>
</pin_list>
<bind>
<StgValue><ssdm name="empty_14"/></StgValue>
</bind>
</comp>

<comp id="82" class="1001" name="const_82">
<pin_list>
<pin id="83" dir="1" index="0" bw="1" slack="2147483647"/>
</pin_list>
<bind>
<StgValue><ssdm name="empty_15"/></StgValue>
</bind>
</comp>

<comp id="84" class="1001" name="const_84">
<pin_list>
<pin id="85" dir="1" index="0" bw="1" slack="2147483647"/>
</pin_list>
<bind>
<StgValue><ssdm name="empty_16"/></StgValue>
</bind>
</comp>

<comp id="86" class="1001" name="const_86">
<pin_list>
<pin id="87" dir="1" index="0" bw="1" slack="2147483647"/>
</pin_list>
<bind>
<StgValue><ssdm name="empty_8"/></StgValue>
</bind>
</comp>

<comp id="88" class="1001" name="const_88">
<pin_list>
<pin id="89" dir="1" index="0" bw="1" slack="2147483647"/>
</pin_list>
<bind>
<StgValue><ssdm name="empty_7"/></StgValue>
</bind>
</comp>

<comp id="90" class="1001" name="const_90">
<pin_list>
<pin id="91" dir="1" index="0" bw="1" slack="2147483647"/>
</pin_list>
<bind>
<StgValue><ssdm name="empty_6"/></StgValue>
</bind>
</comp>

<comp id="92" class="1001" name="const_92">
<pin_list>
<pin id="93" dir="1" index="0" bw="1" slack="2147483647"/>
</pin_list>
<bind>
<StgValue><ssdm name="empty_5"/></StgValue>
</bind>
</comp>

<comp id="94" class="1001" name="const_94">
<pin_list>
<pin id="95" dir="1" index="0" bw="1" slack="2147483647"/>
</pin_list>
<bind>
<StgValue><ssdm name="empty_22"/></StgValue>
</bind>
</comp>

<comp id="96" class="1001" name="const_96">
<pin_list>
<pin id="97" dir="1" index="0" bw="1" slack="2147483647"/>
</pin_list>
<bind>
<StgValue><ssdm name="empty_3"/></StgValue>
</bind>
</comp>

<comp id="98" class="1001" name="const_98">
<pin_list>
<pin id="99" dir="1" index="0" bw="1" slack="2147483647"/>
</pin_list>
<bind>
<StgValue><ssdm name="empty_21"/></StgValue>
</bind>
</comp>

<comp id="100" class="1001" name="const_100">
<pin_list>
<pin id="101" dir="1" index="0" bw="1" slack="0"/>
</pin_list>
<bind>
<StgValue><ssdm name="_ssdm_op_Read.ap_none.i16"/></StgValue>
</bind>
</comp>

<comp id="102" class="1001" name="const_102">
<pin_list>
<pin id="103" dir="1" index="0" bw="1" slack="0"/>
</pin_list>
<bind>
<StgValue><ssdm name="_ssdm_op_Read.ap_none.i32"/></StgValue>
</bind>
</comp>

<comp id="104" class="1001" name="const_104">
<pin_list>
<pin id="105" dir="1" index="0" bw="1" slack="0"/>
</pin_list>
<bind>
<StgValue><ssdm name=""/></StgValue>
</bind>
</comp>

<comp id="106" class="1001" name="const_106">
<pin_list>
<pin id="107" dir="1" index="0" bw="1" slack="0"/>
</pin_list>
<bind>
<StgValue><ssdm name="kernel_outerloop_0_dataflow_region"/></StgValue>
</bind>
</comp>

<comp id="108" class="1001" name="const_108">
<pin_list>
<pin id="109" dir="1" index="0" bw="1" slack="2147483647"/>
</pin_list>
<bind>
<StgValue><ssdm name="_ssdm_op_SpecLoopName"/></StgValue>
</bind>
</comp>

<comp id="110" class="1001" name="const_110">
<pin_list>
<pin id="111" dir="1" index="0" bw="1" slack="2147483647"/>
</pin_list>
<bind>
<StgValue><ssdm name="empty"/></StgValue>
</bind>
</comp>

<comp id="112" class="1004" name="i_fu_112">
<pin_list>
<pin id="113" dir="0" index="0" bw="1" slack="0"/>
<pin id="114" dir="1" index="1" bw="32" slack="0"/>
</pin_list>
<bind>
<opcode="alloca(26) " fcode="alloca"/>
<opset="i/1 "/>
</bind>
</comp>

<comp id="116" class="1004" name="stencilConfig_outer_loop_limit_read_read_fu_116">
<pin_list>
<pin id="117" dir="0" index="0" bw="16" slack="0"/>
<pin id="118" dir="0" index="1" bw="16" slack="0"/>
<pin id="119" dir="1" index="2" bw="16" slack="1"/>
</pin_list>
<bind>
<opcode="read(1150) " fcode="read"/>
<opset="stencilConfig_outer_loop_limit_read/1 "/>
</bind>
</comp>

<comp id="122" class="1004" name="stencilConfig_upper_limit_2_read_read_fu_122">
<pin_list>
<pin id="123" dir="0" index="0" bw="16" slack="0"/>
<pin id="124" dir="0" index="1" bw="16" slack="0"/>
<pin id="125" dir="1" index="2" bw="16" slack="1"/>
</pin_list>
<bind>
<opcode="read(1150) " fcode="read"/>
<opset="stencilConfig_upper_limit_2_read/1 "/>
</bind>
</comp>

<comp id="128" class="1004" name="stencilConfig_upper_limit_1_read_read_fu_128">
<pin_list>
<pin id="129" dir="0" index="0" bw="16" slack="0"/>
<pin id="130" dir="0" index="1" bw="16" slack="0"/>
<pin id="131" dir="1" index="2" bw="16" slack="1"/>
</pin_list>
<bind>
<opcode="read(1150) " fcode="read"/>
<opset="stencilConfig_upper_limit_1_read/1 "/>
</bind>
</comp>

<comp id="134" class="1004" name="stencilConfig_upper_limit_0_read_read_fu_134">
<pin_list>
<pin id="135" dir="0" index="0" bw="16" slack="0"/>
<pin id="136" dir="0" index="1" bw="16" slack="0"/>
<pin id="137" dir="1" index="2" bw="16" slack="1"/>
</pin_list>
<bind>
<opcode="read(1150) " fcode="read"/>
<opset="stencilConfig_upper_limit_0_read/1 "/>
</bind>
</comp>

<comp id="140" class="1004" name="stencilConfig_lower_limit_2_read_read_fu_140">
<pin_list>
<pin id="141" dir="0" index="0" bw="16" slack="0"/>
<pin id="142" dir="0" index="1" bw="16" slack="0"/>
<pin id="143" dir="1" index="2" bw="16" slack="1"/>
</pin_list>
<bind>
<opcode="read(1150) " fcode="read"/>
<opset="stencilConfig_lower_limit_2_read/1 "/>
</bind>
</comp>

<comp id="146" class="1004" name="stencilConfig_lower_limit_1_read_read_fu_146">
<pin_list>
<pin id="147" dir="0" index="0" bw="16" slack="0"/>
<pin id="148" dir="0" index="1" bw="16" slack="0"/>
<pin id="149" dir="1" index="2" bw="16" slack="1"/>
</pin_list>
<bind>
<opcode="read(1150) " fcode="read"/>
<opset="stencilConfig_lower_limit_1_read/1 "/>
</bind>
</comp>

<comp id="152" class="1004" name="stencilConfig_lower_limit_0_read_read_fu_152">
<pin_list>
<pin id="153" dir="0" index="0" bw="16" slack="0"/>
<pin id="154" dir="0" index="1" bw="16" slack="0"/>
<pin id="155" dir="1" index="2" bw="16" slack="1"/>
</pin_list>
<bind>
<opcode="read(1150) " fcode="read"/>
<opset="stencilConfig_lower_limit_0_read/1 "/>
</bind>
</comp>

<comp id="158" class="1004" name="stencilConfig_total_itr_read_read_fu_158">
<pin_list>
<pin id="159" dir="0" index="0" bw="32" slack="0"/>
<pin id="160" dir="0" index="1" bw="32" slack="0"/>
<pin id="161" dir="1" index="2" bw="32" slack="0"/>
</pin_list>
<bind>
<opcode="read(1150) " fcode="read"/>
<opset="stencilConfig_total_itr_read/1 "/>
</bind>
</comp>

<comp id="164" class="1004" name="stencilConfig_grid_size_2_read_read_fu_164">
<pin_list>
<pin id="165" dir="0" index="0" bw="16" slack="0"/>
<pin id="166" dir="0" index="1" bw="16" slack="0"/>
<pin id="167" dir="1" index="2" bw="16" slack="1"/>
</pin_list>
<bind>
<opcode="read(1150) " fcode="read"/>
<opset="stencilConfig_grid_size_2_read/1 "/>
</bind>
</comp>

<comp id="170" class="1004" name="stencilConfig_grid_size_1_read_read_fu_170">
<pin_list>
<pin id="171" dir="0" index="0" bw="16" slack="0"/>
<pin id="172" dir="0" index="1" bw="16" slack="0"/>
<pin id="173" dir="1" index="2" bw="16" slack="1"/>
</pin_list>
<bind>
<opcode="read(1150) " fcode="read"/>
<opset="stencilConfig_grid_size_1_read/1 "/>
</bind>
</comp>

<comp id="176" class="1004" name="stencilConfig_grid_size_0_read_read_fu_176">
<pin_list>
<pin id="177" dir="0" index="0" bw="16" slack="0"/>
<pin id="178" dir="0" index="1" bw="16" slack="0"/>
<pin id="179" dir="1" index="2" bw="16" slack="1"/>
</pin_list>
<bind>
<opcode="read(1150) " fcode="read"/>
<opset="stencilConfig_grid_size_0_read/1 "/>
</bind>
</comp>

<comp id="182" class="1004" name="outer_itr_read_read_fu_182">
<pin_list>
<pin id="183" dir="0" index="0" bw="32" slack="0"/>
<pin id="184" dir="0" index="1" bw="32" slack="0"/>
<pin id="185" dir="1" index="2" bw="32" slack="1"/>
</pin_list>
<bind>
<opcode="read(1150) " fcode="read"/>
<opset="outer_itr_read/1 "/>
</bind>
</comp>

<comp id="188" class="1004" name="grp_kernel_outerloop_0_dataflow_region_fu_188">
<pin_list>
<pin id="189" dir="0" index="0" bw="0" slack="0"/>
<pin id="190" dir="0" index="1" bw="16" slack="1"/>
<pin id="191" dir="0" index="2" bw="16" slack="1"/>
<pin id="192" dir="0" index="3" bw="16" slack="1"/>
<pin id="193" dir="0" index="4" bw="16" slack="1"/>
<pin id="194" dir="0" index="5" bw="16" slack="1"/>
<pin id="195" dir="0" index="6" bw="16" slack="1"/>
<pin id="196" dir="0" index="7" bw="16" slack="1"/>
<pin id="197" dir="0" index="8" bw="16" slack="1"/>
<pin id="198" dir="0" index="9" bw="16" slack="1"/>
<pin id="199" dir="0" index="10" bw="16" slack="1"/>
<pin id="200" dir="0" index="11" bw="32" slack="1"/>
<pin id="201" dir="0" index="12" bw="256" slack="0"/>
<pin id="202" dir="0" index="13" bw="32" slack="0"/>
<pin id="203" dir="0" index="14" bw="32" slack="0"/>
<pin id="204" dir="0" index="15" bw="1" slack="0"/>
<pin id="205" dir="0" index="16" bw="256" slack="0"/>
<pin id="206" dir="0" index="17" bw="32" slack="0"/>
<pin id="207" dir="0" index="18" bw="32" slack="0"/>
<pin id="208" dir="0" index="19" bw="1" slack="0"/>
<pin id="209" dir="1" index="20" bw="0" slack="2147483647"/>
</pin_list>
<bind>
<opcode="call(48) " fcode="call"/>
<opset="call_ln122/2 "/>
</bind>
</comp>

<comp id="219" class="1004" name="total_bytes_fu_219">
<pin_list>
<pin id="220" dir="0" index="0" bw="32" slack="0"/>
<pin id="221" dir="0" index="1" bw="4" slack="0"/>
<pin id="222" dir="1" index="2" bw="32" slack="1"/>
</pin_list>
<bind>
<opcode="shl(20) " fcode="shl"/>
<opset="total_bytes/1 "/>
</bind>
</comp>

<comp id="225" class="1004" name="store_ln120_store_fu_225">
<pin_list>
<pin id="226" dir="0" index="0" bw="1" slack="0"/>
<pin id="227" dir="0" index="1" bw="32" slack="0"/>
<pin id="228" dir="1" index="2" bw="0" slack="2147483647"/>
</pin_list>
<bind>
<opcode="store(28) " fcode="store"/>
<opset="store_ln120/1 "/>
</bind>
</comp>

<comp id="230" class="1004" name="i_3_load_fu_230">
<pin_list>
<pin id="231" dir="0" index="0" bw="32" slack="1"/>
<pin id="232" dir="1" index="1" bw="32" slack="0"/>
</pin_list>
<bind>
<opcode="load(27) " fcode="load"/>
<opset="i_3/2 "/>
</bind>
</comp>

<comp id="233" class="1004" name="i_4_fu_233">
<pin_list>
<pin id="234" dir="0" index="0" bw="32" slack="0"/>
<pin id="235" dir="0" index="1" bw="1" slack="0"/>
<pin id="236" dir="1" index="2" bw="32" slack="0"/>
</pin_list>
<bind>
<opcode="add(8) " fcode="add"/>
<opset="i_4/2 "/>
</bind>
</comp>

<comp id="239" class="1004" name="icmp_ln120_fu_239">
<pin_list>
<pin id="240" dir="0" index="0" bw="32" slack="0"/>
<pin id="241" dir="0" index="1" bw="32" slack="1"/>
<pin id="242" dir="1" index="2" bw="1" slack="2147483647"/>
</pin_list>
<bind>
<opcode="icmp(45) " fcode="icmp"/>
<opset="icmp_ln120/2 "/>
</bind>
</comp>

<comp id="244" class="1004" name="store_ln120_store_fu_244">
<pin_list>
<pin id="245" dir="0" index="0" bw="32" slack="0"/>
<pin id="246" dir="0" index="1" bw="32" slack="1"/>
<pin id="247" dir="1" index="2" bw="0" slack="2147483647"/>
</pin_list>
<bind>
<opcode="store(28) " fcode="store"/>
<opset="store_ln120/2 "/>
</bind>
</comp>

<comp id="249" class="1005" name="i_reg_249">
<pin_list>
<pin id="250" dir="0" index="0" bw="32" slack="0"/>
<pin id="251" dir="1" index="1" bw="32" slack="0"/>
</pin_list>
<bind>
<opset="i "/>
</bind>
</comp>

<comp id="256" class="1005" name="stencilConfig_outer_loop_limit_read_reg_256">
<pin_list>
<pin id="257" dir="0" index="0" bw="16" slack="1"/>
<pin id="258" dir="1" index="1" bw="16" slack="1"/>
</pin_list>
<bind>
<opset="stencilConfig_outer_loop_limit_read "/>
</bind>
</comp>

<comp id="261" class="1005" name="stencilConfig_upper_limit_2_read_reg_261">
<pin_list>
<pin id="262" dir="0" index="0" bw="16" slack="1"/>
<pin id="263" dir="1" index="1" bw="16" slack="1"/>
</pin_list>
<bind>
<opset="stencilConfig_upper_limit_2_read "/>
</bind>
</comp>

<comp id="266" class="1005" name="stencilConfig_upper_limit_1_read_reg_266">
<pin_list>
<pin id="267" dir="0" index="0" bw="16" slack="1"/>
<pin id="268" dir="1" index="1" bw="16" slack="1"/>
</pin_list>
<bind>
<opset="stencilConfig_upper_limit_1_read "/>
</bind>
</comp>

<comp id="271" class="1005" name="stencilConfig_upper_limit_0_read_reg_271">
<pin_list>
<pin id="272" dir="0" index="0" bw="16" slack="1"/>
<pin id="273" dir="1" index="1" bw="16" slack="1"/>
</pin_list>
<bind>
<opset="stencilConfig_upper_limit_0_read "/>
</bind>
</comp>

<comp id="276" class="1005" name="stencilConfig_lower_limit_2_read_reg_276">
<pin_list>
<pin id="277" dir="0" index="0" bw="16" slack="1"/>
<pin id="278" dir="1" index="1" bw="16" slack="1"/>
</pin_list>
<bind>
<opset="stencilConfig_lower_limit_2_read "/>
</bind>
</comp>

<comp id="281" class="1005" name="stencilConfig_lower_limit_1_read_reg_281">
<pin_list>
<pin id="282" dir="0" index="0" bw="16" slack="1"/>
<pin id="283" dir="1" index="1" bw="16" slack="1"/>
</pin_list>
<bind>
<opset="stencilConfig_lower_limit_1_read "/>
</bind>
</comp>

<comp id="286" class="1005" name="stencilConfig_lower_limit_0_read_reg_286">
<pin_list>
<pin id="287" dir="0" index="0" bw="16" slack="1"/>
<pin id="288" dir="1" index="1" bw="16" slack="1"/>
</pin_list>
<bind>
<opset="stencilConfig_lower_limit_0_read "/>
</bind>
</comp>

<comp id="291" class="1005" name="stencilConfig_grid_size_2_read_reg_291">
<pin_list>
<pin id="292" dir="0" index="0" bw="16" slack="1"/>
<pin id="293" dir="1" index="1" bw="16" slack="1"/>
</pin_list>
<bind>
<opset="stencilConfig_grid_size_2_read "/>
</bind>
</comp>

<comp id="296" class="1005" name="stencilConfig_grid_size_1_read_reg_296">
<pin_list>
<pin id="297" dir="0" index="0" bw="16" slack="1"/>
<pin id="298" dir="1" index="1" bw="16" slack="1"/>
</pin_list>
<bind>
<opset="stencilConfig_grid_size_1_read "/>
</bind>
</comp>

<comp id="301" class="1005" name="stencilConfig_grid_size_0_read_reg_301">
<pin_list>
<pin id="302" dir="0" index="0" bw="16" slack="1"/>
<pin id="303" dir="1" index="1" bw="16" slack="1"/>
</pin_list>
<bind>
<opset="stencilConfig_grid_size_0_read "/>
</bind>
</comp>

<comp id="306" class="1005" name="outer_itr_read_reg_306">
<pin_list>
<pin id="307" dir="0" index="0" bw="32" slack="1"/>
<pin id="308" dir="1" index="1" bw="32" slack="1"/>
</pin_list>
<bind>
<opset="outer_itr_read "/>
</bind>
</comp>

<comp id="311" class="1005" name="total_bytes_reg_311">
<pin_list>
<pin id="312" dir="0" index="0" bw="32" slack="1"/>
<pin id="313" dir="1" index="1" bw="32" slack="1"/>
</pin_list>
<bind>
<opset="total_bytes "/>
</bind>
</comp>

</comp_list>

<net_list>
<net id="115"><net_src comp="44" pin="0"/><net_sink comp="112" pin=0"/></net>

<net id="120"><net_src comp="100" pin="0"/><net_sink comp="116" pin=0"/></net>

<net id="121"><net_src comp="26" pin="0"/><net_sink comp="116" pin=1"/></net>

<net id="126"><net_src comp="100" pin="0"/><net_sink comp="122" pin=0"/></net>

<net id="127"><net_src comp="24" pin="0"/><net_sink comp="122" pin=1"/></net>

<net id="132"><net_src comp="100" pin="0"/><net_sink comp="128" pin=0"/></net>

<net id="133"><net_src comp="22" pin="0"/><net_sink comp="128" pin=1"/></net>

<net id="138"><net_src comp="100" pin="0"/><net_sink comp="134" pin=0"/></net>

<net id="139"><net_src comp="20" pin="0"/><net_sink comp="134" pin=1"/></net>

<net id="144"><net_src comp="100" pin="0"/><net_sink comp="140" pin=0"/></net>

<net id="145"><net_src comp="18" pin="0"/><net_sink comp="140" pin=1"/></net>

<net id="150"><net_src comp="100" pin="0"/><net_sink comp="146" pin=0"/></net>

<net id="151"><net_src comp="16" pin="0"/><net_sink comp="146" pin=1"/></net>

<net id="156"><net_src comp="100" pin="0"/><net_sink comp="152" pin=0"/></net>

<net id="157"><net_src comp="14" pin="0"/><net_sink comp="152" pin=1"/></net>

<net id="162"><net_src comp="102" pin="0"/><net_sink comp="158" pin=0"/></net>

<net id="163"><net_src comp="12" pin="0"/><net_sink comp="158" pin=1"/></net>

<net id="168"><net_src comp="100" pin="0"/><net_sink comp="164" pin=0"/></net>

<net id="169"><net_src comp="8" pin="0"/><net_sink comp="164" pin=1"/></net>

<net id="174"><net_src comp="100" pin="0"/><net_sink comp="170" pin=0"/></net>

<net id="175"><net_src comp="6" pin="0"/><net_sink comp="170" pin=1"/></net>

<net id="180"><net_src comp="100" pin="0"/><net_sink comp="176" pin=0"/></net>

<net id="181"><net_src comp="4" pin="0"/><net_sink comp="176" pin=1"/></net>

<net id="186"><net_src comp="102" pin="0"/><net_sink comp="182" pin=0"/></net>

<net id="187"><net_src comp="2" pin="0"/><net_sink comp="182" pin=1"/></net>

<net id="210"><net_src comp="106" pin="0"/><net_sink comp="188" pin=0"/></net>

<net id="211"><net_src comp="28" pin="0"/><net_sink comp="188" pin=12"/></net>

<net id="212"><net_src comp="30" pin="0"/><net_sink comp="188" pin=13"/></net>

<net id="213"><net_src comp="32" pin="0"/><net_sink comp="188" pin=14"/></net>

<net id="214"><net_src comp="34" pin="0"/><net_sink comp="188" pin=15"/></net>

<net id="215"><net_src comp="36" pin="0"/><net_sink comp="188" pin=16"/></net>

<net id="216"><net_src comp="38" pin="0"/><net_sink comp="188" pin=17"/></net>

<net id="217"><net_src comp="40" pin="0"/><net_sink comp="188" pin=18"/></net>

<net id="218"><net_src comp="42" pin="0"/><net_sink comp="188" pin=19"/></net>

<net id="223"><net_src comp="158" pin="2"/><net_sink comp="219" pin=0"/></net>

<net id="224"><net_src comp="104" pin="0"/><net_sink comp="219" pin=1"/></net>

<net id="229"><net_src comp="52" pin="0"/><net_sink comp="225" pin=0"/></net>

<net id="237"><net_src comp="230" pin="1"/><net_sink comp="233" pin=0"/></net>

<net id="238"><net_src comp="44" pin="0"/><net_sink comp="233" pin=1"/></net>

<net id="243"><net_src comp="230" pin="1"/><net_sink comp="239" pin=0"/></net>

<net id="248"><net_src comp="233" pin="2"/><net_sink comp="244" pin=0"/></net>

<net id="252"><net_src comp="112" pin="1"/><net_sink comp="249" pin=0"/></net>

<net id="253"><net_src comp="249" pin="1"/><net_sink comp="225" pin=1"/></net>

<net id="254"><net_src comp="249" pin="1"/><net_sink comp="230" pin=0"/></net>

<net id="255"><net_src comp="249" pin="1"/><net_sink comp="244" pin=1"/></net>

<net id="259"><net_src comp="116" pin="2"/><net_sink comp="256" pin=0"/></net>

<net id="260"><net_src comp="256" pin="1"/><net_sink comp="188" pin=10"/></net>

<net id="264"><net_src comp="122" pin="2"/><net_sink comp="261" pin=0"/></net>

<net id="265"><net_src comp="261" pin="1"/><net_sink comp="188" pin=9"/></net>

<net id="269"><net_src comp="128" pin="2"/><net_sink comp="266" pin=0"/></net>

<net id="270"><net_src comp="266" pin="1"/><net_sink comp="188" pin=8"/></net>

<net id="274"><net_src comp="134" pin="2"/><net_sink comp="271" pin=0"/></net>

<net id="275"><net_src comp="271" pin="1"/><net_sink comp="188" pin=7"/></net>

<net id="279"><net_src comp="140" pin="2"/><net_sink comp="276" pin=0"/></net>

<net id="280"><net_src comp="276" pin="1"/><net_sink comp="188" pin=6"/></net>

<net id="284"><net_src comp="146" pin="2"/><net_sink comp="281" pin=0"/></net>

<net id="285"><net_src comp="281" pin="1"/><net_sink comp="188" pin=5"/></net>

<net id="289"><net_src comp="152" pin="2"/><net_sink comp="286" pin=0"/></net>

<net id="290"><net_src comp="286" pin="1"/><net_sink comp="188" pin=4"/></net>

<net id="294"><net_src comp="164" pin="2"/><net_sink comp="291" pin=0"/></net>

<net id="295"><net_src comp="291" pin="1"/><net_sink comp="188" pin=3"/></net>

<net id="299"><net_src comp="170" pin="2"/><net_sink comp="296" pin=0"/></net>

<net id="300"><net_src comp="296" pin="1"/><net_sink comp="188" pin=2"/></net>

<net id="304"><net_src comp="176" pin="2"/><net_sink comp="301" pin=0"/></net>

<net id="305"><net_src comp="301" pin="1"/><net_sink comp="188" pin=1"/></net>

<net id="309"><net_src comp="182" pin="2"/><net_sink comp="306" pin=0"/></net>

<net id="310"><net_src comp="306" pin="1"/><net_sink comp="239" pin=1"/></net>

<net id="314"><net_src comp="219" pin="2"/><net_sink comp="311" pin=0"/></net>

<net id="315"><net_src comp="311" pin="1"/><net_sink comp="188" pin=11"/></net>

</net_list>

</model> 
---------------- Datapath Model END ------------------

* FSMD analyzer results:
  - Output states:
	Port: arg1_axis_out_V_data_V | {2 3 }
	Port: arg1_axis_out_V_keep_V | {2 3 }
	Port: arg1_axis_out_V_strb_V | {2 3 }
	Port: arg1_axis_out_V_last_V | {2 3 }
 - Input state : 
	Port: kernel_outerloop_0 : outer_itr | {1 }
	Port: kernel_outerloop_0 : stencilConfig_grid_size_0 | {1 }
	Port: kernel_outerloop_0 : stencilConfig_grid_size_1 | {1 }
	Port: kernel_outerloop_0 : stencilConfig_grid_size_2 | {1 }
	Port: kernel_outerloop_0 : stencilConfig_total_itr | {1 }
	Port: kernel_outerloop_0 : stencilConfig_lower_limit_0 | {1 }
	Port: kernel_outerloop_0 : stencilConfig_lower_limit_1 | {1 }
	Port: kernel_outerloop_0 : stencilConfig_lower_limit_2 | {1 }
	Port: kernel_outerloop_0 : stencilConfig_upper_limit_0 | {1 }
	Port: kernel_outerloop_0 : stencilConfig_upper_limit_1 | {1 }
	Port: kernel_outerloop_0 : stencilConfig_upper_limit_2 | {1 }
	Port: kernel_outerloop_0 : stencilConfig_outer_loop_limit | {1 }
	Port: kernel_outerloop_0 : arg0_axis_in_V_data_V | {2 3 }
	Port: kernel_outerloop_0 : arg0_axis_in_V_keep_V | {2 3 }
	Port: kernel_outerloop_0 : arg0_axis_in_V_strb_V | {2 3 }
	Port: kernel_outerloop_0 : arg0_axis_in_V_last_V | {2 3 }
  - Chain level:
	State 1
		store_ln120 : 1
	State 2
		i_4 : 1
		icmp_ln120 : 1
		br_ln120 : 2
		store_ln120 : 2
	State 3
	State 4


============================================================
+ Verbose Summary: Datapath Resource usage 
============================================================

* Functional unit list:
|----------|-------------------------------------------------|---------|---------|---------|---------|---------|---------|
| Operation|                 Functional Unit                 |   BRAM  |   DSP   |  Delay  |    FF   |   LUT   |   URAM  |
|----------|-------------------------------------------------|---------|---------|---------|---------|---------|---------|
|   call   |  grp_kernel_outerloop_0_dataflow_region_fu_188  |   224   |   1092  | 733.928 |  170182 |  75300  |   224   |
|----------|-------------------------------------------------|---------|---------|---------|---------|---------|---------|
|    add   |                    i_4_fu_233                   |    0    |    0    |    0    |    0    |    32   |    0    |
|----------|-------------------------------------------------|---------|---------|---------|---------|---------|---------|
|   icmp   |                icmp_ln120_fu_239                |    0    |    0    |    0    |    0    |    16   |    0    |
|----------|-------------------------------------------------|---------|---------|---------|---------|---------|---------|
|          | stencilConfig_outer_loop_limit_read_read_fu_116 |    0    |    0    |    0    |    0    |    0    |    0    |
|          |   stencilConfig_upper_limit_2_read_read_fu_122  |    0    |    0    |    0    |    0    |    0    |    0    |
|          |   stencilConfig_upper_limit_1_read_read_fu_128  |    0    |    0    |    0    |    0    |    0    |    0    |
|          |   stencilConfig_upper_limit_0_read_read_fu_134  |    0    |    0    |    0    |    0    |    0    |    0    |
|          |   stencilConfig_lower_limit_2_read_read_fu_140  |    0    |    0    |    0    |    0    |    0    |    0    |
|   read   |   stencilConfig_lower_limit_1_read_read_fu_146  |    0    |    0    |    0    |    0    |    0    |    0    |
|          |   stencilConfig_lower_limit_0_read_read_fu_152  |    0    |    0    |    0    |    0    |    0    |    0    |
|          |     stencilConfig_total_itr_read_read_fu_158    |    0    |    0    |    0    |    0    |    0    |    0    |
|          |    stencilConfig_grid_size_2_read_read_fu_164   |    0    |    0    |    0    |    0    |    0    |    0    |
|          |    stencilConfig_grid_size_1_read_read_fu_170   |    0    |    0    |    0    |    0    |    0    |    0    |
|          |    stencilConfig_grid_size_0_read_read_fu_176   |    0    |    0    |    0    |    0    |    0    |    0    |
|          |            outer_itr_read_read_fu_182           |    0    |    0    |    0    |    0    |    0    |    0    |
|----------|-------------------------------------------------|---------|---------|---------|---------|---------|---------|
|    shl   |                total_bytes_fu_219               |    0    |    0    |    0    |    0    |    0    |    0    |
|----------|-------------------------------------------------|---------|---------|---------|---------|---------|---------|
|   Total  |                                                 |   224   |   1092  | 733.928 |  170182 |  75348  |   224   |
|----------|-------------------------------------------------|---------|---------|---------|---------|---------|---------|

Memories:
N/A

* Register list:
+-------------------------------------------+--------+
|                                           |   FF   |
+-------------------------------------------+--------+
|                 i_reg_249                 |   32   |
|           outer_itr_read_reg_306          |   32   |
|   stencilConfig_grid_size_0_read_reg_301  |   16   |
|   stencilConfig_grid_size_1_read_reg_296  |   16   |
|   stencilConfig_grid_size_2_read_reg_291  |   16   |
|  stencilConfig_lower_limit_0_read_reg_286 |   16   |
|  stencilConfig_lower_limit_1_read_reg_281 |   16   |
|  stencilConfig_lower_limit_2_read_reg_276 |   16   |
|stencilConfig_outer_loop_limit_read_reg_256|   16   |
|  stencilConfig_upper_limit_0_read_reg_271 |   16   |
|  stencilConfig_upper_limit_1_read_reg_266 |   16   |
|  stencilConfig_upper_limit_2_read_reg_261 |   16   |
|            total_bytes_reg_311            |   32   |
+-------------------------------------------+--------+
|                   Total                   |   256  |
+-------------------------------------------+--------+

* Multiplexer (MUX) list: 
|--------|------|------|------|--------|
|  Comp  |  Pin | Size |  BW  | S x BW |
|--------|------|------|------|--------|
|  Total |      |      |      |    0   |
|--------|------|------|------|--------|



* Summary:
+-----------+--------+--------+--------+--------+--------+--------+
|           |  BRAM  |   DSP  |  Delay |   FF   |   LUT  |  URAM  |
+-----------+--------+--------+--------+--------+--------+--------+
|  Function |   224  |  1092  |   733  | 170182 |  75348 |   224  |
|   Memory  |    -   |    -   |    -   |    -   |    -   |    -   |
|Multiplexer|    -   |    -   |    -   |    -   |    -   |    -   |
|  Register |    -   |    -   |    -   |   256  |    -   |    -   |
+-----------+--------+--------+--------+--------+--------+--------+
|   Total   |   224  |  1092  |   733  | 170438 |  75348 |   224  |
+-----------+--------+--------+--------+--------+--------+--------+
