

================================================================
== Vitis HLS Report for 'stencilRun'
================================================================
* Date:           Sun Jul 26 01:26:01 2026

* Version:        2022.1 (Build 3526262 on Mon Apr 18 15:47:01 MDT 2022)
* Project:        kernel_outerloop_0
* Solution:       solution (Vitis Kernel Flow Target)
* Product family: versal
* Target device:  xcvc1902-vsvd1760-2MP-e-S


================================================================
== Performance Estimates
================================================================
+ Timing: 
    * Summary: 
    +--------+---------+----------+------------+
    |  Clock |  Target | Estimated| Uncertainty|
    +--------+---------+----------+------------+
    |ap_clk  |  3.33 ns|  2.301 ns|     0.90 ns|
    +--------+---------+----------+------------+

+ Latency: 
    * Summary: 
    +---------+---------+----------+----------+-----+-----+---------+
    |  Latency (cycles) |  Latency (absolute) |  Interval | Pipeline|
    |   min   |   max   |    min   |    max   | min | max |   Type  |
    +---------+---------+----------+----------+-----+-----+---------+
    |        ?|        ?|         ?|         ?|    ?|    ?|       no|
    +---------+---------+----------+----------+-----+-----+---------+

    + Detail: 
        * Instance: 
        +-------------------------------------------------+--------------------------------------+---------+---------+----------+----------+-----+-----+---------+
        |                                                 |                                      |  Latency (cycles) |  Latency (absolute) |  Interval | Pipeline|
        |                     Instance                    |                Module                |   min   |   max   |    min   |    max   | min | max |   Type  |
        +-------------------------------------------------+--------------------------------------+---------+---------+----------+----------+-----+-----+---------+
        |grp_stencilRun_Pipeline_VITIS_LOOP_194_1_fu_132  |stencilRun_Pipeline_VITIS_LOOP_194_1  |        ?|        ?|         ?|         ?|    ?|    ?|       no|
        +-------------------------------------------------+--------------------------------------+---------+---------+----------+----------+-----+-----+---------+

        * Loop: 
        N/A



================================================================
== Utilization Estimates
================================================================
* Summary: 
+-----------------+---------+------+---------+--------+-----+
|       Name      | BRAM_18K|  DSP |    FF   |   LUT  | URAM|
+-----------------+---------+------+---------+--------+-----+
|DSP              |        -|     2|        -|       -|    -|
|Expression       |        -|     -|        0|      65|    -|
|FIFO             |        -|     -|        -|       -|    -|
|Instance         |        -|    76|    14852|    4086|    -|
|Memory           |       16|     -|        0|       0|   16|
|Multiplexer      |        -|     -|        -|      10|    -|
|Register         |        -|     -|      153|       -|    -|
+-----------------+---------+------+---------+--------+-----+
|Total            |       16|    78|    15005|    4161|   16|
+-----------------+---------+------+---------+--------+-----+
|Available        |     1934|  1968|  1799680|  899840|  463|
+-----------------+---------+------+---------+--------+-----+
|Utilization (%)  |       ~0|     3|       ~0|      ~0|    3|
+-----------------+---------+------+---------+--------+-----+

+ Detail: 
    * Instance: 
    +-------------------------------------------------+--------------------------------------+---------+----+-------+------+-----+
    |                     Instance                    |                Module                | BRAM_18K| DSP|   FF  |  LUT | URAM|
    +-------------------------------------------------+--------------------------------------+---------+----+-------+------+-----+
    |mul_32s_16ns_32_3_1_U73                          |mul_32s_16ns_32_3_1                   |        0|   2|     23|     0|    0|
    |mul_32s_16ns_32_3_1_U74                          |mul_32s_16ns_32_3_1                   |        0|   2|     23|     0|    0|
    |grp_stencilRun_Pipeline_VITIS_LOOP_194_1_fu_132  |stencilRun_Pipeline_VITIS_LOOP_194_1  |        0|  72|  14806|  4086|    0|
    +-------------------------------------------------+--------------------------------------+---------+----+-------+------+-----+
    |Total                                            |                                      |        0|  76|  14852|  4086|    0|
    +-------------------------------------------------+--------------------------------------+---------+----+-------+------+-----+

    * DSP: 
    +------------------------------------+--------------------------------+--------------+
    |              Instance              |             Module             |  Expression  |
    +------------------------------------+--------------------------------+--------------+
    |mac_muladd_16ns_16ns_1s_16_4_1_U76  |mac_muladd_16ns_16ns_1s_16_4_1  |  i0 * i1 + i2|
    |mul_mul_16ns_16ns_32_4_1_U75        |mul_mul_16ns_16ns_32_4_1        |       i0 * i1|
    +------------------------------------+--------------------------------+--------------+

    * Memory: 
    +----------------------+-------------------------------------------------+---------+---+----+-----+-------+-----+------+-------------+
    |        Memory        |                      Module                     | BRAM_18K| FF| LUT| URAM| Words | Bits| Banks| W*Bits*Banks|
    +----------------------+-------------------------------------------------+---------+---+----+-----+-------+-----+------+-------------+
    |arg0_buf_p0_1_V_U     |stencilRun_arg0_buf_p0_1_V_RAM_S2P_URAM_2R1W     |        0|  0|   0|    8|  11476|  256|     1|      2937856|
    |arg0_buf_p1_2_V_U     |stencilRun_arg0_buf_p0_1_V_RAM_S2P_URAM_2R1W     |        0|  0|   0|    8|  11476|  256|     1|      2937856|
    |arg0_buf_r0_1_p1_V_U  |stencilRun_arg0_buf_r0_1_p1_V_RAM_S2P_BRAM_2R1W  |        8|  0|   0|    0|     38|  256|     1|         9728|
    |arg0_buf_r1_2_p1_V_U  |stencilRun_arg0_buf_r0_1_p1_V_RAM_S2P_BRAM_2R1W  |        8|  0|   0|    0|     38|  256|     1|         9728|
    +----------------------+-------------------------------------------------+---------+---+----+-----+-------+-----+------+-------------+
    |Total                 |                                                 |       16|  0|   0|   16|  23028| 1024|     4|      5895168|
    +----------------------+-------------------------------------------------+---------+---+----+-----+-------+-----+------+-------------+

    * FIFO: 
    N/A

    * Expression: 
    +----------------------+----------+----+---+----+------------+------------+
    |     Variable Name    | Operation| DSP| FF| LUT| Bitwidth P0| Bitwidth P1|
    +----------------------+----------+----+---+----+------------+------------+
    |add_ln190_fu_189_p2   |         +|   0|  0|  17|          17|           2|
    |cond_x_val_fu_196_p2  |         +|   0|  0|  16|          16|           2|
    |cond_y_val_fu_202_p2  |         +|   0|  0|  16|          16|           2|
    |cond_z_val_fu_208_p2  |         +|   0|  0|  16|          16|           2|
    +----------------------+----------+----+---+----+------------+------------+
    |Total                 |          |   0|  0|  65|          65|           8|
    +----------------------+----------+----+---+----+------------+------------+

    * Multiplexer: 
    +-----------------------------+----+-----------+-----+-----------+
    |             Name            | LUT| Input Size| Bits| Total Bits|
    +-----------------------------+----+-----------+-----+-----------+
    |ap_NS_fsm                    |   6|          8|    1|          8|
    |arg0_arg1_streams_1313_read  |   2|          2|    1|          2|
    |arg0_arg1_streams_14_write   |   2|          2|    1|          2|
    +-----------------------------+----+-----------+-----+-----------+
    |Total                        |  10|         12|    3|         12|
    +-----------------------------+----+-----------+-----+-----------+

    * Register: 
    +--------------------------------------------------------------+----+----+-----+-----------+
    |                             Name                             | FF | LUT| Bits| Const Bits|
    +--------------------------------------------------------------+----+----+-----+-----------+
    |S3D_7PT_read_ub_itr_reg_313                                   |  32|   0|   32|          0|
    |add_ln190_reg_318                                             |  17|   0|   17|          0|
    |ap_CS_fsm                                                     |   7|   0|    7|          0|
    |cond_x_val_reg_323                                            |  16|   0|   16|          0|
    |cond_y_val_reg_328                                            |  16|   0|   16|          0|
    |cond_z_val_reg_333                                            |  16|   0|   16|          0|
    |grp_stencilRun_Pipeline_VITIS_LOOP_194_1_fu_132_ap_start_reg  |   1|   0|    1|          0|
    |iter_limit_reg_308                                            |  32|   0|   32|          0|
    |plane_diff_reg_303                                            |  16|   0|   16|          0|
    +--------------------------------------------------------------+----+----+-----+-----------+
    |Total                                                         | 153|   0|  153|          0|
    +--------------------------------------------------------------+----+----+-----+-----------+



================================================================
== Interface
================================================================
* Summary: 
+---------------------------------------+-----+-----+------------+------------------------+--------------+
|               RTL Ports               | Dir | Bits|  Protocol  |      Source Object     |    C Type    |
+---------------------------------------+-----+-----+------------+------------------------+--------------+
|ap_clk                                 |   in|    1|  ap_ctrl_hs|              stencilRun|  return value|
|ap_rst                                 |   in|    1|  ap_ctrl_hs|              stencilRun|  return value|
|ap_start                               |   in|    1|  ap_ctrl_hs|              stencilRun|  return value|
|ap_done                                |  out|    1|  ap_ctrl_hs|              stencilRun|  return value|
|ap_idle                                |  out|    1|  ap_ctrl_hs|              stencilRun|  return value|
|ap_ready                               |  out|    1|  ap_ctrl_hs|              stencilRun|  return value|
|p_read                                 |   in|   16|     ap_none|                  p_read|        scalar|
|p_read1                                |   in|   16|     ap_none|                 p_read1|        scalar|
|p_read2                                |   in|   16|     ap_none|                 p_read2|        scalar|
|p_read3                                |   in|   16|     ap_none|                 p_read3|        scalar|
|p_read4                                |   in|   16|     ap_none|                 p_read4|        scalar|
|p_read5                                |   in|   16|     ap_none|                 p_read5|        scalar|
|p_read6                                |   in|   16|     ap_none|                 p_read6|        scalar|
|p_read7                                |   in|   16|     ap_none|                 p_read7|        scalar|
|p_read8                                |   in|   16|     ap_none|                 p_read8|        scalar|
|p_read9                                |   in|   16|     ap_none|                 p_read9|        scalar|
|arg0_arg1_streams_1313_dout            |   in|  256|     ap_fifo|  arg0_arg1_streams_1313|       pointer|
|arg0_arg1_streams_1313_num_data_valid  |   in|    5|     ap_fifo|  arg0_arg1_streams_1313|       pointer|
|arg0_arg1_streams_1313_fifo_cap        |   in|    5|     ap_fifo|  arg0_arg1_streams_1313|       pointer|
|arg0_arg1_streams_1313_empty_n         |   in|    1|     ap_fifo|  arg0_arg1_streams_1313|       pointer|
|arg0_arg1_streams_1313_read            |  out|    1|     ap_fifo|  arg0_arg1_streams_1313|       pointer|
|arg0_arg1_streams_14_din               |  out|  256|     ap_fifo|    arg0_arg1_streams_14|       pointer|
|arg0_arg1_streams_14_num_data_valid    |   in|    5|     ap_fifo|    arg0_arg1_streams_14|       pointer|
|arg0_arg1_streams_14_fifo_cap          |   in|    5|     ap_fifo|    arg0_arg1_streams_14|       pointer|
|arg0_arg1_streams_14_full_n            |   in|    1|     ap_fifo|    arg0_arg1_streams_14|       pointer|
|arg0_arg1_streams_14_write             |  out|    1|     ap_fifo|    arg0_arg1_streams_14|       pointer|
+---------------------------------------+-----+-----+------------+------------------------+--------------+

============================================================
+ Verbose Summary: Synthesis Manager
============================================================
InlineROM: 1
ExposeGlobal: 0
============================================================
+ Verbose Summary: CDFG Model
============================================================
IsTopModel: 0
ResetActiveHigh: 1
IsCombinational: 2
IsDatapathOnly: 2
HasWiredReturn: 1
HasMFsm: 0
HasVarLatency: 1
IsPipeline: 0
IsRtlPipelined: 0
IsInstanceOverlapped: 0
IsDontTouch: 0
HasImplIP: 0
IsGatedGlobalClock: 0


============================================================
+ Verbose Summary: Schedule
============================================================
* Number of FSM states : 7
* Pipeline : 0
* Dataflow Pipeline: 0

* FSM state transitions: 
1 --> 2 
2 --> 3 
3 --> 4 
4 --> 5 
5 --> 6 
6 --> 7 
7 --> 

* FSM state operations: 

State 1 <SV = 0> <Delay = 1.04>
ST_1 : Operation 8 [1/1] (0.00ns)   --->   "%p_read_14 = read i16 @_ssdm_op_Read.ap_auto.i16, i16 %p_read1"   --->   Operation 8 'read' 'p_read_14' <Predicate = true> <Delay = 0.00>
ST_1 : Operation 9 [1/1] (0.00ns)   --->   "%p_read45 = read i16 @_ssdm_op_Read.ap_auto.i16, i16 %p_read"   --->   Operation 9 'read' 'p_read45' <Predicate = true> <Delay = 0.00>
ST_1 : Operation 10 [1/1] (1.04ns)   --->   "%arg0_buf_p0_1_V = alloca i64 1" [/home/x_thileeb/repos/ops-hls-pact25-artifact/codegen_apps/jacobian3d/vck5000_project/hls/device/include/PE_jac3D_kernel_stencil.hpp:170]   --->   Operation 10 'alloca' 'arg0_buf_p0_1_V' <Predicate = true> <Delay = 1.04> <CoreInst = "RAM_S2P_URAM">   --->   Core 102 'RAM_S2P_URAM' <Latency = 2> <II = 1> <Delay = 1.25> <Storage> <Opcode : 'load' 'store'> <Ports = 2> <Width = 256> <Depth = 11476> <RAM>
ST_1 : Operation 11 [1/1] (0.77ns)   --->   "%arg0_buf_r0_1_p1_V = alloca i64 1" [/home/x_thileeb/repos/ops-hls-pact25-artifact/codegen_apps/jacobian3d/vck5000_project/hls/device/include/PE_jac3D_kernel_stencil.hpp:172]   --->   Operation 11 'alloca' 'arg0_buf_r0_1_p1_V' <Predicate = true> <Delay = 0.77> <CoreInst = "RAM_S2P_BRAM">   --->   Core 101 'RAM_S2P_BRAM' <Latency = 2> <II = 1> <Delay = 1.25> <Storage> <Opcode : 'load' 'store'> <Ports = 2> <Width = 256> <Depth = 38> <RAM>
ST_1 : Operation 12 [1/1] (0.77ns)   --->   "%arg0_buf_r1_2_p1_V = alloca i64 1" [/home/x_thileeb/repos/ops-hls-pact25-artifact/codegen_apps/jacobian3d/vck5000_project/hls/device/include/PE_jac3D_kernel_stencil.hpp:174]   --->   Operation 12 'alloca' 'arg0_buf_r1_2_p1_V' <Predicate = true> <Delay = 0.77> <CoreInst = "RAM_S2P_BRAM">   --->   Core 101 'RAM_S2P_BRAM' <Latency = 2> <II = 1> <Delay = 1.25> <Storage> <Opcode : 'load' 'store'> <Ports = 2> <Width = 256> <Depth = 38> <RAM>
ST_1 : Operation 13 [1/1] (1.04ns)   --->   "%arg0_buf_p1_2_V = alloca i64 1" [/home/x_thileeb/repos/ops-hls-pact25-artifact/codegen_apps/jacobian3d/vck5000_project/hls/device/include/PE_jac3D_kernel_stencil.hpp:176]   --->   Operation 13 'alloca' 'arg0_buf_p1_2_V' <Predicate = true> <Delay = 1.04> <CoreInst = "RAM_S2P_URAM">   --->   Core 102 'RAM_S2P_URAM' <Latency = 2> <II = 1> <Delay = 1.25> <Storage> <Opcode : 'load' 'store'> <Ports = 2> <Width = 256> <Depth = 11476> <RAM>
ST_1 : Operation 14 [1/1] (0.00ns)   --->   "%zext_ln96 = zext i16 %p_read45" [/home/x_thileeb/repos/ops-hls-pact25-artifact/codegen_apps/jacobian3d/vck5000_project/hls/device/include/PE_jac3D_kernel_stencil.hpp:96]   --->   Operation 14 'zext' 'zext_ln96' <Predicate = true> <Delay = 0.00>
ST_1 : Operation 15 [1/1] (0.00ns)   --->   "%zext_ln96_1 = zext i16 %p_read_14" [/home/x_thileeb/repos/ops-hls-pact25-artifact/codegen_apps/jacobian3d/vck5000_project/hls/device/include/PE_jac3D_kernel_stencil.hpp:96]   --->   Operation 15 'zext' 'zext_ln96_1' <Predicate = true> <Delay = 0.00>
ST_1 : Operation 16 [4/4] (0.53ns) (root node of the DSP)   --->   "%mul_ln147 = mul i32 %zext_ln96_1, i32 %zext_ln96" [/home/x_thileeb/repos/ops-hls-pact25-artifact/codegen_apps/jacobian3d/vck5000_project/hls/device/include/PE_jac3D_kernel_stencil.hpp:147]   --->   Operation 16 'mul' 'mul_ln147' <Predicate = true> <Delay = 0.53> <CoreInst = "DSP48">   --->   Core 132 'DSP48' <Latency = 3> <II = 1> <Delay = 0.53> <IPBlock> <Opcode : 'mul' 'add' 'sub' 'select'> <InPorts = 0> <OutPorts = 1> <Sync> <CReg>

State 2 <SV = 1> <Delay = 0.79>
ST_2 : Operation 17 [3/3] (0.79ns) (grouped into DSP with root node plane_diff)   --->   "%mul_ln96 = mul i16 %p_read_14, i16 %p_read45" [/home/x_thileeb/repos/ops-hls-pact25-artifact/codegen_apps/jacobian3d/vck5000_project/hls/device/include/PE_jac3D_kernel_stencil.hpp:96]   --->   Operation 17 'mul' 'mul_ln96' <Predicate = true> <Delay = 0.79> <CoreInst = "DSP48">   --->   Core 132 'DSP48' <Latency = 3> <II = 1> <Delay = 0.53> <IPBlock> <Opcode : 'mul' 'add' 'sub' 'select'> <InPorts = 0> <OutPorts = 1> <Sync> <CReg>
ST_2 : Operation 18 [3/4] (0.53ns) (root node of the DSP)   --->   "%mul_ln147 = mul i32 %zext_ln96_1, i32 %zext_ln96" [/home/x_thileeb/repos/ops-hls-pact25-artifact/codegen_apps/jacobian3d/vck5000_project/hls/device/include/PE_jac3D_kernel_stencil.hpp:147]   --->   Operation 18 'mul' 'mul_ln147' <Predicate = true> <Delay = 0.53> <CoreInst = "DSP48">   --->   Core 132 'DSP48' <Latency = 3> <II = 1> <Delay = 0.53> <IPBlock> <Opcode : 'mul' 'add' 'sub' 'select'> <InPorts = 0> <OutPorts = 1> <Sync> <CReg>

State 3 <SV = 2> <Delay = 0.79>
ST_3 : Operation 19 [2/3] (0.79ns) (grouped into DSP with root node plane_diff)   --->   "%mul_ln96 = mul i16 %p_read_14, i16 %p_read45" [/home/x_thileeb/repos/ops-hls-pact25-artifact/codegen_apps/jacobian3d/vck5000_project/hls/device/include/PE_jac3D_kernel_stencil.hpp:96]   --->   Operation 19 'mul' 'mul_ln96' <Predicate = true> <Delay = 0.79> <CoreInst = "DSP48">   --->   Core 132 'DSP48' <Latency = 3> <II = 1> <Delay = 0.53> <IPBlock> <Opcode : 'mul' 'add' 'sub' 'select'> <InPorts = 0> <OutPorts = 1> <Sync> <CReg>
ST_3 : Operation 20 [2/4] (0.53ns) (root node of the DSP)   --->   "%mul_ln147 = mul i32 %zext_ln96_1, i32 %zext_ln96" [/home/x_thileeb/repos/ops-hls-pact25-artifact/codegen_apps/jacobian3d/vck5000_project/hls/device/include/PE_jac3D_kernel_stencil.hpp:147]   --->   Operation 20 'mul' 'mul_ln147' <Predicate = true> <Delay = 0.53> <CoreInst = "DSP48">   --->   Core 132 'DSP48' <Latency = 3> <II = 1> <Delay = 0.53> <IPBlock> <Opcode : 'mul' 'add' 'sub' 'select'> <InPorts = 0> <OutPorts = 1> <Sync> <CReg>

State 4 <SV = 3> <Delay = 0.70>
ST_4 : Operation 21 [1/1] (0.00ns)   --->   "%p_read_6 = read i16 @_ssdm_op_Read.ap_auto.i16, i16 %p_read9"   --->   Operation 21 'read' 'p_read_6' <Predicate = true> <Delay = 0.00>
ST_4 : Operation 22 [1/1] (0.00ns)   --->   "%p_read_13 = read i16 @_ssdm_op_Read.ap_auto.i16, i16 %p_read2"   --->   Operation 22 'read' 'p_read_13' <Predicate = true> <Delay = 0.00>
ST_4 : Operation 23 [1/3] (0.00ns) (grouped into DSP with root node plane_diff)   --->   "%mul_ln96 = mul i16 %p_read_14, i16 %p_read45" [/home/x_thileeb/repos/ops-hls-pact25-artifact/codegen_apps/jacobian3d/vck5000_project/hls/device/include/PE_jac3D_kernel_stencil.hpp:96]   --->   Operation 23 'mul' 'mul_ln96' <Predicate = true> <Delay = 0.00> <CoreInst = "DSP48">   --->   Core 132 'DSP48' <Latency = 3> <II = 1> <Delay = 0.53> <IPBlock> <Opcode : 'mul' 'add' 'sub' 'select'> <InPorts = 0> <OutPorts = 1> <Sync> <CReg>
ST_4 : Operation 24 [2/2] (0.64ns) (root node of the DSP)   --->   "%plane_diff = add i16 %mul_ln96, i16 65535" [/home/x_thileeb/repos/ops-hls-pact25-artifact/codegen_apps/jacobian3d/vck5000_project/hls/device/include/PE_jac3D_kernel_stencil.hpp:96]   --->   Operation 24 'add' 'plane_diff' <Predicate = true> <Delay = 0.64> <CoreInst = "DSP48">   --->   Core 132 'DSP48' <Latency = 3> <II = 1> <Delay = 0.53> <IPBlock> <Opcode : 'mul' 'add' 'sub' 'select'> <InPorts = 0> <OutPorts = 1> <Sync> <CReg>
ST_4 : Operation 25 [1/1] (0.00ns)   --->   "%zext_ln147 = zext i16 %p_read_6" [/home/x_thileeb/repos/ops-hls-pact25-artifact/codegen_apps/jacobian3d/vck5000_project/hls/device/include/PE_jac3D_kernel_stencil.hpp:147]   --->   Operation 25 'zext' 'zext_ln147' <Predicate = true> <Delay = 0.00>
ST_4 : Operation 26 [1/4] (0.00ns) (root node of the DSP)   --->   "%mul_ln147 = mul i32 %zext_ln96_1, i32 %zext_ln96" [/home/x_thileeb/repos/ops-hls-pact25-artifact/codegen_apps/jacobian3d/vck5000_project/hls/device/include/PE_jac3D_kernel_stencil.hpp:147]   --->   Operation 26 'mul' 'mul_ln147' <Predicate = true> <Delay = 0.00> <CoreInst = "DSP48">   --->   Core 132 'DSP48' <Latency = 3> <II = 1> <Delay = 0.53> <IPBlock> <Opcode : 'mul' 'add' 'sub' 'select'> <InPorts = 0> <OutPorts = 1> <Sync> <CReg>
ST_4 : Operation 27 [3/3] (0.70ns)   --->   "%iter_limit = mul i32 %mul_ln147, i32 %zext_ln147" [/home/x_thileeb/repos/ops-hls-pact25-artifact/codegen_apps/jacobian3d/vck5000_project/hls/device/include/PE_jac3D_kernel_stencil.hpp:148]   --->   Operation 27 'mul' 'iter_limit' <Predicate = true> <Delay = 0.70> <CoreInst = "Multiplier">   --->   Core 3 'Multiplier' <Latency = 2> <II = 1> <Delay = 1.92> <FuncUnit> <Opcode : 'mul'> <InPorts = 2> <OutPorts = 1>
ST_4 : Operation 28 [1/1] (0.00ns)   --->   "%zext_ln152 = zext i16 %p_read_13" [/home/x_thileeb/repos/ops-hls-pact25-artifact/codegen_apps/jacobian3d/vck5000_project/hls/device/include/PE_jac3D_kernel_stencil.hpp:152]   --->   Operation 28 'zext' 'zext_ln152' <Predicate = true> <Delay = 0.00>
ST_4 : Operation 29 [3/3] (0.70ns)   --->   "%S3D_7PT_read_ub_itr = mul i32 %mul_ln147, i32 %zext_ln152" [/home/x_thileeb/repos/ops-hls-pact25-artifact/codegen_apps/jacobian3d/vck5000_project/hls/device/include/PE_jac3D_kernel_stencil.hpp:152]   --->   Operation 29 'mul' 'S3D_7PT_read_ub_itr' <Predicate = true> <Delay = 0.70> <CoreInst = "Multiplier">   --->   Core 3 'Multiplier' <Latency = 2> <II = 1> <Delay = 1.92> <FuncUnit> <Opcode : 'mul'> <InPorts = 2> <OutPorts = 1>

State 5 <SV = 4> <Delay = 1.92>
ST_5 : Operation 30 [1/1] (0.00ns)   --->   "%p_read_7 = read i16 @_ssdm_op_Read.ap_auto.i16, i16 %p_read8"   --->   Operation 30 'read' 'p_read_7' <Predicate = true> <Delay = 0.00>
ST_5 : Operation 31 [1/1] (0.00ns)   --->   "%p_read_8 = read i16 @_ssdm_op_Read.ap_auto.i16, i16 %p_read7"   --->   Operation 31 'read' 'p_read_8' <Predicate = true> <Delay = 0.00>
ST_5 : Operation 32 [1/1] (0.00ns)   --->   "%p_read_9 = read i16 @_ssdm_op_Read.ap_auto.i16, i16 %p_read6"   --->   Operation 32 'read' 'p_read_9' <Predicate = true> <Delay = 0.00>
ST_5 : Operation 33 [1/1] (0.00ns)   --->   "%p_read_10 = read i16 @_ssdm_op_Read.ap_auto.i16, i16 %p_read5"   --->   Operation 33 'read' 'p_read_10' <Predicate = true> <Delay = 0.00>
ST_5 : Operation 34 [1/1] (0.00ns)   --->   "%p_read_11 = read i16 @_ssdm_op_Read.ap_auto.i16, i16 %p_read4"   --->   Operation 34 'read' 'p_read_11' <Predicate = true> <Delay = 0.00>
ST_5 : Operation 35 [1/1] (0.00ns)   --->   "%p_read_12 = read i16 @_ssdm_op_Read.ap_auto.i16, i16 %p_read3"   --->   Operation 35 'read' 'p_read_12' <Predicate = true> <Delay = 0.00>
ST_5 : Operation 36 [1/2] (0.64ns) (root node of the DSP)   --->   "%plane_diff = add i16 %mul_ln96, i16 65535" [/home/x_thileeb/repos/ops-hls-pact25-artifact/codegen_apps/jacobian3d/vck5000_project/hls/device/include/PE_jac3D_kernel_stencil.hpp:96]   --->   Operation 36 'add' 'plane_diff' <Predicate = true> <Delay = 0.64> <CoreInst = "DSP48">   --->   Core 132 'DSP48' <Latency = 3> <II = 1> <Delay = 0.53> <IPBlock> <Opcode : 'mul' 'add' 'sub' 'select'> <InPorts = 0> <OutPorts = 1> <Sync> <CReg>
ST_5 : Operation 37 [2/3] (1.92ns)   --->   "%iter_limit = mul i32 %mul_ln147, i32 %zext_ln147" [/home/x_thileeb/repos/ops-hls-pact25-artifact/codegen_apps/jacobian3d/vck5000_project/hls/device/include/PE_jac3D_kernel_stencil.hpp:148]   --->   Operation 37 'mul' 'iter_limit' <Predicate = true> <Delay = 1.92> <CoreInst = "Multiplier">   --->   Core 3 'Multiplier' <Latency = 2> <II = 1> <Delay = 1.92> <FuncUnit> <Opcode : 'mul'> <InPorts = 2> <OutPorts = 1>
ST_5 : Operation 38 [2/3] (1.92ns)   --->   "%S3D_7PT_read_ub_itr = mul i32 %mul_ln147, i32 %zext_ln152" [/home/x_thileeb/repos/ops-hls-pact25-artifact/codegen_apps/jacobian3d/vck5000_project/hls/device/include/PE_jac3D_kernel_stencil.hpp:152]   --->   Operation 38 'mul' 'S3D_7PT_read_ub_itr' <Predicate = true> <Delay = 1.92> <CoreInst = "Multiplier">   --->   Core 3 'Multiplier' <Latency = 2> <II = 1> <Delay = 1.92> <FuncUnit> <Opcode : 'mul'> <InPorts = 2> <OutPorts = 1>

State 6 <SV = 5> <Delay = 1.99>
ST_6 : Operation 39 [1/1] (0.00ns)   --->   "%zext_ln96_2 = zext i16 %p_read45" [/home/x_thileeb/repos/ops-hls-pact25-artifact/codegen_apps/jacobian3d/vck5000_project/hls/device/include/PE_jac3D_kernel_stencil.hpp:96]   --->   Operation 39 'zext' 'zext_ln96_2' <Predicate = true> <Delay = 0.00>
ST_6 : Operation 40 [1/3] (0.26ns)   --->   "%iter_limit = mul i32 %mul_ln147, i32 %zext_ln147" [/home/x_thileeb/repos/ops-hls-pact25-artifact/codegen_apps/jacobian3d/vck5000_project/hls/device/include/PE_jac3D_kernel_stencil.hpp:148]   --->   Operation 40 'mul' 'iter_limit' <Predicate = true> <Delay = 0.26> <CoreInst = "Multiplier">   --->   Core 3 'Multiplier' <Latency = 2> <II = 1> <Delay = 1.92> <FuncUnit> <Opcode : 'mul'> <InPorts = 2> <OutPorts = 1>
ST_6 : Operation 41 [1/3] (0.26ns)   --->   "%S3D_7PT_read_ub_itr = mul i32 %mul_ln147, i32 %zext_ln152" [/home/x_thileeb/repos/ops-hls-pact25-artifact/codegen_apps/jacobian3d/vck5000_project/hls/device/include/PE_jac3D_kernel_stencil.hpp:152]   --->   Operation 41 'mul' 'S3D_7PT_read_ub_itr' <Predicate = true> <Delay = 0.26> <CoreInst = "Multiplier">   --->   Core 3 'Multiplier' <Latency = 2> <II = 1> <Delay = 1.92> <FuncUnit> <Opcode : 'mul'> <InPorts = 2> <OutPorts = 1>
ST_6 : Operation 42 [1/1] (0.82ns)   --->   "%add_ln190 = add i17 %zext_ln96_2, i17 131071" [/home/x_thileeb/repos/ops-hls-pact25-artifact/codegen_apps/jacobian3d/vck5000_project/hls/device/include/PE_jac3D_kernel_stencil.hpp:190]   --->   Operation 42 'add' 'add_ln190' <Predicate = true> <Delay = 0.82> <CoreInst = "Adder">   --->   Core 1 'Adder' <Latency = 0> <II = 1> <Delay = 0.82> <FuncUnit> <Opcode : 'add' 'sub'> <InPorts = 2> <OutPorts = 1>
ST_6 : Operation 43 [1/1] (0.82ns)   --->   "%cond_x_val = add i16 %p_read45, i16 65535" [/home/x_thileeb/repos/ops-hls-pact25-artifact/codegen_apps/jacobian3d/vck5000_project/hls/device/include/PE_jac3D_kernel_stencil.hpp:190]   --->   Operation 43 'add' 'cond_x_val' <Predicate = true> <Delay = 0.82> <CoreInst = "Adder">   --->   Core 1 'Adder' <Latency = 0> <II = 1> <Delay = 0.82> <FuncUnit> <Opcode : 'add' 'sub'> <InPorts = 2> <OutPorts = 1>
ST_6 : Operation 44 [1/1] (0.82ns)   --->   "%cond_y_val = add i16 %p_read_14, i16 65535" [/home/x_thileeb/repos/ops-hls-pact25-artifact/codegen_apps/jacobian3d/vck5000_project/hls/device/include/PE_jac3D_kernel_stencil.hpp:191]   --->   Operation 44 'add' 'cond_y_val' <Predicate = true> <Delay = 0.82> <CoreInst = "Adder">   --->   Core 1 'Adder' <Latency = 0> <II = 1> <Delay = 0.82> <FuncUnit> <Opcode : 'add' 'sub'> <InPorts = 2> <OutPorts = 1>
ST_6 : Operation 45 [1/1] (0.82ns)   --->   "%cond_z_val = add i16 %p_read_6, i16 65535" [/home/x_thileeb/repos/ops-hls-pact25-artifact/codegen_apps/jacobian3d/vck5000_project/hls/device/include/PE_jac3D_kernel_stencil.hpp:192]   --->   Operation 45 'add' 'cond_z_val' <Predicate = true> <Delay = 0.82> <CoreInst = "Adder">   --->   Core 1 'Adder' <Latency = 0> <II = 1> <Delay = 0.82> <FuncUnit> <Opcode : 'add' 'sub'> <InPorts = 2> <OutPorts = 1>
ST_6 : Operation 46 [1/1] (0.00ns)   --->   "%empty = wait i32 @_ssdm_op_Wait"   --->   Operation 46 'wait' 'empty' <Predicate = true> <Delay = 0.00>
ST_6 : Operation 47 [2/2] (1.17ns)   --->   "%call_ln148 = call void @stencilRun_Pipeline_VITIS_LOOP_194_1, i16 %p_read45, i32 %iter_limit, i256 %arg0_arg1_streams_14, i16 %p_read_12, i16 %p_read_9, i16 %p_read_7, i256 %arg0_buf_p0_1_V, i256 %arg0_buf_r0_1_p1_V, i256 %arg0_buf_r1_2_p1_V, i256 %arg0_buf_p1_2_V, i16 %plane_diff, i17 %add_ln190, i16 %p_read_11, i16 %p_read_8, i16 %p_read_10, i16 %cond_x_val, i16 %cond_y_val, i16 %cond_z_val, i32 %S3D_7PT_read_ub_itr, i256 %arg0_arg1_streams_1313" [/home/x_thileeb/repos/ops-hls-pact25-artifact/codegen_apps/jacobian3d/vck5000_project/hls/device/include/PE_jac3D_kernel_stencil.hpp:148]   --->   Operation 47 'call' 'call_ln148' <Predicate = true> <Delay = 1.17> <CoreType = "Generic">   --->   Core 0 '' <Latency = 0> <II = 1> <Delay = 1.00> <Generic> <Opcode : >

State 7 <SV = 6> <Delay = 0.00>
ST_7 : Operation 48 [1/1] (0.00ns)   --->   "%specinterface_ln0 = specinterface void @_ssdm_op_SpecInterface, i256 %arg0_arg1_streams_1313, void @empty_2, i32 0, i32 0, void @empty_18, i32 0, i32 0, void @empty_18, void @empty_18, void @empty_18, i32 0, i32 0, i32 0, i32 0, void @empty_18, void @empty_18, i32 4294967295, i32 0"   --->   Operation 48 'specinterface' 'specinterface_ln0' <Predicate = true> <Delay = 0.00>
ST_7 : Operation 49 [1/1] (0.00ns)   --->   "%specinterface_ln0 = specinterface void @_ssdm_op_SpecInterface, i256 %arg0_arg1_streams_14, void @empty_2, i32 0, i32 0, void @empty_18, i32 0, i32 0, void @empty_18, void @empty_18, void @empty_18, i32 0, i32 0, i32 0, i32 0, void @empty_18, void @empty_18, i32 4294967295, i32 0"   --->   Operation 49 'specinterface' 'specinterface_ln0' <Predicate = true> <Delay = 0.00>
ST_7 : Operation 50 [1/1] (0.00ns)   --->   "%specmemcore_ln171 = specmemcore void @_ssdm_op_SpecMemCore, i256 %arg0_buf_p0_1_V, i64 666, i64 28, i64 2" [/home/x_thileeb/repos/ops-hls-pact25-artifact/codegen_apps/jacobian3d/vck5000_project/hls/device/include/PE_jac3D_kernel_stencil.hpp:171]   --->   Operation 50 'specmemcore' 'specmemcore_ln171' <Predicate = true> <Delay = 0.00>
ST_7 : Operation 51 [1/1] (0.00ns)   --->   "%specmemcore_ln173 = specmemcore void @_ssdm_op_SpecMemCore, i256 %arg0_buf_r0_1_p1_V, i64 666, i64 211, i64 2" [/home/x_thileeb/repos/ops-hls-pact25-artifact/codegen_apps/jacobian3d/vck5000_project/hls/device/include/PE_jac3D_kernel_stencil.hpp:173]   --->   Operation 51 'specmemcore' 'specmemcore_ln173' <Predicate = true> <Delay = 0.00>
ST_7 : Operation 52 [1/1] (0.00ns)   --->   "%specmemcore_ln175 = specmemcore void @_ssdm_op_SpecMemCore, i256 %arg0_buf_r1_2_p1_V, i64 666, i64 211, i64 2" [/home/x_thileeb/repos/ops-hls-pact25-artifact/codegen_apps/jacobian3d/vck5000_project/hls/device/include/PE_jac3D_kernel_stencil.hpp:175]   --->   Operation 52 'specmemcore' 'specmemcore_ln175' <Predicate = true> <Delay = 0.00>
ST_7 : Operation 53 [1/1] (0.00ns)   --->   "%specmemcore_ln177 = specmemcore void @_ssdm_op_SpecMemCore, i256 %arg0_buf_p1_2_V, i64 666, i64 28, i64 2" [/home/x_thileeb/repos/ops-hls-pact25-artifact/codegen_apps/jacobian3d/vck5000_project/hls/device/include/PE_jac3D_kernel_stencil.hpp:177]   --->   Operation 53 'specmemcore' 'specmemcore_ln177' <Predicate = true> <Delay = 0.00>
ST_7 : Operation 54 [1/2] (0.00ns)   --->   "%call_ln148 = call void @stencilRun_Pipeline_VITIS_LOOP_194_1, i16 %p_read45, i32 %iter_limit, i256 %arg0_arg1_streams_14, i16 %p_read_12, i16 %p_read_9, i16 %p_read_7, i256 %arg0_buf_p0_1_V, i256 %arg0_buf_r0_1_p1_V, i256 %arg0_buf_r1_2_p1_V, i256 %arg0_buf_p1_2_V, i16 %plane_diff, i17 %add_ln190, i16 %p_read_11, i16 %p_read_8, i16 %p_read_10, i16 %cond_x_val, i16 %cond_y_val, i16 %cond_z_val, i32 %S3D_7PT_read_ub_itr, i256 %arg0_arg1_streams_1313" [/home/x_thileeb/repos/ops-hls-pact25-artifact/codegen_apps/jacobian3d/vck5000_project/hls/device/include/PE_jac3D_kernel_stencil.hpp:148]   --->   Operation 54 'call' 'call_ln148' <Predicate = true> <Delay = 0.00> <CoreType = "Generic">   --->   Core 0 '' <Latency = 0> <II = 1> <Delay = 1.00> <Generic> <Opcode : >
ST_7 : Operation 55 [1/1] (0.00ns)   --->   "%ret_ln463 = ret" [/home/x_thileeb/repos/ops-hls-pact25-artifact/codegen_apps/jacobian3d/vck5000_project/hls/device/include/PE_jac3D_kernel_stencil.hpp:463]   --->   Operation 55 'ret' 'ret_ln463' <Predicate = true> <Delay = 0.00>


============================================================
+ Verbose Summary: Binding
============================================================
STG Binding: 
---------------- STG Properties BEGIN ----------------
- Is combinational: 0
- Is one-state seq: 0
- Is datapath-only: 0
- Is pipelined: 0
- Is top level: 0
Port [ Return ] is wired: 1; IO mode=ap_ctrl_hs:ce=0
Port [ p_read]:  wired=1; compound=0; hidden=0; nouse=0; global=0; static=0; extern=0; dir=0; type=0; pingpong=0; private_global=0; IO mode=ap_none:ce=0
Port [ p_read1]:  wired=1; compound=0; hidden=0; nouse=0; global=0; static=0; extern=0; dir=0; type=0; pingpong=0; private_global=0; IO mode=ap_none:ce=0
Port [ p_read2]:  wired=1; compound=0; hidden=0; nouse=0; global=0; static=0; extern=0; dir=0; type=0; pingpong=0; private_global=0; IO mode=ap_none:ce=0
Port [ p_read3]:  wired=1; compound=0; hidden=0; nouse=0; global=0; static=0; extern=0; dir=0; type=0; pingpong=0; private_global=0; IO mode=ap_none:ce=0
Port [ p_read4]:  wired=1; compound=0; hidden=0; nouse=0; global=0; static=0; extern=0; dir=0; type=0; pingpong=0; private_global=0; IO mode=ap_none:ce=0
Port [ p_read5]:  wired=1; compound=0; hidden=0; nouse=0; global=0; static=0; extern=0; dir=0; type=0; pingpong=0; private_global=0; IO mode=ap_none:ce=0
Port [ p_read6]:  wired=1; compound=0; hidden=0; nouse=0; global=0; static=0; extern=0; dir=0; type=0; pingpong=0; private_global=0; IO mode=ap_none:ce=0
Port [ p_read7]:  wired=1; compound=0; hidden=0; nouse=0; global=0; static=0; extern=0; dir=0; type=0; pingpong=0; private_global=0; IO mode=ap_none:ce=0
Port [ p_read8]:  wired=1; compound=0; hidden=0; nouse=0; global=0; static=0; extern=0; dir=0; type=0; pingpong=0; private_global=0; IO mode=ap_none:ce=0
Port [ p_read9]:  wired=1; compound=0; hidden=0; nouse=0; global=0; static=0; extern=0; dir=0; type=0; pingpong=0; private_global=0; IO mode=ap_none:ce=0
Port [ arg0_arg1_streams_1313]:  wired=1; compound=1; hidden=0; nouse=0; global=0; static=0; extern=0; dir=0; type=3; pingpong=0; private_global=0; IO mode=ap_fifo:ce=0
Port [ arg0_arg1_streams_14]:  wired=1; compound=1; hidden=0; nouse=0; global=0; static=0; extern=0; dir=1; type=3; pingpong=0; private_global=0; IO mode=ap_fifo:ce=0
---------------- STG Properties END ------------------

---------------- Datapath Model BEGIN ----------------

<LifeTime>
<method=bitvector/>
p_read_14           (read         ) [ 00111110]
p_read45            (read         ) [ 00111111]
arg0_buf_p0_1_V     (alloca       ) [ 00111111]
arg0_buf_r0_1_p1_V  (alloca       ) [ 00111111]
arg0_buf_r1_2_p1_V  (alloca       ) [ 00111111]
arg0_buf_p1_2_V     (alloca       ) [ 00111111]
zext_ln96           (zext         ) [ 00111000]
zext_ln96_1         (zext         ) [ 00111000]
p_read_6            (read         ) [ 00000110]
p_read_13           (read         ) [ 00000000]
mul_ln96            (mul          ) [ 00000100]
zext_ln147          (zext         ) [ 00000110]
mul_ln147           (mul          ) [ 00000110]
zext_ln152          (zext         ) [ 00000110]
p_read_7            (read         ) [ 00000011]
p_read_8            (read         ) [ 00000011]
p_read_9            (read         ) [ 00000011]
p_read_10           (read         ) [ 00000011]
p_read_11           (read         ) [ 00000011]
p_read_12           (read         ) [ 00000011]
plane_diff          (add          ) [ 00000011]
zext_ln96_2         (zext         ) [ 00000000]
iter_limit          (mul          ) [ 00000001]
S3D_7PT_read_ub_itr (mul          ) [ 00000001]
add_ln190           (add          ) [ 00000001]
cond_x_val          (add          ) [ 00000001]
cond_y_val          (add          ) [ 00000001]
cond_z_val          (add          ) [ 00000001]
empty               (wait         ) [ 00000000]
specinterface_ln0   (specinterface) [ 00000000]
specinterface_ln0   (specinterface) [ 00000000]
specmemcore_ln171   (specmemcore  ) [ 00000000]
specmemcore_ln173   (specmemcore  ) [ 00000000]
specmemcore_ln175   (specmemcore  ) [ 00000000]
specmemcore_ln177   (specmemcore  ) [ 00000000]
call_ln148          (call         ) [ 00000000]
ret_ln463           (ret          ) [ 00000000]
</LifeTime>

<model>

<comp_list>
<comp id="0" class="1000" name="p_read">
<pin_list>
<pin id="1" dir="1" index="0" bw="1" slack="0"/>
</pin_list>
<bind>
<StgValue><ssdm name="p_read"/></StgValue>
</bind>
</comp>

<comp id="2" class="1000" name="p_read1">
<pin_list>
<pin id="3" dir="1" index="0" bw="1" slack="0"/>
</pin_list>
<bind>
<StgValue><ssdm name="p_read1"/></StgValue>
</bind>
</comp>

<comp id="4" class="1000" name="p_read2">
<pin_list>
<pin id="5" dir="1" index="0" bw="1" slack="0"/>
</pin_list>
<bind>
<StgValue><ssdm name="p_read2"/></StgValue>
</bind>
</comp>

<comp id="6" class="1000" name="p_read3">
<pin_list>
<pin id="7" dir="1" index="0" bw="1" slack="0"/>
</pin_list>
<bind>
<StgValue><ssdm name="p_read3"/></StgValue>
</bind>
</comp>

<comp id="8" class="1000" name="p_read4">
<pin_list>
<pin id="9" dir="1" index="0" bw="1" slack="0"/>
</pin_list>
<bind>
<StgValue><ssdm name="p_read4"/></StgValue>
</bind>
</comp>

<comp id="10" class="1000" name="p_read5">
<pin_list>
<pin id="11" dir="1" index="0" bw="1" slack="0"/>
</pin_list>
<bind>
<StgValue><ssdm name="p_read5"/></StgValue>
</bind>
</comp>

<comp id="12" class="1000" name="p_read6">
<pin_list>
<pin id="13" dir="1" index="0" bw="1" slack="0"/>
</pin_list>
<bind>
<StgValue><ssdm name="p_read6"/></StgValue>
</bind>
</comp>

<comp id="14" class="1000" name="p_read7">
<pin_list>
<pin id="15" dir="1" index="0" bw="1" slack="0"/>
</pin_list>
<bind>
<StgValue><ssdm name="p_read7"/></StgValue>
</bind>
</comp>

<comp id="16" class="1000" name="p_read8">
<pin_list>
<pin id="17" dir="1" index="0" bw="1" slack="0"/>
</pin_list>
<bind>
<StgValue><ssdm name="p_read8"/></StgValue>
</bind>
</comp>

<comp id="18" class="1000" name="p_read9">
<pin_list>
<pin id="19" dir="1" index="0" bw="1" slack="0"/>
</pin_list>
<bind>
<StgValue><ssdm name="p_read9"/></StgValue>
</bind>
</comp>

<comp id="20" class="1000" name="arg0_arg1_streams_1313">
<pin_list>
<pin id="21" dir="1" index="0" bw="1" slack="0"/>
</pin_list>
<bind>
<StgValue><ssdm name="arg0_arg1_streams_1313"/></StgValue>
</bind>
</comp>

<comp id="22" class="1000" name="arg0_arg1_streams_14">
<pin_list>
<pin id="23" dir="1" index="0" bw="1" slack="0"/>
</pin_list>
<bind>
<StgValue><ssdm name="arg0_arg1_streams_14"/></StgValue>
</bind>
</comp>

<comp id="24" class="1001" name="const_24">
<pin_list>
<pin id="25" dir="1" index="0" bw="1" slack="0"/>
</pin_list>
<bind>
<StgValue><ssdm name="_ssdm_op_Read.ap_auto.i16"/></StgValue>
</bind>
</comp>

<comp id="26" class="1001" name="const_26">
<pin_list>
<pin id="27" dir="1" index="0" bw="1" slack="0"/>
</pin_list>
<bind>
<StgValue><ssdm name=""/></StgValue>
</bind>
</comp>

<comp id="28" class="1001" name="const_28">
<pin_list>
<pin id="29" dir="1" index="0" bw="1" slack="0"/>
</pin_list>
<bind>
<StgValue><ssdm name=""/></StgValue>
</bind>
</comp>

<comp id="30" class="1001" name="const_30">
<pin_list>
<pin id="31" dir="1" index="0" bw="1" slack="0"/>
</pin_list>
<bind>
<StgValue><ssdm name=""/></StgValue>
</bind>
</comp>

<comp id="32" class="1001" name="const_32">
<pin_list>
<pin id="33" dir="1" index="0" bw="1" slack="2147483647"/>
</pin_list>
<bind>
<StgValue><ssdm name="_ssdm_op_Wait"/></StgValue>
</bind>
</comp>

<comp id="34" class="1001" name="const_34">
<pin_list>
<pin id="35" dir="1" index="0" bw="1" slack="0"/>
</pin_list>
<bind>
<StgValue><ssdm name="stencilRun_Pipeline_VITIS_LOOP_194_1"/></StgValue>
</bind>
</comp>

<comp id="36" class="1001" name="const_36">
<pin_list>
<pin id="37" dir="1" index="0" bw="1" slack="2147483647"/>
</pin_list>
<bind>
<StgValue><ssdm name="_ssdm_op_SpecInterface"/></StgValue>
</bind>
</comp>

<comp id="38" class="1001" name="const_38">
<pin_list>
<pin id="39" dir="1" index="0" bw="1" slack="2147483647"/>
</pin_list>
<bind>
<StgValue><ssdm name="empty_2"/></StgValue>
</bind>
</comp>

<comp id="40" class="1001" name="const_40">
<pin_list>
<pin id="41" dir="1" index="0" bw="1" slack="2147483647"/>
</pin_list>
<bind>
<StgValue><ssdm name=""/></StgValue>
</bind>
</comp>

<comp id="42" class="1001" name="const_42">
<pin_list>
<pin id="43" dir="1" index="0" bw="1" slack="2147483647"/>
</pin_list>
<bind>
<StgValue><ssdm name="empty_18"/></StgValue>
</bind>
</comp>

<comp id="44" class="1001" name="const_44">
<pin_list>
<pin id="45" dir="1" index="0" bw="1" slack="2147483647"/>
</pin_list>
<bind>
<StgValue><ssdm name=""/></StgValue>
</bind>
</comp>

<comp id="46" class="1001" name="const_46">
<pin_list>
<pin id="47" dir="1" index="0" bw="1" slack="2147483647"/>
</pin_list>
<bind>
<StgValue><ssdm name="_ssdm_op_SpecMemCore"/></StgValue>
</bind>
</comp>

<comp id="48" class="1001" name="const_48">
<pin_list>
<pin id="49" dir="1" index="0" bw="1" slack="2147483647"/>
</pin_list>
<bind>
<StgValue><ssdm name=""/></StgValue>
</bind>
</comp>

<comp id="50" class="1001" name="const_50">
<pin_list>
<pin id="51" dir="1" index="0" bw="1" slack="2147483647"/>
</pin_list>
<bind>
<StgValue><ssdm name=""/></StgValue>
</bind>
</comp>

<comp id="52" class="1001" name="const_52">
<pin_list>
<pin id="53" dir="1" index="0" bw="1" slack="2147483647"/>
</pin_list>
<bind>
<StgValue><ssdm name=""/></StgValue>
</bind>
</comp>

<comp id="54" class="1001" name="const_54">
<pin_list>
<pin id="55" dir="1" index="0" bw="1" slack="2147483647"/>
</pin_list>
<bind>
<StgValue><ssdm name=""/></StgValue>
</bind>
</comp>

<comp id="56" class="1004" name="arg0_buf_p0_1_V_alloca_fu_56">
<pin_list>
<pin id="57" dir="0" index="0" bw="1" slack="0"/>
<pin id="58" dir="1" index="1" bw="256" slack="2147483647"/>
</pin_list>
<bind>
<opcode="alloca(26) " fcode="alloca"/>
<opset="arg0_buf_p0_1_V/1 "/>
</bind>
</comp>

<comp id="60" class="1004" name="arg0_buf_r0_1_p1_V_alloca_fu_60">
<pin_list>
<pin id="61" dir="0" index="0" bw="1" slack="0"/>
<pin id="62" dir="1" index="1" bw="256" slack="2147483647"/>
</pin_list>
<bind>
<opcode="alloca(26) " fcode="alloca"/>
<opset="arg0_buf_r0_1_p1_V/1 "/>
</bind>
</comp>

<comp id="64" class="1004" name="arg0_buf_r1_2_p1_V_alloca_fu_64">
<pin_list>
<pin id="65" dir="0" index="0" bw="1" slack="0"/>
<pin id="66" dir="1" index="1" bw="256" slack="2147483647"/>
</pin_list>
<bind>
<opcode="alloca(26) " fcode="alloca"/>
<opset="arg0_buf_r1_2_p1_V/1 "/>
</bind>
</comp>

<comp id="68" class="1004" name="arg0_buf_p1_2_V_alloca_fu_68">
<pin_list>
<pin id="69" dir="0" index="0" bw="1" slack="0"/>
<pin id="70" dir="1" index="1" bw="256" slack="2147483647"/>
</pin_list>
<bind>
<opcode="alloca(26) " fcode="alloca"/>
<opset="arg0_buf_p1_2_V/1 "/>
</bind>
</comp>

<comp id="72" class="1004" name="p_read_14_read_fu_72">
<pin_list>
<pin id="73" dir="0" index="0" bw="16" slack="0"/>
<pin id="74" dir="0" index="1" bw="16" slack="0"/>
<pin id="75" dir="1" index="2" bw="16" slack="0"/>
</pin_list>
<bind>
<opcode="read(1150) " fcode="read"/>
<opset="p_read_14/1 "/>
</bind>
</comp>

<comp id="78" class="1004" name="p_read45_read_fu_78">
<pin_list>
<pin id="79" dir="0" index="0" bw="16" slack="0"/>
<pin id="80" dir="0" index="1" bw="16" slack="0"/>
<pin id="81" dir="1" index="2" bw="16" slack="0"/>
</pin_list>
<bind>
<opcode="read(1150) " fcode="read"/>
<opset="p_read45/1 "/>
</bind>
</comp>

<comp id="84" class="1004" name="p_read_6_read_fu_84">
<pin_list>
<pin id="85" dir="0" index="0" bw="16" slack="0"/>
<pin id="86" dir="0" index="1" bw="16" slack="0"/>
<pin id="87" dir="1" index="2" bw="16" slack="0"/>
</pin_list>
<bind>
<opcode="read(1150) " fcode="read"/>
<opset="p_read_6/4 "/>
</bind>
</comp>

<comp id="90" class="1004" name="p_read_13_read_fu_90">
<pin_list>
<pin id="91" dir="0" index="0" bw="16" slack="0"/>
<pin id="92" dir="0" index="1" bw="16" slack="0"/>
<pin id="93" dir="1" index="2" bw="16" slack="0"/>
</pin_list>
<bind>
<opcode="read(1150) " fcode="read"/>
<opset="p_read_13/4 "/>
</bind>
</comp>

<comp id="96" class="1004" name="p_read_7_read_fu_96">
<pin_list>
<pin id="97" dir="0" index="0" bw="16" slack="0"/>
<pin id="98" dir="0" index="1" bw="16" slack="0"/>
<pin id="99" dir="1" index="2" bw="16" slack="1"/>
</pin_list>
<bind>
<opcode="read(1150) " fcode="read"/>
<opset="p_read_7/5 "/>
</bind>
</comp>

<comp id="102" class="1004" name="p_read_8_read_fu_102">
<pin_list>
<pin id="103" dir="0" index="0" bw="16" slack="0"/>
<pin id="104" dir="0" index="1" bw="16" slack="0"/>
<pin id="105" dir="1" index="2" bw="16" slack="1"/>
</pin_list>
<bind>
<opcode="read(1150) " fcode="read"/>
<opset="p_read_8/5 "/>
</bind>
</comp>

<comp id="108" class="1004" name="p_read_9_read_fu_108">
<pin_list>
<pin id="109" dir="0" index="0" bw="16" slack="0"/>
<pin id="110" dir="0" index="1" bw="16" slack="0"/>
<pin id="111" dir="1" index="2" bw="16" slack="1"/>
</pin_list>
<bind>
<opcode="read(1150) " fcode="read"/>
<opset="p_read_9/5 "/>
</bind>
</comp>

<comp id="114" class="1004" name="p_read_10_read_fu_114">
<pin_list>
<pin id="115" dir="0" index="0" bw="16" slack="0"/>
<pin id="116" dir="0" index="1" bw="16" slack="0"/>
<pin id="117" dir="1" index="2" bw="16" slack="1"/>
</pin_list>
<bind>
<opcode="read(1150) " fcode="read"/>
<opset="p_read_10/5 "/>
</bind>
</comp>

<comp id="120" class="1004" name="p_read_11_read_fu_120">
<pin_list>
<pin id="121" dir="0" index="0" bw="16" slack="0"/>
<pin id="122" dir="0" index="1" bw="16" slack="0"/>
<pin id="123" dir="1" index="2" bw="16" slack="1"/>
</pin_list>
<bind>
<opcode="read(1150) " fcode="read"/>
<opset="p_read_11/5 "/>
</bind>
</comp>

<comp id="126" class="1004" name="p_read_12_read_fu_126">
<pin_list>
<pin id="127" dir="0" index="0" bw="16" slack="0"/>
<pin id="128" dir="0" index="1" bw="16" slack="0"/>
<pin id="129" dir="1" index="2" bw="16" slack="1"/>
</pin_list>
<bind>
<opcode="read(1150) " fcode="read"/>
<opset="p_read_12/5 "/>
</bind>
</comp>

<comp id="132" class="1004" name="grp_stencilRun_Pipeline_VITIS_LOOP_194_1_fu_132">
<pin_list>
<pin id="133" dir="0" index="0" bw="0" slack="0"/>
<pin id="134" dir="0" index="1" bw="16" slack="5"/>
<pin id="135" dir="0" index="2" bw="32" slack="0"/>
<pin id="136" dir="0" index="3" bw="256" slack="0"/>
<pin id="137" dir="0" index="4" bw="16" slack="1"/>
<pin id="138" dir="0" index="5" bw="16" slack="1"/>
<pin id="139" dir="0" index="6" bw="16" slack="1"/>
<pin id="140" dir="0" index="7" bw="256" slack="2147483647"/>
<pin id="141" dir="0" index="8" bw="256" slack="2147483647"/>
<pin id="142" dir="0" index="9" bw="256" slack="2147483647"/>
<pin id="143" dir="0" index="10" bw="256" slack="2147483647"/>
<pin id="144" dir="0" index="11" bw="16" slack="1"/>
<pin id="145" dir="0" index="12" bw="17" slack="0"/>
<pin id="146" dir="0" index="13" bw="16" slack="1"/>
<pin id="147" dir="0" index="14" bw="16" slack="1"/>
<pin id="148" dir="0" index="15" bw="16" slack="1"/>
<pin id="149" dir="0" index="16" bw="16" slack="0"/>
<pin id="150" dir="0" index="17" bw="16" slack="0"/>
<pin id="151" dir="0" index="18" bw="16" slack="0"/>
<pin id="152" dir="0" index="19" bw="32" slack="0"/>
<pin id="153" dir="0" index="20" bw="256" slack="0"/>
<pin id="154" dir="1" index="21" bw="0" slack="2147483647"/>
</pin_list>
<bind>
<opcode="call(48) " fcode="call"/>
<opset="call_ln148/6 "/>
</bind>
</comp>

<comp id="158" class="1004" name="zext_ln96_fu_158">
<pin_list>
<pin id="159" dir="0" index="0" bw="16" slack="0"/>
<pin id="160" dir="1" index="1" bw="32" slack="0"/>
</pin_list>
<bind>
<opcode="zext(34) " fcode="zext"/>
<opset="zext_ln96/1 "/>
</bind>
</comp>

<comp id="162" class="1004" name="zext_ln96_1_fu_162">
<pin_list>
<pin id="163" dir="0" index="0" bw="16" slack="0"/>
<pin id="164" dir="1" index="1" bw="32" slack="0"/>
</pin_list>
<bind>
<opcode="zext(34) " fcode="zext"/>
<opset="zext_ln96_1/1 "/>
</bind>
</comp>

<comp id="166" class="1004" name="zext_ln147_fu_166">
<pin_list>
<pin id="167" dir="0" index="0" bw="16" slack="0"/>
<pin id="168" dir="1" index="1" bw="32" slack="0"/>
</pin_list>
<bind>
<opcode="zext(34) " fcode="zext"/>
<opset="zext_ln147/4 "/>
</bind>
</comp>

<comp id="170" class="1004" name="grp_fu_170">
<pin_list>
<pin id="171" dir="0" index="0" bw="32" slack="0"/>
<pin id="172" dir="0" index="1" bw="16" slack="0"/>
<pin id="173" dir="1" index="2" bw="32" slack="0"/>
</pin_list>
<bind>
<opcode="mul(12) " fcode="mul"/>
<opset="iter_limit/4 "/>
</bind>
</comp>

<comp id="176" class="1004" name="zext_ln152_fu_176">
<pin_list>
<pin id="177" dir="0" index="0" bw="16" slack="0"/>
<pin id="178" dir="1" index="1" bw="32" slack="0"/>
</pin_list>
<bind>
<opcode="zext(34) " fcode="zext"/>
<opset="zext_ln152/4 "/>
</bind>
</comp>

<comp id="180" class="1004" name="grp_fu_180">
<pin_list>
<pin id="181" dir="0" index="0" bw="32" slack="0"/>
<pin id="182" dir="0" index="1" bw="16" slack="0"/>
<pin id="183" dir="1" index="2" bw="32" slack="0"/>
</pin_list>
<bind>
<opcode="mul(12) " fcode="mul"/>
<opset="S3D_7PT_read_ub_itr/4 "/>
</bind>
</comp>

<comp id="186" class="1004" name="zext_ln96_2_fu_186">
<pin_list>
<pin id="187" dir="0" index="0" bw="16" slack="5"/>
<pin id="188" dir="1" index="1" bw="17" slack="0"/>
</pin_list>
<bind>
<opcode="zext(34) " fcode="zext"/>
<opset="zext_ln96_2/6 "/>
</bind>
</comp>

<comp id="189" class="1004" name="add_ln190_fu_189">
<pin_list>
<pin id="190" dir="0" index="0" bw="16" slack="0"/>
<pin id="191" dir="0" index="1" bw="1" slack="0"/>
<pin id="192" dir="1" index="2" bw="17" slack="0"/>
</pin_list>
<bind>
<opcode="add(8) " fcode="add"/>
<opset="add_ln190/6 "/>
</bind>
</comp>

<comp id="196" class="1004" name="cond_x_val_fu_196">
<pin_list>
<pin id="197" dir="0" index="0" bw="16" slack="5"/>
<pin id="198" dir="0" index="1" bw="1" slack="0"/>
<pin id="199" dir="1" index="2" bw="16" slack="0"/>
</pin_list>
<bind>
<opcode="add(8) " fcode="add"/>
<opset="cond_x_val/6 "/>
</bind>
</comp>

<comp id="202" class="1004" name="cond_y_val_fu_202">
<pin_list>
<pin id="203" dir="0" index="0" bw="16" slack="5"/>
<pin id="204" dir="0" index="1" bw="1" slack="0"/>
<pin id="205" dir="1" index="2" bw="16" slack="0"/>
</pin_list>
<bind>
<opcode="add(8) " fcode="add"/>
<opset="cond_y_val/6 "/>
</bind>
</comp>

<comp id="208" class="1004" name="cond_z_val_fu_208">
<pin_list>
<pin id="209" dir="0" index="0" bw="16" slack="2"/>
<pin id="210" dir="0" index="1" bw="1" slack="0"/>
<pin id="211" dir="1" index="2" bw="16" slack="0"/>
</pin_list>
<bind>
<opcode="add(8) " fcode="add"/>
<opset="cond_z_val/6 "/>
</bind>
</comp>

<comp id="214" class="1007" name="grp_fu_214">
<pin_list>
<pin id="215" dir="0" index="0" bw="16" slack="0"/>
<pin id="216" dir="0" index="1" bw="16" slack="0"/>
<pin id="217" dir="1" index="2" bw="32" slack="0"/>
</pin_list>
<bind>
<opcode="mul(12) " fcode="mul"/>
<opset="mul_ln147/1 "/>
</bind>
</comp>

<comp id="222" class="1007" name="grp_fu_222">
<pin_list>
<pin id="223" dir="0" index="0" bw="16" slack="1"/>
<pin id="224" dir="0" index="1" bw="16" slack="1"/>
<pin id="225" dir="0" index="2" bw="1" slack="0"/>
<pin id="226" dir="1" index="3" bw="16" slack="1"/>
</pin_list>
<bind>
<opcode="muladd(1172) " fcode="muladd"/>
<opset="mul_ln96/2 plane_diff/4 "/>
</bind>
</comp>

<comp id="228" class="1005" name="p_read_14_reg_228">
<pin_list>
<pin id="229" dir="0" index="0" bw="16" slack="1"/>
<pin id="230" dir="1" index="1" bw="16" slack="1"/>
</pin_list>
<bind>
<opset="p_read_14 "/>
</bind>
</comp>

<comp id="234" class="1005" name="p_read45_reg_234">
<pin_list>
<pin id="235" dir="0" index="0" bw="16" slack="1"/>
<pin id="236" dir="1" index="1" bw="16" slack="1"/>
</pin_list>
<bind>
<opset="p_read45 "/>
</bind>
</comp>

<comp id="242" class="1005" name="zext_ln96_reg_242">
<pin_list>
<pin id="243" dir="0" index="0" bw="32" slack="1"/>
<pin id="244" dir="1" index="1" bw="32" slack="1"/>
</pin_list>
<bind>
<opset="zext_ln96 "/>
</bind>
</comp>

<comp id="247" class="1005" name="zext_ln96_1_reg_247">
<pin_list>
<pin id="248" dir="0" index="0" bw="32" slack="1"/>
<pin id="249" dir="1" index="1" bw="32" slack="1"/>
</pin_list>
<bind>
<opset="zext_ln96_1 "/>
</bind>
</comp>

<comp id="252" class="1005" name="p_read_6_reg_252">
<pin_list>
<pin id="253" dir="0" index="0" bw="16" slack="2"/>
<pin id="254" dir="1" index="1" bw="16" slack="2"/>
</pin_list>
<bind>
<opset="p_read_6 "/>
</bind>
</comp>

<comp id="257" class="1005" name="zext_ln147_reg_257">
<pin_list>
<pin id="258" dir="0" index="0" bw="32" slack="1"/>
<pin id="259" dir="1" index="1" bw="32" slack="1"/>
</pin_list>
<bind>
<opset="zext_ln147 "/>
</bind>
</comp>

<comp id="262" class="1005" name="mul_ln147_reg_262">
<pin_list>
<pin id="263" dir="0" index="0" bw="32" slack="1"/>
<pin id="264" dir="1" index="1" bw="32" slack="1"/>
</pin_list>
<bind>
<opset="mul_ln147 "/>
</bind>
</comp>

<comp id="268" class="1005" name="zext_ln152_reg_268">
<pin_list>
<pin id="269" dir="0" index="0" bw="32" slack="1"/>
<pin id="270" dir="1" index="1" bw="32" slack="1"/>
</pin_list>
<bind>
<opset="zext_ln152 "/>
</bind>
</comp>

<comp id="273" class="1005" name="p_read_7_reg_273">
<pin_list>
<pin id="274" dir="0" index="0" bw="16" slack="1"/>
<pin id="275" dir="1" index="1" bw="16" slack="1"/>
</pin_list>
<bind>
<opset="p_read_7 "/>
</bind>
</comp>

<comp id="278" class="1005" name="p_read_8_reg_278">
<pin_list>
<pin id="279" dir="0" index="0" bw="16" slack="1"/>
<pin id="280" dir="1" index="1" bw="16" slack="1"/>
</pin_list>
<bind>
<opset="p_read_8 "/>
</bind>
</comp>

<comp id="283" class="1005" name="p_read_9_reg_283">
<pin_list>
<pin id="284" dir="0" index="0" bw="16" slack="1"/>
<pin id="285" dir="1" index="1" bw="16" slack="1"/>
</pin_list>
<bind>
<opset="p_read_9 "/>
</bind>
</comp>

<comp id="288" class="1005" name="p_read_10_reg_288">
<pin_list>
<pin id="289" dir="0" index="0" bw="16" slack="1"/>
<pin id="290" dir="1" index="1" bw="16" slack="1"/>
</pin_list>
<bind>
<opset="p_read_10 "/>
</bind>
</comp>

<comp id="293" class="1005" name="p_read_11_reg_293">
<pin_list>
<pin id="294" dir="0" index="0" bw="16" slack="1"/>
<pin id="295" dir="1" index="1" bw="16" slack="1"/>
</pin_list>
<bind>
<opset="p_read_11 "/>
</bind>
</comp>

<comp id="298" class="1005" name="p_read_12_reg_298">
<pin_list>
<pin id="299" dir="0" index="0" bw="16" slack="1"/>
<pin id="300" dir="1" index="1" bw="16" slack="1"/>
</pin_list>
<bind>
<opset="p_read_12 "/>
</bind>
</comp>

<comp id="303" class="1005" name="plane_diff_reg_303">
<pin_list>
<pin id="304" dir="0" index="0" bw="16" slack="1"/>
<pin id="305" dir="1" index="1" bw="16" slack="1"/>
</pin_list>
<bind>
<opset="plane_diff "/>
</bind>
</comp>

<comp id="308" class="1005" name="iter_limit_reg_308">
<pin_list>
<pin id="309" dir="0" index="0" bw="32" slack="1"/>
<pin id="310" dir="1" index="1" bw="32" slack="1"/>
</pin_list>
<bind>
<opset="iter_limit "/>
</bind>
</comp>

<comp id="313" class="1005" name="S3D_7PT_read_ub_itr_reg_313">
<pin_list>
<pin id="314" dir="0" index="0" bw="32" slack="1"/>
<pin id="315" dir="1" index="1" bw="32" slack="1"/>
</pin_list>
<bind>
<opset="S3D_7PT_read_ub_itr "/>
</bind>
</comp>

<comp id="318" class="1005" name="add_ln190_reg_318">
<pin_list>
<pin id="319" dir="0" index="0" bw="17" slack="1"/>
<pin id="320" dir="1" index="1" bw="17" slack="1"/>
</pin_list>
<bind>
<opset="add_ln190 "/>
</bind>
</comp>

<comp id="323" class="1005" name="cond_x_val_reg_323">
<pin_list>
<pin id="324" dir="0" index="0" bw="16" slack="1"/>
<pin id="325" dir="1" index="1" bw="16" slack="1"/>
</pin_list>
<bind>
<opset="cond_x_val "/>
</bind>
</comp>

<comp id="328" class="1005" name="cond_y_val_reg_328">
<pin_list>
<pin id="329" dir="0" index="0" bw="16" slack="1"/>
<pin id="330" dir="1" index="1" bw="16" slack="1"/>
</pin_list>
<bind>
<opset="cond_y_val "/>
</bind>
</comp>

<comp id="333" class="1005" name="cond_z_val_reg_333">
<pin_list>
<pin id="334" dir="0" index="0" bw="16" slack="1"/>
<pin id="335" dir="1" index="1" bw="16" slack="1"/>
</pin_list>
<bind>
<opset="cond_z_val "/>
</bind>
</comp>

</comp_list>

<net_list>
<net id="59"><net_src comp="26" pin="0"/><net_sink comp="56" pin=0"/></net>

<net id="63"><net_src comp="26" pin="0"/><net_sink comp="60" pin=0"/></net>

<net id="67"><net_src comp="26" pin="0"/><net_sink comp="64" pin=0"/></net>

<net id="71"><net_src comp="26" pin="0"/><net_sink comp="68" pin=0"/></net>

<net id="76"><net_src comp="24" pin="0"/><net_sink comp="72" pin=0"/></net>

<net id="77"><net_src comp="2" pin="0"/><net_sink comp="72" pin=1"/></net>

<net id="82"><net_src comp="24" pin="0"/><net_sink comp="78" pin=0"/></net>

<net id="83"><net_src comp="0" pin="0"/><net_sink comp="78" pin=1"/></net>

<net id="88"><net_src comp="24" pin="0"/><net_sink comp="84" pin=0"/></net>

<net id="89"><net_src comp="18" pin="0"/><net_sink comp="84" pin=1"/></net>

<net id="94"><net_src comp="24" pin="0"/><net_sink comp="90" pin=0"/></net>

<net id="95"><net_src comp="4" pin="0"/><net_sink comp="90" pin=1"/></net>

<net id="100"><net_src comp="24" pin="0"/><net_sink comp="96" pin=0"/></net>

<net id="101"><net_src comp="16" pin="0"/><net_sink comp="96" pin=1"/></net>

<net id="106"><net_src comp="24" pin="0"/><net_sink comp="102" pin=0"/></net>

<net id="107"><net_src comp="14" pin="0"/><net_sink comp="102" pin=1"/></net>

<net id="112"><net_src comp="24" pin="0"/><net_sink comp="108" pin=0"/></net>

<net id="113"><net_src comp="12" pin="0"/><net_sink comp="108" pin=1"/></net>

<net id="118"><net_src comp="24" pin="0"/><net_sink comp="114" pin=0"/></net>

<net id="119"><net_src comp="10" pin="0"/><net_sink comp="114" pin=1"/></net>

<net id="124"><net_src comp="24" pin="0"/><net_sink comp="120" pin=0"/></net>

<net id="125"><net_src comp="8" pin="0"/><net_sink comp="120" pin=1"/></net>

<net id="130"><net_src comp="24" pin="0"/><net_sink comp="126" pin=0"/></net>

<net id="131"><net_src comp="6" pin="0"/><net_sink comp="126" pin=1"/></net>

<net id="155"><net_src comp="34" pin="0"/><net_sink comp="132" pin=0"/></net>

<net id="156"><net_src comp="22" pin="0"/><net_sink comp="132" pin=3"/></net>

<net id="157"><net_src comp="20" pin="0"/><net_sink comp="132" pin=20"/></net>

<net id="161"><net_src comp="78" pin="2"/><net_sink comp="158" pin=0"/></net>

<net id="165"><net_src comp="72" pin="2"/><net_sink comp="162" pin=0"/></net>

<net id="169"><net_src comp="84" pin="2"/><net_sink comp="166" pin=0"/></net>

<net id="174"><net_src comp="170" pin="2"/><net_sink comp="132" pin=2"/></net>

<net id="175"><net_src comp="166" pin="1"/><net_sink comp="170" pin=1"/></net>

<net id="179"><net_src comp="90" pin="2"/><net_sink comp="176" pin=0"/></net>

<net id="184"><net_src comp="180" pin="2"/><net_sink comp="132" pin=19"/></net>

<net id="185"><net_src comp="176" pin="1"/><net_sink comp="180" pin=1"/></net>

<net id="193"><net_src comp="186" pin="1"/><net_sink comp="189" pin=0"/></net>

<net id="194"><net_src comp="30" pin="0"/><net_sink comp="189" pin=1"/></net>

<net id="195"><net_src comp="189" pin="2"/><net_sink comp="132" pin=12"/></net>

<net id="200"><net_src comp="28" pin="0"/><net_sink comp="196" pin=1"/></net>

<net id="201"><net_src comp="196" pin="2"/><net_sink comp="132" pin=16"/></net>

<net id="206"><net_src comp="28" pin="0"/><net_sink comp="202" pin=1"/></net>

<net id="207"><net_src comp="202" pin="2"/><net_sink comp="132" pin=17"/></net>

<net id="212"><net_src comp="28" pin="0"/><net_sink comp="208" pin=1"/></net>

<net id="213"><net_src comp="208" pin="2"/><net_sink comp="132" pin=18"/></net>

<net id="218"><net_src comp="162" pin="1"/><net_sink comp="214" pin=0"/></net>

<net id="219"><net_src comp="158" pin="1"/><net_sink comp="214" pin=1"/></net>

<net id="220"><net_src comp="214" pin="2"/><net_sink comp="170" pin=0"/></net>

<net id="221"><net_src comp="214" pin="2"/><net_sink comp="180" pin=0"/></net>

<net id="227"><net_src comp="28" pin="0"/><net_sink comp="222" pin=2"/></net>

<net id="231"><net_src comp="72" pin="2"/><net_sink comp="228" pin=0"/></net>

<net id="232"><net_src comp="228" pin="1"/><net_sink comp="222" pin=0"/></net>

<net id="233"><net_src comp="228" pin="1"/><net_sink comp="202" pin=0"/></net>

<net id="237"><net_src comp="78" pin="2"/><net_sink comp="234" pin=0"/></net>

<net id="238"><net_src comp="234" pin="1"/><net_sink comp="222" pin=1"/></net>

<net id="239"><net_src comp="234" pin="1"/><net_sink comp="186" pin=0"/></net>

<net id="240"><net_src comp="234" pin="1"/><net_sink comp="196" pin=0"/></net>

<net id="241"><net_src comp="234" pin="1"/><net_sink comp="132" pin=1"/></net>

<net id="245"><net_src comp="158" pin="1"/><net_sink comp="242" pin=0"/></net>

<net id="246"><net_src comp="242" pin="1"/><net_sink comp="214" pin=1"/></net>

<net id="250"><net_src comp="162" pin="1"/><net_sink comp="247" pin=0"/></net>

<net id="251"><net_src comp="247" pin="1"/><net_sink comp="214" pin=0"/></net>

<net id="255"><net_src comp="84" pin="2"/><net_sink comp="252" pin=0"/></net>

<net id="256"><net_src comp="252" pin="1"/><net_sink comp="208" pin=0"/></net>

<net id="260"><net_src comp="166" pin="1"/><net_sink comp="257" pin=0"/></net>

<net id="261"><net_src comp="257" pin="1"/><net_sink comp="170" pin=1"/></net>

<net id="265"><net_src comp="214" pin="2"/><net_sink comp="262" pin=0"/></net>

<net id="266"><net_src comp="262" pin="1"/><net_sink comp="170" pin=0"/></net>

<net id="267"><net_src comp="262" pin="1"/><net_sink comp="180" pin=0"/></net>

<net id="271"><net_src comp="176" pin="1"/><net_sink comp="268" pin=0"/></net>

<net id="272"><net_src comp="268" pin="1"/><net_sink comp="180" pin=1"/></net>

<net id="276"><net_src comp="96" pin="2"/><net_sink comp="273" pin=0"/></net>

<net id="277"><net_src comp="273" pin="1"/><net_sink comp="132" pin=6"/></net>

<net id="281"><net_src comp="102" pin="2"/><net_sink comp="278" pin=0"/></net>

<net id="282"><net_src comp="278" pin="1"/><net_sink comp="132" pin=14"/></net>

<net id="286"><net_src comp="108" pin="2"/><net_sink comp="283" pin=0"/></net>

<net id="287"><net_src comp="283" pin="1"/><net_sink comp="132" pin=5"/></net>

<net id="291"><net_src comp="114" pin="2"/><net_sink comp="288" pin=0"/></net>

<net id="292"><net_src comp="288" pin="1"/><net_sink comp="132" pin=15"/></net>

<net id="296"><net_src comp="120" pin="2"/><net_sink comp="293" pin=0"/></net>

<net id="297"><net_src comp="293" pin="1"/><net_sink comp="132" pin=13"/></net>

<net id="301"><net_src comp="126" pin="2"/><net_sink comp="298" pin=0"/></net>

<net id="302"><net_src comp="298" pin="1"/><net_sink comp="132" pin=4"/></net>

<net id="306"><net_src comp="222" pin="3"/><net_sink comp="303" pin=0"/></net>

<net id="307"><net_src comp="303" pin="1"/><net_sink comp="132" pin=11"/></net>

<net id="311"><net_src comp="170" pin="2"/><net_sink comp="308" pin=0"/></net>

<net id="312"><net_src comp="308" pin="1"/><net_sink comp="132" pin=2"/></net>

<net id="316"><net_src comp="180" pin="2"/><net_sink comp="313" pin=0"/></net>

<net id="317"><net_src comp="313" pin="1"/><net_sink comp="132" pin=19"/></net>

<net id="321"><net_src comp="189" pin="2"/><net_sink comp="318" pin=0"/></net>

<net id="322"><net_src comp="318" pin="1"/><net_sink comp="132" pin=12"/></net>

<net id="326"><net_src comp="196" pin="2"/><net_sink comp="323" pin=0"/></net>

<net id="327"><net_src comp="323" pin="1"/><net_sink comp="132" pin=16"/></net>

<net id="331"><net_src comp="202" pin="2"/><net_sink comp="328" pin=0"/></net>

<net id="332"><net_src comp="328" pin="1"/><net_sink comp="132" pin=17"/></net>

<net id="336"><net_src comp="208" pin="2"/><net_sink comp="333" pin=0"/></net>

<net id="337"><net_src comp="333" pin="1"/><net_sink comp="132" pin=18"/></net>

</net_list>

</model> 
---------------- Datapath Model END ------------------

* FSMD analyzer results:
  - Output states:
	Port: arg0_arg1_streams_1313 | {}
	Port: arg0_arg1_streams_14 | {6 7 }
 - Input state : 
	Port: stencilRun : p_read | {1 }
	Port: stencilRun : p_read1 | {1 }
	Port: stencilRun : p_read2 | {4 }
	Port: stencilRun : p_read3 | {5 }
	Port: stencilRun : p_read4 | {5 }
	Port: stencilRun : p_read5 | {5 }
	Port: stencilRun : p_read6 | {5 }
	Port: stencilRun : p_read7 | {5 }
	Port: stencilRun : p_read8 | {5 }
	Port: stencilRun : p_read9 | {4 }
	Port: stencilRun : arg0_arg1_streams_1313 | {6 7 }
	Port: stencilRun : arg0_arg1_streams_14 | {}
  - Chain level:
	State 1
		mul_ln147 : 1
	State 2
	State 3
	State 4
		plane_diff : 1
		iter_limit : 1
		S3D_7PT_read_ub_itr : 1
	State 5
	State 6
		add_ln190 : 1
		call_ln148 : 2
	State 7


============================================================
+ Verbose Summary: Datapath Resource usage 
============================================================

* Functional unit list:
|----------|-------------------------------------------------|---------|---------|---------|---------|
| Operation|                 Functional Unit                 |   DSP   |  Delay  |    FF   |   LUT   |
|----------|-------------------------------------------------|---------|---------|---------|---------|
|   call   | grp_stencilRun_Pipeline_VITIS_LOOP_194_1_fu_132 |    72   |  43.378 |  11036  |   4902  |
|----------|-------------------------------------------------|---------|---------|---------|---------|
|          |                 add_ln190_fu_189                |    0    |    0    |    0    |    16   |
|    add   |                cond_x_val_fu_196                |    0    |    0    |    0    |    16   |
|          |                cond_y_val_fu_202                |    0    |    0    |    0    |    16   |
|          |                cond_z_val_fu_208                |    0    |    0    |    0    |    16   |
|----------|-------------------------------------------------|---------|---------|---------|---------|
|          |                    grp_fu_170                   |    2    |    0    |    23   |    0    |
|    mul   |                    grp_fu_180                   |    2    |    0    |    23   |    0    |
|          |                    grp_fu_214                   |    1    |    0    |    0    |    0    |
|----------|-------------------------------------------------|---------|---------|---------|---------|
|  muladd  |                    grp_fu_222                   |    1    |    0    |    0    |    0    |
|----------|-------------------------------------------------|---------|---------|---------|---------|
|          |               p_read_14_read_fu_72              |    0    |    0    |    0    |    0    |
|          |               p_read45_read_fu_78               |    0    |    0    |    0    |    0    |
|          |               p_read_6_read_fu_84               |    0    |    0    |    0    |    0    |
|          |               p_read_13_read_fu_90              |    0    |    0    |    0    |    0    |
|   read   |               p_read_7_read_fu_96               |    0    |    0    |    0    |    0    |
|          |               p_read_8_read_fu_102              |    0    |    0    |    0    |    0    |
|          |               p_read_9_read_fu_108              |    0    |    0    |    0    |    0    |
|          |              p_read_10_read_fu_114              |    0    |    0    |    0    |    0    |
|          |              p_read_11_read_fu_120              |    0    |    0    |    0    |    0    |
|          |              p_read_12_read_fu_126              |    0    |    0    |    0    |    0    |
|----------|-------------------------------------------------|---------|---------|---------|---------|
|          |                 zext_ln96_fu_158                |    0    |    0    |    0    |    0    |
|          |                zext_ln96_1_fu_162               |    0    |    0    |    0    |    0    |
|   zext   |                zext_ln147_fu_166                |    0    |    0    |    0    |    0    |
|          |                zext_ln152_fu_176                |    0    |    0    |    0    |    0    |
|          |                zext_ln96_2_fu_186               |    0    |    0    |    0    |    0    |
|----------|-------------------------------------------------|---------|---------|---------|---------|
|   Total  |                                                 |    78   |  43.378 |  11082  |   4966  |
|----------|-------------------------------------------------|---------|---------|---------|---------|

Memories:
+------------------+--------+--------+--------+--------+
|                  |  BRAM  |   FF   |   LUT  |  URAM  |
+------------------+--------+--------+--------+--------+
|  arg0_buf_p0_1_V |    -   |    0   |    0   |    8   |
|  arg0_buf_p1_2_V |    -   |    0   |    0   |    8   |
|arg0_buf_r0_1_p1_V|    8   |    0   |    0   |    -   |
|arg0_buf_r1_2_p1_V|    8   |    0   |    0   |    -   |
+------------------+--------+--------+--------+--------+
|       Total      |   16   |    0   |    0   |   16   |
+------------------+--------+--------+--------+--------+

* Register list:
+---------------------------+--------+
|                           |   FF   |
+---------------------------+--------+
|S3D_7PT_read_ub_itr_reg_313|   32   |
|     add_ln190_reg_318     |   17   |
|     cond_x_val_reg_323    |   16   |
|     cond_y_val_reg_328    |   16   |
|     cond_z_val_reg_333    |   16   |
|     iter_limit_reg_308    |   32   |
|     mul_ln147_reg_262     |   32   |
|      p_read45_reg_234     |   16   |
|     p_read_10_reg_288     |   16   |
|     p_read_11_reg_293     |   16   |
|     p_read_12_reg_298     |   16   |
|     p_read_14_reg_228     |   16   |
|      p_read_6_reg_252     |   16   |
|      p_read_7_reg_273     |   16   |
|      p_read_8_reg_278     |   16   |
|      p_read_9_reg_283     |   16   |
|     plane_diff_reg_303    |   16   |
|     zext_ln147_reg_257    |   32   |
|     zext_ln152_reg_268    |   32   |
|    zext_ln96_1_reg_247    |   32   |
|     zext_ln96_reg_242     |   32   |
+---------------------------+--------+
|           Total           |   449  |
+---------------------------+--------+

* Multiplexer (MUX) list: 
|-------------------------------------------------|------|------|------|--------||---------||---------|
|                       Comp                      |  Pin | Size |  BW  | S x BW ||  Delay  ||   LUT   |
|-------------------------------------------------|------|------|------|--------||---------||---------|
| grp_stencilRun_Pipeline_VITIS_LOOP_194_1_fu_132 |  p2  |   2  |  32  |   64   ||    32   |
| grp_stencilRun_Pipeline_VITIS_LOOP_194_1_fu_132 |  p12 |   2  |  17  |   34   ||    17   |
| grp_stencilRun_Pipeline_VITIS_LOOP_194_1_fu_132 |  p16 |   2  |  16  |   32   ||    15   |
| grp_stencilRun_Pipeline_VITIS_LOOP_194_1_fu_132 |  p17 |   2  |  16  |   32   ||    15   |
| grp_stencilRun_Pipeline_VITIS_LOOP_194_1_fu_132 |  p18 |   2  |  16  |   32   ||    15   |
| grp_stencilRun_Pipeline_VITIS_LOOP_194_1_fu_132 |  p19 |   2  |  32  |   64   ||    32   |
|                    grp_fu_170                   |  p0  |   2  |  32  |   64   ||    32   |
|                    grp_fu_170                   |  p1  |   2  |  16  |   32   ||    15   |
|                    grp_fu_180                   |  p0  |   2  |  32  |   64   ||    32   |
|                    grp_fu_180                   |  p1  |   2  |  16  |   32   ||    15   |
|                    grp_fu_214                   |  p0  |   2  |  16  |   32   ||    15   |
|                    grp_fu_214                   |  p1  |   2  |  16  |   32   ||    15   |
|-------------------------------------------------|------|------|------|--------||---------||---------|
|                      Total                      |      |      |      |   514  ||  5.072  ||   250   |
|-------------------------------------------------|------|------|------|--------||---------||---------|



* Summary:
+-----------+--------+--------+--------+--------+--------+--------+
|           |  BRAM  |   DSP  |  Delay |   FF   |   LUT  |  URAM  |
+-----------+--------+--------+--------+--------+--------+--------+
|  Function |    -   |   78   |   43   |  11082 |  4966  |    -   |
|   Memory  |   16   |    -   |    -   |    0   |    0   |   16   |
|Multiplexer|    -   |    -   |    5   |    -   |   250  |    -   |
|  Register |    -   |    -   |    -   |   449  |    -   |    -   |
+-----------+--------+--------+--------+--------+--------+--------+
|   Total   |   16   |   78   |   48   |  11531 |  5216  |   16   |
+-----------+--------+--------+--------+--------+--------+--------+
