

================================================================
== Vitis HLS Report for 'stream2axis_256u_256u_Pipeline_VITIS_LOOP_1897_1'
================================================================
* Date:           Sun Jul 26 01:26:30 2026

* Version:        2022.1 (Build 3526262 on Mon Apr 18 15:47:01 MDT 2022)
* Project:        kernel_outerloop_0
* Solution:       solution (Vitis Kernel Flow Target)
* Product family: versal
* Target device:  xcvc1902-vsvd1760-2MP-e-S


================================================================
== Performance Estimates
================================================================
+ Timing: 
    * Summary: 
    +--------+---------+----------+------------+
    |  Clock |  Target | Estimated| Uncertainty|
    +--------+---------+----------+------------+
    |ap_clk  |  3.33 ns|  1.344 ns|     0.90 ns|
    +--------+---------+----------+------------+

+ Latency: 
    * Summary: 
    +---------+---------+----------+----------+-----+-----+---------+
    |  Latency (cycles) |  Latency (absolute) |  Interval | Pipeline|
    |   min   |   max   |    min   |    max   | min | max |   Type  |
    +---------+---------+----------+----------+-----+-----+---------+
    |        ?|        ?|         ?|         ?|    ?|    ?|       no|
    +---------+---------+----------+----------+-----+-----+---------+

    + Detail: 
        * Instance: 
        N/A

        * Loop: 
        +---------------------+---------+---------+----------+-----------+-----------+------+----------+
        |                     |  Latency (cycles) | Iteration|  Initiation Interval  | Trip |          |
        |      Loop Name      |   min   |   max   |  Latency |  achieved |   target  | Count| Pipelined|
        +---------------------+---------+---------+----------+-----------+-----------+------+----------+
        |- VITIS_LOOP_1897_1  |        ?|        ?|         2|          1|          1|     ?|       yes|
        +---------------------+---------+---------+----------+-----------+-----------+------+----------+



================================================================
== Utilization Estimates
================================================================
* Summary: 
+-----------------+---------+------+---------+--------+-----+
|       Name      | BRAM_18K|  DSP |    FF   |   LUT  | URAM|
+-----------------+---------+------+---------+--------+-----+
|DSP              |        -|     -|        -|       -|    -|
|Expression       |        -|     -|        0|      46|    -|
|FIFO             |        -|     -|        -|       -|    -|
|Instance         |        -|     -|        -|       -|    -|
|Memory           |        -|     -|        -|       -|    -|
|Multiplexer      |        -|     -|        -|      58|    -|
|Register         |        -|     -|       30|       -|    -|
+-----------------+---------+------+---------+--------+-----+
|Total            |        0|     0|       30|     104|    0|
+-----------------+---------+------+---------+--------+-----+
|Available        |     1934|  1968|  1799680|  899840|  463|
+-----------------+---------+------+---------+--------+-----+
|Utilization (%)  |        0|     0|       ~0|      ~0|    0|
+-----------------+---------+------+---------+--------+-----+

+ Detail: 
    * Instance: 
    N/A

    * DSP: 
    N/A

    * Memory: 
    N/A

    * FIFO: 
    N/A

    * Expression: 
    +----------------------------------+----------+----+---+----+------------+------------+
    |           Variable Name          | Operation| DSP| FF| LUT| Bitwidth P0| Bitwidth P1|
    +----------------------------------+----------+----+---+----+------------+------------+
    |itr_2_fu_94_p2                    |         +|   0|  0|  27|          27|           1|
    |ap_block_pp0_stage0_01001         |       and|   0|  0|   2|           1|           1|
    |icmp_ln1897_fu_100_p2             |      icmp|   0|  0|  13|          27|          27|
    |ap_block_state2_pp0_stage0_iter1  |        or|   0|  0|   2|           1|           1|
    |ap_enable_pp0                     |       xor|   0|  0|   2|           1|           2|
    +----------------------------------+----------+----+---+----+------------+------------+
    |Total                             |          |   0|  0|  46|          57|          32|
    +----------------------------------+----------+----+---+----+------------+------------+

    * Multiplexer: 
    +----------------------------+----+-----------+-----+-----------+
    |            Name            | LUT| Input Size| Bits| Total Bits|
    +----------------------------+----+-----------+-----+-----------+
    |ap_done_int                 |   2|          2|    1|          2|
    |ap_enable_reg_pp0_iter1     |   2|          2|    1|          2|
    |ap_sig_allocacmp_itr_1      |  25|          2|   27|         54|
    |arg0_arg1_streams_14_blk_n  |   2|          2|    1|          2|
    |arg1_axis_out_TDATA_blk_n   |   2|          2|    1|          2|
    |itr_fu_50                   |  25|          2|   27|         54|
    +----------------------------+----+-----------+-----+-----------+
    |Total                       |  58|         12|   58|        116|
    +----------------------------+----+-----------+-----+-----------+

    * Register: 
    +-------------------------+----+----+-----+-----------+
    |           Name          | FF | LUT| Bits| Const Bits|
    +-------------------------+----+----+-----+-----------+
    |ap_CS_fsm                |   1|   0|    1|          0|
    |ap_done_reg              |   1|   0|    1|          0|
    |ap_enable_reg_pp0_iter1  |   1|   0|    1|          0|
    |itr_fu_50                |  27|   0|   27|          0|
    +-------------------------+----+----+-----+-----------+
    |Total                    |  30|   0|   30|          0|
    +-------------------------+----+----+-----+-----------+



================================================================
== Interface
================================================================
* Summary: 
+-------------------------------------+-----+-----+------------+----------------------------------------------------+--------------+
|              RTL Ports              | Dir | Bits|  Protocol  |                    Source Object                   |    C Type    |
+-------------------------------------+-----+-----+------------+----------------------------------------------------+--------------+
|ap_clk                               |   in|    1|  ap_ctrl_hs|  stream2axis<256u, 256u>_Pipeline_VITIS_LOOP_1897_1|  return value|
|ap_rst                               |   in|    1|  ap_ctrl_hs|  stream2axis<256u, 256u>_Pipeline_VITIS_LOOP_1897_1|  return value|
|ap_start                             |   in|    1|  ap_ctrl_hs|  stream2axis<256u, 256u>_Pipeline_VITIS_LOOP_1897_1|  return value|
|ap_done                              |  out|    1|  ap_ctrl_hs|  stream2axis<256u, 256u>_Pipeline_VITIS_LOOP_1897_1|  return value|
|ap_idle                              |  out|    1|  ap_ctrl_hs|  stream2axis<256u, 256u>_Pipeline_VITIS_LOOP_1897_1|  return value|
|ap_ready                             |  out|    1|  ap_ctrl_hs|  stream2axis<256u, 256u>_Pipeline_VITIS_LOOP_1897_1|  return value|
|arg0_arg1_streams_14_dout            |   in|  256|     ap_fifo|                                arg0_arg1_streams_14|       pointer|
|arg0_arg1_streams_14_num_data_valid  |   in|    5|     ap_fifo|                                arg0_arg1_streams_14|       pointer|
|arg0_arg1_streams_14_fifo_cap        |   in|    5|     ap_fifo|                                arg0_arg1_streams_14|       pointer|
|arg0_arg1_streams_14_empty_n         |   in|    1|     ap_fifo|                                arg0_arg1_streams_14|       pointer|
|arg0_arg1_streams_14_read            |  out|    1|     ap_fifo|                                arg0_arg1_streams_14|       pointer|
|arg1_axis_out_TREADY                 |   in|    1|        axis|                              arg1_axis_out_V_data_V|       pointer|
|arg1_axis_out_TDATA                  |  out|  256|        axis|                              arg1_axis_out_V_data_V|       pointer|
|trunc_ln                             |   in|   27|     ap_none|                                            trunc_ln|        scalar|
|arg1_axis_out_TVALID                 |  out|    1|        axis|                              arg1_axis_out_V_last_V|       pointer|
|arg1_axis_out_TLAST                  |  out|    1|        axis|                              arg1_axis_out_V_last_V|       pointer|
|arg1_axis_out_TKEEP                  |  out|   32|        axis|                              arg1_axis_out_V_keep_V|       pointer|
|arg1_axis_out_TSTRB                  |  out|   32|        axis|                              arg1_axis_out_V_strb_V|       pointer|
+-------------------------------------+-----+-----+------------+----------------------------------------------------+--------------+

============================================================
+ Verbose Summary: Synthesis Manager
============================================================
InlineROM: 1
ExposeGlobal: 0
============================================================
+ Verbose Summary: CDFG Model
============================================================
IsTopModel: 0
ResetActiveHigh: 1
IsCombinational: 2
IsDatapathOnly: 2
HasWiredReturn: 1
HasMFsm: 2
HasVarLatency: 1
IsPipeline: 0
IsRtlPipelined: 0
IsInstanceOverlapped: 0
IsDontTouch: 0
HasImplIP: 0
IsGatedGlobalClock: 0

+ Individual pipeline summary: 
  * Pipeline-0: initiation interval (II) = 1, depth = 2


============================================================
+ Verbose Summary: Schedule
============================================================
* Number of FSM states : 2
* Pipeline : 1
  Pipeline-0 : II = 1, D = 2, States = { 1 2 }
* Dataflow Pipeline: 0

* FSM state transitions: 
1 --> 2 
2 --> 

* FSM state operations: 

State 1 <SV = 0> <Delay = 1.34>
ST_1 : Operation 5 [1/1] (0.00ns)   --->   "%itr = alloca i32 1"   --->   Operation 5 'alloca' 'itr' <Predicate = true> <Delay = 0.00>
ST_1 : Operation 6 [1/1] (0.00ns)   --->   "%specinterface_ln0 = specinterface void @_ssdm_op_SpecInterface, i1 %arg1_axis_out_V_last_V, i32 %arg1_axis_out_V_strb_V, i32 %arg1_axis_out_V_keep_V, i256 %arg1_axis_out_V_data_V, void @empty_3, i32 0, i32 0, void @empty_21, i32 0, i32 0, void @empty_18, void @empty_18, void @empty_18, i32 0, i32 0, i32 0, i32 0, void @empty_18, void @empty_18, i32 4294967295, i32 0"   --->   Operation 6 'specinterface' 'specinterface_ln0' <Predicate = true> <Delay = 0.00>
ST_1 : Operation 7 [1/1] (0.00ns)   --->   "%specinterface_ln0 = specinterface void @_ssdm_op_SpecInterface, i256 %arg0_arg1_streams_14, void @empty_2, i32 0, i32 0, void @empty_18, i32 0, i32 0, void @empty_18, void @empty_18, void @empty_18, i32 0, i32 0, i32 0, i32 0, void @empty_18, void @empty_18, i32 4294967295, i32 0"   --->   Operation 7 'specinterface' 'specinterface_ln0' <Predicate = true> <Delay = 0.00>
ST_1 : Operation 8 [1/1] (0.00ns)   --->   "%trunc_ln_read = read i27 @_ssdm_op_Read.ap_auto.i27, i27 %trunc_ln"   --->   Operation 8 'read' 'trunc_ln_read' <Predicate = true> <Delay = 0.00>
ST_1 : Operation 9 [1/1] (0.46ns)   --->   "%store_ln0 = store i27 0, i27 %itr"   --->   Operation 9 'store' 'store_ln0' <Predicate = true> <Delay = 0.46>
ST_1 : Operation 10 [1/1] (0.00ns)   --->   "%br_ln0 = br void %VITIS_LOOP_1904_2"   --->   Operation 10 'br' 'br_ln0' <Predicate = true> <Delay = 0.00>
ST_1 : Operation 11 [1/1] (0.00ns)   --->   "%itr_1 = load i27 %itr" [/home/x_thileeb/repos/ops-hls-pact25-artifact/OPS/ops/hls/include/device/../../L1/include/ops_hls_datamover.hpp:1897]   --->   Operation 11 'load' 'itr_1' <Predicate = true> <Delay = 0.00>
ST_1 : Operation 12 [1/1] (0.87ns)   --->   "%itr_2 = add i27 %itr_1, i27 1" [/home/x_thileeb/repos/ops-hls-pact25-artifact/OPS/ops/hls/include/device/../../L1/include/ops_hls_datamover.hpp:1897]   --->   Operation 12 'add' 'itr_2' <Predicate = true> <Delay = 0.87> <CoreInst = "Adder">   --->   Core 1 'Adder' <Latency = 0> <II = 1> <Delay = 0.87> <FuncUnit> <Opcode : 'add' 'sub'> <InPorts = 2> <OutPorts = 1>
ST_1 : Operation 13 [1/1] (0.00ns)   --->   "%specpipeline_ln0 = specpipeline void @_ssdm_op_SpecPipeline, i32 4294967295, i32 0, i32 1, i32 0, void @p_str"   --->   Operation 13 'specpipeline' 'specpipeline_ln0' <Predicate = true> <Delay = 0.00>
ST_1 : Operation 14 [1/1] (0.74ns)   --->   "%icmp_ln1897 = icmp_eq  i27 %itr_1, i27 %trunc_ln_read" [/home/x_thileeb/repos/ops-hls-pact25-artifact/OPS/ops/hls/include/device/../../L1/include/ops_hls_datamover.hpp:1897]   --->   Operation 14 'icmp' 'icmp_ln1897' <Predicate = true> <Delay = 0.74> <CoreInst = "Cmp">   --->   Core 9 'Cmp' <Latency = 0> <II = 1> <Delay = 0.74> <FuncUnit> <Opcode : 'icmp'> <InPorts = 2> <OutPorts = 1>
ST_1 : Operation 15 [1/1] (0.00ns)   --->   "%br_ln1897 = br i1 %icmp_ln1897, void %VITIS_LOOP_1904_2.split, void %for.end10.loopexit.exitStub" [/home/x_thileeb/repos/ops-hls-pact25-artifact/OPS/ops/hls/include/device/../../L1/include/ops_hls_datamover.hpp:1897]   --->   Operation 15 'br' 'br_ln1897' <Predicate = true> <Delay = 0.00>
ST_1 : Operation 16 [1/1] (0.46ns)   --->   "%store_ln1897 = store i27 %itr_2, i27 %itr" [/home/x_thileeb/repos/ops-hls-pact25-artifact/OPS/ops/hls/include/device/../../L1/include/ops_hls_datamover.hpp:1897]   --->   Operation 16 'store' 'store_ln1897' <Predicate = (!icmp_ln1897)> <Delay = 0.46>
ST_1 : Operation 21 [1/1] (0.00ns)   --->   "%ret_ln0 = ret"   --->   Operation 21 'ret' 'ret_ln0' <Predicate = (icmp_ln1897)> <Delay = 0.00>

State 2 <SV = 1> <Delay = 1.21>
ST_2 : Operation 17 [1/1] (0.00ns)   --->   "%specloopname_ln1897 = specloopname void @_ssdm_op_SpecLoopName, void @empty_10" [/home/x_thileeb/repos/ops-hls-pact25-artifact/OPS/ops/hls/include/device/../../L1/include/ops_hls_datamover.hpp:1897]   --->   Operation 17 'specloopname' 'specloopname_ln1897' <Predicate = true> <Delay = 0.00>
ST_2 : Operation 18 [1/1] (1.21ns)   --->   "%tmp_V = read i256 @_ssdm_op_Read.ap_fifo.volatile.i256P0A, i256 %arg0_arg1_streams_14" [/tools/Xilinx/Vitis_HLS/2022.1/common/technology/autopilot/hls_stream_39.h:145]   --->   Operation 18 'read' 'tmp_V' <Predicate = true> <Delay = 1.21> <CoreInst = "FIFO">   --->   Core 82 'FIFO' <Latency = 0> <II = 1> <Delay = 1.38> <Storage> <Opcode : 'read' 'write' 'nbread' 'nbwrite'> <Ports = 0> <Width = 256> <Depth = 10> <FIFO>
ST_2 : Operation 19 [1/1] (0.00ns)   --->   "%write_ln304 = write void @_ssdm_op_Write.axis.volatile.i256P0A.i32P0A.i32P0A.i1P0A, i256 %arg1_axis_out_V_data_V, i32 %arg1_axis_out_V_keep_V, i32 %arg1_axis_out_V_strb_V, i1 %arg1_axis_out_V_last_V, i256 %tmp_V, i32 0, i32 0, i1 0"   --->   Operation 19 'write' 'write_ln304' <Predicate = true> <Delay = 0.00> <CoreInst = "axis">   --->   Core 127 'axis' <Latency = 0> <II = 1> <Delay = 1.00> <Adapter> <Opcode : >
ST_2 : Operation 20 [1/1] (0.00ns)   --->   "%br_ln1897 = br void %VITIS_LOOP_1904_2" [/home/x_thileeb/repos/ops-hls-pact25-artifact/OPS/ops/hls/include/device/../../L1/include/ops_hls_datamover.hpp:1897]   --->   Operation 20 'br' 'br_ln1897' <Predicate = true> <Delay = 0.00>


============================================================
+ Verbose Summary: Binding
============================================================
STG Binding: 
---------------- STG Properties BEGIN ----------------
- Is combinational: 0
- Is one-state seq: 0
- Is datapath-only: 0
- Is pipelined: 0
- Is top level: 0
Port [ Return ] is wired: 1; IO mode=ap_ctrl_hs:ce=0
Port [ trunc_ln]:  wired=1; compound=0; hidden=0; nouse=0; global=0; static=0; extern=0; dir=0; type=0; pingpong=0; private_global=0; IO mode=ap_none:ce=0
Port [ arg0_arg1_streams_14]:  wired=1; compound=1; hidden=0; nouse=0; global=0; static=0; extern=0; dir=0; type=3; pingpong=0; private_global=0; IO mode=ap_fifo:ce=0
Port [ arg1_axis_out_V_data_V]:  wired=1; compound=1; hidden=0; nouse=0; global=0; static=0; extern=0; dir=1; type=0; pingpong=0; private_global=0; IO mode=axis:ce=0
Port [ arg1_axis_out_V_keep_V]:  wired=1; compound=1; hidden=0; nouse=0; global=0; static=0; extern=0; dir=1; type=0; pingpong=0; private_global=0; IO mode=axis:ce=0
Port [ arg1_axis_out_V_strb_V]:  wired=1; compound=1; hidden=0; nouse=0; global=0; static=0; extern=0; dir=1; type=0; pingpong=0; private_global=0; IO mode=axis:ce=0
Port [ arg1_axis_out_V_last_V]:  wired=1; compound=1; hidden=0; nouse=0; global=0; static=0; extern=0; dir=1; type=0; pingpong=0; private_global=0; IO mode=axis:ce=0
---------------- STG Properties END ------------------

---------------- Datapath Model BEGIN ----------------

<LifeTime>
<method=bitvector/>
itr                 (alloca       ) [ 010]
specinterface_ln0   (specinterface) [ 000]
specinterface_ln0   (specinterface) [ 000]
trunc_ln_read       (read         ) [ 000]
store_ln0           (store        ) [ 000]
br_ln0              (br           ) [ 000]
itr_1               (load         ) [ 000]
itr_2               (add          ) [ 000]
specpipeline_ln0    (specpipeline ) [ 000]
icmp_ln1897         (icmp         ) [ 010]
br_ln1897           (br           ) [ 000]
store_ln1897        (store        ) [ 000]
specloopname_ln1897 (specloopname ) [ 000]
tmp_V               (read         ) [ 000]
write_ln304         (write        ) [ 000]
br_ln1897           (br           ) [ 000]
ret_ln0             (ret          ) [ 000]
</LifeTime>

<model>

<comp_list>
<comp id="0" class="1000" name="trunc_ln">
<pin_list>
<pin id="1" dir="1" index="0" bw="1" slack="0"/>
</pin_list>
<bind>
<StgValue><ssdm name="trunc_ln"/></StgValue>
</bind>
</comp>

<comp id="2" class="1000" name="arg0_arg1_streams_14">
<pin_list>
<pin id="3" dir="1" index="0" bw="1" slack="0"/>
</pin_list>
<bind>
<StgValue><ssdm name="arg0_arg1_streams_14"/></StgValue>
</bind>
</comp>

<comp id="4" class="1000" name="arg1_axis_out_V_data_V">
<pin_list>
<pin id="5" dir="1" index="0" bw="1" slack="0"/>
</pin_list>
<bind>
<StgValue><ssdm name="arg1_axis_out_V_data_V"/></StgValue>
</bind>
</comp>

<comp id="6" class="1000" name="arg1_axis_out_V_keep_V">
<pin_list>
<pin id="7" dir="1" index="0" bw="1" slack="0"/>
</pin_list>
<bind>
<StgValue><ssdm name="arg1_axis_out_V_keep_V"/></StgValue>
</bind>
</comp>

<comp id="8" class="1000" name="arg1_axis_out_V_strb_V">
<pin_list>
<pin id="9" dir="1" index="0" bw="1" slack="0"/>
</pin_list>
<bind>
<StgValue><ssdm name="arg1_axis_out_V_strb_V"/></StgValue>
</bind>
</comp>

<comp id="10" class="1000" name="arg1_axis_out_V_last_V">
<pin_list>
<pin id="11" dir="1" index="0" bw="1" slack="0"/>
</pin_list>
<bind>
<StgValue><ssdm name="arg1_axis_out_V_last_V"/></StgValue>
</bind>
</comp>

<comp id="12" class="1001" name="const_12">
<pin_list>
<pin id="13" dir="1" index="0" bw="1" slack="0"/>
</pin_list>
<bind>
<StgValue><ssdm name=""/></StgValue>
</bind>
</comp>

<comp id="14" class="1001" name="const_14">
<pin_list>
<pin id="15" dir="1" index="0" bw="1" slack="2147483647"/>
</pin_list>
<bind>
<StgValue><ssdm name="_ssdm_op_SpecInterface"/></StgValue>
</bind>
</comp>

<comp id="16" class="1001" name="const_16">
<pin_list>
<pin id="17" dir="1" index="0" bw="1" slack="2147483647"/>
</pin_list>
<bind>
<StgValue><ssdm name="empty_3"/></StgValue>
</bind>
</comp>

<comp id="18" class="1001" name="const_18">
<pin_list>
<pin id="19" dir="1" index="0" bw="1" slack="2147483647"/>
</pin_list>
<bind>
<StgValue><ssdm name=""/></StgValue>
</bind>
</comp>

<comp id="20" class="1001" name="const_20">
<pin_list>
<pin id="21" dir="1" index="0" bw="1" slack="2147483647"/>
</pin_list>
<bind>
<StgValue><ssdm name="empty_21"/></StgValue>
</bind>
</comp>

<comp id="22" class="1001" name="const_22">
<pin_list>
<pin id="23" dir="1" index="0" bw="1" slack="2147483647"/>
</pin_list>
<bind>
<StgValue><ssdm name="empty_18"/></StgValue>
</bind>
</comp>

<comp id="24" class="1001" name="const_24">
<pin_list>
<pin id="25" dir="1" index="0" bw="1" slack="2147483647"/>
</pin_list>
<bind>
<StgValue><ssdm name=""/></StgValue>
</bind>
</comp>

<comp id="26" class="1001" name="const_26">
<pin_list>
<pin id="27" dir="1" index="0" bw="1" slack="2147483647"/>
</pin_list>
<bind>
<StgValue><ssdm name="empty_2"/></StgValue>
</bind>
</comp>

<comp id="28" class="1001" name="const_28">
<pin_list>
<pin id="29" dir="1" index="0" bw="1" slack="0"/>
</pin_list>
<bind>
<StgValue><ssdm name="_ssdm_op_Read.ap_auto.i27"/></StgValue>
</bind>
</comp>

<comp id="30" class="1001" name="const_30">
<pin_list>
<pin id="31" dir="1" index="0" bw="1" slack="0"/>
</pin_list>
<bind>
<StgValue><ssdm name=""/></StgValue>
</bind>
</comp>

<comp id="32" class="1001" name="const_32">
<pin_list>
<pin id="33" dir="1" index="0" bw="1" slack="0"/>
</pin_list>
<bind>
<StgValue><ssdm name=""/></StgValue>
</bind>
</comp>

<comp id="34" class="1001" name="const_34">
<pin_list>
<pin id="35" dir="1" index="0" bw="1" slack="2147483647"/>
</pin_list>
<bind>
<StgValue><ssdm name="_ssdm_op_SpecPipeline"/></StgValue>
</bind>
</comp>

<comp id="36" class="1001" name="const_36">
<pin_list>
<pin id="37" dir="1" index="0" bw="1" slack="2147483647"/>
</pin_list>
<bind>
<StgValue><ssdm name="p_str"/></StgValue>
</bind>
</comp>

<comp id="38" class="1001" name="const_38">
<pin_list>
<pin id="39" dir="1" index="0" bw="1" slack="2147483647"/>
</pin_list>
<bind>
<StgValue><ssdm name="_ssdm_op_SpecLoopName"/></StgValue>
</bind>
</comp>

<comp id="40" class="1001" name="const_40">
<pin_list>
<pin id="41" dir="1" index="0" bw="1" slack="2147483647"/>
</pin_list>
<bind>
<StgValue><ssdm name="empty_10"/></StgValue>
</bind>
</comp>

<comp id="42" class="1001" name="const_42">
<pin_list>
<pin id="43" dir="1" index="0" bw="1" slack="0"/>
</pin_list>
<bind>
<StgValue><ssdm name="_ssdm_op_Read.ap_fifo.volatile.i256P0A"/></StgValue>
</bind>
</comp>

<comp id="44" class="1001" name="const_44">
<pin_list>
<pin id="45" dir="1" index="0" bw="1" slack="0"/>
</pin_list>
<bind>
<StgValue><ssdm name="_ssdm_op_Write.axis.volatile.i256P0A.i32P0A.i32P0A.i1P0A"/></StgValue>
</bind>
</comp>

<comp id="46" class="1001" name="const_46">
<pin_list>
<pin id="47" dir="1" index="0" bw="1" slack="0"/>
</pin_list>
<bind>
<StgValue><ssdm name=""/></StgValue>
</bind>
</comp>

<comp id="48" class="1001" name="const_48">
<pin_list>
<pin id="49" dir="1" index="0" bw="1" slack="0"/>
</pin_list>
<bind>
<StgValue><ssdm name=""/></StgValue>
</bind>
</comp>

<comp id="50" class="1004" name="itr_fu_50">
<pin_list>
<pin id="51" dir="0" index="0" bw="1" slack="0"/>
<pin id="52" dir="1" index="1" bw="27" slack="0"/>
</pin_list>
<bind>
<opcode="alloca(26) " fcode="alloca"/>
<opset="itr/1 "/>
</bind>
</comp>

<comp id="54" class="1004" name="trunc_ln_read_read_fu_54">
<pin_list>
<pin id="55" dir="0" index="0" bw="27" slack="0"/>
<pin id="56" dir="0" index="1" bw="27" slack="0"/>
<pin id="57" dir="1" index="2" bw="27" slack="0"/>
</pin_list>
<bind>
<opcode="read(1150) " fcode="read"/>
<opset="trunc_ln_read/1 "/>
</bind>
</comp>

<comp id="60" class="1004" name="tmp_V_read_fu_60">
<pin_list>
<pin id="61" dir="0" index="0" bw="256" slack="0"/>
<pin id="62" dir="0" index="1" bw="256" slack="0"/>
<pin id="63" dir="1" index="2" bw="256" slack="0"/>
</pin_list>
<bind>
<opcode="read(1150) " fcode="read"/>
<opset="tmp_V/2 "/>
</bind>
</comp>

<comp id="66" class="1004" name="write_ln304_write_fu_66">
<pin_list>
<pin id="67" dir="0" index="0" bw="0" slack="0"/>
<pin id="68" dir="0" index="1" bw="256" slack="0"/>
<pin id="69" dir="0" index="2" bw="32" slack="0"/>
<pin id="70" dir="0" index="3" bw="32" slack="0"/>
<pin id="71" dir="0" index="4" bw="1" slack="0"/>
<pin id="72" dir="0" index="5" bw="256" slack="0"/>
<pin id="73" dir="0" index="6" bw="1" slack="0"/>
<pin id="74" dir="0" index="7" bw="1" slack="0"/>
<pin id="75" dir="0" index="8" bw="1" slack="0"/>
<pin id="76" dir="1" index="9" bw="0" slack="2147483647"/>
</pin_list>
<bind>
<opcode="write(1151) " fcode="write"/>
<opset="write_ln304/2 "/>
</bind>
</comp>

<comp id="86" class="1004" name="store_ln0_store_fu_86">
<pin_list>
<pin id="87" dir="0" index="0" bw="1" slack="0"/>
<pin id="88" dir="0" index="1" bw="27" slack="0"/>
<pin id="89" dir="1" index="2" bw="0" slack="2147483647"/>
</pin_list>
<bind>
<opcode="store(28) " fcode="store"/>
<opset="store_ln0/1 "/>
</bind>
</comp>

<comp id="91" class="1004" name="itr_1_load_fu_91">
<pin_list>
<pin id="92" dir="0" index="0" bw="27" slack="0"/>
<pin id="93" dir="1" index="1" bw="27" slack="0"/>
</pin_list>
<bind>
<opcode="load(27) " fcode="load"/>
<opset="itr_1/1 "/>
</bind>
</comp>

<comp id="94" class="1004" name="itr_2_fu_94">
<pin_list>
<pin id="95" dir="0" index="0" bw="27" slack="0"/>
<pin id="96" dir="0" index="1" bw="1" slack="0"/>
<pin id="97" dir="1" index="2" bw="27" slack="0"/>
</pin_list>
<bind>
<opcode="add(8) " fcode="add"/>
<opset="itr_2/1 "/>
</bind>
</comp>

<comp id="100" class="1004" name="icmp_ln1897_fu_100">
<pin_list>
<pin id="101" dir="0" index="0" bw="27" slack="0"/>
<pin id="102" dir="0" index="1" bw="27" slack="0"/>
<pin id="103" dir="1" index="2" bw="1" slack="2147483647"/>
</pin_list>
<bind>
<opcode="icmp(45) " fcode="icmp"/>
<opset="icmp_ln1897/1 "/>
</bind>
</comp>

<comp id="106" class="1004" name="store_ln1897_store_fu_106">
<pin_list>
<pin id="107" dir="0" index="0" bw="27" slack="0"/>
<pin id="108" dir="0" index="1" bw="27" slack="0"/>
<pin id="109" dir="1" index="2" bw="0" slack="2147483647"/>
</pin_list>
<bind>
<opcode="store(28) " fcode="store"/>
<opset="store_ln1897/1 "/>
</bind>
</comp>

<comp id="111" class="1005" name="itr_reg_111">
<pin_list>
<pin id="112" dir="0" index="0" bw="27" slack="0"/>
<pin id="113" dir="1" index="1" bw="27" slack="0"/>
</pin_list>
<bind>
<opset="itr "/>
</bind>
</comp>

</comp_list>

<net_list>
<net id="53"><net_src comp="12" pin="0"/><net_sink comp="50" pin=0"/></net>

<net id="58"><net_src comp="28" pin="0"/><net_sink comp="54" pin=0"/></net>

<net id="59"><net_src comp="0" pin="0"/><net_sink comp="54" pin=1"/></net>

<net id="64"><net_src comp="42" pin="0"/><net_sink comp="60" pin=0"/></net>

<net id="65"><net_src comp="2" pin="0"/><net_sink comp="60" pin=1"/></net>

<net id="77"><net_src comp="44" pin="0"/><net_sink comp="66" pin=0"/></net>

<net id="78"><net_src comp="4" pin="0"/><net_sink comp="66" pin=1"/></net>

<net id="79"><net_src comp="6" pin="0"/><net_sink comp="66" pin=2"/></net>

<net id="80"><net_src comp="8" pin="0"/><net_sink comp="66" pin=3"/></net>

<net id="81"><net_src comp="10" pin="0"/><net_sink comp="66" pin=4"/></net>

<net id="82"><net_src comp="60" pin="2"/><net_sink comp="66" pin=5"/></net>

<net id="83"><net_src comp="46" pin="0"/><net_sink comp="66" pin=6"/></net>

<net id="84"><net_src comp="46" pin="0"/><net_sink comp="66" pin=7"/></net>

<net id="85"><net_src comp="48" pin="0"/><net_sink comp="66" pin=8"/></net>

<net id="90"><net_src comp="30" pin="0"/><net_sink comp="86" pin=0"/></net>

<net id="98"><net_src comp="91" pin="1"/><net_sink comp="94" pin=0"/></net>

<net id="99"><net_src comp="32" pin="0"/><net_sink comp="94" pin=1"/></net>

<net id="104"><net_src comp="91" pin="1"/><net_sink comp="100" pin=0"/></net>

<net id="105"><net_src comp="54" pin="2"/><net_sink comp="100" pin=1"/></net>

<net id="110"><net_src comp="94" pin="2"/><net_sink comp="106" pin=0"/></net>

<net id="114"><net_src comp="50" pin="1"/><net_sink comp="111" pin=0"/></net>

<net id="115"><net_src comp="111" pin="1"/><net_sink comp="86" pin=1"/></net>

<net id="116"><net_src comp="111" pin="1"/><net_sink comp="91" pin=0"/></net>

<net id="117"><net_src comp="111" pin="1"/><net_sink comp="106" pin=1"/></net>

</net_list>

</model> 
---------------- Datapath Model END ------------------

* FSMD analyzer results:
  - Output states:
	Port: arg0_arg1_streams_14 | {}
	Port: arg1_axis_out_V_data_V | {2 }
	Port: arg1_axis_out_V_keep_V | {2 }
	Port: arg1_axis_out_V_strb_V | {2 }
	Port: arg1_axis_out_V_last_V | {2 }
 - Input state : 
	Port: stream2axis<256u, 256u>_Pipeline_VITIS_LOOP_1897_1 : trunc_ln | {1 }
	Port: stream2axis<256u, 256u>_Pipeline_VITIS_LOOP_1897_1 : arg0_arg1_streams_14 | {2 }
	Port: stream2axis<256u, 256u>_Pipeline_VITIS_LOOP_1897_1 : arg1_axis_out_V_data_V | {}
	Port: stream2axis<256u, 256u>_Pipeline_VITIS_LOOP_1897_1 : arg1_axis_out_V_keep_V | {}
	Port: stream2axis<256u, 256u>_Pipeline_VITIS_LOOP_1897_1 : arg1_axis_out_V_strb_V | {}
	Port: stream2axis<256u, 256u>_Pipeline_VITIS_LOOP_1897_1 : arg1_axis_out_V_last_V | {}
  - Chain level:
	State 1
		store_ln0 : 1
		itr_1 : 1
		itr_2 : 2
		icmp_ln1897 : 2
		br_ln1897 : 3
		store_ln1897 : 3
	State 2


============================================================
+ Verbose Summary: Datapath Resource usage 
============================================================

* Functional unit list:
|----------|--------------------------|---------|---------|
| Operation|      Functional Unit     |    FF   |   LUT   |
|----------|--------------------------|---------|---------|
|    add   |        itr_2_fu_94       |    0    |    27   |
|----------|--------------------------|---------|---------|
|   icmp   |    icmp_ln1897_fu_100    |    0    |    13   |
|----------|--------------------------|---------|---------|
|   read   | trunc_ln_read_read_fu_54 |    0    |    0    |
|          |     tmp_V_read_fu_60     |    0    |    0    |
|----------|--------------------------|---------|---------|
|   write  |  write_ln304_write_fu_66 |    0    |    0    |
|----------|--------------------------|---------|---------|
|   Total  |                          |    0    |    40   |
|----------|--------------------------|---------|---------|

Memories:
N/A

* Register list:
+-----------+--------+
|           |   FF   |
+-----------+--------+
|itr_reg_111|   27   |
+-----------+--------+
|   Total   |   27   |
+-----------+--------+

* Multiplexer (MUX) list: 
|--------|------|------|------|--------|
|  Comp  |  Pin | Size |  BW  | S x BW |
|--------|------|------|------|--------|
|  Total |      |      |      |    0   |
|--------|------|------|------|--------|



* Summary:
+-----------+--------+--------+
|           |   FF   |   LUT  |
+-----------+--------+--------+
|  Function |    0   |   40   |
|   Memory  |    -   |    -   |
|Multiplexer|    -   |    -   |
|  Register |   27   |    -   |
+-----------+--------+--------+
|   Total   |   27   |   40   |
+-----------+--------+--------+
