

================================================================
== Vitis HLS Report for 'stream2axis_256u_256u_s'
================================================================
* Date:           Sun Jul 26 01:26:30 2026

* Version:        2022.1 (Build 3526262 on Mon Apr 18 15:47:01 MDT 2022)
* Project:        kernel_outerloop_0
* Solution:       solution (Vitis Kernel Flow Target)
* Product family: versal
* Target device:  xcvc1902-vsvd1760-2MP-e-S


================================================================
== Performance Estimates
================================================================
+ Timing: 
    * Summary: 
    +--------+---------+----------+------------+
    |  Clock |  Target | Estimated| Uncertainty|
    +--------+---------+----------+------------+
    |ap_clk  |  3.33 ns|  1.788 ns|     0.90 ns|
    +--------+---------+----------+------------+

+ Latency: 
    * Summary: 
    +---------+---------+----------+----------+-----+-----+---------+
    |  Latency (cycles) |  Latency (absolute) |  Interval | Pipeline|
    |   min   |   max   |    min   |    max   | min | max |   Type  |
    +---------+---------+----------+----------+-----+-----+---------+
    |        ?|        ?|         ?|         ?|    ?|    ?|       no|
    +---------+---------+----------+----------+-----+-----+---------+

    + Detail: 
        * Instance: 
        +------------------------------------------------------------+--------------------------------------------------+---------+---------+----------+----------+-----+-----+---------+
        |                                                            |                                                  |  Latency (cycles) |  Latency (absolute) |  Interval | Pipeline|
        |                          Instance                          |                      Module                      |   min   |   max   |    min   |    max   | min | max |   Type  |
        +------------------------------------------------------------+--------------------------------------------------+---------+---------+----------+----------+-----+-----+---------+
        |grp_stream2axis_256u_256u_Pipeline_VITIS_LOOP_1897_1_fu_54  |stream2axis_256u_256u_Pipeline_VITIS_LOOP_1897_1  |        ?|        ?|         ?|         ?|    ?|    ?|       no|
        +------------------------------------------------------------+--------------------------------------------------+---------+---------+----------+----------+-----+-----+---------+

        * Loop: 
        N/A



================================================================
== Utilization Estimates
================================================================
* Summary: 
+-----------------+---------+------+---------+--------+-----+
|       Name      | BRAM_18K|  DSP |    FF   |   LUT  | URAM|
+-----------------+---------+------+---------+--------+-----+
|DSP              |        -|     -|        -|       -|    -|
|Expression       |        -|     -|        0|      36|    -|
|FIFO             |        -|     -|        -|       -|    -|
|Instance         |        -|     -|       30|     104|    -|
|Memory           |        -|     -|        -|       -|    -|
|Multiplexer      |        -|     -|        -|       8|    -|
|Register         |        -|     -|       32|       -|    -|
+-----------------+---------+------+---------+--------+-----+
|Total            |        0|     0|       62|     148|    0|
+-----------------+---------+------+---------+--------+-----+
|Available        |     1934|  1968|  1799680|  899840|  463|
+-----------------+---------+------+---------+--------+-----+
|Utilization (%)  |        0|     0|       ~0|      ~0|    0|
+-----------------+---------+------+---------+--------+-----+

+ Detail: 
    * Instance: 
    +------------------------------------------------------------+--------------------------------------------------+---------+----+----+-----+-----+
    |                          Instance                          |                      Module                      | BRAM_18K| DSP| FF | LUT | URAM|
    +------------------------------------------------------------+--------------------------------------------------+---------+----+----+-----+-----+
    |grp_stream2axis_256u_256u_Pipeline_VITIS_LOOP_1897_1_fu_54  |stream2axis_256u_256u_Pipeline_VITIS_LOOP_1897_1  |        0|   0|  30|  104|    0|
    +------------------------------------------------------------+--------------------------------------------------+---------+----+----+-----+-----+
    |Total                                                       |                                                  |        0|   0|  30|  104|    0|
    +------------------------------------------------------------+--------------------------------------------------+---------+----+----+-----+-----+

    * DSP: 
    N/A

    * Memory: 
    N/A

    * FIFO: 
    N/A

    * Expression: 
    +---------------------------------------------------------------------------------+----------+----+---+----+------------+------------+
    |                                  Variable Name                                  | Operation| DSP| FF| LUT| Bitwidth P0| Bitwidth P1|
    +---------------------------------------------------------------------------------+----------+----+---+----+------------+------------+
    |add_ln1889_fu_69_p2                                                              |         +|   0|  0|  32|          32|           5|
    |grp_stream2axis_256u_256u_Pipeline_VITIS_LOOP_1897_1_fu_54_arg1_axis_out_TREADY  |       and|   0|  0|   2|           1|           1|
    |ap_block_state1                                                                  |        or|   0|  0|   2|           1|           1|
    +---------------------------------------------------------------------------------+----------+----+---+----+------------+------------+
    |Total                                                                            |          |   0|  0|  36|          34|           7|
    +---------------------------------------------------------------------------------+----------+----+---+----+------------+------------+

    * Multiplexer: 
    +---------------------------+----+-----------+-----+-----------+
    |            Name           | LUT| Input Size| Bits| Total Bits|
    +---------------------------+----+-----------+-----+-----------+
    |ap_NS_fsm                  |   2|          4|    1|          4|
    |ap_done                    |   2|          2|    1|          2|
    |arg0_arg1_streams_14_read  |   2|          2|    1|          2|
    |size_blk_n                 |   2|          2|    1|          2|
    +---------------------------+----+-----------+-----+-----------+
    |Total                      |   8|         10|    4|         10|
    +---------------------------+----+-----------+-----+-----------+

    * Register: 
    +-------------------------------------------------------------------------+----+----+-----+-----------+
    |                                   Name                                  | FF | LUT| Bits| Const Bits|
    +-------------------------------------------------------------------------+----+----+-----+-----------+
    |ap_CS_fsm                                                                |   3|   0|    3|          0|
    |ap_done_reg                                                              |   1|   0|    1|          0|
    |grp_stream2axis_256u_256u_Pipeline_VITIS_LOOP_1897_1_fu_54_ap_start_reg  |   1|   0|    1|          0|
    |trunc_ln_reg_85                                                          |  27|   0|   27|          0|
    +-------------------------------------------------------------------------+----+----+-----+-----------+
    |Total                                                                    |  32|   0|   32|          0|
    +-------------------------------------------------------------------------+----+----+-----+-----------+



================================================================
== Interface
================================================================
* Summary: 
+-------------------------------------+-----+-----+------------+-------------------------+--------------+
|              RTL Ports              | Dir | Bits|  Protocol  |      Source Object      |    C Type    |
+-------------------------------------+-----+-----+------------+-------------------------+--------------+
|ap_clk                               |   in|    1|  ap_ctrl_hs|  stream2axis<256u, 256u>|  return value|
|ap_rst                               |   in|    1|  ap_ctrl_hs|  stream2axis<256u, 256u>|  return value|
|ap_start                             |   in|    1|  ap_ctrl_hs|  stream2axis<256u, 256u>|  return value|
|ap_done                              |  out|    1|  ap_ctrl_hs|  stream2axis<256u, 256u>|  return value|
|ap_continue                          |   in|    1|  ap_ctrl_hs|  stream2axis<256u, 256u>|  return value|
|ap_idle                              |  out|    1|  ap_ctrl_hs|  stream2axis<256u, 256u>|  return value|
|ap_ready                             |  out|    1|  ap_ctrl_hs|  stream2axis<256u, 256u>|  return value|
|arg1_axis_out_TDATA                  |  out|  256|        axis|   arg1_axis_out_V_data_V|       pointer|
|arg1_axis_out_TVALID                 |  out|    1|        axis|   arg1_axis_out_V_last_V|       pointer|
|arg1_axis_out_TREADY                 |   in|    1|        axis|   arg1_axis_out_V_last_V|       pointer|
|arg1_axis_out_TLAST                  |  out|    1|        axis|   arg1_axis_out_V_last_V|       pointer|
|arg1_axis_out_TKEEP                  |  out|   32|        axis|   arg1_axis_out_V_keep_V|       pointer|
|arg1_axis_out_TSTRB                  |  out|   32|        axis|   arg1_axis_out_V_strb_V|       pointer|
|arg0_arg1_streams_14_dout            |   in|  256|     ap_fifo|     arg0_arg1_streams_14|       pointer|
|arg0_arg1_streams_14_num_data_valid  |   in|    5|     ap_fifo|     arg0_arg1_streams_14|       pointer|
|arg0_arg1_streams_14_fifo_cap        |   in|    5|     ap_fifo|     arg0_arg1_streams_14|       pointer|
|arg0_arg1_streams_14_empty_n         |   in|    1|     ap_fifo|     arg0_arg1_streams_14|       pointer|
|arg0_arg1_streams_14_read            |  out|    1|     ap_fifo|     arg0_arg1_streams_14|       pointer|
|size_dout                            |   in|   32|     ap_fifo|                     size|       pointer|
|size_num_data_valid                  |   in|    5|     ap_fifo|                     size|       pointer|
|size_fifo_cap                        |   in|    5|     ap_fifo|                     size|       pointer|
|size_empty_n                         |   in|    1|     ap_fifo|                     size|       pointer|
|size_read                            |  out|    1|     ap_fifo|                     size|       pointer|
+-------------------------------------+-----+-----+------------+-------------------------+--------------+

============================================================
+ Verbose Summary: Synthesis Manager
============================================================
InlineROM: 1
ExposeGlobal: 0
============================================================
+ Verbose Summary: CDFG Model
============================================================
IsTopModel: 0
ResetActiveHigh: 1
IsCombinational: 2
IsDatapathOnly: 0
HasWiredReturn: 1
HasMFsm: 0
HasVarLatency: 1
IsPipeline: 0
IsRtlPipelined: 0
IsInstanceOverlapped: 0
IsDontTouch: 0
HasImplIP: 0
IsGatedGlobalClock: 0


============================================================
+ Verbose Summary: Schedule
============================================================
* Number of FSM states : 3
* Pipeline : 0
* Dataflow Pipeline: 0

* FSM state transitions: 
1 --> 2 
2 --> 3 
3 --> 

* FSM state operations: 

State 1 <SV = 0> <Delay = 1.78>
ST_1 : Operation 4 [1/1] (0.89ns)   --->   "%size_read = read i32 @_ssdm_op_Read.ap_fifo.i32P0A, i32 %size"   --->   Operation 4 'read' 'size_read' <Predicate = true> <Delay = 0.89> <CoreInst = "FIFO_SRL">   --->   Core 85 'FIFO_SRL' <Latency = 0> <II = 1> <Delay = 0.89> <Storage> <Opcode : 'read' 'write' 'nbread' 'nbwrite'> <Ports = 0> <Width = 32> <Depth = 16> <FIFO>
ST_1 : Operation 5 [1/1] (0.89ns)   --->   "%add_ln1889 = add i32 %size_read, i32 31" [/home/x_thileeb/repos/ops-hls-pact25-artifact/OPS/ops/hls/include/device/../../L1/include/ops_hls_datamover.hpp:1889]   --->   Operation 5 'add' 'add_ln1889' <Predicate = true> <Delay = 0.89> <CoreInst = "Adder">   --->   Core 1 'Adder' <Latency = 0> <II = 1> <Delay = 0.89> <FuncUnit> <Opcode : 'add' 'sub'> <InPorts = 2> <OutPorts = 1>
ST_1 : Operation 6 [1/1] (0.00ns)   --->   "%trunc_ln = partselect i27 @_ssdm_op_PartSelect.i27.i32.i32.i32, i32 %add_ln1889, i32 5, i32 31" [/home/x_thileeb/repos/ops-hls-pact25-artifact/OPS/ops/hls/include/device/../../L1/include/ops_hls_datamover.hpp:1889]   --->   Operation 6 'partselect' 'trunc_ln' <Predicate = true> <Delay = 0.00>

State 2 <SV = 1> <Delay = 1.20>
ST_2 : Operation 7 [1/1] (0.00ns)   --->   "%empty = wait i32 @_ssdm_op_Wait"   --->   Operation 7 'wait' 'empty' <Predicate = true> <Delay = 0.00>
ST_2 : Operation 8 [2/2] (1.20ns)   --->   "%call_ln1889 = call void @stream2axis<256u, 256u>_Pipeline_VITIS_LOOP_1897_1, i27 %trunc_ln, i256 %arg0_arg1_streams_14, i256 %arg1_axis_out_V_data_V, i32 %arg1_axis_out_V_keep_V, i32 %arg1_axis_out_V_strb_V, i1 %arg1_axis_out_V_last_V" [/home/x_thileeb/repos/ops-hls-pact25-artifact/OPS/ops/hls/include/device/../../L1/include/ops_hls_datamover.hpp:1889]   --->   Operation 8 'call' 'call_ln1889' <Predicate = true> <Delay = 1.20> <CoreType = "Generic">   --->   Core 0 '' <Latency = 0> <II = 1> <Delay = 1.00> <Generic> <Opcode : >

State 3 <SV = 2> <Delay = 1.21>
ST_3 : Operation 9 [1/1] (0.00ns)   --->   "%specinterface_ln0 = specinterface void @_ssdm_op_SpecInterface, i32 %size, void @ap_fifo_str, i32 0, i32 0, void @p_str, i32 0, i32 0, void @p_str, void @p_str, void @p_str, i32 2, i32 2, i32 16, i32 16, void @p_str, void @ScalarProp_str, i32 4294967295, i32 0"   --->   Operation 9 'specinterface' 'specinterface_ln0' <Predicate = true> <Delay = 0.00>
ST_3 : Operation 10 [1/1] (0.00ns)   --->   "%specinterface_ln0 = specinterface void @_ssdm_op_SpecInterface, i256 %arg0_arg1_streams_14, void @empty_2, i32 0, i32 0, void @empty_18, i32 0, i32 0, void @empty_18, void @empty_18, void @empty_18, i32 0, i32 0, i32 0, i32 0, void @empty_18, void @empty_18, i32 4294967295, i32 0"   --->   Operation 10 'specinterface' 'specinterface_ln0' <Predicate = true> <Delay = 0.00>
ST_3 : Operation 11 [1/1] (0.00ns)   --->   "%specinterface_ln0 = specinterface void @_ssdm_op_SpecInterface, i256 %arg1_axis_out_V_data_V, i32 %arg1_axis_out_V_keep_V, i32 %arg1_axis_out_V_strb_V, i1 %arg1_axis_out_V_last_V, void @empty_3, i32 0, i32 0, void @empty_21, i32 0, i32 0, void @empty_18, void @empty_18, void @empty_18, i32 0, i32 0, i32 0, i32 0, void @empty_18, void @empty_18, i32 4294967295, i32 0"   --->   Operation 11 'specinterface' 'specinterface_ln0' <Predicate = true> <Delay = 0.00>
ST_3 : Operation 12 [1/2] (1.21ns)   --->   "%call_ln1889 = call void @stream2axis<256u, 256u>_Pipeline_VITIS_LOOP_1897_1, i27 %trunc_ln, i256 %arg0_arg1_streams_14, i256 %arg1_axis_out_V_data_V, i32 %arg1_axis_out_V_keep_V, i32 %arg1_axis_out_V_strb_V, i1 %arg1_axis_out_V_last_V" [/home/x_thileeb/repos/ops-hls-pact25-artifact/OPS/ops/hls/include/device/../../L1/include/ops_hls_datamover.hpp:1889]   --->   Operation 12 'call' 'call_ln1889' <Predicate = true> <Delay = 1.21> <CoreType = "Generic">   --->   Core 0 '' <Latency = 0> <II = 1> <Delay = 1.00> <Generic> <Opcode : >
ST_3 : Operation 13 [1/1] (0.00ns)   --->   "%ret_ln1924 = ret" [/home/x_thileeb/repos/ops-hls-pact25-artifact/OPS/ops/hls/include/device/../../L1/include/ops_hls_datamover.hpp:1924]   --->   Operation 13 'ret' 'ret_ln1924' <Predicate = true> <Delay = 0.00>


============================================================
+ Verbose Summary: Binding
============================================================
STG Binding: 
---------------- STG Properties BEGIN ----------------
- Is combinational: 0
- Is one-state seq: 0
- Is datapath-only: 0
- Is pipelined: 0
- Is top level: 0
Port [ Return ] is wired: 1; IO mode=ap_ctrl_hs:ce=0
Port [ arg1_axis_out_V_data_V]:  wired=1; compound=1; hidden=0; nouse=0; global=0; static=0; extern=0; dir=1; type=0; pingpong=0; private_global=0; IO mode=axis:ce=0
Port [ arg1_axis_out_V_keep_V]:  wired=1; compound=1; hidden=0; nouse=0; global=0; static=0; extern=0; dir=1; type=0; pingpong=0; private_global=0; IO mode=axis:ce=0
Port [ arg1_axis_out_V_strb_V]:  wired=1; compound=1; hidden=0; nouse=0; global=0; static=0; extern=0; dir=1; type=0; pingpong=0; private_global=0; IO mode=axis:ce=0
Port [ arg1_axis_out_V_last_V]:  wired=1; compound=1; hidden=0; nouse=0; global=0; static=0; extern=0; dir=1; type=0; pingpong=0; private_global=0; IO mode=axis:ce=0
Port [ arg0_arg1_streams_14]:  wired=1; compound=1; hidden=0; nouse=0; global=0; static=0; extern=0; dir=0; type=3; pingpong=0; private_global=0; IO mode=ap_fifo:ce=0
Port [ size]:  wired=1; compound=1; hidden=0; nouse=0; global=0; static=0; extern=0; dir=0; type=3; pingpong=0; private_global=0; IO mode=ap_fifo:ce=0
---------------- STG Properties END ------------------

---------------- Datapath Model BEGIN ----------------

<LifeTime>
<method=bitvector/>
size_read         (read         ) [ 0000]
add_ln1889        (add          ) [ 0000]
trunc_ln          (partselect   ) [ 0011]
empty             (wait         ) [ 0000]
specinterface_ln0 (specinterface) [ 0000]
specinterface_ln0 (specinterface) [ 0000]
specinterface_ln0 (specinterface) [ 0000]
call_ln1889       (call         ) [ 0000]
ret_ln1924        (ret          ) [ 0000]
</LifeTime>

<model>

<comp_list>
<comp id="0" class="1000" name="arg1_axis_out_V_data_V">
<pin_list>
<pin id="1" dir="1" index="0" bw="1" slack="0"/>
</pin_list>
<bind>
<StgValue><ssdm name="arg1_axis_out_V_data_V"/></StgValue>
</bind>
</comp>

<comp id="2" class="1000" name="arg1_axis_out_V_keep_V">
<pin_list>
<pin id="3" dir="1" index="0" bw="1" slack="0"/>
</pin_list>
<bind>
<StgValue><ssdm name="arg1_axis_out_V_keep_V"/></StgValue>
</bind>
</comp>

<comp id="4" class="1000" name="arg1_axis_out_V_strb_V">
<pin_list>
<pin id="5" dir="1" index="0" bw="1" slack="0"/>
</pin_list>
<bind>
<StgValue><ssdm name="arg1_axis_out_V_strb_V"/></StgValue>
</bind>
</comp>

<comp id="6" class="1000" name="arg1_axis_out_V_last_V">
<pin_list>
<pin id="7" dir="1" index="0" bw="1" slack="0"/>
</pin_list>
<bind>
<StgValue><ssdm name="arg1_axis_out_V_last_V"/></StgValue>
</bind>
</comp>

<comp id="8" class="1000" name="arg0_arg1_streams_14">
<pin_list>
<pin id="9" dir="1" index="0" bw="1" slack="0"/>
</pin_list>
<bind>
<StgValue><ssdm name="arg0_arg1_streams_14"/></StgValue>
</bind>
</comp>

<comp id="10" class="1000" name="size">
<pin_list>
<pin id="11" dir="1" index="0" bw="1" slack="0"/>
</pin_list>
<bind>
<StgValue><ssdm name="size"/></StgValue>
</bind>
</comp>

<comp id="12" class="1001" name="const_12">
<pin_list>
<pin id="13" dir="1" index="0" bw="1" slack="0"/>
</pin_list>
<bind>
<StgValue><ssdm name="_ssdm_op_Read.ap_fifo.i32P0A"/></StgValue>
</bind>
</comp>

<comp id="14" class="1001" name="const_14">
<pin_list>
<pin id="15" dir="1" index="0" bw="1" slack="0"/>
</pin_list>
<bind>
<StgValue><ssdm name=""/></StgValue>
</bind>
</comp>

<comp id="16" class="1001" name="const_16">
<pin_list>
<pin id="17" dir="1" index="0" bw="1" slack="0"/>
</pin_list>
<bind>
<StgValue><ssdm name="_ssdm_op_PartSelect.i27.i32.i32.i32"/></StgValue>
</bind>
</comp>

<comp id="18" class="1001" name="const_18">
<pin_list>
<pin id="19" dir="1" index="0" bw="1" slack="0"/>
</pin_list>
<bind>
<StgValue><ssdm name=""/></StgValue>
</bind>
</comp>

<comp id="20" class="1001" name="const_20">
<pin_list>
<pin id="21" dir="1" index="0" bw="1" slack="2147483647"/>
</pin_list>
<bind>
<StgValue><ssdm name="_ssdm_op_Wait"/></StgValue>
</bind>
</comp>

<comp id="22" class="1001" name="const_22">
<pin_list>
<pin id="23" dir="1" index="0" bw="1" slack="0"/>
</pin_list>
<bind>
<StgValue><ssdm name="stream2axis<256u, 256u>_Pipeline_VITIS_LOOP_1897_1"/></StgValue>
</bind>
</comp>

<comp id="24" class="1001" name="const_24">
<pin_list>
<pin id="25" dir="1" index="0" bw="1" slack="2147483647"/>
</pin_list>
<bind>
<StgValue><ssdm name="_ssdm_op_SpecInterface"/></StgValue>
</bind>
</comp>

<comp id="26" class="1001" name="const_26">
<pin_list>
<pin id="27" dir="1" index="0" bw="1" slack="2147483647"/>
</pin_list>
<bind>
<StgValue><ssdm name="ap_fifo_str"/></StgValue>
</bind>
</comp>

<comp id="28" class="1001" name="const_28">
<pin_list>
<pin id="29" dir="1" index="0" bw="1" slack="2147483647"/>
</pin_list>
<bind>
<StgValue><ssdm name=""/></StgValue>
</bind>
</comp>

<comp id="30" class="1001" name="const_30">
<pin_list>
<pin id="31" dir="1" index="0" bw="1" slack="2147483647"/>
</pin_list>
<bind>
<StgValue><ssdm name="p_str"/></StgValue>
</bind>
</comp>

<comp id="32" class="1001" name="const_32">
<pin_list>
<pin id="33" dir="1" index="0" bw="1" slack="2147483647"/>
</pin_list>
<bind>
<StgValue><ssdm name=""/></StgValue>
</bind>
</comp>

<comp id="34" class="1001" name="const_34">
<pin_list>
<pin id="35" dir="1" index="0" bw="1" slack="2147483647"/>
</pin_list>
<bind>
<StgValue><ssdm name=""/></StgValue>
</bind>
</comp>

<comp id="36" class="1001" name="const_36">
<pin_list>
<pin id="37" dir="1" index="0" bw="1" slack="2147483647"/>
</pin_list>
<bind>
<StgValue><ssdm name="ScalarProp_str"/></StgValue>
</bind>
</comp>

<comp id="38" class="1001" name="const_38">
<pin_list>
<pin id="39" dir="1" index="0" bw="1" slack="2147483647"/>
</pin_list>
<bind>
<StgValue><ssdm name=""/></StgValue>
</bind>
</comp>

<comp id="40" class="1001" name="const_40">
<pin_list>
<pin id="41" dir="1" index="0" bw="1" slack="2147483647"/>
</pin_list>
<bind>
<StgValue><ssdm name="empty_2"/></StgValue>
</bind>
</comp>

<comp id="42" class="1001" name="const_42">
<pin_list>
<pin id="43" dir="1" index="0" bw="1" slack="2147483647"/>
</pin_list>
<bind>
<StgValue><ssdm name="empty_18"/></StgValue>
</bind>
</comp>

<comp id="44" class="1001" name="const_44">
<pin_list>
<pin id="45" dir="1" index="0" bw="1" slack="2147483647"/>
</pin_list>
<bind>
<StgValue><ssdm name="empty_3"/></StgValue>
</bind>
</comp>

<comp id="46" class="1001" name="const_46">
<pin_list>
<pin id="47" dir="1" index="0" bw="1" slack="2147483647"/>
</pin_list>
<bind>
<StgValue><ssdm name="empty_21"/></StgValue>
</bind>
</comp>

<comp id="48" class="1004" name="size_read_read_fu_48">
<pin_list>
<pin id="49" dir="0" index="0" bw="32" slack="0"/>
<pin id="50" dir="0" index="1" bw="32" slack="0"/>
<pin id="51" dir="1" index="2" bw="32" slack="0"/>
</pin_list>
<bind>
<opcode="read(1150) " fcode="read"/>
<opset="size_read/1 "/>
</bind>
</comp>

<comp id="54" class="1004" name="grp_stream2axis_256u_256u_Pipeline_VITIS_LOOP_1897_1_fu_54">
<pin_list>
<pin id="55" dir="0" index="0" bw="0" slack="0"/>
<pin id="56" dir="0" index="1" bw="27" slack="1"/>
<pin id="57" dir="0" index="2" bw="256" slack="0"/>
<pin id="58" dir="0" index="3" bw="256" slack="0"/>
<pin id="59" dir="0" index="4" bw="32" slack="0"/>
<pin id="60" dir="0" index="5" bw="32" slack="0"/>
<pin id="61" dir="0" index="6" bw="1" slack="0"/>
<pin id="62" dir="1" index="7" bw="0" slack="2147483647"/>
</pin_list>
<bind>
<opcode="call(48) " fcode="call"/>
<opset="call_ln1889/2 "/>
</bind>
</comp>

<comp id="69" class="1004" name="add_ln1889_fu_69">
<pin_list>
<pin id="70" dir="0" index="0" bw="32" slack="0"/>
<pin id="71" dir="0" index="1" bw="6" slack="0"/>
<pin id="72" dir="1" index="2" bw="32" slack="0"/>
</pin_list>
<bind>
<opcode="add(8) " fcode="add"/>
<opset="add_ln1889/1 "/>
</bind>
</comp>

<comp id="75" class="1004" name="trunc_ln_fu_75">
<pin_list>
<pin id="76" dir="0" index="0" bw="27" slack="0"/>
<pin id="77" dir="0" index="1" bw="32" slack="0"/>
<pin id="78" dir="0" index="2" bw="4" slack="0"/>
<pin id="79" dir="0" index="3" bw="6" slack="0"/>
<pin id="80" dir="1" index="4" bw="27" slack="1"/>
</pin_list>
<bind>
<opcode="partselect(1002) " fcode="partselect"/>
<opset="trunc_ln/1 "/>
</bind>
</comp>

<comp id="85" class="1005" name="trunc_ln_reg_85">
<pin_list>
<pin id="86" dir="0" index="0" bw="27" slack="1"/>
<pin id="87" dir="1" index="1" bw="27" slack="1"/>
</pin_list>
<bind>
<opset="trunc_ln "/>
</bind>
</comp>

</comp_list>

<net_list>
<net id="52"><net_src comp="12" pin="0"/><net_sink comp="48" pin=0"/></net>

<net id="53"><net_src comp="10" pin="0"/><net_sink comp="48" pin=1"/></net>

<net id="63"><net_src comp="22" pin="0"/><net_sink comp="54" pin=0"/></net>

<net id="64"><net_src comp="8" pin="0"/><net_sink comp="54" pin=2"/></net>

<net id="65"><net_src comp="0" pin="0"/><net_sink comp="54" pin=3"/></net>

<net id="66"><net_src comp="2" pin="0"/><net_sink comp="54" pin=4"/></net>

<net id="67"><net_src comp="4" pin="0"/><net_sink comp="54" pin=5"/></net>

<net id="68"><net_src comp="6" pin="0"/><net_sink comp="54" pin=6"/></net>

<net id="73"><net_src comp="48" pin="2"/><net_sink comp="69" pin=0"/></net>

<net id="74"><net_src comp="14" pin="0"/><net_sink comp="69" pin=1"/></net>

<net id="81"><net_src comp="16" pin="0"/><net_sink comp="75" pin=0"/></net>

<net id="82"><net_src comp="69" pin="2"/><net_sink comp="75" pin=1"/></net>

<net id="83"><net_src comp="18" pin="0"/><net_sink comp="75" pin=2"/></net>

<net id="84"><net_src comp="14" pin="0"/><net_sink comp="75" pin=3"/></net>

<net id="88"><net_src comp="75" pin="4"/><net_sink comp="85" pin=0"/></net>

<net id="89"><net_src comp="85" pin="1"/><net_sink comp="54" pin=1"/></net>

</net_list>

</model> 
---------------- Datapath Model END ------------------

* FSMD analyzer results:
  - Output states:
	Port: arg1_axis_out_V_data_V | {2 3 }
	Port: arg1_axis_out_V_keep_V | {2 3 }
	Port: arg1_axis_out_V_strb_V | {2 3 }
	Port: arg1_axis_out_V_last_V | {2 3 }
 - Input state : 
	Port: stream2axis<256u, 256u> : arg1_axis_out_V_data_V | {}
	Port: stream2axis<256u, 256u> : arg1_axis_out_V_keep_V | {}
	Port: stream2axis<256u, 256u> : arg1_axis_out_V_strb_V | {}
	Port: stream2axis<256u, 256u> : arg1_axis_out_V_last_V | {}
	Port: stream2axis<256u, 256u> : arg0_arg1_streams_14 | {2 3 }
	Port: stream2axis<256u, 256u> : size | {1 }
  - Chain level:
	State 1
		trunc_ln : 1
	State 2
	State 3


============================================================
+ Verbose Summary: Datapath Resource usage 
============================================================

* Functional unit list:
|----------|------------------------------------------------------------|---------|---------|
| Operation|                       Functional Unit                      |    FF   |   LUT   |
|----------|------------------------------------------------------------|---------|---------|
|   call   | grp_stream2axis_256u_256u_Pipeline_VITIS_LOOP_1897_1_fu_54 |    27   |    40   |
|----------|------------------------------------------------------------|---------|---------|
|    add   |                      add_ln1889_fu_69                      |    0    |    32   |
|----------|------------------------------------------------------------|---------|---------|
|   read   |                    size_read_read_fu_48                    |    0    |    0    |
|----------|------------------------------------------------------------|---------|---------|
|partselect|                       trunc_ln_fu_75                       |    0    |    0    |
|----------|------------------------------------------------------------|---------|---------|
|   Total  |                                                            |    27   |    72   |
|----------|------------------------------------------------------------|---------|---------|

Memories:
N/A

* Register list:
+---------------+--------+
|               |   FF   |
+---------------+--------+
|trunc_ln_reg_85|   27   |
+---------------+--------+
|     Total     |   27   |
+---------------+--------+

* Multiplexer (MUX) list: 
|--------|------|------|------|--------|
|  Comp  |  Pin | Size |  BW  | S x BW |
|--------|------|------|------|--------|
|  Total |      |      |      |    0   |
|--------|------|------|------|--------|



* Summary:
+-----------+--------+--------+
|           |   FF   |   LUT  |
+-----------+--------+--------+
|  Function |   27   |   72   |
|   Memory  |    -   |    -   |
|Multiplexer|    -   |    -   |
|  Register |   27   |    -   |
+-----------+--------+--------+
|   Total   |   54   |   72   |
+-----------+--------+--------+
