

================================================================
== Vitis HLS Report for 'axis2stream_256u_s'
================================================================
* Date:           Sun Jul 26 01:22:46 2026

* Version:        2022.1 (Build 3526262 on Mon Apr 18 15:47:01 MDT 2022)
* Project:        datamover_outerloop_0
* Solution:       solution (Vitis Kernel Flow Target)
* Product family: versal
* Target device:  xcvc1902-vsvd1760-2MP-e-S


================================================================
== Performance Estimates
================================================================
+ Timing: 
    * Summary: 
    +--------+---------+----------+------------+
    |  Clock |  Target | Estimated| Uncertainty|
    +--------+---------+----------+------------+
    |ap_clk  |  3.33 ns|  1.361 ns|     0.90 ns|
    +--------+---------+----------+------------+

+ Latency: 
    * Summary: 
    +---------+---------+----------+----------+-----+-----+---------+
    |  Latency (cycles) |  Latency (absolute) |  Interval | Pipeline|
    |   min   |   max   |    min   |    max   | min | max |   Type  |
    +---------+---------+----------+----------+-----+-----+---------+
    |        ?|        ?|         ?|         ?|    ?|    ?|       no|
    +---------+---------+----------+----------+-----+-----+---------+

    + Detail: 
        * Instance: 
        N/A

        * Loop: 
        +--------------------+---------+---------+----------+-----------+-----------+------+----------+
        |                    |  Latency (cycles) | Iteration|  Initiation Interval  | Trip |          |
        |      Loop Name     |   min   |   max   |  Latency |  achieved |   target  | Count| Pipelined|
        +--------------------+---------+---------+----------+-----------+-----------+------+----------+
        |- VITIS_LOOP_996_1  |        ?|        ?|         2|          1|          1|     ?|       yes|
        +--------------------+---------+---------+----------+-----------+-----------+------+----------+

============================================================
+ Verbose Summary: Synthesis Manager
============================================================
InlineROM: 1
ExposeGlobal: 0
============================================================
+ Verbose Summary: CDFG Model
============================================================
IsTopModel: 0
ResetActiveHigh: 1
IsCombinational: 2
IsDatapathOnly: 0
HasWiredReturn: 1
HasMFsm: 2
HasVarLatency: 1
IsPipeline: 0
IsRtlPipelined: 0
IsInstanceOverlapped: 0
IsDontTouch: 0
HasImplIP: 0
IsGatedGlobalClock: 0

+ Individual pipeline summary: 
  * Pipeline-0: initiation interval (II) = 1, depth = 2


============================================================
+ Verbose Summary: Schedule
============================================================
* Number of FSM states : 2
* Pipeline : 1
  Pipeline-0 : II = 1, D = 2, States = { 1 2 }
* Dataflow Pipeline: 0

* FSM state transitions: 
1 --> 2 
2 --> 

* FSM state operations: 

State 1 <SV = 0> <Delay = 1.36>
ST_1 : Operation 5 [1/1] (0.00ns)   --->   "%itr = alloca i32 1"   --->   Operation 5 'alloca' 'itr' <Predicate = true> <Delay = 0.00>
ST_1 : Operation 6 [1/1] (0.00ns)   --->   "%pkts_read = read i32 @_ssdm_op_Read.ap_auto.i32, i32 %pkts"   --->   Operation 6 'read' 'pkts_read' <Predicate = true> <Delay = 0.00>
ST_1 : Operation 7 [1/1] (0.00ns)   --->   "%specinterface_ln0 = specinterface void @_ssdm_op_SpecInterface, i256 %arg1_write_reduced_mem_strm, void @empty_7, i32 0, i32 0, void @empty_27, i32 0, i32 0, void @empty_27, void @empty_27, void @empty_27, i32 0, i32 0, i32 0, i32 0, void @empty_27, void @empty_27, i32 4294967295, i32 0"   --->   Operation 7 'specinterface' 'specinterface_ln0' <Predicate = true> <Delay = 0.00>
ST_1 : Operation 8 [1/1] (0.00ns)   --->   "%specinterface_ln0 = specinterface void @_ssdm_op_SpecInterface, i256 %arg1_write_reduced_mem_strm, void @empty_7, i32 0, i32 0, void @empty_27, i32 0, i32 0, void @empty_27, void @empty_27, void @empty_27, i32 0, i32 0, i32 0, i32 0, void @empty_27, void @empty_27, i32 4294967295, i32 0"   --->   Operation 8 'specinterface' 'specinterface_ln0' <Predicate = true> <Delay = 0.00>
ST_1 : Operation 9 [1/1] (0.00ns)   --->   "%specinterface_ln0 = specinterface void @_ssdm_op_SpecInterface, i256 %arg1_write_reduced_mem_strm, void @empty_7, i32 0, i32 0, void @empty_27, i32 0, i32 0, void @empty_27, void @empty_27, void @empty_27, i32 0, i32 0, i32 0, i32 0, void @empty_27, void @empty_27, i32 4294967295, i32 0"   --->   Operation 9 'specinterface' 'specinterface_ln0' <Predicate = true> <Delay = 0.00>
ST_1 : Operation 10 [1/1] (0.00ns)   --->   "%specinterface_ln0 = specinterface void @_ssdm_op_SpecInterface, i256 %arg1_axis_in_V_data_V, i32 %arg1_axis_in_V_keep_V, i32 %arg1_axis_in_V_strb_V, i1 %arg1_axis_in_V_last_V, void @empty_21, i32 0, i32 0, void @empty_8, i32 0, i32 0, void @empty_27, void @empty_27, void @empty_27, i32 0, i32 0, i32 0, i32 0, void @empty_27, void @empty_27, i32 4294967295, i32 0"   --->   Operation 10 'specinterface' 'specinterface_ln0' <Predicate = true> <Delay = 0.00>
ST_1 : Operation 11 [1/1] (0.00ns)   --->   "%specinterface_ln0 = specinterface void @_ssdm_op_SpecInterface, i256 %arg1_write_reduced_mem_strm, void @empty_7, i32 0, i32 0, void @empty_27, i32 0, i32 0, void @empty_27, void @empty_27, void @empty_27, i32 0, i32 0, i32 0, i32 0, void @empty_27, void @empty_27, i32 4294967295, i32 0"   --->   Operation 11 'specinterface' 'specinterface_ln0' <Predicate = true> <Delay = 0.00>
ST_1 : Operation 12 [1/1] (0.46ns)   --->   "%store_ln996 = store i32 0, i32 %itr" [/home/x_thileeb/repos/ops-hls-pact25-artifact/OPS/ops/hls/include/device/../../L1/include/ops_hls_datamover.hpp:996]   --->   Operation 12 'store' 'store_ln996' <Predicate = true> <Delay = 0.46>
ST_1 : Operation 13 [1/1] (0.00ns)   --->   "%br_ln996 = br void %for.inc.i" [/home/x_thileeb/repos/ops-hls-pact25-artifact/OPS/ops/hls/include/device/../../L1/include/ops_hls_datamover.hpp:996]   --->   Operation 13 'br' 'br_ln996' <Predicate = true> <Delay = 0.00>
ST_1 : Operation 14 [1/1] (0.00ns)   --->   "%itr_3 = load i32 %itr" [/home/x_thileeb/repos/ops-hls-pact25-artifact/OPS/ops/hls/include/device/../../L1/include/ops_hls_datamover.hpp:996]   --->   Operation 14 'load' 'itr_3' <Predicate = true> <Delay = 0.00>
ST_1 : Operation 15 [1/1] (0.89ns)   --->   "%itr_4 = add i32 %itr_3, i32 1" [/home/x_thileeb/repos/ops-hls-pact25-artifact/OPS/ops/hls/include/device/../../L1/include/ops_hls_datamover.hpp:996]   --->   Operation 15 'add' 'itr_4' <Predicate = true> <Delay = 0.89> <CoreInst = "Adder">   --->   Core 1 'Adder' <Latency = 0> <II = 1> <Delay = 0.89> <FuncUnit> <Opcode : 'add' 'sub'> <InPorts = 2> <OutPorts = 1>
ST_1 : Operation 16 [1/1] (0.70ns)   --->   "%icmp_ln996 = icmp_eq  i32 %itr_3, i32 %pkts_read" [/home/x_thileeb/repos/ops-hls-pact25-artifact/OPS/ops/hls/include/device/../../L1/include/ops_hls_datamover.hpp:996]   --->   Operation 16 'icmp' 'icmp_ln996' <Predicate = true> <Delay = 0.70> <CoreInst = "Cmp">   --->   Core 9 'Cmp' <Latency = 0> <II = 1> <Delay = 0.70> <FuncUnit> <Opcode : 'icmp'> <InPorts = 2> <OutPorts = 1>
ST_1 : Operation 17 [1/1] (0.00ns)   --->   "%br_ln996 = br i1 %icmp_ln996, void %for.inc.split.i, void %axis2stream<256u>.exit" [/home/x_thileeb/repos/ops-hls-pact25-artifact/OPS/ops/hls/include/device/../../L1/include/ops_hls_datamover.hpp:996]   --->   Operation 17 'br' 'br_ln996' <Predicate = true> <Delay = 0.00>
ST_1 : Operation 18 [1/1] (0.00ns)   --->   "%empty = read i321 @_ssdm_op_Read.axis.volatile.i256P0A.i32P0A.i32P0A.i1P0A, i256 %arg1_axis_in_V_data_V, i32 %arg1_axis_in_V_keep_V, i32 %arg1_axis_in_V_strb_V, i1 %arg1_axis_in_V_last_V"   --->   Operation 18 'read' 'empty' <Predicate = (!icmp_ln996)> <Delay = 0.00> <CoreInst = "axis">   --->   Core 127 'axis' <Latency = 0> <II = 1> <Delay = 1.00> <Adapter> <Opcode : >
ST_1 : Operation 19 [1/1] (0.00ns)   --->   "%tmp_data_V = extractvalue i321 %empty"   --->   Operation 19 'extractvalue' 'tmp_data_V' <Predicate = (!icmp_ln996)> <Delay = 0.00>
ST_1 : Operation 20 [1/1] (0.46ns)   --->   "%store_ln996 = store i32 %itr_4, i32 %itr" [/home/x_thileeb/repos/ops-hls-pact25-artifact/OPS/ops/hls/include/device/../../L1/include/ops_hls_datamover.hpp:996]   --->   Operation 20 'store' 'store_ln996' <Predicate = (!icmp_ln996)> <Delay = 0.46>
ST_1 : Operation 25 [1/1] (0.00ns)   --->   "%ret_ln0 = ret"   --->   Operation 25 'ret' 'ret_ln0' <Predicate = (icmp_ln996)> <Delay = 0.00>

State 2 <SV = 1> <Delay = 0.86>
ST_2 : Operation 21 [1/1] (0.00ns)   --->   "%specpipeline_ln997 = specpipeline void @_ssdm_op_SpecPipeline, i32 1, i32 0, i32 0, i32 0, void @empty_27" [/home/x_thileeb/repos/ops-hls-pact25-artifact/OPS/ops/hls/include/device/../../L1/include/ops_hls_datamover.hpp:997]   --->   Operation 21 'specpipeline' 'specpipeline_ln997' <Predicate = true> <Delay = 0.00>
ST_2 : Operation 22 [1/1] (0.00ns)   --->   "%specloopname_ln996 = specloopname void @_ssdm_op_SpecLoopName, void @empty_4" [/home/x_thileeb/repos/ops-hls-pact25-artifact/OPS/ops/hls/include/device/../../L1/include/ops_hls_datamover.hpp:996]   --->   Operation 22 'specloopname' 'specloopname_ln996' <Predicate = true> <Delay = 0.00>
ST_2 : Operation 23 [1/1] (0.86ns)   --->   "%write_ln174 = write void @_ssdm_op_Write.ap_fifo.volatile.i256P0A, i256 %arg1_write_reduced_mem_strm, i256 %tmp_data_V" [/tools/Xilinx/Vitis_HLS/2022.1/common/technology/autopilot/hls_stream_39.h:174]   --->   Operation 23 'write' 'write_ln174' <Predicate = true> <Delay = 0.86> <CoreInst = "FIFO_SRL">   --->   Core 85 'FIFO_SRL' <Latency = 0> <II = 1> <Delay = 0.86> <Storage> <Opcode : 'read' 'write' 'nbread' 'nbwrite'> <Ports = 0> <Width = 256> <Depth = 2> <FIFO>
ST_2 : Operation 24 [1/1] (0.00ns)   --->   "%br_ln996 = br void %for.inc.i" [/home/x_thileeb/repos/ops-hls-pact25-artifact/OPS/ops/hls/include/device/../../L1/include/ops_hls_datamover.hpp:996]   --->   Operation 24 'br' 'br_ln996' <Predicate = true> <Delay = 0.00>


============================================================
+ Verbose Summary: Binding
============================================================
STG Binding: 
---------------- STG Properties BEGIN ----------------
- Is combinational: 0
- Is one-state seq: 0
- Is datapath-only: 0
- Is pipelined: 0
- Is top level: 0
Port [ Return ] is wired: 1; IO mode=ap_ctrl_hs:ce=0
Port [ arg1_axis_in_V_data_V]:  wired=1; compound=1; hidden=0; nouse=0; global=0; static=0; extern=0; dir=0; type=0; pingpong=0; private_global=0; IO mode=axis:ce=0
Port [ arg1_axis_in_V_keep_V]:  wired=1; compound=1; hidden=0; nouse=0; global=0; static=0; extern=0; dir=0; type=0; pingpong=0; private_global=0; IO mode=axis:ce=0
Port [ arg1_axis_in_V_strb_V]:  wired=1; compound=1; hidden=0; nouse=0; global=0; static=0; extern=0; dir=0; type=0; pingpong=0; private_global=0; IO mode=axis:ce=0
Port [ arg1_axis_in_V_last_V]:  wired=1; compound=1; hidden=0; nouse=0; global=0; static=0; extern=0; dir=0; type=0; pingpong=0; private_global=0; IO mode=axis:ce=0
Port [ pkts]:  wired=1; compound=0; hidden=0; nouse=0; global=0; static=0; extern=0; dir=0; type=0; pingpong=0; private_global=0; IO mode=ap_none:ce=0
Port [ arg1_write_reduced_mem_strm]:  wired=1; compound=1; hidden=0; nouse=0; global=1; static=1; extern=0; dir=1; type=3; pingpong=0; private_global=0; IO mode=ap_fifo:ce=0
---------------- STG Properties END ------------------

---------------- Datapath Model BEGIN ----------------

<LifeTime>
<method=bitvector/>
itr                (alloca       ) [ 010]
pkts_read          (read         ) [ 000]
specinterface_ln0  (specinterface) [ 000]
specinterface_ln0  (specinterface) [ 000]
specinterface_ln0  (specinterface) [ 000]
specinterface_ln0  (specinterface) [ 000]
specinterface_ln0  (specinterface) [ 000]
store_ln996        (store        ) [ 000]
br_ln996           (br           ) [ 000]
itr_3              (load         ) [ 000]
itr_4              (add          ) [ 000]
icmp_ln996         (icmp         ) [ 010]
br_ln996           (br           ) [ 000]
empty              (read         ) [ 000]
tmp_data_V         (extractvalue ) [ 011]
store_ln996        (store        ) [ 000]
specpipeline_ln997 (specpipeline ) [ 000]
specloopname_ln996 (specloopname ) [ 000]
write_ln174        (write        ) [ 000]
br_ln996           (br           ) [ 000]
ret_ln0            (ret          ) [ 000]
</LifeTime>

<model>

<comp_list>
<comp id="0" class="1000" name="arg1_axis_in_V_data_V">
<pin_list>
<pin id="1" dir="1" index="0" bw="1" slack="0"/>
</pin_list>
<bind>
<StgValue><ssdm name="arg1_axis_in_V_data_V"/></StgValue>
</bind>
</comp>

<comp id="2" class="1000" name="arg1_axis_in_V_keep_V">
<pin_list>
<pin id="3" dir="1" index="0" bw="1" slack="0"/>
</pin_list>
<bind>
<StgValue><ssdm name="arg1_axis_in_V_keep_V"/></StgValue>
</bind>
</comp>

<comp id="4" class="1000" name="arg1_axis_in_V_strb_V">
<pin_list>
<pin id="5" dir="1" index="0" bw="1" slack="0"/>
</pin_list>
<bind>
<StgValue><ssdm name="arg1_axis_in_V_strb_V"/></StgValue>
</bind>
</comp>

<comp id="6" class="1000" name="arg1_axis_in_V_last_V">
<pin_list>
<pin id="7" dir="1" index="0" bw="1" slack="0"/>
</pin_list>
<bind>
<StgValue><ssdm name="arg1_axis_in_V_last_V"/></StgValue>
</bind>
</comp>

<comp id="8" class="1000" name="pkts">
<pin_list>
<pin id="9" dir="1" index="0" bw="1" slack="0"/>
</pin_list>
<bind>
<StgValue><ssdm name="pkts"/></StgValue>
</bind>
</comp>

<comp id="10" class="1000" name="arg1_write_reduced_mem_strm">
<pin_list>
<pin id="11" dir="1" index="0" bw="1" slack="0"/>
</pin_list>
<bind>
<StgValue><ssdm name="arg1_write_reduced_mem_strm"/></StgValue>
</bind>
</comp>

<comp id="12" class="1001" name="const_12">
<pin_list>
<pin id="13" dir="1" index="0" bw="1" slack="0"/>
</pin_list>
<bind>
<StgValue><ssdm name=""/></StgValue>
</bind>
</comp>

<comp id="14" class="1001" name="const_14">
<pin_list>
<pin id="15" dir="1" index="0" bw="1" slack="0"/>
</pin_list>
<bind>
<StgValue><ssdm name="_ssdm_op_Read.ap_auto.i32"/></StgValue>
</bind>
</comp>

<comp id="16" class="1001" name="const_16">
<pin_list>
<pin id="17" dir="1" index="0" bw="1" slack="2147483647"/>
</pin_list>
<bind>
<StgValue><ssdm name="_ssdm_op_SpecInterface"/></StgValue>
</bind>
</comp>

<comp id="18" class="1001" name="const_18">
<pin_list>
<pin id="19" dir="1" index="0" bw="1" slack="2147483647"/>
</pin_list>
<bind>
<StgValue><ssdm name="empty_7"/></StgValue>
</bind>
</comp>

<comp id="20" class="1001" name="const_20">
<pin_list>
<pin id="21" dir="1" index="0" bw="1" slack="0"/>
</pin_list>
<bind>
<StgValue><ssdm name=""/></StgValue>
</bind>
</comp>

<comp id="22" class="1001" name="const_22">
<pin_list>
<pin id="23" dir="1" index="0" bw="1" slack="2147483647"/>
</pin_list>
<bind>
<StgValue><ssdm name="empty_27"/></StgValue>
</bind>
</comp>

<comp id="24" class="1001" name="const_24">
<pin_list>
<pin id="25" dir="1" index="0" bw="1" slack="2147483647"/>
</pin_list>
<bind>
<StgValue><ssdm name=""/></StgValue>
</bind>
</comp>

<comp id="26" class="1001" name="const_26">
<pin_list>
<pin id="27" dir="1" index="0" bw="1" slack="2147483647"/>
</pin_list>
<bind>
<StgValue><ssdm name="empty_21"/></StgValue>
</bind>
</comp>

<comp id="28" class="1001" name="const_28">
<pin_list>
<pin id="29" dir="1" index="0" bw="1" slack="2147483647"/>
</pin_list>
<bind>
<StgValue><ssdm name="empty_8"/></StgValue>
</bind>
</comp>

<comp id="30" class="1001" name="const_30">
<pin_list>
<pin id="31" dir="1" index="0" bw="1" slack="0"/>
</pin_list>
<bind>
<StgValue><ssdm name="_ssdm_op_Read.axis.volatile.i256P0A.i32P0A.i32P0A.i1P0A"/></StgValue>
</bind>
</comp>

<comp id="32" class="1001" name="const_32">
<pin_list>
<pin id="33" dir="1" index="0" bw="1" slack="2147483647"/>
</pin_list>
<bind>
<StgValue><ssdm name="_ssdm_op_SpecPipeline"/></StgValue>
</bind>
</comp>

<comp id="34" class="1001" name="const_34">
<pin_list>
<pin id="35" dir="1" index="0" bw="1" slack="2147483647"/>
</pin_list>
<bind>
<StgValue><ssdm name="_ssdm_op_SpecLoopName"/></StgValue>
</bind>
</comp>

<comp id="36" class="1001" name="const_36">
<pin_list>
<pin id="37" dir="1" index="0" bw="1" slack="2147483647"/>
</pin_list>
<bind>
<StgValue><ssdm name="empty_4"/></StgValue>
</bind>
</comp>

<comp id="38" class="1001" name="const_38">
<pin_list>
<pin id="39" dir="1" index="0" bw="1" slack="0"/>
</pin_list>
<bind>
<StgValue><ssdm name="_ssdm_op_Write.ap_fifo.volatile.i256P0A"/></StgValue>
</bind>
</comp>

<comp id="40" class="1004" name="itr_fu_40">
<pin_list>
<pin id="41" dir="0" index="0" bw="1" slack="0"/>
<pin id="42" dir="1" index="1" bw="32" slack="0"/>
</pin_list>
<bind>
<opcode="alloca(26) " fcode="alloca"/>
<opset="itr/1 "/>
</bind>
</comp>

<comp id="44" class="1004" name="pkts_read_read_fu_44">
<pin_list>
<pin id="45" dir="0" index="0" bw="32" slack="0"/>
<pin id="46" dir="0" index="1" bw="32" slack="0"/>
<pin id="47" dir="1" index="2" bw="32" slack="0"/>
</pin_list>
<bind>
<opcode="read(1150) " fcode="read"/>
<opset="pkts_read/1 "/>
</bind>
</comp>

<comp id="50" class="1004" name="empty_read_fu_50">
<pin_list>
<pin id="51" dir="0" index="0" bw="321" slack="0"/>
<pin id="52" dir="0" index="1" bw="256" slack="0"/>
<pin id="53" dir="0" index="2" bw="32" slack="0"/>
<pin id="54" dir="0" index="3" bw="32" slack="0"/>
<pin id="55" dir="0" index="4" bw="1" slack="0"/>
<pin id="56" dir="1" index="5" bw="321" slack="0"/>
</pin_list>
<bind>
<opcode="read(1150) " fcode="read"/>
<opset="empty/1 "/>
</bind>
</comp>

<comp id="62" class="1004" name="write_ln174_write_fu_62">
<pin_list>
<pin id="63" dir="0" index="0" bw="0" slack="0"/>
<pin id="64" dir="0" index="1" bw="256" slack="0"/>
<pin id="65" dir="0" index="2" bw="256" slack="1"/>
<pin id="66" dir="1" index="3" bw="0" slack="2147483647"/>
</pin_list>
<bind>
<opcode="write(1151) " fcode="write"/>
<opset="write_ln174/2 "/>
</bind>
</comp>

<comp id="69" class="1004" name="store_ln996_store_fu_69">
<pin_list>
<pin id="70" dir="0" index="0" bw="1" slack="0"/>
<pin id="71" dir="0" index="1" bw="32" slack="0"/>
<pin id="72" dir="1" index="2" bw="0" slack="2147483647"/>
</pin_list>
<bind>
<opcode="store(28) " fcode="store"/>
<opset="store_ln996/1 "/>
</bind>
</comp>

<comp id="74" class="1004" name="itr_3_load_fu_74">
<pin_list>
<pin id="75" dir="0" index="0" bw="32" slack="0"/>
<pin id="76" dir="1" index="1" bw="32" slack="0"/>
</pin_list>
<bind>
<opcode="load(27) " fcode="load"/>
<opset="itr_3/1 "/>
</bind>
</comp>

<comp id="77" class="1004" name="itr_4_fu_77">
<pin_list>
<pin id="78" dir="0" index="0" bw="32" slack="0"/>
<pin id="79" dir="0" index="1" bw="1" slack="0"/>
<pin id="80" dir="1" index="2" bw="32" slack="0"/>
</pin_list>
<bind>
<opcode="add(8) " fcode="add"/>
<opset="itr_4/1 "/>
</bind>
</comp>

<comp id="83" class="1004" name="icmp_ln996_fu_83">
<pin_list>
<pin id="84" dir="0" index="0" bw="32" slack="0"/>
<pin id="85" dir="0" index="1" bw="32" slack="0"/>
<pin id="86" dir="1" index="2" bw="1" slack="2147483647"/>
</pin_list>
<bind>
<opcode="icmp(45) " fcode="icmp"/>
<opset="icmp_ln996/1 "/>
</bind>
</comp>

<comp id="89" class="1004" name="tmp_data_V_fu_89">
<pin_list>
<pin id="90" dir="0" index="0" bw="321" slack="0"/>
<pin id="91" dir="1" index="1" bw="256" slack="1"/>
</pin_list>
<bind>
<opcode="extractvalue(56) " fcode="extractvalue"/>
<opset="tmp_data_V/1 "/>
</bind>
</comp>

<comp id="93" class="1004" name="store_ln996_store_fu_93">
<pin_list>
<pin id="94" dir="0" index="0" bw="32" slack="0"/>
<pin id="95" dir="0" index="1" bw="32" slack="0"/>
<pin id="96" dir="1" index="2" bw="0" slack="2147483647"/>
</pin_list>
<bind>
<opcode="store(28) " fcode="store"/>
<opset="store_ln996/1 "/>
</bind>
</comp>

<comp id="98" class="1005" name="itr_reg_98">
<pin_list>
<pin id="99" dir="0" index="0" bw="32" slack="0"/>
<pin id="100" dir="1" index="1" bw="32" slack="0"/>
</pin_list>
<bind>
<opset="itr "/>
</bind>
</comp>

<comp id="108" class="1005" name="tmp_data_V_reg_108">
<pin_list>
<pin id="109" dir="0" index="0" bw="256" slack="1"/>
<pin id="110" dir="1" index="1" bw="256" slack="1"/>
</pin_list>
<bind>
<opset="tmp_data_V "/>
</bind>
</comp>

</comp_list>

<net_list>
<net id="43"><net_src comp="12" pin="0"/><net_sink comp="40" pin=0"/></net>

<net id="48"><net_src comp="14" pin="0"/><net_sink comp="44" pin=0"/></net>

<net id="49"><net_src comp="8" pin="0"/><net_sink comp="44" pin=1"/></net>

<net id="57"><net_src comp="30" pin="0"/><net_sink comp="50" pin=0"/></net>

<net id="58"><net_src comp="0" pin="0"/><net_sink comp="50" pin=1"/></net>

<net id="59"><net_src comp="2" pin="0"/><net_sink comp="50" pin=2"/></net>

<net id="60"><net_src comp="4" pin="0"/><net_sink comp="50" pin=3"/></net>

<net id="61"><net_src comp="6" pin="0"/><net_sink comp="50" pin=4"/></net>

<net id="67"><net_src comp="38" pin="0"/><net_sink comp="62" pin=0"/></net>

<net id="68"><net_src comp="10" pin="0"/><net_sink comp="62" pin=1"/></net>

<net id="73"><net_src comp="20" pin="0"/><net_sink comp="69" pin=0"/></net>

<net id="81"><net_src comp="74" pin="1"/><net_sink comp="77" pin=0"/></net>

<net id="82"><net_src comp="12" pin="0"/><net_sink comp="77" pin=1"/></net>

<net id="87"><net_src comp="74" pin="1"/><net_sink comp="83" pin=0"/></net>

<net id="88"><net_src comp="44" pin="2"/><net_sink comp="83" pin=1"/></net>

<net id="92"><net_src comp="50" pin="5"/><net_sink comp="89" pin=0"/></net>

<net id="97"><net_src comp="77" pin="2"/><net_sink comp="93" pin=0"/></net>

<net id="101"><net_src comp="40" pin="1"/><net_sink comp="98" pin=0"/></net>

<net id="102"><net_src comp="98" pin="1"/><net_sink comp="69" pin=1"/></net>

<net id="103"><net_src comp="98" pin="1"/><net_sink comp="74" pin=0"/></net>

<net id="104"><net_src comp="98" pin="1"/><net_sink comp="93" pin=1"/></net>

<net id="111"><net_src comp="89" pin="1"/><net_sink comp="108" pin=0"/></net>

<net id="112"><net_src comp="108" pin="1"/><net_sink comp="62" pin=2"/></net>

</net_list>

</model> 
---------------- Datapath Model END ------------------

* FSMD analyzer results:
  - Output states:
	Port: arg1_write_reduced_mem_strm | {2 }
 - Input state : 
	Port: axis2stream<256u> : arg1_axis_in_V_data_V | {1 }
	Port: axis2stream<256u> : arg1_axis_in_V_keep_V | {1 }
	Port: axis2stream<256u> : arg1_axis_in_V_strb_V | {1 }
	Port: axis2stream<256u> : arg1_axis_in_V_last_V | {1 }
	Port: axis2stream<256u> : pkts | {1 }
  - Chain level:
	State 1
		store_ln996 : 1
		itr_3 : 1
		itr_4 : 2
		icmp_ln996 : 2
		br_ln996 : 3
		store_ln996 : 3
	State 2


============================================================
+ Verbose Summary: Datapath Resource usage 
============================================================

* Functional unit list:
|----------|-------------------------|---------|---------|
| Operation|     Functional Unit     |    FF   |   LUT   |
|----------|-------------------------|---------|---------|
|    add   |       itr_4_fu_77       |    0    |    32   |
|----------|-------------------------|---------|---------|
|   icmp   |     icmp_ln996_fu_83    |    0    |    16   |
|----------|-------------------------|---------|---------|
|   read   |   pkts_read_read_fu_44  |    0    |    0    |
|          |     empty_read_fu_50    |    0    |    0    |
|----------|-------------------------|---------|---------|
|   write  | write_ln174_write_fu_62 |    0    |    0    |
|----------|-------------------------|---------|---------|
|extractvalue|     tmp_data_V_fu_89    |    0    |    0    |
|----------|-------------------------|---------|---------|
|   Total  |                         |    0    |    48   |
|----------|-------------------------|---------|---------|

Memories:
N/A

* Register list:
+------------------+--------+
|                  |   FF   |
+------------------+--------+
|    itr_reg_98    |   32   |
|tmp_data_V_reg_108|   256  |
+------------------+--------+
|       Total      |   288  |
+------------------+--------+

* Multiplexer (MUX) list: 
|--------|------|------|------|--------|
|  Comp  |  Pin | Size |  BW  | S x BW |
|--------|------|------|------|--------|
|  Total |      |      |      |    0   |
|--------|------|------|------|--------|



* Summary:
+-----------+--------+--------+
|           |   FF   |   LUT  |
+-----------+--------+--------+
|  Function |    0   |   48   |
|   Memory  |    -   |    -   |
|Multiplexer|    -   |    -   |
|  Register |   288  |    -   |
+-----------+--------+--------+
|   Total   |   288  |   48   |
+-----------+--------+--------+
