

================================================================
== Vitis HLS Report for 'datamover_outerloop_0'
================================================================
* Date:           Sun Jul 26 01:22:49 2026

* Version:        2022.1 (Build 3526262 on Mon Apr 18 15:47:01 MDT 2022)
* Project:        datamover_outerloop_0
* Solution:       solution (Vitis Kernel Flow Target)
* Product family: versal
* Target device:  xcvc1902-vsvd1760-2MP-e-S


================================================================
== Performance Estimates
================================================================
+ Timing: 
    * Summary: 
    +--------+---------+----------+------------+
    |  Clock |  Target | Estimated| Uncertainty|
    +--------+---------+----------+------------+
    |ap_clk  |  3.33 ns|  2.433 ns|     0.90 ns|
    +--------+---------+----------+------------+

+ Latency: 
    * Summary: 
    +---------+---------+----------+----------+-----+-----+---------+
    |  Latency (cycles) |  Latency (absolute) |  Interval | Pipeline|
    |   min   |   max   |    min   |    max   | min | max |   Type  |
    +---------+---------+----------+----------+-----+-----+---------+
    |        ?|        ?|         ?|         ?|    ?|    ?|       no|
    +---------+---------+----------+----------+-----+-----+---------+

    + Detail: 
        * Instance: 
        N/A

        * Loop: 
        +-------------------+---------+---------+----------+-----------+-----------+------+----------+
        |                   |  Latency (cycles) | Iteration|  Initiation Interval  | Trip |          |
        |     Loop Name     |   min   |   max   |  Latency |  achieved |   target  | Count| Pipelined|
        +-------------------+---------+---------+----------+-----------+-----------+------+----------+
        |- VITIS_LOOP_76_1  |        ?|        ?|         ?|          -|          -|     ?|        no|
        +-------------------+---------+---------+----------+-----------+-----------+------+----------+

============================================================
+ Verbose Summary: Synthesis Manager
============================================================
InlineROM: 1
ExposeGlobal: 0
============================================================
+ Verbose Summary: CDFG Model
============================================================
IsTopModel: 1
ResetActiveHigh: 1
IsCombinational: 0
IsDatapathOnly: 0
HasWiredReturn: 1
HasMFsm: 0
HasVarLatency: 1
IsPipeline: 0
IsRtlPipelined: 0
IsInstanceOverlapped: 0
IsDontTouch: 0
HasImplIP: 0
IsGatedGlobalClock: 0


============================================================
+ Verbose Summary: Schedule
============================================================
* Number of FSM states : 13
* Pipeline : 0
* Dataflow Pipeline: 0

* FSM state transitions: 
1 --> 2 
2 --> 3 
3 --> 4 
4 --> 5 
5 --> 6 
6 --> 7 
7 --> 8 
8 --> 9 13 
9 --> 10 
10 --> 11 
11 --> 12 
12 --> 8 
13 --> 

* FSM state operations: 

State 1 <SV = 0> <Delay = 1.82>
ST_1 : Operation 14 [1/1] (0.00ns)   --->   "%i = alloca i32 1"   --->   Operation 14 'alloca' 'i' <Predicate = true> <Delay = 0.00>
ST_1 : Operation 15 [1/1] (1.00ns)   --->   "%range_end_0_read = read i16 @_ssdm_op_Read.ap_none.i16, i16 %range_end_0" [/home/x_thileeb/repos/ops-hls-pact25-artifact/codegen_apps/jacobian3d/vck5000_project/hls/device/src/datamover_outerloop_0.cpp:134]   --->   Operation 15 'read' 'range_end_0_read' <Predicate = true> <Delay = 1.00> <CoreInst = "s_axilite">   --->   Core 126 's_axilite' <Latency = 0> <II = 1> <Delay = 1.00> <Adapter> <Opcode : 'read' 'write'>
ST_1 : Operation 16 [1/1] (0.00ns)   --->   "%zext_ln2576 = zext i16 %range_end_0_read" [/home/x_thileeb/repos/ops-hls-pact25-artifact/OPS/ops/hls/include/device/../../L1/include/ops_hls_datamover.hpp:2576->/home/x_thileeb/repos/ops-hls-pact25-artifact/codegen_apps/jacobian3d/vck5000_project/hls/device/src/datamover_outerloop_0.cpp:207]   --->   Operation 16 'zext' 'zext_ln2576' <Predicate = true> <Delay = 0.00>
ST_1 : Operation 17 [1/1] (0.82ns)   --->   "%add_ln2576 = add i17 %zext_ln2576, i17 15" [/home/x_thileeb/repos/ops-hls-pact25-artifact/OPS/ops/hls/include/device/../../L1/include/ops_hls_datamover.hpp:2576->/home/x_thileeb/repos/ops-hls-pact25-artifact/codegen_apps/jacobian3d/vck5000_project/hls/device/src/datamover_outerloop_0.cpp:207]   --->   Operation 17 'add' 'add_ln2576' <Predicate = true> <Delay = 0.82> <CoreInst = "Adder">   --->   Core 1 'Adder' <Latency = 0> <II = 1> <Delay = 0.82> <FuncUnit> <Opcode : 'add' 'sub'> <InPorts = 2> <OutPorts = 1>
ST_1 : Operation 18 [1/1] (0.00ns)   --->   "%end_x = partselect i13 @_ssdm_op_PartSelect.i13.i17.i32.i32, i17 %add_ln2576, i32 4, i32 16" [/home/x_thileeb/repos/ops-hls-pact25-artifact/OPS/ops/hls/include/device/../../L1/include/ops_hls_datamover.hpp:2576->/home/x_thileeb/repos/ops-hls-pact25-artifact/codegen_apps/jacobian3d/vck5000_project/hls/device/src/datamover_outerloop_0.cpp:207]   --->   Operation 18 'partselect' 'end_x' <Predicate = true> <Delay = 0.00>
ST_1 : Operation 19 [1/1] (0.46ns)   --->   "%store_ln76 = store i31 0, i31 %i" [/home/x_thileeb/repos/ops-hls-pact25-artifact/codegen_apps/jacobian3d/vck5000_project/hls/device/src/datamover_outerloop_0.cpp:76]   --->   Operation 19 'store' 'store_ln76' <Predicate = true> <Delay = 0.46>

State 2 <SV = 1> <Delay = 2.35>
ST_2 : Operation 20 [1/1] (1.00ns)   --->   "%range_end_2_read = read i16 @_ssdm_op_Read.ap_none.i16, i16 %range_end_2" [/home/x_thileeb/repos/ops-hls-pact25-artifact/codegen_apps/jacobian3d/vck5000_project/hls/device/src/datamover_outerloop_0.cpp:134]   --->   Operation 20 'read' 'range_end_2_read' <Predicate = true> <Delay = 1.00> <CoreInst = "s_axilite">   --->   Core 126 's_axilite' <Latency = 0> <II = 1> <Delay = 1.00> <Adapter> <Opcode : 'read' 'write'>
ST_2 : Operation 21 [1/1] (1.00ns)   --->   "%range_start_2_read = read i16 @_ssdm_op_Read.ap_none.i16, i16 %range_start_2" [/home/x_thileeb/repos/ops-hls-pact25-artifact/codegen_apps/jacobian3d/vck5000_project/hls/device/src/datamover_outerloop_0.cpp:134]   --->   Operation 21 'read' 'range_start_2_read' <Predicate = true> <Delay = 1.00> <CoreInst = "s_axilite">   --->   Core 126 's_axilite' <Latency = 0> <II = 1> <Delay = 1.00> <Adapter> <Opcode : 'read' 'write'>
ST_2 : Operation 22 [1/1] (1.00ns)   --->   "%range_start_0_read = read i16 @_ssdm_op_Read.ap_none.i16, i16 %range_start_0" [/home/x_thileeb/repos/ops-hls-pact25-artifact/codegen_apps/jacobian3d/vck5000_project/hls/device/src/datamover_outerloop_0.cpp:134]   --->   Operation 22 'read' 'range_start_0_read' <Predicate = true> <Delay = 1.00> <CoreInst = "s_axilite">   --->   Core 126 's_axilite' <Latency = 0> <II = 1> <Delay = 1.00> <Adapter> <Opcode : 'read' 'write'>
ST_2 : Operation 23 [1/1] (0.00ns)   --->   "%start_x = partselect i12 @_ssdm_op_PartSelect.i12.i16.i32.i32, i16 %range_start_0_read, i32 4, i32 15" [/home/x_thileeb/repos/ops-hls-pact25-artifact/OPS/ops/hls/include/device/../../L1/include/ops_hls_datamover.hpp:2575->/home/x_thileeb/repos/ops-hls-pact25-artifact/codegen_apps/jacobian3d/vck5000_project/hls/device/src/datamover_outerloop_0.cpp:207]   --->   Operation 23 'partselect' 'start_x' <Predicate = true> <Delay = 0.00>
ST_2 : Operation 24 [1/1] (0.00ns)   --->   "%zext_ln2575 = zext i12 %start_x" [/home/x_thileeb/repos/ops-hls-pact25-artifact/OPS/ops/hls/include/device/../../L1/include/ops_hls_datamover.hpp:2575->/home/x_thileeb/repos/ops-hls-pact25-artifact/codegen_apps/jacobian3d/vck5000_project/hls/device/src/datamover_outerloop_0.cpp:207]   --->   Operation 24 'zext' 'zext_ln2575' <Predicate = true> <Delay = 0.00>
ST_2 : Operation 25 [1/1] (0.00ns)   --->   "%zext_ln2576_1 = zext i13 %end_x" [/home/x_thileeb/repos/ops-hls-pact25-artifact/OPS/ops/hls/include/device/../../L1/include/ops_hls_datamover.hpp:2576->/home/x_thileeb/repos/ops-hls-pact25-artifact/codegen_apps/jacobian3d/vck5000_project/hls/device/src/datamover_outerloop_0.cpp:207]   --->   Operation 25 'zext' 'zext_ln2576_1' <Predicate = true> <Delay = 0.00>
ST_2 : Operation 26 [1/1] (0.81ns)   --->   "%num_xblocks = sub i14 %zext_ln2576_1, i14 %zext_ln2575" [/home/x_thileeb/repos/ops-hls-pact25-artifact/OPS/ops/hls/include/device/../../L1/include/ops_hls_datamover.hpp:2578->/home/x_thileeb/repos/ops-hls-pact25-artifact/codegen_apps/jacobian3d/vck5000_project/hls/device/src/datamover_outerloop_0.cpp:207]   --->   Operation 26 'sub' 'num_xblocks' <Predicate = true> <Delay = 0.81> <CoreInst = "Adder">   --->   Core 1 'Adder' <Latency = 0> <II = 1> <Delay = 0.81> <FuncUnit> <Opcode : 'add' 'sub'> <InPorts = 2> <OutPorts = 1>
ST_2 : Operation 27 [1/1] (0.00ns)   --->   "%sext_ln2579 = sext i14 %num_xblocks" [/home/x_thileeb/repos/ops-hls-pact25-artifact/OPS/ops/hls/include/device/../../L1/include/ops_hls_datamover.hpp:2579->/home/x_thileeb/repos/ops-hls-pact25-artifact/codegen_apps/jacobian3d/vck5000_project/hls/device/src/datamover_outerloop_0.cpp:207]   --->   Operation 27 'sext' 'sext_ln2579' <Predicate = true> <Delay = 0.00>
ST_2 : Operation 28 [1/1] (0.00ns)   --->   "%zext_ln2579 = zext i16 %sext_ln2579" [/home/x_thileeb/repos/ops-hls-pact25-artifact/OPS/ops/hls/include/device/../../L1/include/ops_hls_datamover.hpp:2579->/home/x_thileeb/repos/ops-hls-pact25-artifact/codegen_apps/jacobian3d/vck5000_project/hls/device/src/datamover_outerloop_0.cpp:207]   --->   Operation 28 'zext' 'zext_ln2579' <Predicate = true> <Delay = 0.00>
ST_2 : Operation 29 [1/1] (0.82ns)   --->   "%diff_z = sub i16 %range_end_2_read, i16 %range_start_2_read" [/home/x_thileeb/repos/ops-hls-pact25-artifact/OPS/ops/hls/include/device/../../L1/include/ops_hls_datamover.hpp:2608->/home/x_thileeb/repos/ops-hls-pact25-artifact/codegen_apps/jacobian3d/vck5000_project/hls/device/src/datamover_outerloop_0.cpp:207]   --->   Operation 29 'sub' 'diff_z' <Predicate = true> <Delay = 0.82> <CoreInst = "Adder">   --->   Core 1 'Adder' <Latency = 0> <II = 1> <Delay = 0.82> <FuncUnit> <Opcode : 'add' 'sub'> <InPorts = 2> <OutPorts = 1>
ST_2 : Operation 30 [1/1] (0.00ns)   --->   "%zext_ln2620_1 = zext i16 %diff_z" [/home/x_thileeb/repos/ops-hls-pact25-artifact/OPS/ops/hls/include/device/../../L1/include/ops_hls_datamover.hpp:2620->/home/x_thileeb/repos/ops-hls-pact25-artifact/codegen_apps/jacobian3d/vck5000_project/hls/device/src/datamover_outerloop_0.cpp:207]   --->   Operation 30 'zext' 'zext_ln2620_1' <Predicate = true> <Delay = 0.00>
ST_2 : Operation 31 [4/4] (0.53ns) (root node of the DSP)   --->   "%mul_ln2620 = mul i32 %zext_ln2579, i32 %zext_ln2620_1" [/home/x_thileeb/repos/ops-hls-pact25-artifact/OPS/ops/hls/include/device/../../L1/include/ops_hls_datamover.hpp:2620->/home/x_thileeb/repos/ops-hls-pact25-artifact/codegen_apps/jacobian3d/vck5000_project/hls/device/src/datamover_outerloop_0.cpp:207]   --->   Operation 31 'mul' 'mul_ln2620' <Predicate = true> <Delay = 0.53> <CoreInst = "DSP48">   --->   Core 132 'DSP48' <Latency = 3> <II = 1> <Delay = 0.53> <IPBlock> <Opcode : 'mul' 'add' 'sub' 'select'> <InPorts = 0> <OutPorts = 1> <Sync> <CReg>

State 3 <SV = 2> <Delay = 0.53>
ST_3 : Operation 32 [3/4] (0.53ns) (root node of the DSP)   --->   "%mul_ln2620 = mul i32 %zext_ln2579, i32 %zext_ln2620_1" [/home/x_thileeb/repos/ops-hls-pact25-artifact/OPS/ops/hls/include/device/../../L1/include/ops_hls_datamover.hpp:2620->/home/x_thileeb/repos/ops-hls-pact25-artifact/codegen_apps/jacobian3d/vck5000_project/hls/device/src/datamover_outerloop_0.cpp:207]   --->   Operation 32 'mul' 'mul_ln2620' <Predicate = true> <Delay = 0.53> <CoreInst = "DSP48">   --->   Core 132 'DSP48' <Latency = 3> <II = 1> <Delay = 0.53> <IPBlock> <Opcode : 'mul' 'add' 'sub' 'select'> <InPorts = 0> <OutPorts = 1> <Sync> <CReg>

State 4 <SV = 3> <Delay = 1.82>
ST_4 : Operation 33 [1/1] (1.00ns)   --->   "%range_end_1_read = read i16 @_ssdm_op_Read.ap_none.i16, i16 %range_end_1" [/home/x_thileeb/repos/ops-hls-pact25-artifact/codegen_apps/jacobian3d/vck5000_project/hls/device/src/datamover_outerloop_0.cpp:134]   --->   Operation 33 'read' 'range_end_1_read' <Predicate = true> <Delay = 1.00> <CoreInst = "s_axilite">   --->   Core 126 's_axilite' <Latency = 0> <II = 1> <Delay = 1.00> <Adapter> <Opcode : 'read' 'write'>
ST_4 : Operation 34 [1/1] (1.00ns)   --->   "%range_start_1_read = read i16 @_ssdm_op_Read.ap_none.i16, i16 %range_start_1" [/home/x_thileeb/repos/ops-hls-pact25-artifact/codegen_apps/jacobian3d/vck5000_project/hls/device/src/datamover_outerloop_0.cpp:134]   --->   Operation 34 'read' 'range_start_1_read' <Predicate = true> <Delay = 1.00> <CoreInst = "s_axilite">   --->   Core 126 's_axilite' <Latency = 0> <II = 1> <Delay = 1.00> <Adapter> <Opcode : 'read' 'write'>
ST_4 : Operation 35 [1/1] (0.82ns)   --->   "%diff_y = sub i16 %range_end_1_read, i16 %range_start_1_read" [/home/x_thileeb/repos/ops-hls-pact25-artifact/OPS/ops/hls/include/device/../../L1/include/ops_hls_datamover.hpp:2595->/home/x_thileeb/repos/ops-hls-pact25-artifact/codegen_apps/jacobian3d/vck5000_project/hls/device/src/datamover_outerloop_0.cpp:207]   --->   Operation 35 'sub' 'diff_y' <Predicate = true> <Delay = 0.82> <CoreInst = "Adder">   --->   Core 1 'Adder' <Latency = 0> <II = 1> <Delay = 0.82> <FuncUnit> <Opcode : 'add' 'sub'> <InPorts = 2> <OutPorts = 1>
ST_4 : Operation 36 [2/4] (0.53ns) (root node of the DSP)   --->   "%mul_ln2620 = mul i32 %zext_ln2579, i32 %zext_ln2620_1" [/home/x_thileeb/repos/ops-hls-pact25-artifact/OPS/ops/hls/include/device/../../L1/include/ops_hls_datamover.hpp:2620->/home/x_thileeb/repos/ops-hls-pact25-artifact/codegen_apps/jacobian3d/vck5000_project/hls/device/src/datamover_outerloop_0.cpp:207]   --->   Operation 36 'mul' 'mul_ln2620' <Predicate = true> <Delay = 0.53> <CoreInst = "DSP48">   --->   Core 132 'DSP48' <Latency = 3> <II = 1> <Delay = 0.53> <IPBlock> <Opcode : 'mul' 'add' 'sub' 'select'> <InPorts = 0> <OutPorts = 1> <Sync> <CReg>

State 5 <SV = 4> <Delay = 0.70>
ST_5 : Operation 37 [1/1] (0.00ns)   --->   "%zext_ln2620 = zext i16 %diff_y" [/home/x_thileeb/repos/ops-hls-pact25-artifact/OPS/ops/hls/include/device/../../L1/include/ops_hls_datamover.hpp:2620->/home/x_thileeb/repos/ops-hls-pact25-artifact/codegen_apps/jacobian3d/vck5000_project/hls/device/src/datamover_outerloop_0.cpp:207]   --->   Operation 37 'zext' 'zext_ln2620' <Predicate = true> <Delay = 0.00>
ST_5 : Operation 38 [1/4] (0.00ns) (root node of the DSP)   --->   "%mul_ln2620 = mul i32 %zext_ln2579, i32 %zext_ln2620_1" [/home/x_thileeb/repos/ops-hls-pact25-artifact/OPS/ops/hls/include/device/../../L1/include/ops_hls_datamover.hpp:2620->/home/x_thileeb/repos/ops-hls-pact25-artifact/codegen_apps/jacobian3d/vck5000_project/hls/device/src/datamover_outerloop_0.cpp:207]   --->   Operation 38 'mul' 'mul_ln2620' <Predicate = true> <Delay = 0.00> <CoreInst = "DSP48">   --->   Core 132 'DSP48' <Latency = 3> <II = 1> <Delay = 0.53> <IPBlock> <Opcode : 'mul' 'add' 'sub' 'select'> <InPorts = 0> <OutPorts = 1> <Sync> <CReg>
ST_5 : Operation 39 [3/3] (0.70ns)   --->   "%config_total_xblocks = mul i32 %mul_ln2620, i32 %zext_ln2620" [/home/x_thileeb/repos/ops-hls-pact25-artifact/OPS/ops/hls/include/device/../../L1/include/ops_hls_datamover.hpp:2620->/home/x_thileeb/repos/ops-hls-pact25-artifact/codegen_apps/jacobian3d/vck5000_project/hls/device/src/datamover_outerloop_0.cpp:207]   --->   Operation 39 'mul' 'config_total_xblocks' <Predicate = true> <Delay = 0.70> <CoreInst = "Multiplier">   --->   Core 3 'Multiplier' <Latency = 2> <II = 1> <Delay = 1.92> <FuncUnit> <Opcode : 'mul'> <InPorts = 2> <OutPorts = 1>

State 6 <SV = 5> <Delay = 1.92>
ST_6 : Operation 40 [2/3] (1.92ns)   --->   "%config_total_xblocks = mul i32 %mul_ln2620, i32 %zext_ln2620" [/home/x_thileeb/repos/ops-hls-pact25-artifact/OPS/ops/hls/include/device/../../L1/include/ops_hls_datamover.hpp:2620->/home/x_thileeb/repos/ops-hls-pact25-artifact/codegen_apps/jacobian3d/vck5000_project/hls/device/src/datamover_outerloop_0.cpp:207]   --->   Operation 40 'mul' 'config_total_xblocks' <Predicate = true> <Delay = 1.92> <CoreInst = "Multiplier">   --->   Core 3 'Multiplier' <Latency = 2> <II = 1> <Delay = 1.92> <FuncUnit> <Opcode : 'mul'> <InPorts = 2> <OutPorts = 1>

State 7 <SV = 6> <Delay = 1.00>
ST_7 : Operation 41 [1/1] (0.00ns)   --->   "%spectopmodule_ln133 = spectopmodule void @_ssdm_op_SpecTopModule, void @empty_24" [/home/x_thileeb/repos/ops-hls-pact25-artifact/codegen_apps/jacobian3d/vck5000_project/hls/device/src/datamover_outerloop_0.cpp:133]   --->   Operation 41 'spectopmodule' 'spectopmodule_ln133' <Predicate = true> <Delay = 0.00>
ST_7 : Operation 42 [1/1] (0.00ns)   --->   "%specinterface_ln133 = specinterface void @_ssdm_op_SpecInterface, i32 0, void @empty_1, i32 0, i32 0, void @empty_27, i32 0, i32 0, void @empty_27, void @empty_27, void @empty_27, i32 0, i32 0, i32 0, i32 0, void @empty_27, void @empty_27, i32 4294967295, i32 0" [/home/x_thileeb/repos/ops-hls-pact25-artifact/codegen_apps/jacobian3d/vck5000_project/hls/device/src/datamover_outerloop_0.cpp:133]   --->   Operation 42 'specinterface' 'specinterface_ln133' <Predicate = true> <Delay = 0.00>
ST_7 : Operation 43 [1/1] (0.00ns)   --->   "%specinterface_ln0 = specinterface void @_ssdm_op_SpecInterface, i512 %gmem0, void @empty_31, i32 0, i32 0, void @empty_27, i32 64, i32 4096, void @empty_13, void @empty_34, void @empty_27, i32 4, i32 4, i32 64, i32 64, void @empty_27, void @empty_27, i32 4294967295, i32 0"   --->   Operation 43 'specinterface' 'specinterface_ln0' <Predicate = true> <Delay = 0.00>
ST_7 : Operation 44 [1/1] (0.00ns)   --->   "%specbitsmap_ln0 = specbitsmap void @_ssdm_op_SpecBitsMap, i512 %gmem0"   --->   Operation 44 'specbitsmap' 'specbitsmap_ln0' <Predicate = true> <Delay = 0.00>
ST_7 : Operation 45 [1/1] (0.00ns)   --->   "%specinterface_ln0 = specinterface void @_ssdm_op_SpecInterface, i512 %gmem1, void @empty_31, i32 0, i32 0, void @empty_27, i32 64, i32 4096, void @empty_33, void @empty_34, void @empty_27, i32 4, i32 4, i32 64, i32 64, void @empty_27, void @empty_27, i32 4294967295, i32 0"   --->   Operation 45 'specinterface' 'specinterface_ln0' <Predicate = true> <Delay = 0.00>
ST_7 : Operation 46 [1/1] (0.00ns)   --->   "%specbitsmap_ln0 = specbitsmap void @_ssdm_op_SpecBitsMap, i512 %gmem1"   --->   Operation 46 'specbitsmap' 'specbitsmap_ln0' <Predicate = true> <Delay = 0.00>
ST_7 : Operation 47 [1/1] (0.00ns)   --->   "%specbitsmap_ln0 = specbitsmap void @_ssdm_op_SpecBitsMap, i1 %is_loopback"   --->   Operation 47 'specbitsmap' 'specbitsmap_ln0' <Predicate = true> <Delay = 0.00>
ST_7 : Operation 48 [1/1] (0.00ns)   --->   "%specinterface_ln0 = specinterface void @_ssdm_op_SpecInterface, i1 %is_loopback, void @empty_32, i32 0, i32 0, void @empty_27, i32 0, i32 0, void @empty_9, void @empty_19, void @empty_27, i32 0, i32 0, i32 0, i32 0, void @empty_27, void @empty_27, i32 4294967295, i32 0"   --->   Operation 48 'specinterface' 'specinterface_ln0' <Predicate = true> <Delay = 0.00>
ST_7 : Operation 49 [1/1] (0.00ns)   --->   "%specinterface_ln0 = specinterface void @_ssdm_op_SpecInterface, i1 %is_loopback, void @empty_12, i32 0, i32 0, void @empty_27, i32 0, i32 0, void @empty_27, void @empty_27, void @empty_27, i32 0, i32 0, i32 0, i32 0, void @empty_27, void @empty_27, i32 4294967295, i32 0"   --->   Operation 49 'specinterface' 'specinterface_ln0' <Predicate = true> <Delay = 0.00>
ST_7 : Operation 50 [1/1] (0.00ns)   --->   "%specbitsmap_ln0 = specbitsmap void @_ssdm_op_SpecBitsMap, i16 %range_start_0"   --->   Operation 50 'specbitsmap' 'specbitsmap_ln0' <Predicate = true> <Delay = 0.00>
ST_7 : Operation 51 [1/1] (0.00ns)   --->   "%specinterface_ln0 = specinterface void @_ssdm_op_SpecInterface, i16 %range_start_0, void @empty_32, i32 0, i32 0, void @empty_27, i32 0, i32 0, void @empty_9, void @empty, void @empty_27, i32 0, i32 0, i32 0, i32 0, void @empty_27, void @empty_27, i32 4294967295, i32 0"   --->   Operation 51 'specinterface' 'specinterface_ln0' <Predicate = true> <Delay = 0.00>
ST_7 : Operation 52 [1/1] (0.00ns)   --->   "%specinterface_ln0 = specinterface void @_ssdm_op_SpecInterface, i16 %range_start_0, void @empty_12, i32 0, i32 0, void @empty_27, i32 0, i32 0, void @empty_27, void @empty_27, void @empty_27, i32 0, i32 0, i32 0, i32 0, void @empty_27, void @empty_27, i32 4294967295, i32 0"   --->   Operation 52 'specinterface' 'specinterface_ln0' <Predicate = true> <Delay = 0.00>
ST_7 : Operation 53 [1/1] (0.00ns)   --->   "%specbitsmap_ln0 = specbitsmap void @_ssdm_op_SpecBitsMap, i16 %range_end_0"   --->   Operation 53 'specbitsmap' 'specbitsmap_ln0' <Predicate = true> <Delay = 0.00>
ST_7 : Operation 54 [1/1] (0.00ns)   --->   "%specinterface_ln0 = specinterface void @_ssdm_op_SpecInterface, i16 %range_end_0, void @empty_32, i32 0, i32 0, void @empty_27, i32 0, i32 0, void @empty_9, void @empty_11, void @empty_27, i32 0, i32 0, i32 0, i32 0, void @empty_27, void @empty_27, i32 4294967295, i32 0"   --->   Operation 54 'specinterface' 'specinterface_ln0' <Predicate = true> <Delay = 0.00>
ST_7 : Operation 55 [1/1] (0.00ns)   --->   "%specinterface_ln0 = specinterface void @_ssdm_op_SpecInterface, i16 %range_end_0, void @empty_12, i32 0, i32 0, void @empty_27, i32 0, i32 0, void @empty_27, void @empty_27, void @empty_27, i32 0, i32 0, i32 0, i32 0, void @empty_27, void @empty_27, i32 4294967295, i32 0"   --->   Operation 55 'specinterface' 'specinterface_ln0' <Predicate = true> <Delay = 0.00>
ST_7 : Operation 56 [1/1] (0.00ns)   --->   "%specbitsmap_ln0 = specbitsmap void @_ssdm_op_SpecBitsMap, i16 %range_start_1"   --->   Operation 56 'specbitsmap' 'specbitsmap_ln0' <Predicate = true> <Delay = 0.00>
ST_7 : Operation 57 [1/1] (0.00ns)   --->   "%specinterface_ln0 = specinterface void @_ssdm_op_SpecInterface, i16 %range_start_1, void @empty_32, i32 0, i32 0, void @empty_27, i32 0, i32 0, void @empty_9, void @empty_10, void @empty_27, i32 0, i32 0, i32 0, i32 0, void @empty_27, void @empty_27, i32 4294967295, i32 0"   --->   Operation 57 'specinterface' 'specinterface_ln0' <Predicate = true> <Delay = 0.00>
ST_7 : Operation 58 [1/1] (0.00ns)   --->   "%specinterface_ln0 = specinterface void @_ssdm_op_SpecInterface, i16 %range_start_1, void @empty_12, i32 0, i32 0, void @empty_27, i32 0, i32 0, void @empty_27, void @empty_27, void @empty_27, i32 0, i32 0, i32 0, i32 0, void @empty_27, void @empty_27, i32 4294967295, i32 0"   --->   Operation 58 'specinterface' 'specinterface_ln0' <Predicate = true> <Delay = 0.00>
ST_7 : Operation 59 [1/1] (0.00ns)   --->   "%specbitsmap_ln0 = specbitsmap void @_ssdm_op_SpecBitsMap, i16 %range_end_1"   --->   Operation 59 'specbitsmap' 'specbitsmap_ln0' <Predicate = true> <Delay = 0.00>
ST_7 : Operation 60 [1/1] (0.00ns)   --->   "%specinterface_ln0 = specinterface void @_ssdm_op_SpecInterface, i16 %range_end_1, void @empty_32, i32 0, i32 0, void @empty_27, i32 0, i32 0, void @empty_9, void @empty_29, void @empty_27, i32 0, i32 0, i32 0, i32 0, void @empty_27, void @empty_27, i32 4294967295, i32 0"   --->   Operation 60 'specinterface' 'specinterface_ln0' <Predicate = true> <Delay = 0.00>
ST_7 : Operation 61 [1/1] (0.00ns)   --->   "%specinterface_ln0 = specinterface void @_ssdm_op_SpecInterface, i16 %range_end_1, void @empty_12, i32 0, i32 0, void @empty_27, i32 0, i32 0, void @empty_27, void @empty_27, void @empty_27, i32 0, i32 0, i32 0, i32 0, void @empty_27, void @empty_27, i32 4294967295, i32 0"   --->   Operation 61 'specinterface' 'specinterface_ln0' <Predicate = true> <Delay = 0.00>
ST_7 : Operation 62 [1/1] (0.00ns)   --->   "%specbitsmap_ln0 = specbitsmap void @_ssdm_op_SpecBitsMap, i16 %range_start_2"   --->   Operation 62 'specbitsmap' 'specbitsmap_ln0' <Predicate = true> <Delay = 0.00>
ST_7 : Operation 63 [1/1] (0.00ns)   --->   "%specinterface_ln0 = specinterface void @_ssdm_op_SpecInterface, i16 %range_start_2, void @empty_32, i32 0, i32 0, void @empty_27, i32 0, i32 0, void @empty_9, void @empty_0, void @empty_27, i32 0, i32 0, i32 0, i32 0, void @empty_27, void @empty_27, i32 4294967295, i32 0"   --->   Operation 63 'specinterface' 'specinterface_ln0' <Predicate = true> <Delay = 0.00>
ST_7 : Operation 64 [1/1] (0.00ns)   --->   "%specinterface_ln0 = specinterface void @_ssdm_op_SpecInterface, i16 %range_start_2, void @empty_12, i32 0, i32 0, void @empty_27, i32 0, i32 0, void @empty_27, void @empty_27, void @empty_27, i32 0, i32 0, i32 0, i32 0, void @empty_27, void @empty_27, i32 4294967295, i32 0"   --->   Operation 64 'specinterface' 'specinterface_ln0' <Predicate = true> <Delay = 0.00>
ST_7 : Operation 65 [1/1] (0.00ns)   --->   "%specbitsmap_ln0 = specbitsmap void @_ssdm_op_SpecBitsMap, i16 %range_end_2"   --->   Operation 65 'specbitsmap' 'specbitsmap_ln0' <Predicate = true> <Delay = 0.00>
ST_7 : Operation 66 [1/1] (0.00ns)   --->   "%specinterface_ln0 = specinterface void @_ssdm_op_SpecInterface, i16 %range_end_2, void @empty_32, i32 0, i32 0, void @empty_27, i32 0, i32 0, void @empty_9, void @empty_14, void @empty_27, i32 0, i32 0, i32 0, i32 0, void @empty_27, void @empty_27, i32 4294967295, i32 0"   --->   Operation 66 'specinterface' 'specinterface_ln0' <Predicate = true> <Delay = 0.00>
ST_7 : Operation 67 [1/1] (0.00ns)   --->   "%specinterface_ln0 = specinterface void @_ssdm_op_SpecInterface, i16 %range_end_2, void @empty_12, i32 0, i32 0, void @empty_27, i32 0, i32 0, void @empty_27, void @empty_27, void @empty_27, i32 0, i32 0, i32 0, i32 0, void @empty_27, void @empty_27, i32 4294967295, i32 0"   --->   Operation 67 'specinterface' 'specinterface_ln0' <Predicate = true> <Delay = 0.00>
ST_7 : Operation 68 [1/1] (0.00ns)   --->   "%specbitsmap_ln0 = specbitsmap void @_ssdm_op_SpecBitsMap, i16 %gridSize_0"   --->   Operation 68 'specbitsmap' 'specbitsmap_ln0' <Predicate = true> <Delay = 0.00>
ST_7 : Operation 69 [1/1] (0.00ns)   --->   "%specinterface_ln0 = specinterface void @_ssdm_op_SpecInterface, i16 %gridSize_0, void @empty_32, i32 0, i32 0, void @empty_27, i32 0, i32 0, void @empty_9, void @empty_6, void @empty_27, i32 0, i32 0, i32 0, i32 0, void @empty_27, void @empty_27, i32 4294967295, i32 0"   --->   Operation 69 'specinterface' 'specinterface_ln0' <Predicate = true> <Delay = 0.00>
ST_7 : Operation 70 [1/1] (0.00ns)   --->   "%specinterface_ln0 = specinterface void @_ssdm_op_SpecInterface, i16 %gridSize_0, void @empty_12, i32 0, i32 0, void @empty_27, i32 0, i32 0, void @empty_27, void @empty_27, void @empty_27, i32 0, i32 0, i32 0, i32 0, void @empty_27, void @empty_27, i32 4294967295, i32 0"   --->   Operation 70 'specinterface' 'specinterface_ln0' <Predicate = true> <Delay = 0.00>
ST_7 : Operation 71 [1/1] (0.00ns)   --->   "%specbitsmap_ln0 = specbitsmap void @_ssdm_op_SpecBitsMap, i16 %gridSize_1"   --->   Operation 71 'specbitsmap' 'specbitsmap_ln0' <Predicate = true> <Delay = 0.00>
ST_7 : Operation 72 [1/1] (0.00ns)   --->   "%specinterface_ln0 = specinterface void @_ssdm_op_SpecInterface, i16 %gridSize_1, void @empty_32, i32 0, i32 0, void @empty_27, i32 0, i32 0, void @empty_9, void @empty_25, void @empty_27, i32 0, i32 0, i32 0, i32 0, void @empty_27, void @empty_27, i32 4294967295, i32 0"   --->   Operation 72 'specinterface' 'specinterface_ln0' <Predicate = true> <Delay = 0.00>
ST_7 : Operation 73 [1/1] (0.00ns)   --->   "%specinterface_ln0 = specinterface void @_ssdm_op_SpecInterface, i16 %gridSize_1, void @empty_12, i32 0, i32 0, void @empty_27, i32 0, i32 0, void @empty_27, void @empty_27, void @empty_27, i32 0, i32 0, i32 0, i32 0, void @empty_27, void @empty_27, i32 4294967295, i32 0"   --->   Operation 73 'specinterface' 'specinterface_ln0' <Predicate = true> <Delay = 0.00>
ST_7 : Operation 74 [1/1] (0.00ns)   --->   "%specbitsmap_ln0 = specbitsmap void @_ssdm_op_SpecBitsMap, i16 %gridSize_2"   --->   Operation 74 'specbitsmap' 'specbitsmap_ln0' <Predicate = true> <Delay = 0.00>
ST_7 : Operation 75 [1/1] (0.00ns)   --->   "%specinterface_ln0 = specinterface void @_ssdm_op_SpecInterface, i16 %gridSize_2, void @empty_32, i32 0, i32 0, void @empty_27, i32 0, i32 0, void @empty_9, void @empty_2, void @empty_27, i32 0, i32 0, i32 0, i32 0, void @empty_27, void @empty_27, i32 4294967295, i32 0"   --->   Operation 75 'specinterface' 'specinterface_ln0' <Predicate = true> <Delay = 0.00>
ST_7 : Operation 76 [1/1] (0.00ns)   --->   "%specinterface_ln0 = specinterface void @_ssdm_op_SpecInterface, i16 %gridSize_2, void @empty_12, i32 0, i32 0, void @empty_27, i32 0, i32 0, void @empty_27, void @empty_27, void @empty_27, i32 0, i32 0, i32 0, i32 0, void @empty_27, void @empty_27, i32 4294967295, i32 0"   --->   Operation 76 'specinterface' 'specinterface_ln0' <Predicate = true> <Delay = 0.00>
ST_7 : Operation 77 [1/1] (0.00ns)   --->   "%specbitsmap_ln0 = specbitsmap void @_ssdm_op_SpecBitsMap, i32 %outer_itr"   --->   Operation 77 'specbitsmap' 'specbitsmap_ln0' <Predicate = true> <Delay = 0.00>
ST_7 : Operation 78 [1/1] (0.00ns)   --->   "%specinterface_ln0 = specinterface void @_ssdm_op_SpecInterface, i32 %outer_itr, void @empty_32, i32 0, i32 0, void @empty_27, i32 0, i32 0, void @empty_9, void @empty_16, void @empty_27, i32 0, i32 0, i32 0, i32 0, void @empty_27, void @empty_27, i32 4294967295, i32 0"   --->   Operation 78 'specinterface' 'specinterface_ln0' <Predicate = true> <Delay = 0.00>
ST_7 : Operation 79 [1/1] (0.00ns)   --->   "%specinterface_ln0 = specinterface void @_ssdm_op_SpecInterface, i32 %outer_itr, void @empty_12, i32 0, i32 0, void @empty_27, i32 0, i32 0, void @empty_27, void @empty_27, void @empty_27, i32 0, i32 0, i32 0, i32 0, void @empty_27, void @empty_27, i32 4294967295, i32 0"   --->   Operation 79 'specinterface' 'specinterface_ln0' <Predicate = true> <Delay = 0.00>
ST_7 : Operation 80 [1/1] (0.00ns)   --->   "%specinterface_ln0 = specinterface void @_ssdm_op_SpecInterface, i64 %arg0, void @empty_32, i32 0, i32 0, void @empty_27, i32 0, i32 0, void @empty_9, void @empty_17, void @empty_27, i32 0, i32 0, i32 0, i32 0, void @empty_27, void @empty_18, i32 4294967295, i32 0"   --->   Operation 80 'specinterface' 'specinterface_ln0' <Predicate = true> <Delay = 0.00>
ST_7 : Operation 81 [1/1] (0.00ns)   --->   "%specinterface_ln0 = specinterface void @_ssdm_op_SpecInterface, i64 %arg0, void @empty_22, i32 0, i32 0, void @empty_27, i32 0, i32 0, void @empty_27, void @empty_27, void @empty_27, i32 0, i32 0, i32 0, i32 0, void @empty_27, void @empty_18, i32 4294967295, i32 0"   --->   Operation 81 'specinterface' 'specinterface_ln0' <Predicate = true> <Delay = 0.00>
ST_7 : Operation 82 [1/1] (0.00ns)   --->   "%specinterface_ln0 = specinterface void @_ssdm_op_SpecInterface, i64 %arg1, void @empty_32, i32 0, i32 0, void @empty_27, i32 0, i32 0, void @empty_9, void @empty_20, void @empty_27, i32 0, i32 0, i32 0, i32 0, void @empty_27, void @empty_18, i32 4294967295, i32 0"   --->   Operation 82 'specinterface' 'specinterface_ln0' <Predicate = true> <Delay = 0.00>
ST_7 : Operation 83 [1/1] (0.00ns)   --->   "%specinterface_ln0 = specinterface void @_ssdm_op_SpecInterface, i64 %arg1, void @empty_22, i32 0, i32 0, void @empty_27, i32 0, i32 0, void @empty_27, void @empty_27, void @empty_27, i32 0, i32 0, i32 0, i32 0, void @empty_27, void @empty_18, i32 4294967295, i32 0"   --->   Operation 83 'specinterface' 'specinterface_ln0' <Predicate = true> <Delay = 0.00>
ST_7 : Operation 84 [1/1] (0.00ns)   --->   "%specinterface_ln0 = specinterface void @_ssdm_op_SpecInterface, i256 %arg0_axis_out_V_data_V, i32 %arg0_axis_out_V_keep_V, i32 %arg0_axis_out_V_strb_V, i1 %arg0_axis_out_V_last_V, void @empty_21, i32 1, i32 1, void @empty_8, i32 0, i32 0, void @empty_27, void @empty_27, void @empty_27, i32 0, i32 0, i32 0, i32 0, void @empty_27, void @empty_27, i32 4294967295, i32 0"   --->   Operation 84 'specinterface' 'specinterface_ln0' <Predicate = true> <Delay = 0.00>
ST_7 : Operation 85 [1/1] (0.00ns)   --->   "%specbitsmap_ln0 = specbitsmap void @_ssdm_op_SpecBitsMap, i256 %arg0_axis_out_V_data_V"   --->   Operation 85 'specbitsmap' 'specbitsmap_ln0' <Predicate = true> <Delay = 0.00>
ST_7 : Operation 86 [1/1] (0.00ns)   --->   "%specbitsmap_ln0 = specbitsmap void @_ssdm_op_SpecBitsMap, i32 %arg0_axis_out_V_keep_V"   --->   Operation 86 'specbitsmap' 'specbitsmap_ln0' <Predicate = true> <Delay = 0.00>
ST_7 : Operation 87 [1/1] (0.00ns)   --->   "%specbitsmap_ln0 = specbitsmap void @_ssdm_op_SpecBitsMap, i32 %arg0_axis_out_V_strb_V"   --->   Operation 87 'specbitsmap' 'specbitsmap_ln0' <Predicate = true> <Delay = 0.00>
ST_7 : Operation 88 [1/1] (0.00ns)   --->   "%specbitsmap_ln0 = specbitsmap void @_ssdm_op_SpecBitsMap, i1 %arg0_axis_out_V_last_V"   --->   Operation 88 'specbitsmap' 'specbitsmap_ln0' <Predicate = true> <Delay = 0.00>
ST_7 : Operation 89 [1/1] (0.00ns)   --->   "%specinterface_ln0 = specinterface void @_ssdm_op_SpecInterface, i256 %arg1_axis_in_V_data_V, i32 %arg1_axis_in_V_keep_V, i32 %arg1_axis_in_V_strb_V, i1 %arg1_axis_in_V_last_V, void @empty_21, i32 1, i32 1, void @empty_8, i32 0, i32 0, void @empty_27, void @empty_27, void @empty_27, i32 0, i32 0, i32 0, i32 0, void @empty_27, void @empty_27, i32 4294967295, i32 0"   --->   Operation 89 'specinterface' 'specinterface_ln0' <Predicate = true> <Delay = 0.00>
ST_7 : Operation 90 [1/1] (0.00ns)   --->   "%specbitsmap_ln0 = specbitsmap void @_ssdm_op_SpecBitsMap, i256 %arg1_axis_in_V_data_V"   --->   Operation 90 'specbitsmap' 'specbitsmap_ln0' <Predicate = true> <Delay = 0.00>
ST_7 : Operation 91 [1/1] (0.00ns)   --->   "%specbitsmap_ln0 = specbitsmap void @_ssdm_op_SpecBitsMap, i32 %arg1_axis_in_V_keep_V"   --->   Operation 91 'specbitsmap' 'specbitsmap_ln0' <Predicate = true> <Delay = 0.00>
ST_7 : Operation 92 [1/1] (0.00ns)   --->   "%specbitsmap_ln0 = specbitsmap void @_ssdm_op_SpecBitsMap, i32 %arg1_axis_in_V_strb_V"   --->   Operation 92 'specbitsmap' 'specbitsmap_ln0' <Predicate = true> <Delay = 0.00>
ST_7 : Operation 93 [1/1] (0.00ns)   --->   "%specbitsmap_ln0 = specbitsmap void @_ssdm_op_SpecBitsMap, i1 %arg1_axis_in_V_last_V"   --->   Operation 93 'specbitsmap' 'specbitsmap_ln0' <Predicate = true> <Delay = 0.00>
ST_7 : Operation 94 [1/1] (0.00ns)   --->   "%specinterface_ln0 = specinterface void @_ssdm_op_SpecInterface, i32 0, void @empty_32, i32 0, i32 0, void @empty_27, i32 0, i32 0, void @empty_9, void @empty_27, void @empty_27, i32 0, i32 0, i32 0, i32 0, void @empty_27, void @empty_27, i32 4294967295, i32 0"   --->   Operation 94 'specinterface' 'specinterface_ln0' <Predicate = true> <Delay = 0.00>
ST_7 : Operation 95 [1/1] (0.00ns)   --->   "%specinterface_ln0 = specinterface void @_ssdm_op_SpecInterface, i512 %arg0_read_mem_strm, void @empty_7, i32 0, i32 0, void @empty_27, i32 0, i32 0, void @empty_27, void @empty_27, void @empty_27, i32 0, i32 0, i32 0, i32 0, void @empty_27, void @empty_27, i32 4294967295, i32 0"   --->   Operation 95 'specinterface' 'specinterface_ln0' <Predicate = true> <Delay = 0.00>
ST_7 : Operation 96 [1/1] (0.00ns)   --->   "%specinterface_ln0 = specinterface void @_ssdm_op_SpecInterface, i256 %arg0_read_reduced_mem_strm, void @empty_7, i32 0, i32 0, void @empty_27, i32 0, i32 0, void @empty_27, void @empty_27, void @empty_27, i32 0, i32 0, i32 0, i32 0, void @empty_27, void @empty_27, i32 4294967295, i32 0"   --->   Operation 96 'specinterface' 'specinterface_ln0' <Predicate = true> <Delay = 0.00>
ST_7 : Operation 97 [1/1] (0.00ns)   --->   "%specinterface_ln0 = specinterface void @_ssdm_op_SpecInterface, i256 %arg1_write_reduced_mem_strm, void @empty_7, i32 0, i32 0, void @empty_27, i32 0, i32 0, void @empty_27, void @empty_27, void @empty_27, i32 0, i32 0, i32 0, i32 0, void @empty_27, void @empty_27, i32 4294967295, i32 0"   --->   Operation 97 'specinterface' 'specinterface_ln0' <Predicate = true> <Delay = 0.00>
ST_7 : Operation 98 [1/1] (0.00ns)   --->   "%specinterface_ln0 = specinterface void @_ssdm_op_SpecInterface, i512 %arg1_write_mem_strm, void @empty_7, i32 0, i32 0, void @empty_27, i32 0, i32 0, void @empty_27, void @empty_27, void @empty_27, i32 0, i32 0, i32 0, i32 0, void @empty_27, void @empty_27, i32 4294967295, i32 0"   --->   Operation 98 'specinterface' 'specinterface_ln0' <Predicate = true> <Delay = 0.00>
ST_7 : Operation 99 [1/1] (1.00ns)   --->   "%arg1_read = read i64 @_ssdm_op_Read.s_axilite.i64, i64 %arg1" [/home/x_thileeb/repos/ops-hls-pact25-artifact/codegen_apps/jacobian3d/vck5000_project/hls/device/src/datamover_outerloop_0.cpp:134]   --->   Operation 99 'read' 'arg1_read' <Predicate = true> <Delay = 1.00> <CoreInst = "s_axilite">   --->   Core 126 's_axilite' <Latency = 0> <II = 1> <Delay = 1.00> <Adapter> <Opcode : 'read' 'write'>
ST_7 : Operation 100 [1/1] (1.00ns)   --->   "%arg0_read = read i64 @_ssdm_op_Read.s_axilite.i64, i64 %arg0" [/home/x_thileeb/repos/ops-hls-pact25-artifact/codegen_apps/jacobian3d/vck5000_project/hls/device/src/datamover_outerloop_0.cpp:134]   --->   Operation 100 'read' 'arg0_read' <Predicate = true> <Delay = 1.00> <CoreInst = "s_axilite">   --->   Core 126 's_axilite' <Latency = 0> <II = 1> <Delay = 1.00> <Adapter> <Opcode : 'read' 'write'>
ST_7 : Operation 101 [1/1] (1.00ns)   --->   "%outer_itr_read = read i32 @_ssdm_op_Read.ap_none.i32, i32 %outer_itr" [/home/x_thileeb/repos/ops-hls-pact25-artifact/codegen_apps/jacobian3d/vck5000_project/hls/device/src/datamover_outerloop_0.cpp:134]   --->   Operation 101 'read' 'outer_itr_read' <Predicate = true> <Delay = 1.00> <CoreInst = "s_axilite">   --->   Core 126 's_axilite' <Latency = 0> <II = 1> <Delay = 1.00> <Adapter> <Opcode : 'read' 'write'>
ST_7 : Operation 102 [1/3] (0.26ns)   --->   "%config_total_xblocks = mul i32 %mul_ln2620, i32 %zext_ln2620" [/home/x_thileeb/repos/ops-hls-pact25-artifact/OPS/ops/hls/include/device/../../L1/include/ops_hls_datamover.hpp:2620->/home/x_thileeb/repos/ops-hls-pact25-artifact/codegen_apps/jacobian3d/vck5000_project/hls/device/src/datamover_outerloop_0.cpp:207]   --->   Operation 102 'mul' 'config_total_xblocks' <Predicate = true> <Delay = 0.26> <CoreInst = "Multiplier">   --->   Core 3 'Multiplier' <Latency = 2> <II = 1> <Delay = 1.92> <FuncUnit> <Opcode : 'mul'> <InPorts = 2> <OutPorts = 1>
ST_7 : Operation 103 [1/1] (0.00ns)   --->   "%num_pkts = shl i32 %config_total_xblocks, i32 1" [/home/x_thileeb/repos/ops-hls-pact25-artifact/codegen_apps/jacobian3d/vck5000_project/hls/device/src/datamover_outerloop_0.cpp:209]   --->   Operation 103 'shl' 'num_pkts' <Predicate = true> <Delay = 0.00>
ST_7 : Operation 104 [1/1] (0.00ns)   --->   "%trunc_ln = partselect i31 @_ssdm_op_PartSelect.i31.i32.i32.i32, i32 %outer_itr_read, i32 1, i32 31" [/home/x_thileeb/repos/ops-hls-pact25-artifact/codegen_apps/jacobian3d/vck5000_project/hls/device/src/datamover_outerloop_0.cpp:76]   --->   Operation 104 'partselect' 'trunc_ln' <Predicate = true> <Delay = 0.00>
ST_7 : Operation 105 [1/1] (0.00ns)   --->   "%br_ln76 = br void %for.inc.i" [/home/x_thileeb/repos/ops-hls-pact25-artifact/codegen_apps/jacobian3d/vck5000_project/hls/device/src/datamover_outerloop_0.cpp:76]   --->   Operation 105 'br' 'br_ln76' <Predicate = true> <Delay = 0.00>

State 8 <SV = 7> <Delay = 1.35>
ST_8 : Operation 106 [1/1] (0.00ns)   --->   "%i_1 = load i31 %i" [/home/x_thileeb/repos/ops-hls-pact25-artifact/codegen_apps/jacobian3d/vck5000_project/hls/device/src/datamover_outerloop_0.cpp:76]   --->   Operation 106 'load' 'i_1' <Predicate = true> <Delay = 0.00>
ST_8 : Operation 107 [1/1] (0.89ns)   --->   "%i_2 = add i31 %i_1, i31 1" [/home/x_thileeb/repos/ops-hls-pact25-artifact/codegen_apps/jacobian3d/vck5000_project/hls/device/src/datamover_outerloop_0.cpp:76]   --->   Operation 107 'add' 'i_2' <Predicate = true> <Delay = 0.89> <CoreInst = "Adder">   --->   Core 1 'Adder' <Latency = 0> <II = 1> <Delay = 0.89> <FuncUnit> <Opcode : 'add' 'sub'> <InPorts = 2> <OutPorts = 1>
ST_8 : Operation 108 [1/1] (0.71ns)   --->   "%icmp_ln76 = icmp_eq  i31 %i_1, i31 %trunc_ln" [/home/x_thileeb/repos/ops-hls-pact25-artifact/codegen_apps/jacobian3d/vck5000_project/hls/device/src/datamover_outerloop_0.cpp:76]   --->   Operation 108 'icmp' 'icmp_ln76' <Predicate = true> <Delay = 0.71> <CoreInst = "Cmp">   --->   Core 9 'Cmp' <Latency = 0> <II = 1> <Delay = 0.71> <FuncUnit> <Opcode : 'icmp'> <InPorts = 2> <OutPorts = 1>
ST_8 : Operation 109 [1/1] (0.00ns)   --->   "%br_ln76 = br i1 %icmp_ln76, void %for.inc.i.split, void %_ZL41datamover_outerloop_0_dataflow_read_writejjRKN3ops3hls9MemConfigEP7ap_uintILi512EES6_RN3hls6streamINS7_4axisIS4_ILi256EELm0ELm0ELm0EEELi0EEESD_.exit.loopexit" [/home/x_thileeb/repos/ops-hls-pact25-artifact/codegen_apps/jacobian3d/vck5000_project/hls/device/src/datamover_outerloop_0.cpp:76]   --->   Operation 109 'br' 'br_ln76' <Predicate = true> <Delay = 0.00>
ST_8 : Operation 110 [1/1] (0.46ns)   --->   "%store_ln76 = store i31 %i_2, i31 %i" [/home/x_thileeb/repos/ops-hls-pact25-artifact/codegen_apps/jacobian3d/vck5000_project/hls/device/src/datamover_outerloop_0.cpp:76]   --->   Operation 110 'store' 'store_ln76' <Predicate = (!icmp_ln76)> <Delay = 0.46>

State 9 <SV = 8> <Delay = 2.43>
ST_9 : Operation 111 [2/2] (2.43ns)   --->   "%call_ln82 = call void @datamover_outerloop_0_dataflow_read_write_dataflow_region, i32 %num_pkts, i32 %config_total_xblocks, i512 %gmem0, i64 %arg0_read, i512 %gmem1, i64 %arg1_read, i256 %arg0_axis_out_V_data_V, i32 %arg0_axis_out_V_keep_V, i32 %arg0_axis_out_V_strb_V, i1 %arg0_axis_out_V_last_V, i256 %arg1_axis_in_V_data_V, i32 %arg1_axis_in_V_keep_V, i32 %arg1_axis_in_V_strb_V, i1 %arg1_axis_in_V_last_V, i512 %arg0_read_mem_strm, i256 %arg0_read_reduced_mem_strm, i256 %arg1_write_reduced_mem_strm, i512 %arg1_write_mem_strm" [/home/x_thileeb/repos/ops-hls-pact25-artifact/codegen_apps/jacobian3d/vck5000_project/hls/device/src/datamover_outerloop_0.cpp:82]   --->   Operation 111 'call' 'call_ln82' <Predicate = true> <Delay = 2.43> <CoreType = "Generic">   --->   Core 0 '' <Latency = 0> <II = 1> <Delay = 1.00> <Generic> <Opcode : >

State 10 <SV = 9> <Delay = 0.00>
ST_10 : Operation 112 [1/2] (0.00ns)   --->   "%call_ln82 = call void @datamover_outerloop_0_dataflow_read_write_dataflow_region, i32 %num_pkts, i32 %config_total_xblocks, i512 %gmem0, i64 %arg0_read, i512 %gmem1, i64 %arg1_read, i256 %arg0_axis_out_V_data_V, i32 %arg0_axis_out_V_keep_V, i32 %arg0_axis_out_V_strb_V, i1 %arg0_axis_out_V_last_V, i256 %arg1_axis_in_V_data_V, i32 %arg1_axis_in_V_keep_V, i32 %arg1_axis_in_V_strb_V, i1 %arg1_axis_in_V_last_V, i512 %arg0_read_mem_strm, i256 %arg0_read_reduced_mem_strm, i256 %arg1_write_reduced_mem_strm, i512 %arg1_write_mem_strm" [/home/x_thileeb/repos/ops-hls-pact25-artifact/codegen_apps/jacobian3d/vck5000_project/hls/device/src/datamover_outerloop_0.cpp:82]   --->   Operation 112 'call' 'call_ln82' <Predicate = true> <Delay = 0.00> <CoreType = "Generic">   --->   Core 0 '' <Latency = 0> <II = 1> <Delay = 1.00> <Generic> <Opcode : >

State 11 <SV = 10> <Delay = 2.43>
ST_11 : Operation 113 [2/2] (2.43ns)   --->   "%call_ln90 = call void @datamover_outerloop_0_dataflow_read_write_dataflow_region, i32 %num_pkts, i32 %config_total_xblocks, i512 %gmem1, i64 %arg1_read, i512 %gmem0, i64 %arg0_read, i256 %arg0_axis_out_V_data_V, i32 %arg0_axis_out_V_keep_V, i32 %arg0_axis_out_V_strb_V, i1 %arg0_axis_out_V_last_V, i256 %arg1_axis_in_V_data_V, i32 %arg1_axis_in_V_keep_V, i32 %arg1_axis_in_V_strb_V, i1 %arg1_axis_in_V_last_V, i512 %arg0_read_mem_strm, i256 %arg0_read_reduced_mem_strm, i256 %arg1_write_reduced_mem_strm, i512 %arg1_write_mem_strm" [/home/x_thileeb/repos/ops-hls-pact25-artifact/codegen_apps/jacobian3d/vck5000_project/hls/device/src/datamover_outerloop_0.cpp:90]   --->   Operation 113 'call' 'call_ln90' <Predicate = true> <Delay = 2.43> <CoreType = "Generic">   --->   Core 0 '' <Latency = 0> <II = 1> <Delay = 1.00> <Generic> <Opcode : >

State 12 <SV = 11> <Delay = 0.00>
ST_12 : Operation 114 [1/1] (0.00ns)   --->   "%specloopname_ln76 = specloopname void @_ssdm_op_SpecLoopName, void @empty_26" [/home/x_thileeb/repos/ops-hls-pact25-artifact/codegen_apps/jacobian3d/vck5000_project/hls/device/src/datamover_outerloop_0.cpp:76]   --->   Operation 114 'specloopname' 'specloopname_ln76' <Predicate = true> <Delay = 0.00>
ST_12 : Operation 115 [1/2] (0.00ns)   --->   "%call_ln90 = call void @datamover_outerloop_0_dataflow_read_write_dataflow_region, i32 %num_pkts, i32 %config_total_xblocks, i512 %gmem1, i64 %arg1_read, i512 %gmem0, i64 %arg0_read, i256 %arg0_axis_out_V_data_V, i32 %arg0_axis_out_V_keep_V, i32 %arg0_axis_out_V_strb_V, i1 %arg0_axis_out_V_last_V, i256 %arg1_axis_in_V_data_V, i32 %arg1_axis_in_V_keep_V, i32 %arg1_axis_in_V_strb_V, i1 %arg1_axis_in_V_last_V, i512 %arg0_read_mem_strm, i256 %arg0_read_reduced_mem_strm, i256 %arg1_write_reduced_mem_strm, i512 %arg1_write_mem_strm" [/home/x_thileeb/repos/ops-hls-pact25-artifact/codegen_apps/jacobian3d/vck5000_project/hls/device/src/datamover_outerloop_0.cpp:90]   --->   Operation 115 'call' 'call_ln90' <Predicate = true> <Delay = 0.00> <CoreType = "Generic">   --->   Core 0 '' <Latency = 0> <II = 1> <Delay = 1.00> <Generic> <Opcode : >
ST_12 : Operation 116 [1/1] (0.00ns)   --->   "%br_ln76 = br void %for.inc.i" [/home/x_thileeb/repos/ops-hls-pact25-artifact/codegen_apps/jacobian3d/vck5000_project/hls/device/src/datamover_outerloop_0.cpp:76]   --->   Operation 116 'br' 'br_ln76' <Predicate = true> <Delay = 0.00>

State 13 <SV = 12> <Delay = 0.00>
ST_13 : Operation 117 [1/1] (0.00ns)   --->   "%ret_ln219 = ret" [/home/x_thileeb/repos/ops-hls-pact25-artifact/codegen_apps/jacobian3d/vck5000_project/hls/device/src/datamover_outerloop_0.cpp:219]   --->   Operation 117 'ret' 'ret_ln219' <Predicate = true> <Delay = 0.00>


============================================================
+ Verbose Summary: Timing violations
============================================================
Target clock period: 3.33ns, clock uncertainty: 0.9ns.

 <State 1>: 1.82ns
The critical path consists of the following:
	wire read operation ('range_end_0_read', /home/x_thileeb/repos/ops-hls-pact25-artifact/codegen_apps/jacobian3d/vck5000_project/hls/device/src/datamover_outerloop_0.cpp:134) on port 'range_end_0' (/home/x_thileeb/repos/ops-hls-pact25-artifact/codegen_apps/jacobian3d/vck5000_project/hls/device/src/datamover_outerloop_0.cpp:134) [94]  (1 ns)
	'add' operation ('add_ln2576', /home/x_thileeb/repos/ops-hls-pact25-artifact/OPS/ops/hls/include/device/../../L1/include/ops_hls_datamover.hpp:2576->/home/x_thileeb/repos/ops-hls-pact25-artifact/codegen_apps/jacobian3d/vck5000_project/hls/device/src/datamover_outerloop_0.cpp:207) [99]  (0.82 ns)

 <State 2>: 2.35ns
The critical path consists of the following:
	wire read operation ('config.end_z', /home/x_thileeb/repos/ops-hls-pact25-artifact/codegen_apps/jacobian3d/vck5000_project/hls/device/src/datamover_outerloop_0.cpp:134) on port 'range_end_2' (/home/x_thileeb/repos/ops-hls-pact25-artifact/codegen_apps/jacobian3d/vck5000_project/hls/device/src/datamover_outerloop_0.cpp:134) [90]  (1 ns)
	'sub' operation ('diff_z', /home/x_thileeb/repos/ops-hls-pact25-artifact/OPS/ops/hls/include/device/../../L1/include/ops_hls_datamover.hpp:2608->/home/x_thileeb/repos/ops-hls-pact25-artifact/codegen_apps/jacobian3d/vck5000_project/hls/device/src/datamover_outerloop_0.cpp:207) [106]  (0.82 ns)
	'mul' operation of DSP[109] ('mul_ln2620', /home/x_thileeb/repos/ops-hls-pact25-artifact/OPS/ops/hls/include/device/../../L1/include/ops_hls_datamover.hpp:2620->/home/x_thileeb/repos/ops-hls-pact25-artifact/codegen_apps/jacobian3d/vck5000_project/hls/device/src/datamover_outerloop_0.cpp:207) [109]  (0.535 ns)

 <State 3>: 0.535ns
The critical path consists of the following:
	'mul' operation of DSP[109] ('mul_ln2620', /home/x_thileeb/repos/ops-hls-pact25-artifact/OPS/ops/hls/include/device/../../L1/include/ops_hls_datamover.hpp:2620->/home/x_thileeb/repos/ops-hls-pact25-artifact/codegen_apps/jacobian3d/vck5000_project/hls/device/src/datamover_outerloop_0.cpp:207) [109]  (0.535 ns)

 <State 4>: 1.82ns
The critical path consists of the following:
	wire read operation ('config.end_y', /home/x_thileeb/repos/ops-hls-pact25-artifact/codegen_apps/jacobian3d/vck5000_project/hls/device/src/datamover_outerloop_0.cpp:134) on port 'range_end_1' (/home/x_thileeb/repos/ops-hls-pact25-artifact/codegen_apps/jacobian3d/vck5000_project/hls/device/src/datamover_outerloop_0.cpp:134) [92]  (1 ns)
	'sub' operation ('diff_y', /home/x_thileeb/repos/ops-hls-pact25-artifact/OPS/ops/hls/include/device/../../L1/include/ops_hls_datamover.hpp:2595->/home/x_thileeb/repos/ops-hls-pact25-artifact/codegen_apps/jacobian3d/vck5000_project/hls/device/src/datamover_outerloop_0.cpp:207) [105]  (0.82 ns)

 <State 5>: 0.706ns
The critical path consists of the following:
	'mul' operation ('config.total_xblocks', /home/x_thileeb/repos/ops-hls-pact25-artifact/OPS/ops/hls/include/device/../../L1/include/ops_hls_datamover.hpp:2620->/home/x_thileeb/repos/ops-hls-pact25-artifact/codegen_apps/jacobian3d/vck5000_project/hls/device/src/datamover_outerloop_0.cpp:207) [110]  (0.706 ns)

 <State 6>: 1.93ns
The critical path consists of the following:
	'mul' operation ('config.total_xblocks', /home/x_thileeb/repos/ops-hls-pact25-artifact/OPS/ops/hls/include/device/../../L1/include/ops_hls_datamover.hpp:2620->/home/x_thileeb/repos/ops-hls-pact25-artifact/codegen_apps/jacobian3d/vck5000_project/hls/device/src/datamover_outerloop_0.cpp:207) [110]  (1.93 ns)

 <State 7>: 1ns
The critical path consists of the following:
	s_axi read operation ('arg1_read', /home/x_thileeb/repos/ops-hls-pact25-artifact/codegen_apps/jacobian3d/vck5000_project/hls/device/src/datamover_outerloop_0.cpp:134) on port 'arg1' (/home/x_thileeb/repos/ops-hls-pact25-artifact/codegen_apps/jacobian3d/vck5000_project/hls/device/src/datamover_outerloop_0.cpp:134) [87]  (1 ns)

 <State 8>: 1.36ns
The critical path consists of the following:
	'load' operation ('i', /home/x_thileeb/repos/ops-hls-pact25-artifact/codegen_apps/jacobian3d/vck5000_project/hls/device/src/datamover_outerloop_0.cpp:76) on local variable 'i' [116]  (0 ns)
	'add' operation ('i', /home/x_thileeb/repos/ops-hls-pact25-artifact/codegen_apps/jacobian3d/vck5000_project/hls/device/src/datamover_outerloop_0.cpp:76) [117]  (0.891 ns)
	'store' operation ('store_ln76', /home/x_thileeb/repos/ops-hls-pact25-artifact/codegen_apps/jacobian3d/vck5000_project/hls/device/src/datamover_outerloop_0.cpp:76) of variable 'i', /home/x_thileeb/repos/ops-hls-pact25-artifact/codegen_apps/jacobian3d/vck5000_project/hls/device/src/datamover_outerloop_0.cpp:76 on local variable 'i' [124]  (0.465 ns)

 <State 9>: 2.43ns
The critical path consists of the following:
	'call' operation ('call_ln82', /home/x_thileeb/repos/ops-hls-pact25-artifact/codegen_apps/jacobian3d/vck5000_project/hls/device/src/datamover_outerloop_0.cpp:82) to 'datamover_outerloop_0_dataflow_read_write_dataflow_region' [122]  (2.43 ns)

 <State 10>: 0ns
The critical path consists of the following:

 <State 11>: 2.43ns
The critical path consists of the following:
	'call' operation ('call_ln90', /home/x_thileeb/repos/ops-hls-pact25-artifact/codegen_apps/jacobian3d/vck5000_project/hls/device/src/datamover_outerloop_0.cpp:90) to 'datamover_outerloop_0_dataflow_read_write_dataflow_region' [123]  (2.43 ns)

 <State 12>: 0ns
The critical path consists of the following:

 <State 13>: 0ns
The critical path consists of the following:


============================================================
+ Verbose Summary: Binding
============================================================
N/A
* FSMD analyzer results:
  - Output states:
 - Input state : 
  - Chain level:
	State 1
	State 2
	State 3
	State 4
	State 5
	State 6
	State 7
	State 8
	State 9
	State 10
	State 11
	State 12
	State 13


============================================================
+ Verbose Summary: Datapath Resource usage 
============================================================
N/A
