

================================================================
== Vitis HLS Report for 'datamover_outerloop_0_dataflow_read_write_dataflow_region'
================================================================
* Date:           Sun Jul 26 01:22:54 2026

* Version:        2022.1 (Build 3526262 on Mon Apr 18 15:47:01 MDT 2022)
* Project:        datamover_outerloop_0
* Solution:       solution (Vitis Kernel Flow Target)
* Product family: versal
* Target device:  xcvc1902-vsvd1760-2MP-e-S


================================================================
== Performance Estimates
================================================================
+ Timing: 
    * Summary: 
    +--------+---------+----------+------------+
    |  Clock |  Target | Estimated| Uncertainty|
    +--------+---------+----------+------------+
    |ap_clk  |  3.33 ns|  2.433 ns|     0.90 ns|
    +--------+---------+----------+------------+

+ Latency: 
    * Summary: 
    +---------+---------+----------+----------+-----+-----+----------+
    |  Latency (cycles) |  Latency (absolute) |  Interval | Pipeline |
    |   min   |   max   |    min   |    max   | min | max |   Type   |
    +---------+---------+----------+----------+-----+-----+----------+
    |        ?|        ?|         ?|         ?|    ?|    ?|  dataflow|
    +---------+---------+----------+----------+-----+-----+----------+

    + Detail: 
        * Instance: 
        +------------------------------------+-----------------------------------+---------+---------+----------+----------+-----+-----+---------+
        |                                    |                                   |  Latency (cycles) |  Latency (absolute) |  Interval | Pipeline|
        |              Instance              |               Module              |   min   |   max   |    min   |    max   | min | max |   Type  |
        +------------------------------------+-----------------------------------+---------+---------+----------+----------+-----+-----+---------+
        |entry_proc_U0                       |entry_proc                         |        0|        0|      0 ns|      0 ns|    0|    0|       no|
        |mem2stream_512u_32u_2u_U0           |mem2stream_512u_32u_2u_s           |        ?|        ?|         ?|         ?|    ?|    ?|       no|
        |axis2stream_256u_U0                 |axis2stream_256u_s                 |        ?|        ?|         ?|         ?|    ?|    ?|       no|
        |stream2streamStepdown_512u_256u_U0  |stream2streamStepdown_512u_256u_s  |        ?|        ?|         ?|         ?|    ?|    ?|       no|
        |stream2streamStepup_256u_512u_U0    |stream2streamStepup_256u_512u_s    |        ?|        ?|         ?|         ?|    ?|    ?|       no|
        |stream2axis_256u_U0                 |stream2axis_256u_s                 |        ?|        ?|         ?|         ?|    ?|    ?|       no|
        |stream2mem_512u_32u_2u_U0           |stream2mem_512u_32u_2u_s           |        ?|        ?|         ?|         ?|    ?|    ?|       no|
        +------------------------------------+-----------------------------------+---------+---------+----------+----------+-----+-----+---------+

        * Loop: 
        N/A



================================================================
== Utilization Estimates
================================================================
* Summary: 
+-----------------+---------+------+---------+--------+-----+
|       Name      | BRAM_18K|  DSP |    FF   |   LUT  | URAM|
+-----------------+---------+------+---------+--------+-----+
|DSP              |        -|     -|        -|       -|    -|
|Expression       |        -|     -|        0|      22|    -|
|FIFO             |        -|     -|     2215|     692|    -|
|Instance         |        -|     -|    10928|   19719|    -|
|Memory           |        -|     -|        -|       -|    -|
|Multiplexer      |        -|     -|        -|       6|    -|
|Register         |        -|     -|        3|       -|    -|
+-----------------+---------+------+---------+--------+-----+
|Total            |        0|     0|    13146|   20439|    0|
+-----------------+---------+------+---------+--------+-----+
|Available        |     1934|  1968|  1799680|  899840|  463|
+-----------------+---------+------+---------+--------+-----+
|Utilization (%)  |        0|     0|       ~0|       2|    0|
+-----------------+---------+------+---------+--------+-----+

+ Detail: 
    * Instance: 
    +------------------------------------+-----------------------------------+---------+----+------+-------+-----+
    |              Instance              |               Module              | BRAM_18K| DSP|  FF  |  LUT  | URAM|
    +------------------------------------+-----------------------------------+---------+----+------+-------+-----+
    |axis2stream_256u_U0                 |axis2stream_256u_s                 |        0|   0|   291|    128|    0|
    |entry_proc_U0                       |entry_proc                         |        0|   0|     3|     12|    0|
    |mem2stream_512u_32u_2u_U0           |mem2stream_512u_32u_2u_s           |        0|   0|  1479|   1095|    0|
    |stream2axis_256u_U0                 |stream2axis_256u_s                 |        0|   0|    72|    138|    0|
    |stream2mem_512u_32u_2u_U0           |stream2mem_512u_32u_2u_s           |        0|   0|  1539|   1176|    0|
    |stream2streamStepdown_512u_256u_U0  |stream2streamStepdown_512u_256u_s  |        0|   0|  3258|   6658|    0|
    |stream2streamStepup_256u_512u_U0    |stream2streamStepup_256u_512u_s    |        0|   0|  4286|  10512|    0|
    +------------------------------------+-----------------------------------+---------+----+------+-------+-----+
    |Total                               |                                   |        0|   0| 10928|  19719|    0|
    +------------------------------------+-----------------------------------+---------+----+------+-------+-----+

    * DSP: 
    N/A

    * Memory: 
    N/A

    * FIFO: 
    +-------------------------------+---------+-----+----+-----+------+-----+---------+
    |              Name             | BRAM_18K|  FF | LUT| URAM| Depth| Bits| Size:D*B|
    +-------------------------------+---------+-----+----+-----+------+-----+---------+
    |arg0_read_mem_strm_U           |        0|  516|   0|    -|     2|  512|     1024|
    |arg0_read_reduced_mem_strm_U   |        0|  516|   0|    -|     2|  256|      512|
    |arg1_c_U                       |        0|    5|   0|    -|     4|   64|      256|
    |arg1_write_mem_strm_U          |        0|  516|   0|    -|     2|  512|     1024|
    |arg1_write_reduced_mem_strm_U  |        0|  516|   0|    -|     2|  256|      512|
    |num_pkts_c_U                   |        0|    5|   0|    -|     4|   32|      128|
    |p_read_c15_U                   |        0|    5|   0|    -|     3|   32|       96|
    |p_read_c16_U                   |        0|   68|   0|    -|     2|   32|       64|
    |p_read_c_U                     |        0|   68|   0|    -|     2|   32|       64|
    +-------------------------------+---------+-----+----+-----+------+-----+---------+
    |Total                          |        0| 2215|   0|    0|    23| 1728|     3680|
    +-------------------------------+---------+-----+----+-----+------+-----+---------+

    * Expression: 
    +--------------------------------------------+----------+----+---+----+------------+------------+
    |                Variable Name               | Operation| DSP| FF| LUT| Bitwidth P0| Bitwidth P1|
    +--------------------------------------------+----------+----+---+----+------------+------------+
    |ap_idle                                     |       and|   0|  0|   2|           1|           1|
    |ap_sync_continue                            |       and|   0|  0|   2|           1|           1|
    |ap_sync_done                                |       and|   0|  0|   2|           1|           1|
    |ap_sync_ready                               |       and|   0|  0|   2|           1|           1|
    |axis2stream_256u_U0_ap_start                |       and|   0|  0|   2|           1|           1|
    |entry_proc_U0_ap_start                      |       and|   0|  0|   2|           1|           1|
    |entry_proc_U0_start_full_n                  |       and|   0|  0|   2|           1|           1|
    |mem2stream_512u_32u_2u_U0_ap_start          |       and|   0|  0|   2|           1|           1|
    |ap_sync_axis2stream_256u_U0_ap_ready        |        or|   0|  0|   2|           1|           1|
    |ap_sync_entry_proc_U0_ap_ready              |        or|   0|  0|   2|           1|           1|
    |ap_sync_mem2stream_512u_32u_2u_U0_ap_ready  |        or|   0|  0|   2|           1|           1|
    +--------------------------------------------+----------+----+---+----+------------+------------+
    |Total                                       |          |   0|  0|  22|          11|          11|
    +--------------------------------------------+----------+----+---+----+------------+------------+

    * Multiplexer: 
    +------------------------------------------------+----+-----------+-----+-----------+
    |                      Name                      | LUT| Input Size| Bits| Total Bits|
    +------------------------------------------------+----+-----------+-----+-----------+
    |ap_sync_reg_axis2stream_256u_U0_ap_ready        |   2|          2|    1|          2|
    |ap_sync_reg_entry_proc_U0_ap_ready              |   2|          2|    1|          2|
    |ap_sync_reg_mem2stream_512u_32u_2u_U0_ap_ready  |   2|          2|    1|          2|
    +------------------------------------------------+----+-----------+-----+-----------+
    |Total                                           |   6|          6|    3|          6|
    +------------------------------------------------+----+-----------+-----+-----------+

    * Register: 
    +------------------------------------------------+---+----+-----+-----------+
    |                      Name                      | FF| LUT| Bits| Const Bits|
    +------------------------------------------------+---+----+-----+-----------+
    |ap_sync_reg_axis2stream_256u_U0_ap_ready        |  1|   0|    1|          0|
    |ap_sync_reg_entry_proc_U0_ap_ready              |  1|   0|    1|          0|
    |ap_sync_reg_mem2stream_512u_32u_2u_U0_ap_ready  |  1|   0|    1|          0|
    +------------------------------------------------+---+----+-----+-----------+
    |Total                                           |  3|   0|    3|          0|
    +------------------------------------------------+---+----+-----+-----------+



================================================================
== Interface
================================================================
* Summary: 
+----------------------+-----+-----+------------+-----------------------------------------------------------+--------------+
|       RTL Ports      | Dir | Bits|  Protocol  |                       Source Object                       |    C Type    |
+----------------------+-----+-----+------------+-----------------------------------------------------------+--------------+
|num_pkts              |   in|   32|     ap_none|                                                   num_pkts|        scalar|
|num_pkts_ap_vld       |   in|    1|     ap_none|                                                   num_pkts|        scalar|
|p_read                |   in|   32|     ap_none|                                                     p_read|        scalar|
|p_read_ap_vld         |   in|    1|     ap_none|                                                     p_read|        scalar|
|m_axi_gmem0_AWVALID   |  out|    1|       m_axi|                                                      gmem0|       pointer|
|m_axi_gmem0_AWREADY   |   in|    1|       m_axi|                                                      gmem0|       pointer|
|m_axi_gmem0_AWADDR    |  out|   64|       m_axi|                                                      gmem0|       pointer|
|m_axi_gmem0_AWID      |  out|    1|       m_axi|                                                      gmem0|       pointer|
|m_axi_gmem0_AWLEN     |  out|   32|       m_axi|                                                      gmem0|       pointer|
|m_axi_gmem0_AWSIZE    |  out|    3|       m_axi|                                                      gmem0|       pointer|
|m_axi_gmem0_AWBURST   |  out|    2|       m_axi|                                                      gmem0|       pointer|
|m_axi_gmem0_AWLOCK    |  out|    2|       m_axi|                                                      gmem0|       pointer|
|m_axi_gmem0_AWCACHE   |  out|    4|       m_axi|                                                      gmem0|       pointer|
|m_axi_gmem0_AWPROT    |  out|    3|       m_axi|                                                      gmem0|       pointer|
|m_axi_gmem0_AWQOS     |  out|    4|       m_axi|                                                      gmem0|       pointer|
|m_axi_gmem0_AWREGION  |  out|    4|       m_axi|                                                      gmem0|       pointer|
|m_axi_gmem0_AWUSER    |  out|    1|       m_axi|                                                      gmem0|       pointer|
|m_axi_gmem0_WVALID    |  out|    1|       m_axi|                                                      gmem0|       pointer|
|m_axi_gmem0_WREADY    |   in|    1|       m_axi|                                                      gmem0|       pointer|
|m_axi_gmem0_WDATA     |  out|  512|       m_axi|                                                      gmem0|       pointer|
|m_axi_gmem0_WSTRB     |  out|   64|       m_axi|                                                      gmem0|       pointer|
|m_axi_gmem0_WLAST     |  out|    1|       m_axi|                                                      gmem0|       pointer|
|m_axi_gmem0_WID       |  out|    1|       m_axi|                                                      gmem0|       pointer|
|m_axi_gmem0_WUSER     |  out|    1|       m_axi|                                                      gmem0|       pointer|
|m_axi_gmem0_ARVALID   |  out|    1|       m_axi|                                                      gmem0|       pointer|
|m_axi_gmem0_ARREADY   |   in|    1|       m_axi|                                                      gmem0|       pointer|
|m_axi_gmem0_ARADDR    |  out|   64|       m_axi|                                                      gmem0|       pointer|
|m_axi_gmem0_ARID      |  out|    1|       m_axi|                                                      gmem0|       pointer|
|m_axi_gmem0_ARLEN     |  out|   32|       m_axi|                                                      gmem0|       pointer|
|m_axi_gmem0_ARSIZE    |  out|    3|       m_axi|                                                      gmem0|       pointer|
|m_axi_gmem0_ARBURST   |  out|    2|       m_axi|                                                      gmem0|       pointer|
|m_axi_gmem0_ARLOCK    |  out|    2|       m_axi|                                                      gmem0|       pointer|
|m_axi_gmem0_ARCACHE   |  out|    4|       m_axi|                                                      gmem0|       pointer|
|m_axi_gmem0_ARPROT    |  out|    3|       m_axi|                                                      gmem0|       pointer|
|m_axi_gmem0_ARQOS     |  out|    4|       m_axi|                                                      gmem0|       pointer|
|m_axi_gmem0_ARREGION  |  out|    4|       m_axi|                                                      gmem0|       pointer|
|m_axi_gmem0_ARUSER    |  out|    1|       m_axi|                                                      gmem0|       pointer|
|m_axi_gmem0_RVALID    |   in|    1|       m_axi|                                                      gmem0|       pointer|
|m_axi_gmem0_RREADY    |  out|    1|       m_axi|                                                      gmem0|       pointer|
|m_axi_gmem0_RDATA     |   in|  512|       m_axi|                                                      gmem0|       pointer|
|m_axi_gmem0_RLAST     |   in|    1|       m_axi|                                                      gmem0|       pointer|
|m_axi_gmem0_RID       |   in|    1|       m_axi|                                                      gmem0|       pointer|
|m_axi_gmem0_RFIFONUM  |   in|    9|       m_axi|                                                      gmem0|       pointer|
|m_axi_gmem0_RUSER     |   in|    1|       m_axi|                                                      gmem0|       pointer|
|m_axi_gmem0_RRESP     |   in|    2|       m_axi|                                                      gmem0|       pointer|
|m_axi_gmem0_BVALID    |   in|    1|       m_axi|                                                      gmem0|       pointer|
|m_axi_gmem0_BREADY    |  out|    1|       m_axi|                                                      gmem0|       pointer|
|m_axi_gmem0_BRESP     |   in|    2|       m_axi|                                                      gmem0|       pointer|
|m_axi_gmem0_BID       |   in|    1|       m_axi|                                                      gmem0|       pointer|
|m_axi_gmem0_BUSER     |   in|    1|       m_axi|                                                      gmem0|       pointer|
|arg0                  |   in|   64|     ap_none|                                                       arg0|        scalar|
|arg0_ap_vld           |   in|    1|     ap_none|                                                       arg0|        scalar|
|m_axi_gmem1_AWVALID   |  out|    1|       m_axi|                                                      gmem0|       pointer|
|m_axi_gmem1_AWREADY   |   in|    1|       m_axi|                                                      gmem0|       pointer|
|m_axi_gmem1_AWADDR    |  out|   64|       m_axi|                                                      gmem0|       pointer|
|m_axi_gmem1_AWID      |  out|    1|       m_axi|                                                      gmem0|       pointer|
|m_axi_gmem1_AWLEN     |  out|   32|       m_axi|                                                      gmem0|       pointer|
|m_axi_gmem1_AWSIZE    |  out|    3|       m_axi|                                                      gmem0|       pointer|
|m_axi_gmem1_AWBURST   |  out|    2|       m_axi|                                                      gmem0|       pointer|
|m_axi_gmem1_AWLOCK    |  out|    2|       m_axi|                                                      gmem0|       pointer|
|m_axi_gmem1_AWCACHE   |  out|    4|       m_axi|                                                      gmem0|       pointer|
|m_axi_gmem1_AWPROT    |  out|    3|       m_axi|                                                      gmem0|       pointer|
|m_axi_gmem1_AWQOS     |  out|    4|       m_axi|                                                      gmem0|       pointer|
|m_axi_gmem1_AWREGION  |  out|    4|       m_axi|                                                      gmem0|       pointer|
|m_axi_gmem1_AWUSER    |  out|    1|       m_axi|                                                      gmem0|       pointer|
|m_axi_gmem1_WVALID    |  out|    1|       m_axi|                                                      gmem0|       pointer|
|m_axi_gmem1_WREADY    |   in|    1|       m_axi|                                                      gmem0|       pointer|
|m_axi_gmem1_WDATA     |  out|  512|       m_axi|                                                      gmem0|       pointer|
|m_axi_gmem1_WSTRB     |  out|   64|       m_axi|                                                      gmem0|       pointer|
|m_axi_gmem1_WLAST     |  out|    1|       m_axi|                                                      gmem0|       pointer|
|m_axi_gmem1_WID       |  out|    1|       m_axi|                                                      gmem0|       pointer|
|m_axi_gmem1_WUSER     |  out|    1|       m_axi|                                                      gmem0|       pointer|
|m_axi_gmem1_ARVALID   |  out|    1|       m_axi|                                                      gmem0|       pointer|
|m_axi_gmem1_ARREADY   |   in|    1|       m_axi|                                                      gmem0|       pointer|
|m_axi_gmem1_ARADDR    |  out|   64|       m_axi|                                                      gmem0|       pointer|
|m_axi_gmem1_ARID      |  out|    1|       m_axi|                                                      gmem0|       pointer|
|m_axi_gmem1_ARLEN     |  out|   32|       m_axi|                                                      gmem0|       pointer|
|m_axi_gmem1_ARSIZE    |  out|    3|       m_axi|                                                      gmem0|       pointer|
|m_axi_gmem1_ARBURST   |  out|    2|       m_axi|                                                      gmem0|       pointer|
|m_axi_gmem1_ARLOCK    |  out|    2|       m_axi|                                                      gmem0|       pointer|
|m_axi_gmem1_ARCACHE   |  out|    4|       m_axi|                                                      gmem0|       pointer|
|m_axi_gmem1_ARPROT    |  out|    3|       m_axi|                                                      gmem0|       pointer|
|m_axi_gmem1_ARQOS     |  out|    4|       m_axi|                                                      gmem0|       pointer|
|m_axi_gmem1_ARREGION  |  out|    4|       m_axi|                                                      gmem0|       pointer|
|m_axi_gmem1_ARUSER    |  out|    1|       m_axi|                                                      gmem0|       pointer|
|m_axi_gmem1_RVALID    |   in|    1|       m_axi|                                                      gmem0|       pointer|
|m_axi_gmem1_RREADY    |  out|    1|       m_axi|                                                      gmem0|       pointer|
|m_axi_gmem1_RDATA     |   in|  512|       m_axi|                                                      gmem0|       pointer|
|m_axi_gmem1_RLAST     |   in|    1|       m_axi|                                                      gmem0|       pointer|
|m_axi_gmem1_RID       |   in|    1|       m_axi|                                                      gmem0|       pointer|
|m_axi_gmem1_RFIFONUM  |   in|    9|       m_axi|                                                      gmem0|       pointer|
|m_axi_gmem1_RUSER     |   in|    1|       m_axi|                                                      gmem0|       pointer|
|m_axi_gmem1_RRESP     |   in|    2|       m_axi|                                                      gmem0|       pointer|
|m_axi_gmem1_BVALID    |   in|    1|       m_axi|                                                      gmem0|       pointer|
|m_axi_gmem1_BREADY    |  out|    1|       m_axi|                                                      gmem0|       pointer|
|m_axi_gmem1_BRESP     |   in|    2|       m_axi|                                                      gmem0|       pointer|
|m_axi_gmem1_BID       |   in|    1|       m_axi|                                                      gmem0|       pointer|
|m_axi_gmem1_BUSER     |   in|    1|       m_axi|                                                      gmem0|       pointer|
|arg1                  |   in|   64|     ap_none|                                                       arg1|        scalar|
|arg1_ap_vld           |   in|    1|     ap_none|                                                       arg1|        scalar|
|arg0_axis_out_TDATA   |  out|  256|        axis|                                     arg0_axis_out_V_data_V|       pointer|
|arg0_axis_out_TKEEP   |  out|   32|        axis|                                     arg0_axis_out_V_keep_V|       pointer|
|arg0_axis_out_TSTRB   |  out|   32|        axis|                                     arg0_axis_out_V_strb_V|       pointer|
|arg0_axis_out_TLAST   |  out|    1|        axis|                                     arg0_axis_out_V_last_V|       pointer|
|arg0_axis_out_TVALID  |  out|    1|        axis|                                     arg0_axis_out_V_last_V|       pointer|
|arg0_axis_out_TREADY  |   in|    1|        axis|                                     arg0_axis_out_V_last_V|       pointer|
|arg1_axis_in_TDATA    |   in|  256|        axis|                                      arg1_axis_in_V_data_V|       pointer|
|arg1_axis_in_TKEEP    |   in|   32|        axis|                                      arg1_axis_in_V_keep_V|       pointer|
|arg1_axis_in_TSTRB    |   in|   32|        axis|                                      arg1_axis_in_V_strb_V|       pointer|
|arg1_axis_in_TLAST    |   in|    1|        axis|                                      arg1_axis_in_V_last_V|       pointer|
|arg1_axis_in_TVALID   |   in|    1|        axis|                                      arg1_axis_in_V_last_V|       pointer|
|arg1_axis_in_TREADY   |  out|    1|        axis|                                      arg1_axis_in_V_last_V|       pointer|
|ap_clk                |   in|    1|  ap_ctrl_hs|  datamover_outerloop_0_dataflow_read_write_dataflow_region|  return value|
|ap_rst                |   in|    1|  ap_ctrl_hs|  datamover_outerloop_0_dataflow_read_write_dataflow_region|  return value|
|ap_start              |   in|    1|  ap_ctrl_hs|  datamover_outerloop_0_dataflow_read_write_dataflow_region|  return value|
|ap_done               |  out|    1|  ap_ctrl_hs|  datamover_outerloop_0_dataflow_read_write_dataflow_region|  return value|
|ap_ready              |  out|    1|  ap_ctrl_hs|  datamover_outerloop_0_dataflow_read_write_dataflow_region|  return value|
|ap_idle               |  out|    1|  ap_ctrl_hs|  datamover_outerloop_0_dataflow_read_write_dataflow_region|  return value|
|ap_continue           |   in|    1|  ap_ctrl_hs|  datamover_outerloop_0_dataflow_read_write_dataflow_region|  return value|
+----------------------+-----+-----+------------+-----------------------------------------------------------+--------------+

============================================================
+ Verbose Summary: Synthesis Manager
============================================================
InlineROM: 1
ExposeGlobal: 0
============================================================
+ Verbose Summary: CDFG Model
============================================================
IsTopModel: 0
ResetActiveHigh: 1
IsCombinational: 2
IsDatapathOnly: 2
HasWiredReturn: 1
HasMFsm: 0
HasVarLatency: 1
IsPipeline: 0
IsRtlPipelined: 0
IsInstanceOverlapped: 0
IsDontTouch: 0
HasImplIP: 0
IsGatedGlobalClock: 0


============================================================
+ Verbose Summary: Schedule
============================================================
* Number of FSM states : 6
* Pipeline : 0
* Dataflow Pipeline: 1
  DF-Pipeline-0: Size = 6, States = { 1 2 3 4 5 6 }

* FSM state transitions: 
1 --> 2 
2 --> 3 
3 --> 4 
4 --> 5 
5 --> 6 
6 --> 

* FSM state operations: 

State 1 <SV = 0> <Delay = 2.43>
ST_1 : Operation 7 [1/1] (0.00ns)   --->   "%arg1_read = read i64 @_ssdm_op_Read.ap_auto.i64, i64 %arg1" [/home/x_thileeb/repos/ops-hls-pact25-artifact/codegen_apps/jacobian3d/vck5000_project/hls/device/src/datamover_outerloop_0.cpp:40]   --->   Operation 7 'read' 'arg1_read' <Predicate = true> <Delay = 0.00>
ST_1 : Operation 8 [1/1] (0.00ns)   --->   "%arg0_read = read i64 @_ssdm_op_Read.ap_auto.i64, i64 %arg0" [/home/x_thileeb/repos/ops-hls-pact25-artifact/codegen_apps/jacobian3d/vck5000_project/hls/device/src/datamover_outerloop_0.cpp:40]   --->   Operation 8 'read' 'arg0_read' <Predicate = true> <Delay = 0.00>
ST_1 : Operation 9 [1/1] (0.00ns)   --->   "%p_read_2 = read i32 @_ssdm_op_Read.ap_auto.i32, i32 %p_read" [/home/x_thileeb/repos/ops-hls-pact25-artifact/codegen_apps/jacobian3d/vck5000_project/hls/device/src/datamover_outerloop_0.cpp:40]   --->   Operation 9 'read' 'p_read_2' <Predicate = true> <Delay = 0.00>
ST_1 : Operation 10 [1/1] (0.00ns)   --->   "%num_pkts_read = read i32 @_ssdm_op_Read.ap_auto.i32, i32 %num_pkts" [/home/x_thileeb/repos/ops-hls-pact25-artifact/codegen_apps/jacobian3d/vck5000_project/hls/device/src/datamover_outerloop_0.cpp:40]   --->   Operation 10 'read' 'num_pkts_read' <Predicate = true> <Delay = 0.00>
ST_1 : Operation 11 [1/1] (0.00ns)   --->   "%arg1_c = alloca i64 1" [/home/x_thileeb/repos/ops-hls-pact25-artifact/codegen_apps/jacobian3d/vck5000_project/hls/device/src/datamover_outerloop_0.cpp:40]   --->   Operation 11 'alloca' 'arg1_c' <Predicate = true> <Delay = 0.00> <CoreInst = "FIFO_SRL">   --->   Core 85 'FIFO_SRL' <Latency = 0> <II = 1> <Delay = 0.67> <Storage> <Opcode : 'read' 'write' 'nbread' 'nbwrite'> <Ports = 0> <Width = 64> <Depth = 4> <FIFO>
ST_1 : Operation 12 [1/1] (0.00ns)   --->   "%p_read_c16 = alloca i64 1" [/home/x_thileeb/repos/ops-hls-pact25-artifact/codegen_apps/jacobian3d/vck5000_project/hls/device/src/datamover_outerloop_0.cpp:40]   --->   Operation 12 'alloca' 'p_read_c16' <Predicate = true> <Delay = 0.00> <CoreInst = "FIFO_SRL">   --->   Core 85 'FIFO_SRL' <Latency = 0> <II = 1> <Delay = 0.73> <Storage> <Opcode : 'read' 'write' 'nbread' 'nbwrite'> <Ports = 0> <Width = 32> <Depth = 2> <FIFO>
ST_1 : Operation 13 [1/1] (0.00ns)   --->   "%p_read_c15 = alloca i64 1" [/home/x_thileeb/repos/ops-hls-pact25-artifact/codegen_apps/jacobian3d/vck5000_project/hls/device/src/datamover_outerloop_0.cpp:40]   --->   Operation 13 'alloca' 'p_read_c15' <Predicate = true> <Delay = 0.00> <CoreInst = "FIFO_SRL">   --->   Core 85 'FIFO_SRL' <Latency = 0> <II = 1> <Delay = 0.84> <Storage> <Opcode : 'read' 'write' 'nbread' 'nbwrite'> <Ports = 0> <Width = 32> <Depth = 3> <FIFO>
ST_1 : Operation 14 [1/1] (0.00ns)   --->   "%p_read_c = alloca i64 1" [/home/x_thileeb/repos/ops-hls-pact25-artifact/codegen_apps/jacobian3d/vck5000_project/hls/device/src/datamover_outerloop_0.cpp:40]   --->   Operation 14 'alloca' 'p_read_c' <Predicate = true> <Delay = 0.00> <CoreInst = "FIFO_SRL">   --->   Core 85 'FIFO_SRL' <Latency = 0> <II = 1> <Delay = 0.73> <Storage> <Opcode : 'read' 'write' 'nbread' 'nbwrite'> <Ports = 0> <Width = 32> <Depth = 2> <FIFO>
ST_1 : Operation 15 [1/1] (0.00ns)   --->   "%num_pkts_c = alloca i64 1" [/home/x_thileeb/repos/ops-hls-pact25-artifact/codegen_apps/jacobian3d/vck5000_project/hls/device/src/datamover_outerloop_0.cpp:40]   --->   Operation 15 'alloca' 'num_pkts_c' <Predicate = true> <Delay = 0.00> <CoreInst = "FIFO_SRL">   --->   Core 85 'FIFO_SRL' <Latency = 0> <II = 1> <Delay = 0.84> <Storage> <Opcode : 'read' 'write' 'nbread' 'nbwrite'> <Ports = 0> <Width = 32> <Depth = 4> <FIFO>
ST_1 : Operation 16 [1/1] (0.84ns)   --->   "%call_ln40 = call void @entry_proc, i32 %num_pkts_read, i32 %num_pkts_c, i32 %p_read_2, i32 %p_read_c15, i64 %arg1_read, i64 %arg1_c" [/home/x_thileeb/repos/ops-hls-pact25-artifact/codegen_apps/jacobian3d/vck5000_project/hls/device/src/datamover_outerloop_0.cpp:40]   --->   Operation 16 'call' 'call_ln40' <Predicate = true> <Delay = 0.84> <CoreType = "Generic">   --->   Core 0 '' <Latency = 0> <II = 1> <Delay = 1.00> <Generic> <Opcode : >
ST_1 : Operation 17 [2/2] (2.43ns)   --->   "%call_ln57 = call void @mem2stream<512u, 32u, 2u>, i512 %gmem0, i64 %arg0_read, i32 %p_read_2, i32 %p_read_c16, i512 %arg0_read_mem_strm" [/home/x_thileeb/repos/ops-hls-pact25-artifact/codegen_apps/jacobian3d/vck5000_project/hls/device/src/datamover_outerloop_0.cpp:57]   --->   Operation 17 'call' 'call_ln57' <Predicate = true> <Delay = 2.43> <CoreType = "Generic">   --->   Core 0 '' <Latency = 0> <II = 1> <Delay = 1.00> <Generic> <Opcode : >
ST_1 : Operation 18 [2/2] (1.17ns)   --->   "%call_ln60 = call void @axis2stream<256u>, i256 %arg1_axis_in_V_data_V, i32 %arg1_axis_in_V_keep_V, i32 %arg1_axis_in_V_strb_V, i1 %arg1_axis_in_V_last_V, i32 %num_pkts_read, i256 %arg1_write_reduced_mem_strm" [/home/x_thileeb/repos/ops-hls-pact25-artifact/codegen_apps/jacobian3d/vck5000_project/hls/device/src/datamover_outerloop_0.cpp:60]   --->   Operation 18 'call' 'call_ln60' <Predicate = true> <Delay = 1.17> <CoreType = "Generic">   --->   Core 0 '' <Latency = 0> <II = 1> <Delay = 1.00> <Generic> <Opcode : >

State 2 <SV = 1> <Delay = 0.00>
ST_2 : Operation 19 [1/2] (0.00ns)   --->   "%call_ln57 = call void @mem2stream<512u, 32u, 2u>, i512 %gmem0, i64 %arg0_read, i32 %p_read_2, i32 %p_read_c16, i512 %arg0_read_mem_strm" [/home/x_thileeb/repos/ops-hls-pact25-artifact/codegen_apps/jacobian3d/vck5000_project/hls/device/src/datamover_outerloop_0.cpp:57]   --->   Operation 19 'call' 'call_ln57' <Predicate = true> <Delay = 0.00> <CoreType = "Generic">   --->   Core 0 '' <Latency = 0> <II = 1> <Delay = 1.00> <Generic> <Opcode : >
ST_2 : Operation 20 [1/2] (0.00ns)   --->   "%call_ln60 = call void @axis2stream<256u>, i256 %arg1_axis_in_V_data_V, i32 %arg1_axis_in_V_keep_V, i32 %arg1_axis_in_V_strb_V, i1 %arg1_axis_in_V_last_V, i32 %num_pkts_read, i256 %arg1_write_reduced_mem_strm" [/home/x_thileeb/repos/ops-hls-pact25-artifact/codegen_apps/jacobian3d/vck5000_project/hls/device/src/datamover_outerloop_0.cpp:60]   --->   Operation 20 'call' 'call_ln60' <Predicate = true> <Delay = 0.00> <CoreType = "Generic">   --->   Core 0 '' <Latency = 0> <II = 1> <Delay = 1.00> <Generic> <Opcode : >

State 3 <SV = 2> <Delay = 0.00>
ST_3 : Operation 21 [2/2] (0.00ns)   --->   "%call_ln58 = call void @stream2streamStepdown<512u, 256u>, i32 %p_read_c16, i256 %arg0_read_reduced_mem_strm, i512 %arg0_read_mem_strm" [/home/x_thileeb/repos/ops-hls-pact25-artifact/codegen_apps/jacobian3d/vck5000_project/hls/device/src/datamover_outerloop_0.cpp:58]   --->   Operation 21 'call' 'call_ln58' <Predicate = true> <Delay = 0.00> <CoreType = "Generic">   --->   Core 0 '' <Latency = 0> <II = 1> <Delay = 1.00> <Generic> <Opcode : >
ST_3 : Operation 22 [2/2] (0.00ns)   --->   "%call_ln62 = call void @stream2streamStepup<256u, 512u>, i32 %p_read_c15, i32 %p_read_c, i256 %arg1_write_reduced_mem_strm, i512 %arg1_write_mem_strm" [/home/x_thileeb/repos/ops-hls-pact25-artifact/codegen_apps/jacobian3d/vck5000_project/hls/device/src/datamover_outerloop_0.cpp:62]   --->   Operation 22 'call' 'call_ln62' <Predicate = true> <Delay = 0.00> <CoreType = "Generic">   --->   Core 0 '' <Latency = 0> <II = 1> <Delay = 1.00> <Generic> <Opcode : >

State 4 <SV = 3> <Delay = 0.00>
ST_4 : Operation 23 [1/2] (0.00ns)   --->   "%call_ln58 = call void @stream2streamStepdown<512u, 256u>, i32 %p_read_c16, i256 %arg0_read_reduced_mem_strm, i512 %arg0_read_mem_strm" [/home/x_thileeb/repos/ops-hls-pact25-artifact/codegen_apps/jacobian3d/vck5000_project/hls/device/src/datamover_outerloop_0.cpp:58]   --->   Operation 23 'call' 'call_ln58' <Predicate = true> <Delay = 0.00> <CoreType = "Generic">   --->   Core 0 '' <Latency = 0> <II = 1> <Delay = 1.00> <Generic> <Opcode : >
ST_4 : Operation 24 [1/2] (0.00ns)   --->   "%call_ln62 = call void @stream2streamStepup<256u, 512u>, i32 %p_read_c15, i32 %p_read_c, i256 %arg1_write_reduced_mem_strm, i512 %arg1_write_mem_strm" [/home/x_thileeb/repos/ops-hls-pact25-artifact/codegen_apps/jacobian3d/vck5000_project/hls/device/src/datamover_outerloop_0.cpp:62]   --->   Operation 24 'call' 'call_ln62' <Predicate = true> <Delay = 0.00> <CoreType = "Generic">   --->   Core 0 '' <Latency = 0> <II = 1> <Delay = 1.00> <Generic> <Opcode : >

State 5 <SV = 4> <Delay = 0.00>
ST_5 : Operation 25 [2/2] (0.00ns)   --->   "%call_ln59 = call void @stream2axis<256u>, i256 %arg0_axis_out_V_data_V, i32 %arg0_axis_out_V_keep_V, i32 %arg0_axis_out_V_strb_V, i1 %arg0_axis_out_V_last_V, i32 %num_pkts_c, i256 %arg0_read_reduced_mem_strm" [/home/x_thileeb/repos/ops-hls-pact25-artifact/codegen_apps/jacobian3d/vck5000_project/hls/device/src/datamover_outerloop_0.cpp:59]   --->   Operation 25 'call' 'call_ln59' <Predicate = true> <Delay = 0.00> <CoreType = "Generic">   --->   Core 0 '' <Latency = 0> <II = 1> <Delay = 1.00> <Generic> <Opcode : >
ST_5 : Operation 26 [2/2] (0.00ns)   --->   "%call_ln63 = call void @stream2mem<512u, 32u, 2u>, i512 %gmem1, i64 %arg1_c, i32 %p_read_c, i512 %arg1_write_mem_strm" [/home/x_thileeb/repos/ops-hls-pact25-artifact/codegen_apps/jacobian3d/vck5000_project/hls/device/src/datamover_outerloop_0.cpp:63]   --->   Operation 26 'call' 'call_ln63' <Predicate = true> <Delay = 0.00> <CoreType = "Generic">   --->   Core 0 '' <Latency = 0> <II = 1> <Delay = 1.00> <Generic> <Opcode : >

State 6 <SV = 5> <Delay = 0.00>
ST_6 : Operation 27 [1/1] (0.00ns)   --->   "%specinterface_ln0 = specinterface void @_ssdm_op_SpecInterface, i512 %arg1_write_mem_strm, void @empty_7, i32 0, i32 0, void @empty_27, i32 0, i32 0, void @empty_27, void @empty_27, void @empty_27, i32 0, i32 0, i32 0, i32 0, void @empty_27, void @empty_27, i32 4294967295, i32 0"   --->   Operation 27 'specinterface' 'specinterface_ln0' <Predicate = true> <Delay = 0.00>
ST_6 : Operation 28 [1/1] (0.00ns)   --->   "%specinterface_ln0 = specinterface void @_ssdm_op_SpecInterface, i256 %arg1_write_reduced_mem_strm, void @empty_7, i32 0, i32 0, void @empty_27, i32 0, i32 0, void @empty_27, void @empty_27, void @empty_27, i32 0, i32 0, i32 0, i32 0, void @empty_27, void @empty_27, i32 4294967295, i32 0"   --->   Operation 28 'specinterface' 'specinterface_ln0' <Predicate = true> <Delay = 0.00>
ST_6 : Operation 29 [1/1] (0.00ns)   --->   "%specinterface_ln0 = specinterface void @_ssdm_op_SpecInterface, i256 %arg0_read_reduced_mem_strm, void @empty_7, i32 0, i32 0, void @empty_27, i32 0, i32 0, void @empty_27, void @empty_27, void @empty_27, i32 0, i32 0, i32 0, i32 0, void @empty_27, void @empty_27, i32 4294967295, i32 0"   --->   Operation 29 'specinterface' 'specinterface_ln0' <Predicate = true> <Delay = 0.00>
ST_6 : Operation 30 [1/1] (0.00ns)   --->   "%specinterface_ln0 = specinterface void @_ssdm_op_SpecInterface, i512 %arg0_read_mem_strm, void @empty_7, i32 0, i32 0, void @empty_27, i32 0, i32 0, void @empty_27, void @empty_27, void @empty_27, i32 0, i32 0, i32 0, i32 0, void @empty_27, void @empty_27, i32 4294967295, i32 0"   --->   Operation 30 'specinterface' 'specinterface_ln0' <Predicate = true> <Delay = 0.00>
ST_6 : Operation 31 [1/1] (0.00ns)   --->   "%empty = specchannel i32 @_ssdm_op_SpecChannel, void @arg0_read_mem_strm_str, i32 1, void @p_str, void @p_str, i32 2, i32 2, i512 %arg0_read_mem_strm, i512 %arg0_read_mem_strm"   --->   Operation 31 'specchannel' 'empty' <Predicate = true> <Delay = 0.00>
ST_6 : Operation 32 [1/1] (0.00ns)   --->   "%empty_63 = specchannel i32 @_ssdm_op_SpecChannel, void @arg0_read_reduced_mem_strm_str, i32 1, void @p_str, void @p_str, i32 2, i32 2, i256 %arg0_read_reduced_mem_strm, i256 %arg0_read_reduced_mem_strm"   --->   Operation 32 'specchannel' 'empty_63' <Predicate = true> <Delay = 0.00>
ST_6 : Operation 33 [1/1] (0.00ns)   --->   "%empty_64 = specchannel i32 @_ssdm_op_SpecChannel, void @arg1_write_mem_strm_str, i32 1, void @p_str, void @p_str, i32 2, i32 2, i512 %arg1_write_mem_strm, i512 %arg1_write_mem_strm"   --->   Operation 33 'specchannel' 'empty_64' <Predicate = true> <Delay = 0.00>
ST_6 : Operation 34 [1/1] (0.00ns)   --->   "%empty_65 = specchannel i32 @_ssdm_op_SpecChannel, void @arg1_write_reduced_mem_strm_str, i32 1, void @p_str, void @p_str, i32 2, i32 2, i256 %arg1_write_reduced_mem_strm, i256 %arg1_write_reduced_mem_strm"   --->   Operation 34 'specchannel' 'empty_65' <Predicate = true> <Delay = 0.00>
ST_6 : Operation 35 [1/1] (0.00ns)   --->   "%empty_66 = specchannel i32 @_ssdm_op_SpecChannel, void @arg1_c_str, i32 1, void @p_str, void @p_str, i32 4, i32 0, i64 %arg1_c, i64 %arg1_c" [/home/x_thileeb/repos/ops-hls-pact25-artifact/codegen_apps/jacobian3d/vck5000_project/hls/device/src/datamover_outerloop_0.cpp:40]   --->   Operation 35 'specchannel' 'empty_66' <Predicate = true> <Delay = 0.00>
ST_6 : Operation 36 [1/1] (0.00ns)   --->   "%specinterface_ln40 = specinterface void @_ssdm_op_SpecInterface, i64 %arg1_c, void @ap_fifo_str, i32 0, i32 0, void @p_str, i32 0, i32 0, void @p_str, void @p_str, void @p_str, i32 2, i32 2, i32 16, i32 16, void @p_str, void @p_str, i32 4294967295, i32 0" [/home/x_thileeb/repos/ops-hls-pact25-artifact/codegen_apps/jacobian3d/vck5000_project/hls/device/src/datamover_outerloop_0.cpp:40]   --->   Operation 36 'specinterface' 'specinterface_ln40' <Predicate = true> <Delay = 0.00>
ST_6 : Operation 37 [1/1] (0.00ns)   --->   "%empty_67 = specchannel i32 @_ssdm_op_SpecChannel, void @p_OC_read_c16_str, i32 1, void @p_str, void @p_str, i32 2, i32 0, i32 %p_read_c16, i32 %p_read_c16" [/home/x_thileeb/repos/ops-hls-pact25-artifact/codegen_apps/jacobian3d/vck5000_project/hls/device/src/datamover_outerloop_0.cpp:40]   --->   Operation 37 'specchannel' 'empty_67' <Predicate = true> <Delay = 0.00>
ST_6 : Operation 38 [1/1] (0.00ns)   --->   "%specinterface_ln40 = specinterface void @_ssdm_op_SpecInterface, i32 %p_read_c16, void @ap_fifo_str, i32 0, i32 0, void @p_str, i32 0, i32 0, void @p_str, void @p_str, void @p_str, i32 2, i32 2, i32 16, i32 16, void @p_str, void @p_str, i32 4294967295, i32 0" [/home/x_thileeb/repos/ops-hls-pact25-artifact/codegen_apps/jacobian3d/vck5000_project/hls/device/src/datamover_outerloop_0.cpp:40]   --->   Operation 38 'specinterface' 'specinterface_ln40' <Predicate = true> <Delay = 0.00>
ST_6 : Operation 39 [1/1] (0.00ns)   --->   "%empty_68 = specchannel i32 @_ssdm_op_SpecChannel, void @p_OC_read_c15_str, i32 1, void @p_str, void @p_str, i32 3, i32 0, i32 %p_read_c15, i32 %p_read_c15" [/home/x_thileeb/repos/ops-hls-pact25-artifact/codegen_apps/jacobian3d/vck5000_project/hls/device/src/datamover_outerloop_0.cpp:40]   --->   Operation 39 'specchannel' 'empty_68' <Predicate = true> <Delay = 0.00>
ST_6 : Operation 40 [1/1] (0.00ns)   --->   "%specinterface_ln40 = specinterface void @_ssdm_op_SpecInterface, i32 %p_read_c15, void @ap_fifo_str, i32 0, i32 0, void @p_str, i32 0, i32 0, void @p_str, void @p_str, void @p_str, i32 2, i32 2, i32 16, i32 16, void @p_str, void @p_str, i32 4294967295, i32 0" [/home/x_thileeb/repos/ops-hls-pact25-artifact/codegen_apps/jacobian3d/vck5000_project/hls/device/src/datamover_outerloop_0.cpp:40]   --->   Operation 40 'specinterface' 'specinterface_ln40' <Predicate = true> <Delay = 0.00>
ST_6 : Operation 41 [1/1] (0.00ns)   --->   "%empty_69 = specchannel i32 @_ssdm_op_SpecChannel, void @p_OC_read_c_str, i32 1, void @p_str, void @p_str, i32 2, i32 0, i32 %p_read_c, i32 %p_read_c" [/home/x_thileeb/repos/ops-hls-pact25-artifact/codegen_apps/jacobian3d/vck5000_project/hls/device/src/datamover_outerloop_0.cpp:40]   --->   Operation 41 'specchannel' 'empty_69' <Predicate = true> <Delay = 0.00>
ST_6 : Operation 42 [1/1] (0.00ns)   --->   "%specinterface_ln40 = specinterface void @_ssdm_op_SpecInterface, i32 %p_read_c, void @ap_fifo_str, i32 0, i32 0, void @p_str, i32 0, i32 0, void @p_str, void @p_str, void @p_str, i32 2, i32 2, i32 16, i32 16, void @p_str, void @p_str, i32 4294967295, i32 0" [/home/x_thileeb/repos/ops-hls-pact25-artifact/codegen_apps/jacobian3d/vck5000_project/hls/device/src/datamover_outerloop_0.cpp:40]   --->   Operation 42 'specinterface' 'specinterface_ln40' <Predicate = true> <Delay = 0.00>
ST_6 : Operation 43 [1/1] (0.00ns)   --->   "%empty_70 = specchannel i32 @_ssdm_op_SpecChannel, void @num_pkts_c_str, i32 1, void @p_str, void @p_str, i32 4, i32 0, i32 %num_pkts_c, i32 %num_pkts_c" [/home/x_thileeb/repos/ops-hls-pact25-artifact/codegen_apps/jacobian3d/vck5000_project/hls/device/src/datamover_outerloop_0.cpp:40]   --->   Operation 43 'specchannel' 'empty_70' <Predicate = true> <Delay = 0.00>
ST_6 : Operation 44 [1/1] (0.00ns)   --->   "%specinterface_ln40 = specinterface void @_ssdm_op_SpecInterface, i32 %num_pkts_c, void @ap_fifo_str, i32 0, i32 0, void @p_str, i32 0, i32 0, void @p_str, void @p_str, void @p_str, i32 2, i32 2, i32 16, i32 16, void @p_str, void @p_str, i32 4294967295, i32 0" [/home/x_thileeb/repos/ops-hls-pact25-artifact/codegen_apps/jacobian3d/vck5000_project/hls/device/src/datamover_outerloop_0.cpp:40]   --->   Operation 44 'specinterface' 'specinterface_ln40' <Predicate = true> <Delay = 0.00>
ST_6 : Operation 45 [1/1] (0.00ns)   --->   "%specdataflowpipeline_ln40 = specdataflowpipeline void @_ssdm_op_SpecDataflowPipeline, i32 4294967295, i32 0, void @empty_27" [/home/x_thileeb/repos/ops-hls-pact25-artifact/codegen_apps/jacobian3d/vck5000_project/hls/device/src/datamover_outerloop_0.cpp:40]   --->   Operation 45 'specdataflowpipeline' 'specdataflowpipeline_ln40' <Predicate = true> <Delay = 0.00>
ST_6 : Operation 46 [1/1] (0.00ns)   --->   "%specinterface_ln0 = specinterface void @_ssdm_op_SpecInterface, i1 %arg1_axis_in_V_last_V, i32 %arg1_axis_in_V_strb_V, i32 %arg1_axis_in_V_keep_V, i256 %arg1_axis_in_V_data_V, void @empty_21, i32 0, i32 0, void @empty_8, i32 0, i32 0, void @empty_27, void @empty_27, void @empty_27, i32 0, i32 0, i32 0, i32 0, void @empty_27, void @empty_27, i32 4294967295, i32 0"   --->   Operation 46 'specinterface' 'specinterface_ln0' <Predicate = true> <Delay = 0.00>
ST_6 : Operation 47 [1/1] (0.00ns)   --->   "%specinterface_ln0 = specinterface void @_ssdm_op_SpecInterface, i1 %arg0_axis_out_V_last_V, i32 %arg0_axis_out_V_strb_V, i32 %arg0_axis_out_V_keep_V, i256 %arg0_axis_out_V_data_V, void @empty_21, i32 0, i32 0, void @empty_8, i32 0, i32 0, void @empty_27, void @empty_27, void @empty_27, i32 0, i32 0, i32 0, i32 0, void @empty_27, void @empty_27, i32 4294967295, i32 0"   --->   Operation 47 'specinterface' 'specinterface_ln0' <Predicate = true> <Delay = 0.00>
ST_6 : Operation 48 [1/1] (0.00ns)   --->   "%specinterface_ln0 = specinterface void @_ssdm_op_SpecInterface, i512 %gmem0, void @empty_31, i32 0, i32 0, void @empty_27, i32 64, i32 4096, void @empty_13, void @empty_34, void @empty_27, i32 4, i32 4, i32 64, i32 64, void @empty_27, void @empty_27, i32 4294967295, i32 0"   --->   Operation 48 'specinterface' 'specinterface_ln0' <Predicate = true> <Delay = 0.00>
ST_6 : Operation 49 [1/1] (0.00ns)   --->   "%specinterface_ln0 = specinterface void @_ssdm_op_SpecInterface, i512 %gmem1, void @empty_31, i32 0, i32 0, void @empty_27, i32 64, i32 4096, void @empty_13, void @empty_34, void @empty_27, i32 4, i32 4, i32 64, i32 64, void @empty_27, void @empty_27, i32 4294967295, i32 0"   --->   Operation 49 'specinterface' 'specinterface_ln0' <Predicate = true> <Delay = 0.00>
ST_6 : Operation 50 [1/2] (0.00ns)   --->   "%call_ln59 = call void @stream2axis<256u>, i256 %arg0_axis_out_V_data_V, i32 %arg0_axis_out_V_keep_V, i32 %arg0_axis_out_V_strb_V, i1 %arg0_axis_out_V_last_V, i32 %num_pkts_c, i256 %arg0_read_reduced_mem_strm" [/home/x_thileeb/repos/ops-hls-pact25-artifact/codegen_apps/jacobian3d/vck5000_project/hls/device/src/datamover_outerloop_0.cpp:59]   --->   Operation 50 'call' 'call_ln59' <Predicate = true> <Delay = 0.00> <CoreType = "Generic">   --->   Core 0 '' <Latency = 0> <II = 1> <Delay = 1.00> <Generic> <Opcode : >
ST_6 : Operation 51 [1/2] (0.00ns)   --->   "%call_ln63 = call void @stream2mem<512u, 32u, 2u>, i512 %gmem1, i64 %arg1_c, i32 %p_read_c, i512 %arg1_write_mem_strm" [/home/x_thileeb/repos/ops-hls-pact25-artifact/codegen_apps/jacobian3d/vck5000_project/hls/device/src/datamover_outerloop_0.cpp:63]   --->   Operation 51 'call' 'call_ln63' <Predicate = true> <Delay = 0.00> <CoreType = "Generic">   --->   Core 0 '' <Latency = 0> <II = 1> <Delay = 1.00> <Generic> <Opcode : >
ST_6 : Operation 52 [1/1] (0.00ns)   --->   "%ret_ln64 = ret" [/home/x_thileeb/repos/ops-hls-pact25-artifact/codegen_apps/jacobian3d/vck5000_project/hls/device/src/datamover_outerloop_0.cpp:64]   --->   Operation 52 'ret' 'ret_ln64' <Predicate = true> <Delay = 0.00>


============================================================
+ Verbose Summary: Binding
============================================================
STG Binding: 
---------------- STG Properties BEGIN ----------------
- Is combinational: 0
- Is one-state seq: 0
- Is datapath-only: 0
- Is pipelined: 0
- Is top level: 0
Port [ Return ] is wired: 1; IO mode=ap_ctrl_hs:ce=0
Port [ num_pkts]:  wired=1; compound=0; hidden=0; nouse=0; global=0; static=0; extern=0; dir=0; type=0; pingpong=0; private_global=0; IO mode=ap_none:ce=0
Port [ p_read]:  wired=1; compound=0; hidden=0; nouse=0; global=0; static=0; extern=0; dir=0; type=0; pingpong=0; private_global=0; IO mode=ap_none:ce=0
Port [ gmem0]:  wired=1; compound=1; hidden=0; nouse=0; global=0; static=0; extern=0; dir=0; type=4; pingpong=0; private_global=0; IO mode=m_axi:ce=0
Port [ arg0]:  wired=1; compound=0; hidden=0; nouse=0; global=0; static=0; extern=0; dir=0; type=0; pingpong=0; private_global=0; IO mode=ap_none:ce=0
Port [ gmem1]:  wired=1; compound=1; hidden=0; nouse=0; global=0; static=0; extern=0; dir=1; type=4; pingpong=0; private_global=0; IO mode=m_axi:ce=0
Port [ arg1]:  wired=1; compound=0; hidden=0; nouse=0; global=0; static=0; extern=0; dir=0; type=0; pingpong=0; private_global=0; IO mode=ap_none:ce=0
Port [ arg0_axis_out_V_data_V]:  wired=1; compound=1; hidden=0; nouse=0; global=0; static=0; extern=0; dir=1; type=0; pingpong=0; private_global=0; IO mode=axis:ce=0
Port [ arg0_axis_out_V_keep_V]:  wired=1; compound=1; hidden=0; nouse=0; global=0; static=0; extern=0; dir=1; type=0; pingpong=0; private_global=0; IO mode=axis:ce=0
Port [ arg0_axis_out_V_strb_V]:  wired=1; compound=1; hidden=0; nouse=0; global=0; static=0; extern=0; dir=1; type=0; pingpong=0; private_global=0; IO mode=axis:ce=0
Port [ arg0_axis_out_V_last_V]:  wired=1; compound=1; hidden=0; nouse=0; global=0; static=0; extern=0; dir=1; type=0; pingpong=0; private_global=0; IO mode=axis:ce=0
Port [ arg1_axis_in_V_data_V]:  wired=1; compound=1; hidden=0; nouse=0; global=0; static=0; extern=0; dir=0; type=0; pingpong=0; private_global=0; IO mode=axis:ce=0
Port [ arg1_axis_in_V_keep_V]:  wired=1; compound=1; hidden=0; nouse=0; global=0; static=0; extern=0; dir=0; type=0; pingpong=0; private_global=0; IO mode=axis:ce=0
Port [ arg1_axis_in_V_strb_V]:  wired=1; compound=1; hidden=0; nouse=0; global=0; static=0; extern=0; dir=0; type=0; pingpong=0; private_global=0; IO mode=axis:ce=0
Port [ arg1_axis_in_V_last_V]:  wired=1; compound=1; hidden=0; nouse=0; global=0; static=0; extern=0; dir=0; type=0; pingpong=0; private_global=0; IO mode=axis:ce=0
Port [ arg0_read_mem_strm]:  wired=0; compound=1; hidden=1; nouse=0; global=1; static=1; extern=0; dir=2; type=3; pingpong=0; private_global=0; IO mode=ap_fifo:ce=0
Port [ arg0_read_reduced_mem_strm]:  wired=0; compound=1; hidden=1; nouse=0; global=1; static=1; extern=0; dir=2; type=3; pingpong=0; private_global=0; IO mode=ap_fifo:ce=0
Port [ arg1_write_reduced_mem_strm]:  wired=0; compound=1; hidden=1; nouse=0; global=1; static=1; extern=0; dir=2; type=3; pingpong=0; private_global=0; IO mode=ap_fifo:ce=0
Port [ arg1_write_mem_strm]:  wired=0; compound=1; hidden=1; nouse=0; global=1; static=1; extern=0; dir=2; type=3; pingpong=0; private_global=0; IO mode=ap_fifo:ce=0
---------------- STG Properties END ------------------

---------------- Datapath Model BEGIN ----------------

<LifeTime>
<method=bitvector/>
arg1_read                 (read                ) [ 0000000]
arg0_read                 (read                ) [ 0010000]
p_read_2                  (read                ) [ 0010000]
num_pkts_read             (read                ) [ 0010000]
arg1_c                    (alloca              ) [ 0111111]
p_read_c16                (alloca              ) [ 0111111]
p_read_c15                (alloca              ) [ 0111111]
p_read_c                  (alloca              ) [ 0011111]
num_pkts_c                (alloca              ) [ 0111111]
call_ln40                 (call                ) [ 0000000]
call_ln57                 (call                ) [ 0000000]
call_ln60                 (call                ) [ 0000000]
call_ln58                 (call                ) [ 0000000]
call_ln62                 (call                ) [ 0000000]
specinterface_ln0         (specinterface       ) [ 0000000]
specinterface_ln0         (specinterface       ) [ 0000000]
specinterface_ln0         (specinterface       ) [ 0000000]
specinterface_ln0         (specinterface       ) [ 0000000]
empty                     (specchannel         ) [ 0000000]
empty_63                  (specchannel         ) [ 0000000]
empty_64                  (specchannel         ) [ 0000000]
empty_65                  (specchannel         ) [ 0000000]
empty_66                  (specchannel         ) [ 0000000]
specinterface_ln40        (specinterface       ) [ 0000000]
empty_67                  (specchannel         ) [ 0000000]
specinterface_ln40        (specinterface       ) [ 0000000]
empty_68                  (specchannel         ) [ 0000000]
specinterface_ln40        (specinterface       ) [ 0000000]
empty_69                  (specchannel         ) [ 0000000]
specinterface_ln40        (specinterface       ) [ 0000000]
empty_70                  (specchannel         ) [ 0000000]
specinterface_ln40        (specinterface       ) [ 0000000]
specdataflowpipeline_ln40 (specdataflowpipeline) [ 0000000]
specinterface_ln0         (specinterface       ) [ 0000000]
specinterface_ln0         (specinterface       ) [ 0000000]
specinterface_ln0         (specinterface       ) [ 0000000]
specinterface_ln0         (specinterface       ) [ 0000000]
call_ln59                 (call                ) [ 0000000]
call_ln63                 (call                ) [ 0000000]
ret_ln64                  (ret                 ) [ 0000000]
</LifeTime>

<model>

<comp_list>
<comp id="0" class="1000" name="num_pkts">
<pin_list>
<pin id="1" dir="1" index="0" bw="1" slack="0"/>
</pin_list>
<bind>
<StgValue><ssdm name="num_pkts"/></StgValue>
</bind>
</comp>

<comp id="2" class="1000" name="p_read">
<pin_list>
<pin id="3" dir="1" index="0" bw="1" slack="0"/>
</pin_list>
<bind>
<StgValue><ssdm name="p_read"/></StgValue>
</bind>
</comp>

<comp id="4" class="1000" name="gmem0">
<pin_list>
<pin id="5" dir="1" index="0" bw="1" slack="0"/>
</pin_list>
<bind>
<StgValue><ssdm name="gmem0"/></StgValue>
</bind>
</comp>

<comp id="6" class="1000" name="arg0">
<pin_list>
<pin id="7" dir="1" index="0" bw="1" slack="0"/>
</pin_list>
<bind>
<StgValue><ssdm name="arg0"/></StgValue>
</bind>
</comp>

<comp id="8" class="1000" name="gmem1">
<pin_list>
<pin id="9" dir="1" index="0" bw="1" slack="0"/>
</pin_list>
<bind>
<StgValue><ssdm name="gmem1"/></StgValue>
</bind>
</comp>

<comp id="10" class="1000" name="arg1">
<pin_list>
<pin id="11" dir="1" index="0" bw="1" slack="0"/>
</pin_list>
<bind>
<StgValue><ssdm name="arg1"/></StgValue>
</bind>
</comp>

<comp id="12" class="1000" name="arg0_axis_out_V_data_V">
<pin_list>
<pin id="13" dir="1" index="0" bw="1" slack="0"/>
</pin_list>
<bind>
<StgValue><ssdm name="arg0_axis_out_V_data_V"/></StgValue>
</bind>
</comp>

<comp id="14" class="1000" name="arg0_axis_out_V_keep_V">
<pin_list>
<pin id="15" dir="1" index="0" bw="1" slack="0"/>
</pin_list>
<bind>
<StgValue><ssdm name="arg0_axis_out_V_keep_V"/></StgValue>
</bind>
</comp>

<comp id="16" class="1000" name="arg0_axis_out_V_strb_V">
<pin_list>
<pin id="17" dir="1" index="0" bw="1" slack="0"/>
</pin_list>
<bind>
<StgValue><ssdm name="arg0_axis_out_V_strb_V"/></StgValue>
</bind>
</comp>

<comp id="18" class="1000" name="arg0_axis_out_V_last_V">
<pin_list>
<pin id="19" dir="1" index="0" bw="1" slack="0"/>
</pin_list>
<bind>
<StgValue><ssdm name="arg0_axis_out_V_last_V"/></StgValue>
</bind>
</comp>

<comp id="20" class="1000" name="arg1_axis_in_V_data_V">
<pin_list>
<pin id="21" dir="1" index="0" bw="1" slack="0"/>
</pin_list>
<bind>
<StgValue><ssdm name="arg1_axis_in_V_data_V"/></StgValue>
</bind>
</comp>

<comp id="22" class="1000" name="arg1_axis_in_V_keep_V">
<pin_list>
<pin id="23" dir="1" index="0" bw="1" slack="0"/>
</pin_list>
<bind>
<StgValue><ssdm name="arg1_axis_in_V_keep_V"/></StgValue>
</bind>
</comp>

<comp id="24" class="1000" name="arg1_axis_in_V_strb_V">
<pin_list>
<pin id="25" dir="1" index="0" bw="1" slack="0"/>
</pin_list>
<bind>
<StgValue><ssdm name="arg1_axis_in_V_strb_V"/></StgValue>
</bind>
</comp>

<comp id="26" class="1000" name="arg1_axis_in_V_last_V">
<pin_list>
<pin id="27" dir="1" index="0" bw="1" slack="0"/>
</pin_list>
<bind>
<StgValue><ssdm name="arg1_axis_in_V_last_V"/></StgValue>
</bind>
</comp>

<comp id="28" class="1000" name="arg0_read_mem_strm">
<pin_list>
<pin id="29" dir="1" index="0" bw="1" slack="0"/>
</pin_list>
<bind>
<StgValue><ssdm name="arg0_read_mem_strm"/></StgValue>
</bind>
</comp>

<comp id="30" class="1000" name="arg0_read_reduced_mem_strm">
<pin_list>
<pin id="31" dir="1" index="0" bw="1" slack="0"/>
</pin_list>
<bind>
<StgValue><ssdm name="arg0_read_reduced_mem_strm"/></StgValue>
</bind>
</comp>

<comp id="32" class="1000" name="arg1_write_reduced_mem_strm">
<pin_list>
<pin id="33" dir="1" index="0" bw="1" slack="0"/>
</pin_list>
<bind>
<StgValue><ssdm name="arg1_write_reduced_mem_strm"/></StgValue>
</bind>
</comp>

<comp id="34" class="1000" name="arg1_write_mem_strm">
<pin_list>
<pin id="35" dir="1" index="0" bw="1" slack="0"/>
</pin_list>
<bind>
<StgValue><ssdm name="arg1_write_mem_strm"/></StgValue>
</bind>
</comp>

<comp id="36" class="1001" name="const_36">
<pin_list>
<pin id="37" dir="1" index="0" bw="1" slack="0"/>
</pin_list>
<bind>
<StgValue><ssdm name="_ssdm_op_Read.ap_auto.i64"/></StgValue>
</bind>
</comp>

<comp id="38" class="1001" name="const_38">
<pin_list>
<pin id="39" dir="1" index="0" bw="1" slack="0"/>
</pin_list>
<bind>
<StgValue><ssdm name="_ssdm_op_Read.ap_auto.i32"/></StgValue>
</bind>
</comp>

<comp id="40" class="1001" name="const_40">
<pin_list>
<pin id="41" dir="1" index="0" bw="1" slack="0"/>
</pin_list>
<bind>
<StgValue><ssdm name=""/></StgValue>
</bind>
</comp>

<comp id="42" class="1001" name="const_42">
<pin_list>
<pin id="43" dir="1" index="0" bw="1" slack="0"/>
</pin_list>
<bind>
<StgValue><ssdm name="entry_proc"/></StgValue>
</bind>
</comp>

<comp id="44" class="1001" name="const_44">
<pin_list>
<pin id="45" dir="1" index="0" bw="1" slack="0"/>
</pin_list>
<bind>
<StgValue><ssdm name="mem2stream<512u, 32u, 2u>"/></StgValue>
</bind>
</comp>

<comp id="46" class="1001" name="const_46">
<pin_list>
<pin id="47" dir="1" index="0" bw="1" slack="0"/>
</pin_list>
<bind>
<StgValue><ssdm name="axis2stream<256u>"/></StgValue>
</bind>
</comp>

<comp id="48" class="1001" name="const_48">
<pin_list>
<pin id="49" dir="1" index="0" bw="1" slack="0"/>
</pin_list>
<bind>
<StgValue><ssdm name="stream2streamStepdown<512u, 256u>"/></StgValue>
</bind>
</comp>

<comp id="50" class="1001" name="const_50">
<pin_list>
<pin id="51" dir="1" index="0" bw="1" slack="0"/>
</pin_list>
<bind>
<StgValue><ssdm name="stream2streamStepup<256u, 512u>"/></StgValue>
</bind>
</comp>

<comp id="52" class="1001" name="const_52">
<pin_list>
<pin id="53" dir="1" index="0" bw="1" slack="0"/>
</pin_list>
<bind>
<StgValue><ssdm name="stream2axis<256u>"/></StgValue>
</bind>
</comp>

<comp id="54" class="1001" name="const_54">
<pin_list>
<pin id="55" dir="1" index="0" bw="1" slack="0"/>
</pin_list>
<bind>
<StgValue><ssdm name="stream2mem<512u, 32u, 2u>"/></StgValue>
</bind>
</comp>

<comp id="56" class="1001" name="const_56">
<pin_list>
<pin id="57" dir="1" index="0" bw="1" slack="2147483647"/>
</pin_list>
<bind>
<StgValue><ssdm name="_ssdm_op_SpecInterface"/></StgValue>
</bind>
</comp>

<comp id="58" class="1001" name="const_58">
<pin_list>
<pin id="59" dir="1" index="0" bw="1" slack="2147483647"/>
</pin_list>
<bind>
<StgValue><ssdm name="empty_7"/></StgValue>
</bind>
</comp>

<comp id="60" class="1001" name="const_60">
<pin_list>
<pin id="61" dir="1" index="0" bw="1" slack="2147483647"/>
</pin_list>
<bind>
<StgValue><ssdm name=""/></StgValue>
</bind>
</comp>

<comp id="62" class="1001" name="const_62">
<pin_list>
<pin id="63" dir="1" index="0" bw="1" slack="2147483647"/>
</pin_list>
<bind>
<StgValue><ssdm name="empty_27"/></StgValue>
</bind>
</comp>

<comp id="64" class="1001" name="const_64">
<pin_list>
<pin id="65" dir="1" index="0" bw="1" slack="2147483647"/>
</pin_list>
<bind>
<StgValue><ssdm name=""/></StgValue>
</bind>
</comp>

<comp id="66" class="1001" name="const_66">
<pin_list>
<pin id="67" dir="1" index="0" bw="1" slack="2147483647"/>
</pin_list>
<bind>
<StgValue><ssdm name="_ssdm_op_SpecChannel"/></StgValue>
</bind>
</comp>

<comp id="68" class="1001" name="const_68">
<pin_list>
<pin id="69" dir="1" index="0" bw="1" slack="2147483647"/>
</pin_list>
<bind>
<StgValue><ssdm name="arg0_read_mem_strm_str"/></StgValue>
</bind>
</comp>

<comp id="70" class="1001" name="const_70">
<pin_list>
<pin id="71" dir="1" index="0" bw="1" slack="2147483647"/>
</pin_list>
<bind>
<StgValue><ssdm name=""/></StgValue>
</bind>
</comp>

<comp id="72" class="1001" name="const_72">
<pin_list>
<pin id="73" dir="1" index="0" bw="1" slack="2147483647"/>
</pin_list>
<bind>
<StgValue><ssdm name="p_str"/></StgValue>
</bind>
</comp>

<comp id="74" class="1001" name="const_74">
<pin_list>
<pin id="75" dir="1" index="0" bw="1" slack="2147483647"/>
</pin_list>
<bind>
<StgValue><ssdm name=""/></StgValue>
</bind>
</comp>

<comp id="76" class="1001" name="const_76">
<pin_list>
<pin id="77" dir="1" index="0" bw="1" slack="2147483647"/>
</pin_list>
<bind>
<StgValue><ssdm name="arg0_read_reduced_mem_strm_str"/></StgValue>
</bind>
</comp>

<comp id="78" class="1001" name="const_78">
<pin_list>
<pin id="79" dir="1" index="0" bw="1" slack="2147483647"/>
</pin_list>
<bind>
<StgValue><ssdm name="arg1_write_mem_strm_str"/></StgValue>
</bind>
</comp>

<comp id="80" class="1001" name="const_80">
<pin_list>
<pin id="81" dir="1" index="0" bw="1" slack="2147483647"/>
</pin_list>
<bind>
<StgValue><ssdm name="arg1_write_reduced_mem_strm_str"/></StgValue>
</bind>
</comp>

<comp id="82" class="1001" name="const_82">
<pin_list>
<pin id="83" dir="1" index="0" bw="1" slack="2147483647"/>
</pin_list>
<bind>
<StgValue><ssdm name="arg1_c_str"/></StgValue>
</bind>
</comp>

<comp id="84" class="1001" name="const_84">
<pin_list>
<pin id="85" dir="1" index="0" bw="1" slack="2147483647"/>
</pin_list>
<bind>
<StgValue><ssdm name=""/></StgValue>
</bind>
</comp>

<comp id="86" class="1001" name="const_86">
<pin_list>
<pin id="87" dir="1" index="0" bw="1" slack="2147483647"/>
</pin_list>
<bind>
<StgValue><ssdm name="ap_fifo_str"/></StgValue>
</bind>
</comp>

<comp id="88" class="1001" name="const_88">
<pin_list>
<pin id="89" dir="1" index="0" bw="1" slack="2147483647"/>
</pin_list>
<bind>
<StgValue><ssdm name=""/></StgValue>
</bind>
</comp>

<comp id="90" class="1001" name="const_90">
<pin_list>
<pin id="91" dir="1" index="0" bw="1" slack="2147483647"/>
</pin_list>
<bind>
<StgValue><ssdm name="p_OC_read_c16_str"/></StgValue>
</bind>
</comp>

<comp id="92" class="1001" name="const_92">
<pin_list>
<pin id="93" dir="1" index="0" bw="1" slack="2147483647"/>
</pin_list>
<bind>
<StgValue><ssdm name="p_OC_read_c15_str"/></StgValue>
</bind>
</comp>

<comp id="94" class="1001" name="const_94">
<pin_list>
<pin id="95" dir="1" index="0" bw="1" slack="2147483647"/>
</pin_list>
<bind>
<StgValue><ssdm name=""/></StgValue>
</bind>
</comp>

<comp id="96" class="1001" name="const_96">
<pin_list>
<pin id="97" dir="1" index="0" bw="1" slack="2147483647"/>
</pin_list>
<bind>
<StgValue><ssdm name="p_OC_read_c_str"/></StgValue>
</bind>
</comp>

<comp id="98" class="1001" name="const_98">
<pin_list>
<pin id="99" dir="1" index="0" bw="1" slack="2147483647"/>
</pin_list>
<bind>
<StgValue><ssdm name="num_pkts_c_str"/></StgValue>
</bind>
</comp>

<comp id="100" class="1001" name="const_100">
<pin_list>
<pin id="101" dir="1" index="0" bw="1" slack="2147483647"/>
</pin_list>
<bind>
<StgValue><ssdm name="_ssdm_op_SpecDataflowPipeline"/></StgValue>
</bind>
</comp>

<comp id="102" class="1001" name="const_102">
<pin_list>
<pin id="103" dir="1" index="0" bw="1" slack="2147483647"/>
</pin_list>
<bind>
<StgValue><ssdm name="empty_21"/></StgValue>
</bind>
</comp>

<comp id="104" class="1001" name="const_104">
<pin_list>
<pin id="105" dir="1" index="0" bw="1" slack="2147483647"/>
</pin_list>
<bind>
<StgValue><ssdm name="empty_8"/></StgValue>
</bind>
</comp>

<comp id="106" class="1001" name="const_106">
<pin_list>
<pin id="107" dir="1" index="0" bw="1" slack="2147483647"/>
</pin_list>
<bind>
<StgValue><ssdm name="empty_31"/></StgValue>
</bind>
</comp>

<comp id="108" class="1001" name="const_108">
<pin_list>
<pin id="109" dir="1" index="0" bw="1" slack="2147483647"/>
</pin_list>
<bind>
<StgValue><ssdm name=""/></StgValue>
</bind>
</comp>

<comp id="110" class="1001" name="const_110">
<pin_list>
<pin id="111" dir="1" index="0" bw="1" slack="2147483647"/>
</pin_list>
<bind>
<StgValue><ssdm name=""/></StgValue>
</bind>
</comp>

<comp id="112" class="1001" name="const_112">
<pin_list>
<pin id="113" dir="1" index="0" bw="1" slack="2147483647"/>
</pin_list>
<bind>
<StgValue><ssdm name="empty_13"/></StgValue>
</bind>
</comp>

<comp id="114" class="1001" name="const_114">
<pin_list>
<pin id="115" dir="1" index="0" bw="1" slack="2147483647"/>
</pin_list>
<bind>
<StgValue><ssdm name="empty_34"/></StgValue>
</bind>
</comp>

<comp id="116" class="1004" name="arg1_c_fu_116">
<pin_list>
<pin id="117" dir="0" index="0" bw="1" slack="0"/>
<pin id="118" dir="1" index="1" bw="64" slack="0"/>
</pin_list>
<bind>
<opcode="alloca(26) " fcode="alloca"/>
<opset="arg1_c/1 "/>
</bind>
</comp>

<comp id="120" class="1004" name="p_read_c16_fu_120">
<pin_list>
<pin id="121" dir="0" index="0" bw="1" slack="0"/>
<pin id="122" dir="1" index="1" bw="32" slack="0"/>
</pin_list>
<bind>
<opcode="alloca(26) " fcode="alloca"/>
<opset="p_read_c16/1 "/>
</bind>
</comp>

<comp id="124" class="1004" name="p_read_c15_fu_124">
<pin_list>
<pin id="125" dir="0" index="0" bw="1" slack="0"/>
<pin id="126" dir="1" index="1" bw="32" slack="0"/>
</pin_list>
<bind>
<opcode="alloca(26) " fcode="alloca"/>
<opset="p_read_c15/1 "/>
</bind>
</comp>

<comp id="128" class="1004" name="p_read_c_fu_128">
<pin_list>
<pin id="129" dir="0" index="0" bw="1" slack="0"/>
<pin id="130" dir="1" index="1" bw="32" slack="2"/>
</pin_list>
<bind>
<opcode="alloca(26) " fcode="alloca"/>
<opset="p_read_c/1 "/>
</bind>
</comp>

<comp id="132" class="1004" name="num_pkts_c_fu_132">
<pin_list>
<pin id="133" dir="0" index="0" bw="1" slack="0"/>
<pin id="134" dir="1" index="1" bw="32" slack="0"/>
</pin_list>
<bind>
<opcode="alloca(26) " fcode="alloca"/>
<opset="num_pkts_c/1 "/>
</bind>
</comp>

<comp id="136" class="1004" name="arg1_read_read_fu_136">
<pin_list>
<pin id="137" dir="0" index="0" bw="64" slack="0"/>
<pin id="138" dir="0" index="1" bw="64" slack="0"/>
<pin id="139" dir="1" index="2" bw="64" slack="0"/>
</pin_list>
<bind>
<opcode="read(1150) " fcode="read"/>
<opset="arg1_read/1 "/>
</bind>
</comp>

<comp id="142" class="1004" name="arg0_read_read_fu_142">
<pin_list>
<pin id="143" dir="0" index="0" bw="64" slack="0"/>
<pin id="144" dir="0" index="1" bw="64" slack="0"/>
<pin id="145" dir="1" index="2" bw="64" slack="0"/>
</pin_list>
<bind>
<opcode="read(1150) " fcode="read"/>
<opset="arg0_read/1 "/>
</bind>
</comp>

<comp id="148" class="1004" name="p_read_2_read_fu_148">
<pin_list>
<pin id="149" dir="0" index="0" bw="32" slack="0"/>
<pin id="150" dir="0" index="1" bw="32" slack="0"/>
<pin id="151" dir="1" index="2" bw="32" slack="0"/>
</pin_list>
<bind>
<opcode="read(1150) " fcode="read"/>
<opset="p_read_2/1 "/>
</bind>
</comp>

<comp id="154" class="1004" name="num_pkts_read_read_fu_154">
<pin_list>
<pin id="155" dir="0" index="0" bw="32" slack="0"/>
<pin id="156" dir="0" index="1" bw="32" slack="0"/>
<pin id="157" dir="1" index="2" bw="32" slack="0"/>
</pin_list>
<bind>
<opcode="read(1150) " fcode="read"/>
<opset="num_pkts_read/1 "/>
</bind>
</comp>

<comp id="160" class="1004" name="call_ln40_entry_proc_fu_160">
<pin_list>
<pin id="161" dir="0" index="0" bw="0" slack="0"/>
<pin id="162" dir="0" index="1" bw="32" slack="0"/>
<pin id="163" dir="0" index="2" bw="32" slack="0"/>
<pin id="164" dir="0" index="3" bw="32" slack="0"/>
<pin id="165" dir="0" index="4" bw="32" slack="0"/>
<pin id="166" dir="0" index="5" bw="64" slack="0"/>
<pin id="167" dir="0" index="6" bw="64" slack="0"/>
<pin id="168" dir="1" index="7" bw="0" slack="2147483647"/>
</pin_list>
<bind>
<opcode="call(48) " fcode="call"/>
<opset="call_ln40/1 "/>
</bind>
</comp>

<comp id="173" class="1004" name="grp_mem2stream_512u_32u_2u_s_fu_173">
<pin_list>
<pin id="174" dir="0" index="0" bw="0" slack="0"/>
<pin id="175" dir="0" index="1" bw="512" slack="0"/>
<pin id="176" dir="0" index="2" bw="64" slack="0"/>
<pin id="177" dir="0" index="3" bw="32" slack="0"/>
<pin id="178" dir="0" index="4" bw="32" slack="0"/>
<pin id="179" dir="0" index="5" bw="512" slack="0"/>
<pin id="180" dir="1" index="6" bw="0" slack="2147483647"/>
</pin_list>
<bind>
<opcode="call(48) " fcode="call"/>
<opset="call_ln57/1 "/>
</bind>
</comp>

<comp id="186" class="1004" name="grp_axis2stream_256u_s_fu_186">
<pin_list>
<pin id="187" dir="0" index="0" bw="0" slack="0"/>
<pin id="188" dir="0" index="1" bw="256" slack="0"/>
<pin id="189" dir="0" index="2" bw="32" slack="0"/>
<pin id="190" dir="0" index="3" bw="32" slack="0"/>
<pin id="191" dir="0" index="4" bw="1" slack="0"/>
<pin id="192" dir="0" index="5" bw="32" slack="0"/>
<pin id="193" dir="0" index="6" bw="256" slack="0"/>
<pin id="194" dir="1" index="7" bw="0" slack="2147483647"/>
</pin_list>
<bind>
<opcode="call(48) " fcode="call"/>
<opset="call_ln60/1 "/>
</bind>
</comp>

<comp id="202" class="1004" name="grp_stream2streamStepdown_512u_256u_s_fu_202">
<pin_list>
<pin id="203" dir="0" index="0" bw="0" slack="0"/>
<pin id="204" dir="0" index="1" bw="32" slack="2"/>
<pin id="205" dir="0" index="2" bw="256" slack="0"/>
<pin id="206" dir="0" index="3" bw="512" slack="0"/>
<pin id="207" dir="1" index="4" bw="0" slack="2147483647"/>
</pin_list>
<bind>
<opcode="call(48) " fcode="call"/>
<opset="call_ln58/3 "/>
</bind>
</comp>

<comp id="211" class="1004" name="grp_stream2streamStepup_256u_512u_s_fu_211">
<pin_list>
<pin id="212" dir="0" index="0" bw="0" slack="0"/>
<pin id="213" dir="0" index="1" bw="32" slack="2"/>
<pin id="214" dir="0" index="2" bw="32" slack="2"/>
<pin id="215" dir="0" index="3" bw="256" slack="0"/>
<pin id="216" dir="0" index="4" bw="512" slack="0"/>
<pin id="217" dir="1" index="5" bw="0" slack="2147483647"/>
</pin_list>
<bind>
<opcode="call(48) " fcode="call"/>
<opset="call_ln62/3 "/>
</bind>
</comp>

<comp id="221" class="1004" name="grp_stream2axis_256u_s_fu_221">
<pin_list>
<pin id="222" dir="0" index="0" bw="0" slack="0"/>
<pin id="223" dir="0" index="1" bw="256" slack="0"/>
<pin id="224" dir="0" index="2" bw="32" slack="0"/>
<pin id="225" dir="0" index="3" bw="32" slack="0"/>
<pin id="226" dir="0" index="4" bw="1" slack="0"/>
<pin id="227" dir="0" index="5" bw="32" slack="4"/>
<pin id="228" dir="0" index="6" bw="256" slack="0"/>
<pin id="229" dir="1" index="7" bw="0" slack="2147483647"/>
</pin_list>
<bind>
<opcode="call(48) " fcode="call"/>
<opset="call_ln59/5 "/>
</bind>
</comp>

<comp id="236" class="1004" name="grp_stream2mem_512u_32u_2u_s_fu_236">
<pin_list>
<pin id="237" dir="0" index="0" bw="0" slack="0"/>
<pin id="238" dir="0" index="1" bw="512" slack="0"/>
<pin id="239" dir="0" index="2" bw="64" slack="4"/>
<pin id="240" dir="0" index="3" bw="32" slack="4"/>
<pin id="241" dir="0" index="4" bw="512" slack="0"/>
<pin id="242" dir="1" index="5" bw="0" slack="2147483647"/>
</pin_list>
<bind>
<opcode="call(48) " fcode="call"/>
<opset="call_ln63/5 "/>
</bind>
</comp>

<comp id="246" class="1005" name="arg0_read_reg_246">
<pin_list>
<pin id="247" dir="0" index="0" bw="64" slack="1"/>
<pin id="248" dir="1" index="1" bw="64" slack="1"/>
</pin_list>
<bind>
<opset="arg0_read "/>
</bind>
</comp>

<comp id="251" class="1005" name="p_read_2_reg_251">
<pin_list>
<pin id="252" dir="0" index="0" bw="32" slack="1"/>
<pin id="253" dir="1" index="1" bw="32" slack="1"/>
</pin_list>
<bind>
<opset="p_read_2 "/>
</bind>
</comp>

<comp id="256" class="1005" name="num_pkts_read_reg_256">
<pin_list>
<pin id="257" dir="0" index="0" bw="32" slack="1"/>
<pin id="258" dir="1" index="1" bw="32" slack="1"/>
</pin_list>
<bind>
<opset="num_pkts_read "/>
</bind>
</comp>

<comp id="261" class="1005" name="arg1_c_reg_261">
<pin_list>
<pin id="262" dir="0" index="0" bw="64" slack="0"/>
<pin id="263" dir="1" index="1" bw="64" slack="0"/>
</pin_list>
<bind>
<opset="arg1_c "/>
</bind>
</comp>

<comp id="267" class="1005" name="p_read_c16_reg_267">
<pin_list>
<pin id="268" dir="0" index="0" bw="32" slack="0"/>
<pin id="269" dir="1" index="1" bw="32" slack="0"/>
</pin_list>
<bind>
<opset="p_read_c16 "/>
</bind>
</comp>

<comp id="273" class="1005" name="p_read_c15_reg_273">
<pin_list>
<pin id="274" dir="0" index="0" bw="32" slack="0"/>
<pin id="275" dir="1" index="1" bw="32" slack="0"/>
</pin_list>
<bind>
<opset="p_read_c15 "/>
</bind>
</comp>

<comp id="279" class="1005" name="p_read_c_reg_279">
<pin_list>
<pin id="280" dir="0" index="0" bw="32" slack="2"/>
<pin id="281" dir="1" index="1" bw="32" slack="2"/>
</pin_list>
<bind>
<opset="p_read_c "/>
</bind>
</comp>

<comp id="285" class="1005" name="num_pkts_c_reg_285">
<pin_list>
<pin id="286" dir="0" index="0" bw="32" slack="0"/>
<pin id="287" dir="1" index="1" bw="32" slack="0"/>
</pin_list>
<bind>
<opset="num_pkts_c "/>
</bind>
</comp>

</comp_list>

<net_list>
<net id="119"><net_src comp="40" pin="0"/><net_sink comp="116" pin=0"/></net>

<net id="123"><net_src comp="40" pin="0"/><net_sink comp="120" pin=0"/></net>

<net id="127"><net_src comp="40" pin="0"/><net_sink comp="124" pin=0"/></net>

<net id="131"><net_src comp="40" pin="0"/><net_sink comp="128" pin=0"/></net>

<net id="135"><net_src comp="40" pin="0"/><net_sink comp="132" pin=0"/></net>

<net id="140"><net_src comp="36" pin="0"/><net_sink comp="136" pin=0"/></net>

<net id="141"><net_src comp="10" pin="0"/><net_sink comp="136" pin=1"/></net>

<net id="146"><net_src comp="36" pin="0"/><net_sink comp="142" pin=0"/></net>

<net id="147"><net_src comp="6" pin="0"/><net_sink comp="142" pin=1"/></net>

<net id="152"><net_src comp="38" pin="0"/><net_sink comp="148" pin=0"/></net>

<net id="153"><net_src comp="2" pin="0"/><net_sink comp="148" pin=1"/></net>

<net id="158"><net_src comp="38" pin="0"/><net_sink comp="154" pin=0"/></net>

<net id="159"><net_src comp="0" pin="0"/><net_sink comp="154" pin=1"/></net>

<net id="169"><net_src comp="42" pin="0"/><net_sink comp="160" pin=0"/></net>

<net id="170"><net_src comp="154" pin="2"/><net_sink comp="160" pin=1"/></net>

<net id="171"><net_src comp="148" pin="2"/><net_sink comp="160" pin=3"/></net>

<net id="172"><net_src comp="136" pin="2"/><net_sink comp="160" pin=5"/></net>

<net id="181"><net_src comp="44" pin="0"/><net_sink comp="173" pin=0"/></net>

<net id="182"><net_src comp="4" pin="0"/><net_sink comp="173" pin=1"/></net>

<net id="183"><net_src comp="142" pin="2"/><net_sink comp="173" pin=2"/></net>

<net id="184"><net_src comp="148" pin="2"/><net_sink comp="173" pin=3"/></net>

<net id="185"><net_src comp="28" pin="0"/><net_sink comp="173" pin=5"/></net>

<net id="195"><net_src comp="46" pin="0"/><net_sink comp="186" pin=0"/></net>

<net id="196"><net_src comp="20" pin="0"/><net_sink comp="186" pin=1"/></net>

<net id="197"><net_src comp="22" pin="0"/><net_sink comp="186" pin=2"/></net>

<net id="198"><net_src comp="24" pin="0"/><net_sink comp="186" pin=3"/></net>

<net id="199"><net_src comp="26" pin="0"/><net_sink comp="186" pin=4"/></net>

<net id="200"><net_src comp="154" pin="2"/><net_sink comp="186" pin=5"/></net>

<net id="201"><net_src comp="32" pin="0"/><net_sink comp="186" pin=6"/></net>

<net id="208"><net_src comp="48" pin="0"/><net_sink comp="202" pin=0"/></net>

<net id="209"><net_src comp="30" pin="0"/><net_sink comp="202" pin=2"/></net>

<net id="210"><net_src comp="28" pin="0"/><net_sink comp="202" pin=3"/></net>

<net id="218"><net_src comp="50" pin="0"/><net_sink comp="211" pin=0"/></net>

<net id="219"><net_src comp="32" pin="0"/><net_sink comp="211" pin=3"/></net>

<net id="220"><net_src comp="34" pin="0"/><net_sink comp="211" pin=4"/></net>

<net id="230"><net_src comp="52" pin="0"/><net_sink comp="221" pin=0"/></net>

<net id="231"><net_src comp="12" pin="0"/><net_sink comp="221" pin=1"/></net>

<net id="232"><net_src comp="14" pin="0"/><net_sink comp="221" pin=2"/></net>

<net id="233"><net_src comp="16" pin="0"/><net_sink comp="221" pin=3"/></net>

<net id="234"><net_src comp="18" pin="0"/><net_sink comp="221" pin=4"/></net>

<net id="235"><net_src comp="30" pin="0"/><net_sink comp="221" pin=6"/></net>

<net id="243"><net_src comp="54" pin="0"/><net_sink comp="236" pin=0"/></net>

<net id="244"><net_src comp="8" pin="0"/><net_sink comp="236" pin=1"/></net>

<net id="245"><net_src comp="34" pin="0"/><net_sink comp="236" pin=4"/></net>

<net id="249"><net_src comp="142" pin="2"/><net_sink comp="246" pin=0"/></net>

<net id="250"><net_src comp="246" pin="1"/><net_sink comp="173" pin=2"/></net>

<net id="254"><net_src comp="148" pin="2"/><net_sink comp="251" pin=0"/></net>

<net id="255"><net_src comp="251" pin="1"/><net_sink comp="173" pin=3"/></net>

<net id="259"><net_src comp="154" pin="2"/><net_sink comp="256" pin=0"/></net>

<net id="260"><net_src comp="256" pin="1"/><net_sink comp="186" pin=5"/></net>

<net id="264"><net_src comp="116" pin="1"/><net_sink comp="261" pin=0"/></net>

<net id="265"><net_src comp="261" pin="1"/><net_sink comp="160" pin=6"/></net>

<net id="266"><net_src comp="261" pin="1"/><net_sink comp="236" pin=2"/></net>

<net id="270"><net_src comp="120" pin="1"/><net_sink comp="267" pin=0"/></net>

<net id="271"><net_src comp="267" pin="1"/><net_sink comp="173" pin=4"/></net>

<net id="272"><net_src comp="267" pin="1"/><net_sink comp="202" pin=1"/></net>

<net id="276"><net_src comp="124" pin="1"/><net_sink comp="273" pin=0"/></net>

<net id="277"><net_src comp="273" pin="1"/><net_sink comp="160" pin=4"/></net>

<net id="278"><net_src comp="273" pin="1"/><net_sink comp="211" pin=1"/></net>

<net id="282"><net_src comp="128" pin="1"/><net_sink comp="279" pin=0"/></net>

<net id="283"><net_src comp="279" pin="1"/><net_sink comp="211" pin=2"/></net>

<net id="284"><net_src comp="279" pin="1"/><net_sink comp="236" pin=3"/></net>

<net id="288"><net_src comp="132" pin="1"/><net_sink comp="285" pin=0"/></net>

<net id="289"><net_src comp="285" pin="1"/><net_sink comp="160" pin=2"/></net>

<net id="290"><net_src comp="285" pin="1"/><net_sink comp="221" pin=5"/></net>

</net_list>

</model> 
---------------- Datapath Model END ------------------

* FSMD analyzer results:
  - Output states:
	Port: gmem0 | {}
	Port: gmem1 | {5 6 }
	Port: arg0_axis_out_V_data_V | {5 6 }
	Port: arg0_axis_out_V_keep_V | {5 6 }
	Port: arg0_axis_out_V_strb_V | {5 6 }
	Port: arg0_axis_out_V_last_V | {5 6 }
	Port: arg1_axis_in_V_data_V | {}
	Port: arg1_axis_in_V_keep_V | {}
	Port: arg1_axis_in_V_strb_V | {}
	Port: arg1_axis_in_V_last_V | {}
	Port: arg0_read_mem_strm | {1 2 }
	Port: arg0_read_reduced_mem_strm | {3 4 }
	Port: arg1_write_reduced_mem_strm | {1 2 }
	Port: arg1_write_mem_strm | {3 4 }
 - Input state : 
	Port: datamover_outerloop_0_dataflow_read_write_dataflow_region : num_pkts | {1 }
	Port: datamover_outerloop_0_dataflow_read_write_dataflow_region : p_read | {1 }
	Port: datamover_outerloop_0_dataflow_read_write_dataflow_region : gmem0 | {1 2 }
	Port: datamover_outerloop_0_dataflow_read_write_dataflow_region : arg0 | {1 }
	Port: datamover_outerloop_0_dataflow_read_write_dataflow_region : gmem1 | {}
	Port: datamover_outerloop_0_dataflow_read_write_dataflow_region : arg1 | {1 }
	Port: datamover_outerloop_0_dataflow_read_write_dataflow_region : arg0_axis_out_V_data_V | {}
	Port: datamover_outerloop_0_dataflow_read_write_dataflow_region : arg0_axis_out_V_keep_V | {}
	Port: datamover_outerloop_0_dataflow_read_write_dataflow_region : arg0_axis_out_V_strb_V | {}
	Port: datamover_outerloop_0_dataflow_read_write_dataflow_region : arg0_axis_out_V_last_V | {}
	Port: datamover_outerloop_0_dataflow_read_write_dataflow_region : arg1_axis_in_V_data_V | {1 2 }
	Port: datamover_outerloop_0_dataflow_read_write_dataflow_region : arg1_axis_in_V_keep_V | {1 2 }
	Port: datamover_outerloop_0_dataflow_read_write_dataflow_region : arg1_axis_in_V_strb_V | {1 2 }
	Port: datamover_outerloop_0_dataflow_read_write_dataflow_region : arg1_axis_in_V_last_V | {1 2 }
	Port: datamover_outerloop_0_dataflow_read_write_dataflow_region : arg0_read_mem_strm | {3 4 }
	Port: datamover_outerloop_0_dataflow_read_write_dataflow_region : arg0_read_reduced_mem_strm | {5 6 }
	Port: datamover_outerloop_0_dataflow_read_write_dataflow_region : arg1_write_reduced_mem_strm | {3 4 }
	Port: datamover_outerloop_0_dataflow_read_write_dataflow_region : arg1_write_mem_strm | {5 6 }
  - Chain level:
	State 1
		call_ln40 : 1
		call_ln57 : 1
	State 2
	State 3
	State 4
	State 5
	State 6


============================================================
+ Verbose Summary: Datapath Resource usage 
============================================================

* Functional unit list:
|----------|----------------------------------------------|---------|---------|---------|
| Operation|                Functional Unit               |  Delay  |    FF   |   LUT   |
|----------|----------------------------------------------|---------|---------|---------|
|          |          call_ln40_entry_proc_fu_160         |    0    |    0    |    0    |
|          |      grp_mem2stream_512u_32u_2u_s_fu_173     |   1.93  |   2594  |   526   |
|          |         grp_axis2stream_256u_s_fu_186        |    0    |   288   |    48   |
|   call   | grp_stream2streamStepdown_512u_256u_s_fu_202 |  0.811  |   2996  |   3641  |
|          |  grp_stream2streamStepup_256u_512u_s_fu_211  |  0.409  |   1946  |   2544  |
|          |         grp_stream2axis_256u_s_fu_221        |    0    |    64   |    48   |
|          |      grp_stream2mem_512u_32u_2u_s_fu_236     |  2.198  |   3586  |   521   |
|----------|----------------------------------------------|---------|---------|---------|
|          |             arg1_read_read_fu_136            |    0    |    0    |    0    |
|   read   |             arg0_read_read_fu_142            |    0    |    0    |    0    |
|          |             p_read_2_read_fu_148             |    0    |    0    |    0    |
|          |           num_pkts_read_read_fu_154          |    0    |    0    |    0    |
|----------|----------------------------------------------|---------|---------|---------|
|   Total  |                                              |  5.348  |  11474  |   7328  |
|----------|----------------------------------------------|---------|---------|---------|

Memories:
N/A

* Register list:
+---------------------+--------+
|                     |   FF   |
+---------------------+--------+
|  arg0_read_reg_246  |   64   |
|    arg1_c_reg_261   |   64   |
|  num_pkts_c_reg_285 |   32   |
|num_pkts_read_reg_256|   32   |
|   p_read_2_reg_251  |   32   |
|  p_read_c15_reg_273 |   32   |
|  p_read_c16_reg_267 |   32   |
|   p_read_c_reg_279  |   32   |
+---------------------+--------+
|        Total        |   320  |
+---------------------+--------+

* Multiplexer (MUX) list: 
|-------------------------------------|------|------|------|--------||---------||---------|
|                 Comp                |  Pin | Size |  BW  | S x BW ||  Delay  ||   LUT   |
|-------------------------------------|------|------|------|--------||---------||---------|
| grp_mem2stream_512u_32u_2u_s_fu_173 |  p2  |   2  |  64  |   128  ||    58   |
| grp_mem2stream_512u_32u_2u_s_fu_173 |  p3  |   2  |  32  |   64   ||    32   |
|    grp_axis2stream_256u_s_fu_186    |  p5  |   2  |  32  |   64   ||    32   |
|-------------------------------------|------|------|------|--------||---------||---------|
|                Total                |      |      |      |   256  ||  1.435  ||   122   |
|-------------------------------------|------|------|------|--------||---------||---------|



* Summary:
+-----------+--------+--------+--------+
|           |  Delay |   FF   |   LUT  |
+-----------+--------+--------+--------+
|  Function |    5   |  11474 |  7328  |
|   Memory  |    -   |    -   |    -   |
|Multiplexer|    1   |    -   |   122  |
|  Register |    -   |   320  |    -   |
+-----------+--------+--------+--------+
|   Total   |    6   |  11794 |  7450  |
+-----------+--------+--------+--------+
