

================================================================
== Vitis HLS Report for 'mem2stream_512u_32u_2u_Pipeline_VITIS_LOOP_431_1'
================================================================
* Date:           Sun Jul 26 01:22:50 2026

* Version:        2022.1 (Build 3526262 on Mon Apr 18 15:47:01 MDT 2022)
* Project:        datamover_outerloop_0
* Solution:       solution (Vitis Kernel Flow Target)
* Product family: versal
* Target device:  xcvc1902-vsvd1760-2MP-e-S


================================================================
== Performance Estimates
================================================================
+ Timing: 
    * Summary: 
    +--------+---------+----------+------------+
    |  Clock |  Target | Estimated| Uncertainty|
    +--------+---------+----------+------------+
    |ap_clk  |  3.33 ns|  2.433 ns|     0.90 ns|
    +--------+---------+----------+------------+

+ Latency: 
    * Summary: 
    +---------+---------+----------+----------+-----+-----+---------+
    |  Latency (cycles) |  Latency (absolute) |  Interval | Pipeline|
    |   min   |   max   |    min   |    max   | min | max |   Type  |
    +---------+---------+----------+----------+-----+-----+---------+
    |        ?|        ?|         ?|         ?|    ?|    ?|       no|
    +---------+---------+----------+----------+-----+-----+---------+

    + Detail: 
        * Instance: 
        N/A

        * Loop: 
        +--------------------+---------+---------+----------+-----------+-----------+------+----------+
        |                    |  Latency (cycles) | Iteration|  Initiation Interval  | Trip |          |
        |      Loop Name     |   min   |   max   |  Latency |  achieved |   target  | Count| Pipelined|
        +--------------------+---------+---------+----------+-----------+-----------+------+----------+
        |- VITIS_LOOP_431_1  |        ?|        ?|         3|          2|          2|     ?|       yes|
        +--------------------+---------+---------+----------+-----------+-----------+------+----------+



================================================================
== Utilization Estimates
================================================================
* Summary: 
+-----------------+---------+------+---------+--------+-----+
|       Name      | BRAM_18K|  DSP |    FF   |   LUT  | URAM|
+-----------------+---------+------+---------+--------+-----+
|DSP              |        -|     -|        -|       -|    -|
|Expression       |        -|     -|        0|      56|    -|
|FIFO             |        -|     -|        -|       -|    -|
|Instance         |        -|     -|        -|       -|    -|
|Memory           |        -|     -|        -|       -|    -|
|Multiplexer      |        -|     -|        -|      76|    -|
|Register         |        -|     -|      550|       -|    -|
+-----------------+---------+------+---------+--------+-----+
|Total            |        0|     0|      550|     132|    0|
+-----------------+---------+------+---------+--------+-----+
|Available        |     1934|  1968|  1799680|  899840|  463|
+-----------------+---------+------+---------+--------+-----+
|Utilization (%)  |        0|     0|       ~0|      ~0|    0|
+-----------------+---------+------+---------+--------+-----+

+ Detail: 
    * Instance: 
    N/A

    * DSP: 
    N/A

    * Memory: 
    N/A

    * FIFO: 
    N/A

    * Expression: 
    +----------------------------------+----------+----+---+----+------------+------------+
    |           Variable Name          | Operation| DSP| FF| LUT| Bitwidth P0| Bitwidth P1|
    +----------------------------------+----------+----+---+----+------------+------------+
    |add_ln450_fu_88_p2                |         +|   0|  0|  32|          32|           1|
    |ap_block_pp0_stage0_01001         |       and|   0|  0|   2|           1|           1|
    |ap_block_pp0_stage1_11001         |       and|   0|  0|   2|           1|           1|
    |ap_block_state2_pp0_stage1_iter0  |       and|   0|  0|   2|           1|           1|
    |icmp_ln431_fu_94_p2               |      icmp|   0|  0|  16|          32|          32|
    |ap_enable_pp0                     |       xor|   0|  0|   2|           1|           2|
    +----------------------------------+----------+----+---+----+------------+------------+
    |Total                             |          |   0|  0|  56|          68|          38|
    +----------------------------------+----------+----+---+----+------------+------------+

    * Multiplexer: 
    +--------------------------+----+-----------+-----+-----------+
    |           Name           | LUT| Input Size| Bits| Total Bits|
    +--------------------------+----+-----------+-----+-----------+
    |ap_NS_fsm                 |   2|          3|    1|          3|
    |ap_done_int               |   2|          2|    1|          2|
    |ap_enable_reg_pp0_iter0   |   2|          2|    1|          2|
    |ap_enable_reg_pp0_iter1   |   2|          2|    1|          2|
    |ap_sig_allocacmp_index_7  |  32|          2|   32|         64|
    |arg0_read_mem_strm_blk_n  |   2|          2|    1|          2|
    |gmem0_blk_n_R             |   2|          2|    1|          2|
    |index_fu_48               |  32|          2|   32|         64|
    +--------------------------+----+-----------+-----+-----------+
    |Total                     |  76|         17|   70|        141|
    +--------------------------+----+-----------+-----+-----------+

    * Register: 
    +-----------------------------+-----+----+-----+-----------+
    |             Name            |  FF | LUT| Bits| Const Bits|
    +-----------------------------+-----+----+-----+-----------+
    |ap_CS_fsm                    |    2|   0|    2|          0|
    |ap_done_reg                  |    1|   0|    1|          0|
    |ap_enable_reg_pp0_iter0_reg  |    1|   0|    1|          0|
    |ap_enable_reg_pp0_iter1      |    1|   0|    1|          0|
    |gmem0_addr_read_reg_127      |  512|   0|  512|          0|
    |icmp_ln431_reg_123           |    1|   0|    1|          0|
    |index_fu_48                  |   32|   0|   32|          0|
    +-----------------------------+-----+----+-----+-----------+
    |Total                        |  550|   0|  550|          0|
    +-----------------------------+-----+----+-----+-----------+



================================================================
== Interface
================================================================
* Summary: 
+-----------------------------------+-----+-----+------------+-----------------------------------------------------+--------------+
|             RTL Ports             | Dir | Bits|  Protocol  |                    Source Object                    |    C Type    |
+-----------------------------------+-----+-----+------------+-----------------------------------------------------+--------------+
|ap_clk                             |   in|    1|  ap_ctrl_hs|  mem2stream<512u, 32u, 2u>_Pipeline_VITIS_LOOP_431_1|  return value|
|ap_rst                             |   in|    1|  ap_ctrl_hs|  mem2stream<512u, 32u, 2u>_Pipeline_VITIS_LOOP_431_1|  return value|
|ap_start                           |   in|    1|  ap_ctrl_hs|  mem2stream<512u, 32u, 2u>_Pipeline_VITIS_LOOP_431_1|  return value|
|ap_done                            |  out|    1|  ap_ctrl_hs|  mem2stream<512u, 32u, 2u>_Pipeline_VITIS_LOOP_431_1|  return value|
|ap_idle                            |  out|    1|  ap_ctrl_hs|  mem2stream<512u, 32u, 2u>_Pipeline_VITIS_LOOP_431_1|  return value|
|ap_ready                           |  out|    1|  ap_ctrl_hs|  mem2stream<512u, 32u, 2u>_Pipeline_VITIS_LOOP_431_1|  return value|
|m_axi_gmem0_AWVALID                |  out|    1|       m_axi|                                                gmem0|       pointer|
|m_axi_gmem0_AWREADY                |   in|    1|       m_axi|                                                gmem0|       pointer|
|m_axi_gmem0_AWADDR                 |  out|   64|       m_axi|                                                gmem0|       pointer|
|m_axi_gmem0_AWID                   |  out|    1|       m_axi|                                                gmem0|       pointer|
|m_axi_gmem0_AWLEN                  |  out|   32|       m_axi|                                                gmem0|       pointer|
|m_axi_gmem0_AWSIZE                 |  out|    3|       m_axi|                                                gmem0|       pointer|
|m_axi_gmem0_AWBURST                |  out|    2|       m_axi|                                                gmem0|       pointer|
|m_axi_gmem0_AWLOCK                 |  out|    2|       m_axi|                                                gmem0|       pointer|
|m_axi_gmem0_AWCACHE                |  out|    4|       m_axi|                                                gmem0|       pointer|
|m_axi_gmem0_AWPROT                 |  out|    3|       m_axi|                                                gmem0|       pointer|
|m_axi_gmem0_AWQOS                  |  out|    4|       m_axi|                                                gmem0|       pointer|
|m_axi_gmem0_AWREGION               |  out|    4|       m_axi|                                                gmem0|       pointer|
|m_axi_gmem0_AWUSER                 |  out|    1|       m_axi|                                                gmem0|       pointer|
|m_axi_gmem0_WVALID                 |  out|    1|       m_axi|                                                gmem0|       pointer|
|m_axi_gmem0_WREADY                 |   in|    1|       m_axi|                                                gmem0|       pointer|
|m_axi_gmem0_WDATA                  |  out|  512|       m_axi|                                                gmem0|       pointer|
|m_axi_gmem0_WSTRB                  |  out|   64|       m_axi|                                                gmem0|       pointer|
|m_axi_gmem0_WLAST                  |  out|    1|       m_axi|                                                gmem0|       pointer|
|m_axi_gmem0_WID                    |  out|    1|       m_axi|                                                gmem0|       pointer|
|m_axi_gmem0_WUSER                  |  out|    1|       m_axi|                                                gmem0|       pointer|
|m_axi_gmem0_ARVALID                |  out|    1|       m_axi|                                                gmem0|       pointer|
|m_axi_gmem0_ARREADY                |   in|    1|       m_axi|                                                gmem0|       pointer|
|m_axi_gmem0_ARADDR                 |  out|   64|       m_axi|                                                gmem0|       pointer|
|m_axi_gmem0_ARID                   |  out|    1|       m_axi|                                                gmem0|       pointer|
|m_axi_gmem0_ARLEN                  |  out|   32|       m_axi|                                                gmem0|       pointer|
|m_axi_gmem0_ARSIZE                 |  out|    3|       m_axi|                                                gmem0|       pointer|
|m_axi_gmem0_ARBURST                |  out|    2|       m_axi|                                                gmem0|       pointer|
|m_axi_gmem0_ARLOCK                 |  out|    2|       m_axi|                                                gmem0|       pointer|
|m_axi_gmem0_ARCACHE                |  out|    4|       m_axi|                                                gmem0|       pointer|
|m_axi_gmem0_ARPROT                 |  out|    3|       m_axi|                                                gmem0|       pointer|
|m_axi_gmem0_ARQOS                  |  out|    4|       m_axi|                                                gmem0|       pointer|
|m_axi_gmem0_ARREGION               |  out|    4|       m_axi|                                                gmem0|       pointer|
|m_axi_gmem0_ARUSER                 |  out|    1|       m_axi|                                                gmem0|       pointer|
|m_axi_gmem0_RVALID                 |   in|    1|       m_axi|                                                gmem0|       pointer|
|m_axi_gmem0_RREADY                 |  out|    1|       m_axi|                                                gmem0|       pointer|
|m_axi_gmem0_RDATA                  |   in|  512|       m_axi|                                                gmem0|       pointer|
|m_axi_gmem0_RLAST                  |   in|    1|       m_axi|                                                gmem0|       pointer|
|m_axi_gmem0_RID                    |   in|    1|       m_axi|                                                gmem0|       pointer|
|m_axi_gmem0_RFIFONUM               |   in|    9|       m_axi|                                                gmem0|       pointer|
|m_axi_gmem0_RUSER                  |   in|    1|       m_axi|                                                gmem0|       pointer|
|m_axi_gmem0_RRESP                  |   in|    2|       m_axi|                                                gmem0|       pointer|
|m_axi_gmem0_BVALID                 |   in|    1|       m_axi|                                                gmem0|       pointer|
|m_axi_gmem0_BREADY                 |  out|    1|       m_axi|                                                gmem0|       pointer|
|m_axi_gmem0_BRESP                  |   in|    2|       m_axi|                                                gmem0|       pointer|
|m_axi_gmem0_BID                    |   in|    1|       m_axi|                                                gmem0|       pointer|
|m_axi_gmem0_BUSER                  |   in|    1|       m_axi|                                                gmem0|       pointer|
|sext_ln431                         |   in|   58|     ap_none|                                           sext_ln431|        scalar|
|burst_beats                        |   in|   32|     ap_none|                                          burst_beats|        scalar|
|arg0_read_mem_strm_din             |  out|  512|     ap_fifo|                                   arg0_read_mem_strm|       pointer|
|arg0_read_mem_strm_num_data_valid  |   in|    2|     ap_fifo|                                   arg0_read_mem_strm|       pointer|
|arg0_read_mem_strm_fifo_cap        |   in|    2|     ap_fifo|                                   arg0_read_mem_strm|       pointer|
|arg0_read_mem_strm_full_n          |   in|    1|     ap_fifo|                                   arg0_read_mem_strm|       pointer|
|arg0_read_mem_strm_write           |  out|    1|     ap_fifo|                                   arg0_read_mem_strm|       pointer|
+-----------------------------------+-----+-----+------------+-----------------------------------------------------+--------------+

============================================================
+ Verbose Summary: Synthesis Manager
============================================================
InlineROM: 1
ExposeGlobal: 0
============================================================
+ Verbose Summary: CDFG Model
============================================================
IsTopModel: 0
ResetActiveHigh: 1
IsCombinational: 2
IsDatapathOnly: 2
HasWiredReturn: 1
HasMFsm: 2
HasVarLatency: 1
IsPipeline: 0
IsRtlPipelined: 0
IsInstanceOverlapped: 0
IsDontTouch: 0
HasImplIP: 0
IsGatedGlobalClock: 0

+ Individual pipeline summary: 
  * Pipeline-0: initiation interval (II) = 2, depth = 3


============================================================
+ Verbose Summary: Schedule
============================================================
* Number of FSM states : 3
* Pipeline : 1
  Pipeline-0 : II = 2, D = 3, States = { 1 2 3 }
* Dataflow Pipeline: 0

* FSM state transitions: 
1 --> 2 
2 --> 3 
3 --> 

* FSM state operations: 

State 1 <SV = 0> <Delay = 1.36>
ST_1 : Operation 6 [1/1] (0.00ns)   --->   "%index = alloca i32 1"   --->   Operation 6 'alloca' 'index' <Predicate = true> <Delay = 0.00>
ST_1 : Operation 7 [1/1] (0.00ns)   --->   "%burst_beats_read = read i32 @_ssdm_op_Read.ap_auto.i32, i32 %burst_beats"   --->   Operation 7 'read' 'burst_beats_read' <Predicate = true> <Delay = 0.00>
ST_1 : Operation 8 [1/1] (0.00ns)   --->   "%sext_ln431_read = read i58 @_ssdm_op_Read.ap_auto.i58, i58 %sext_ln431"   --->   Operation 8 'read' 'sext_ln431_read' <Predicate = true> <Delay = 0.00>
ST_1 : Operation 9 [1/1] (0.00ns)   --->   "%sext_ln431_cast = sext i58 %sext_ln431_read"   --->   Operation 9 'sext' 'sext_ln431_cast' <Predicate = true> <Delay = 0.00>
ST_1 : Operation 10 [1/1] (0.00ns)   --->   "%specinterface_ln0 = specinterface void @_ssdm_op_SpecInterface, i512 %gmem0, void @empty_31, i32 0, i32 0, void @empty_27, i32 64, i32 4096, void @empty_13, void @empty_34, void @empty_27, i32 4, i32 4, i32 64, i32 64, void @empty_27, void @empty_27, i32 4294967295, i32 0"   --->   Operation 10 'specinterface' 'specinterface_ln0' <Predicate = true> <Delay = 0.00>
ST_1 : Operation 11 [1/1] (0.00ns)   --->   "%specinterface_ln0 = specinterface void @_ssdm_op_SpecInterface, i512 %arg0_read_mem_strm, void @empty_7, i32 0, i32 0, void @empty_27, i32 0, i32 0, void @empty_27, void @empty_27, void @empty_27, i32 0, i32 0, i32 0, i32 0, void @empty_27, void @empty_27, i32 4294967295, i32 0"   --->   Operation 11 'specinterface' 'specinterface_ln0' <Predicate = true> <Delay = 0.00>
ST_1 : Operation 12 [1/1] (0.46ns)   --->   "%store_ln0 = store i32 0, i32 %index"   --->   Operation 12 'store' 'store_ln0' <Predicate = true> <Delay = 0.46>
ST_1 : Operation 13 [1/1] (0.00ns)   --->   "%br_ln0 = br void %for.inc.i"   --->   Operation 13 'br' 'br_ln0' <Predicate = true> <Delay = 0.00>
ST_1 : Operation 14 [1/1] (0.00ns)   --->   "%index_7 = load i32 %index" [/home/x_thileeb/repos/ops-hls-pact25-artifact/OPS/ops/hls/include/device/../../L1/include/ops_hls_datamover.hpp:450]   --->   Operation 14 'load' 'index_7' <Predicate = true> <Delay = 0.00>
ST_1 : Operation 15 [1/1] (0.89ns)   --->   "%add_ln450 = add i32 %index_7, i32 1" [/home/x_thileeb/repos/ops-hls-pact25-artifact/OPS/ops/hls/include/device/../../L1/include/ops_hls_datamover.hpp:450]   --->   Operation 15 'add' 'add_ln450' <Predicate = true> <Delay = 0.89> <CoreInst = "Adder">   --->   Core 1 'Adder' <Latency = 0> <II = 1> <Delay = 0.89> <FuncUnit> <Opcode : 'add' 'sub'> <InPorts = 2> <OutPorts = 1>
ST_1 : Operation 16 [1/1] (0.70ns)   --->   "%icmp_ln431 = icmp_eq  i32 %index_7, i32 %burst_beats_read" [/home/x_thileeb/repos/ops-hls-pact25-artifact/OPS/ops/hls/include/device/../../L1/include/ops_hls_datamover.hpp:431]   --->   Operation 16 'icmp' 'icmp_ln431' <Predicate = true> <Delay = 0.70> <CoreInst = "Cmp">   --->   Core 9 'Cmp' <Latency = 0> <II = 1> <Delay = 0.70> <FuncUnit> <Opcode : 'icmp'> <InPorts = 2> <OutPorts = 1>
ST_1 : Operation 17 [1/1] (0.00ns)   --->   "%br_ln431 = br i1 %icmp_ln431, void %for.inc.split.i, void %VITIS_LOOP_453_2.i.loopexit.exitStub" [/home/x_thileeb/repos/ops-hls-pact25-artifact/OPS/ops/hls/include/device/../../L1/include/ops_hls_datamover.hpp:431]   --->   Operation 17 'br' 'br_ln431' <Predicate = true> <Delay = 0.00>
ST_1 : Operation 18 [1/1] (0.46ns)   --->   "%store_ln431 = store i32 %add_ln450, i32 %index" [/home/x_thileeb/repos/ops-hls-pact25-artifact/OPS/ops/hls/include/device/../../L1/include/ops_hls_datamover.hpp:431]   --->   Operation 18 'store' 'store_ln431' <Predicate = (!icmp_ln431)> <Delay = 0.46>

State 2 <SV = 1> <Delay = 2.43>
ST_2 : Operation 19 [1/1] (0.00ns)   --->   "%gmem0_addr = getelementptr i512 %gmem0, i64 %sext_ln431_cast" [/home/x_thileeb/repos/ops-hls-pact25-artifact/OPS/ops/hls/include/device/../../L1/include/ops_hls_datamover.hpp:431]   --->   Operation 19 'getelementptr' 'gmem0_addr' <Predicate = true> <Delay = 0.00>
ST_2 : Operation 20 [1/1] (2.43ns)   --->   "%gmem0_addr_read = read i512 @_ssdm_op_Read.m_axi.p1i512, i64 %gmem0_addr" [/home/x_thileeb/repos/ops-hls-pact25-artifact/OPS/ops/hls/include/device/../../L1/include/ops_hls_datamover.hpp:435]   --->   Operation 20 'read' 'gmem0_addr_read' <Predicate = (!icmp_ln431)> <Delay = 2.43> <CoreInst = "m_axi">   --->   Core 125 'm_axi' <Latency = 0> <II = 1> <Delay = 1.00> <Adapter> <Opcode : 'read' 'write' 'readreq' 'writereq' 'writeresp'>
ST_2 : Operation 25 [1/1] (0.00ns)   --->   "%ret_ln0 = ret"   --->   Operation 25 'ret' 'ret_ln0' <Predicate = (icmp_ln431)> <Delay = 0.00>

State 3 <SV = 2> <Delay = 0.86>
ST_3 : Operation 21 [1/1] (0.00ns)   --->   "%specpipeline_ln433 = specpipeline void @_ssdm_op_SpecPipeline, i32 2, i32 0, i32 0, i32 0, void @empty_27" [/home/x_thileeb/repos/ops-hls-pact25-artifact/OPS/ops/hls/include/device/../../L1/include/ops_hls_datamover.hpp:433]   --->   Operation 21 'specpipeline' 'specpipeline_ln433' <Predicate = true> <Delay = 0.00>
ST_3 : Operation 22 [1/1] (0.00ns)   --->   "%specloopname_ln429 = specloopname void @_ssdm_op_SpecLoopName, void @empty_30" [/home/x_thileeb/repos/ops-hls-pact25-artifact/OPS/ops/hls/include/device/../../L1/include/ops_hls_datamover.hpp:429]   --->   Operation 22 'specloopname' 'specloopname_ln429' <Predicate = true> <Delay = 0.00>
ST_3 : Operation 23 [1/1] (0.86ns)   --->   "%write_ln174 = write void @_ssdm_op_Write.ap_fifo.volatile.i512P0A, i512 %arg0_read_mem_strm, i512 %gmem0_addr_read" [/tools/Xilinx/Vitis_HLS/2022.1/common/technology/autopilot/hls_stream_39.h:174]   --->   Operation 23 'write' 'write_ln174' <Predicate = true> <Delay = 0.86> <CoreInst = "FIFO_SRL">   --->   Core 85 'FIFO_SRL' <Latency = 0> <II = 1> <Delay = 0.86> <Storage> <Opcode : 'read' 'write' 'nbread' 'nbwrite'> <Ports = 0> <Width = 512> <Depth = 2> <FIFO>
ST_3 : Operation 24 [1/1] (0.00ns)   --->   "%br_ln431 = br void %for.inc.i" [/home/x_thileeb/repos/ops-hls-pact25-artifact/OPS/ops/hls/include/device/../../L1/include/ops_hls_datamover.hpp:431]   --->   Operation 24 'br' 'br_ln431' <Predicate = true> <Delay = 0.00>


============================================================
+ Verbose Summary: Binding
============================================================
STG Binding: 
---------------- STG Properties BEGIN ----------------
- Is combinational: 0
- Is one-state seq: 0
- Is datapath-only: 0
- Is pipelined: 0
- Is top level: 0
Port [ Return ] is wired: 1; IO mode=ap_ctrl_hs:ce=0
Port [ gmem0]:  wired=1; compound=1; hidden=0; nouse=0; global=0; static=0; extern=0; dir=0; type=4; pingpong=0; private_global=0; IO mode=m_axi:ce=0
Port [ sext_ln431]:  wired=1; compound=0; hidden=0; nouse=0; global=0; static=0; extern=0; dir=0; type=0; pingpong=0; private_global=0; IO mode=ap_none:ce=0
Port [ burst_beats]:  wired=1; compound=0; hidden=0; nouse=0; global=0; static=0; extern=0; dir=0; type=0; pingpong=0; private_global=0; IO mode=ap_none:ce=0
Port [ arg0_read_mem_strm]:  wired=1; compound=1; hidden=0; nouse=0; global=1; static=1; extern=0; dir=1; type=3; pingpong=0; private_global=0; IO mode=ap_fifo:ce=0
---------------- STG Properties END ------------------

---------------- Datapath Model BEGIN ----------------

<LifeTime>
<method=bitvector/>
index              (alloca       ) [ 0100]
burst_beats_read   (read         ) [ 0000]
sext_ln431_read    (read         ) [ 0000]
sext_ln431_cast    (sext         ) [ 0010]
specinterface_ln0  (specinterface) [ 0000]
specinterface_ln0  (specinterface) [ 0000]
store_ln0          (store        ) [ 0000]
br_ln0             (br           ) [ 0000]
index_7            (load         ) [ 0000]
add_ln450          (add          ) [ 0000]
icmp_ln431         (icmp         ) [ 0110]
br_ln431           (br           ) [ 0000]
store_ln431        (store        ) [ 0000]
gmem0_addr         (getelementptr) [ 0000]
gmem0_addr_read    (read         ) [ 0101]
specpipeline_ln433 (specpipeline ) [ 0000]
specloopname_ln429 (specloopname ) [ 0000]
write_ln174        (write        ) [ 0000]
br_ln431           (br           ) [ 0000]
ret_ln0            (ret          ) [ 0000]
</LifeTime>

<model>

<comp_list>
<comp id="0" class="1000" name="gmem0">
<pin_list>
<pin id="1" dir="1" index="0" bw="1" slack="0"/>
</pin_list>
<bind>
<StgValue><ssdm name="gmem0"/></StgValue>
</bind>
</comp>

<comp id="2" class="1000" name="sext_ln431">
<pin_list>
<pin id="3" dir="1" index="0" bw="1" slack="0"/>
</pin_list>
<bind>
<StgValue><ssdm name="sext_ln431"/></StgValue>
</bind>
</comp>

<comp id="4" class="1000" name="burst_beats">
<pin_list>
<pin id="5" dir="1" index="0" bw="1" slack="0"/>
</pin_list>
<bind>
<StgValue><ssdm name="burst_beats"/></StgValue>
</bind>
</comp>

<comp id="6" class="1000" name="arg0_read_mem_strm">
<pin_list>
<pin id="7" dir="1" index="0" bw="1" slack="0"/>
</pin_list>
<bind>
<StgValue><ssdm name="arg0_read_mem_strm"/></StgValue>
</bind>
</comp>

<comp id="8" class="1001" name="const_8">
<pin_list>
<pin id="9" dir="1" index="0" bw="1" slack="0"/>
</pin_list>
<bind>
<StgValue><ssdm name=""/></StgValue>
</bind>
</comp>

<comp id="10" class="1001" name="const_10">
<pin_list>
<pin id="11" dir="1" index="0" bw="1" slack="0"/>
</pin_list>
<bind>
<StgValue><ssdm name="_ssdm_op_Read.ap_auto.i32"/></StgValue>
</bind>
</comp>

<comp id="12" class="1001" name="const_12">
<pin_list>
<pin id="13" dir="1" index="0" bw="1" slack="0"/>
</pin_list>
<bind>
<StgValue><ssdm name="_ssdm_op_Read.ap_auto.i58"/></StgValue>
</bind>
</comp>

<comp id="14" class="1001" name="const_14">
<pin_list>
<pin id="15" dir="1" index="0" bw="1" slack="2147483647"/>
</pin_list>
<bind>
<StgValue><ssdm name="_ssdm_op_SpecInterface"/></StgValue>
</bind>
</comp>

<comp id="16" class="1001" name="const_16">
<pin_list>
<pin id="17" dir="1" index="0" bw="1" slack="2147483647"/>
</pin_list>
<bind>
<StgValue><ssdm name="empty_31"/></StgValue>
</bind>
</comp>

<comp id="18" class="1001" name="const_18">
<pin_list>
<pin id="19" dir="1" index="0" bw="1" slack="0"/>
</pin_list>
<bind>
<StgValue><ssdm name=""/></StgValue>
</bind>
</comp>

<comp id="20" class="1001" name="const_20">
<pin_list>
<pin id="21" dir="1" index="0" bw="1" slack="2147483647"/>
</pin_list>
<bind>
<StgValue><ssdm name="empty_27"/></StgValue>
</bind>
</comp>

<comp id="22" class="1001" name="const_22">
<pin_list>
<pin id="23" dir="1" index="0" bw="1" slack="2147483647"/>
</pin_list>
<bind>
<StgValue><ssdm name=""/></StgValue>
</bind>
</comp>

<comp id="24" class="1001" name="const_24">
<pin_list>
<pin id="25" dir="1" index="0" bw="1" slack="2147483647"/>
</pin_list>
<bind>
<StgValue><ssdm name=""/></StgValue>
</bind>
</comp>

<comp id="26" class="1001" name="const_26">
<pin_list>
<pin id="27" dir="1" index="0" bw="1" slack="2147483647"/>
</pin_list>
<bind>
<StgValue><ssdm name="empty_13"/></StgValue>
</bind>
</comp>

<comp id="28" class="1001" name="const_28">
<pin_list>
<pin id="29" dir="1" index="0" bw="1" slack="2147483647"/>
</pin_list>
<bind>
<StgValue><ssdm name="empty_34"/></StgValue>
</bind>
</comp>

<comp id="30" class="1001" name="const_30">
<pin_list>
<pin id="31" dir="1" index="0" bw="1" slack="2147483647"/>
</pin_list>
<bind>
<StgValue><ssdm name=""/></StgValue>
</bind>
</comp>

<comp id="32" class="1001" name="const_32">
<pin_list>
<pin id="33" dir="1" index="0" bw="1" slack="2147483647"/>
</pin_list>
<bind>
<StgValue><ssdm name=""/></StgValue>
</bind>
</comp>

<comp id="34" class="1001" name="const_34">
<pin_list>
<pin id="35" dir="1" index="0" bw="1" slack="2147483647"/>
</pin_list>
<bind>
<StgValue><ssdm name="empty_7"/></StgValue>
</bind>
</comp>

<comp id="36" class="1001" name="const_36">
<pin_list>
<pin id="37" dir="1" index="0" bw="1" slack="0"/>
</pin_list>
<bind>
<StgValue><ssdm name="_ssdm_op_Read.m_axi.p1i512"/></StgValue>
</bind>
</comp>

<comp id="38" class="1001" name="const_38">
<pin_list>
<pin id="39" dir="1" index="0" bw="1" slack="2147483647"/>
</pin_list>
<bind>
<StgValue><ssdm name="_ssdm_op_SpecPipeline"/></StgValue>
</bind>
</comp>

<comp id="40" class="1001" name="const_40">
<pin_list>
<pin id="41" dir="1" index="0" bw="1" slack="2147483647"/>
</pin_list>
<bind>
<StgValue><ssdm name=""/></StgValue>
</bind>
</comp>

<comp id="42" class="1001" name="const_42">
<pin_list>
<pin id="43" dir="1" index="0" bw="1" slack="2147483647"/>
</pin_list>
<bind>
<StgValue><ssdm name="_ssdm_op_SpecLoopName"/></StgValue>
</bind>
</comp>

<comp id="44" class="1001" name="const_44">
<pin_list>
<pin id="45" dir="1" index="0" bw="1" slack="2147483647"/>
</pin_list>
<bind>
<StgValue><ssdm name="empty_30"/></StgValue>
</bind>
</comp>

<comp id="46" class="1001" name="const_46">
<pin_list>
<pin id="47" dir="1" index="0" bw="1" slack="0"/>
</pin_list>
<bind>
<StgValue><ssdm name="_ssdm_op_Write.ap_fifo.volatile.i512P0A"/></StgValue>
</bind>
</comp>

<comp id="48" class="1004" name="index_fu_48">
<pin_list>
<pin id="49" dir="0" index="0" bw="1" slack="0"/>
<pin id="50" dir="1" index="1" bw="32" slack="0"/>
</pin_list>
<bind>
<opcode="alloca(26) " fcode="alloca"/>
<opset="index/1 "/>
</bind>
</comp>

<comp id="52" class="1004" name="burst_beats_read_read_fu_52">
<pin_list>
<pin id="53" dir="0" index="0" bw="32" slack="0"/>
<pin id="54" dir="0" index="1" bw="32" slack="0"/>
<pin id="55" dir="1" index="2" bw="32" slack="0"/>
</pin_list>
<bind>
<opcode="read(1150) " fcode="read"/>
<opset="burst_beats_read/1 "/>
</bind>
</comp>

<comp id="58" class="1004" name="sext_ln431_read_read_fu_58">
<pin_list>
<pin id="59" dir="0" index="0" bw="58" slack="0"/>
<pin id="60" dir="0" index="1" bw="58" slack="0"/>
<pin id="61" dir="1" index="2" bw="58" slack="0"/>
</pin_list>
<bind>
<opcode="read(1150) " fcode="read"/>
<opset="sext_ln431_read/1 "/>
</bind>
</comp>

<comp id="64" class="1004" name="gmem0_addr_read_read_fu_64">
<pin_list>
<pin id="65" dir="0" index="0" bw="512" slack="0"/>
<pin id="66" dir="0" index="1" bw="512" slack="0"/>
<pin id="67" dir="1" index="2" bw="512" slack="1"/>
</pin_list>
<bind>
<opcode="read(1150) " fcode="read"/>
<opset="gmem0_addr_read/2 "/>
</bind>
</comp>

<comp id="69" class="1004" name="write_ln174_write_fu_69">
<pin_list>
<pin id="70" dir="0" index="0" bw="0" slack="0"/>
<pin id="71" dir="0" index="1" bw="512" slack="0"/>
<pin id="72" dir="0" index="2" bw="512" slack="1"/>
<pin id="73" dir="1" index="3" bw="0" slack="2147483647"/>
</pin_list>
<bind>
<opcode="write(1151) " fcode="write"/>
<opset="write_ln174/3 "/>
</bind>
</comp>

<comp id="76" class="1004" name="sext_ln431_cast_fu_76">
<pin_list>
<pin id="77" dir="0" index="0" bw="58" slack="0"/>
<pin id="78" dir="1" index="1" bw="64" slack="1"/>
</pin_list>
<bind>
<opcode="sext(35) " fcode="sext"/>
<opset="sext_ln431_cast/1 "/>
</bind>
</comp>

<comp id="80" class="1004" name="store_ln0_store_fu_80">
<pin_list>
<pin id="81" dir="0" index="0" bw="1" slack="0"/>
<pin id="82" dir="0" index="1" bw="32" slack="0"/>
<pin id="83" dir="1" index="2" bw="0" slack="2147483647"/>
</pin_list>
<bind>
<opcode="store(28) " fcode="store"/>
<opset="store_ln0/1 "/>
</bind>
</comp>

<comp id="85" class="1004" name="index_7_load_fu_85">
<pin_list>
<pin id="86" dir="0" index="0" bw="32" slack="0"/>
<pin id="87" dir="1" index="1" bw="32" slack="0"/>
</pin_list>
<bind>
<opcode="load(27) " fcode="load"/>
<opset="index_7/1 "/>
</bind>
</comp>

<comp id="88" class="1004" name="add_ln450_fu_88">
<pin_list>
<pin id="89" dir="0" index="0" bw="32" slack="0"/>
<pin id="90" dir="0" index="1" bw="1" slack="0"/>
<pin id="91" dir="1" index="2" bw="32" slack="0"/>
</pin_list>
<bind>
<opcode="add(8) " fcode="add"/>
<opset="add_ln450/1 "/>
</bind>
</comp>

<comp id="94" class="1004" name="icmp_ln431_fu_94">
<pin_list>
<pin id="95" dir="0" index="0" bw="32" slack="0"/>
<pin id="96" dir="0" index="1" bw="32" slack="0"/>
<pin id="97" dir="1" index="2" bw="1" slack="1"/>
</pin_list>
<bind>
<opcode="icmp(45) " fcode="icmp"/>
<opset="icmp_ln431/1 "/>
</bind>
</comp>

<comp id="100" class="1004" name="store_ln431_store_fu_100">
<pin_list>
<pin id="101" dir="0" index="0" bw="32" slack="0"/>
<pin id="102" dir="0" index="1" bw="32" slack="0"/>
<pin id="103" dir="1" index="2" bw="0" slack="2147483647"/>
</pin_list>
<bind>
<opcode="store(28) " fcode="store"/>
<opset="store_ln431/1 "/>
</bind>
</comp>

<comp id="105" class="1004" name="gmem0_addr_fu_105">
<pin_list>
<pin id="106" dir="0" index="0" bw="64" slack="0"/>
<pin id="107" dir="0" index="1" bw="64" slack="1"/>
<pin id="108" dir="1" index="2" bw="64" slack="0"/>
</pin_list>
<bind>
<opcode="getelementptr(29) " fcode="getelementptr"/>
<opset="gmem0_addr/2 "/>
</bind>
</comp>

<comp id="111" class="1005" name="index_reg_111">
<pin_list>
<pin id="112" dir="0" index="0" bw="32" slack="0"/>
<pin id="113" dir="1" index="1" bw="32" slack="0"/>
</pin_list>
<bind>
<opset="index "/>
</bind>
</comp>

<comp id="118" class="1005" name="sext_ln431_cast_reg_118">
<pin_list>
<pin id="119" dir="0" index="0" bw="64" slack="1"/>
<pin id="120" dir="1" index="1" bw="64" slack="1"/>
</pin_list>
<bind>
<opset="sext_ln431_cast "/>
</bind>
</comp>

<comp id="123" class="1005" name="icmp_ln431_reg_123">
<pin_list>
<pin id="124" dir="0" index="0" bw="1" slack="1"/>
<pin id="125" dir="1" index="1" bw="1" slack="2147483647"/>
</pin_list>
<bind>
<opset="icmp_ln431 "/>
</bind>
</comp>

<comp id="127" class="1005" name="gmem0_addr_read_reg_127">
<pin_list>
<pin id="128" dir="0" index="0" bw="512" slack="1"/>
<pin id="129" dir="1" index="1" bw="512" slack="1"/>
</pin_list>
<bind>
<opset="gmem0_addr_read "/>
</bind>
</comp>

</comp_list>

<net_list>
<net id="51"><net_src comp="8" pin="0"/><net_sink comp="48" pin=0"/></net>

<net id="56"><net_src comp="10" pin="0"/><net_sink comp="52" pin=0"/></net>

<net id="57"><net_src comp="4" pin="0"/><net_sink comp="52" pin=1"/></net>

<net id="62"><net_src comp="12" pin="0"/><net_sink comp="58" pin=0"/></net>

<net id="63"><net_src comp="2" pin="0"/><net_sink comp="58" pin=1"/></net>

<net id="68"><net_src comp="36" pin="0"/><net_sink comp="64" pin=0"/></net>

<net id="74"><net_src comp="46" pin="0"/><net_sink comp="69" pin=0"/></net>

<net id="75"><net_src comp="6" pin="0"/><net_sink comp="69" pin=1"/></net>

<net id="79"><net_src comp="58" pin="2"/><net_sink comp="76" pin=0"/></net>

<net id="84"><net_src comp="18" pin="0"/><net_sink comp="80" pin=0"/></net>

<net id="92"><net_src comp="85" pin="1"/><net_sink comp="88" pin=0"/></net>

<net id="93"><net_src comp="8" pin="0"/><net_sink comp="88" pin=1"/></net>

<net id="98"><net_src comp="85" pin="1"/><net_sink comp="94" pin=0"/></net>

<net id="99"><net_src comp="52" pin="2"/><net_sink comp="94" pin=1"/></net>

<net id="104"><net_src comp="88" pin="2"/><net_sink comp="100" pin=0"/></net>

<net id="109"><net_src comp="0" pin="0"/><net_sink comp="105" pin=0"/></net>

<net id="110"><net_src comp="105" pin="2"/><net_sink comp="64" pin=1"/></net>

<net id="114"><net_src comp="48" pin="1"/><net_sink comp="111" pin=0"/></net>

<net id="115"><net_src comp="111" pin="1"/><net_sink comp="80" pin=1"/></net>

<net id="116"><net_src comp="111" pin="1"/><net_sink comp="85" pin=0"/></net>

<net id="117"><net_src comp="111" pin="1"/><net_sink comp="100" pin=1"/></net>

<net id="121"><net_src comp="76" pin="1"/><net_sink comp="118" pin=0"/></net>

<net id="122"><net_src comp="118" pin="1"/><net_sink comp="105" pin=1"/></net>

<net id="126"><net_src comp="94" pin="2"/><net_sink comp="123" pin=0"/></net>

<net id="130"><net_src comp="64" pin="2"/><net_sink comp="127" pin=0"/></net>

<net id="131"><net_src comp="127" pin="1"/><net_sink comp="69" pin=2"/></net>

</net_list>

</model> 
---------------- Datapath Model END ------------------

* FSMD analyzer results:
  - Output states:
	Port: gmem0 | {}
	Port: arg0_read_mem_strm | {3 }
 - Input state : 
	Port: mem2stream<512u, 32u, 2u>_Pipeline_VITIS_LOOP_431_1 : gmem0 | {2 }
	Port: mem2stream<512u, 32u, 2u>_Pipeline_VITIS_LOOP_431_1 : sext_ln431 | {1 }
	Port: mem2stream<512u, 32u, 2u>_Pipeline_VITIS_LOOP_431_1 : burst_beats | {1 }
	Port: mem2stream<512u, 32u, 2u>_Pipeline_VITIS_LOOP_431_1 : arg0_read_mem_strm | {}
  - Chain level:
	State 1
		store_ln0 : 1
		index_7 : 1
		add_ln450 : 2
		icmp_ln431 : 2
		br_ln431 : 3
		store_ln431 : 3
	State 2
		gmem0_addr_read : 1
	State 3


============================================================
+ Verbose Summary: Datapath Resource usage 
============================================================

* Functional unit list:
|----------|-----------------------------|---------|---------|
| Operation|       Functional Unit       |    FF   |   LUT   |
|----------|-----------------------------|---------|---------|
|    add   |       add_ln450_fu_88       |    0    |    32   |
|----------|-----------------------------|---------|---------|
|   icmp   |       icmp_ln431_fu_94      |    0    |    16   |
|----------|-----------------------------|---------|---------|
|          | burst_beats_read_read_fu_52 |    0    |    0    |
|   read   |  sext_ln431_read_read_fu_58 |    0    |    0    |
|          |  gmem0_addr_read_read_fu_64 |    0    |    0    |
|----------|-----------------------------|---------|---------|
|   write  |   write_ln174_write_fu_69   |    0    |    0    |
|----------|-----------------------------|---------|---------|
|   sext   |    sext_ln431_cast_fu_76    |    0    |    0    |
|----------|-----------------------------|---------|---------|
|   Total  |                             |    0    |    48   |
|----------|-----------------------------|---------|---------|

Memories:
N/A

* Register list:
+-----------------------+--------+
|                       |   FF   |
+-----------------------+--------+
|gmem0_addr_read_reg_127|   512  |
|   icmp_ln431_reg_123  |    1   |
|     index_reg_111     |   32   |
|sext_ln431_cast_reg_118|   64   |
+-----------------------+--------+
|         Total         |   609  |
+-----------------------+--------+

* Multiplexer (MUX) list: 
|--------|------|------|------|--------|
|  Comp  |  Pin | Size |  BW  | S x BW |
|--------|------|------|------|--------|
|  Total |      |      |      |    0   |
|--------|------|------|------|--------|



* Summary:
+-----------+--------+--------+
|           |   FF   |   LUT  |
+-----------+--------+--------+
|  Function |    0   |   48   |
|   Memory  |    -   |    -   |
|Multiplexer|    -   |    -   |
|  Register |   609  |    -   |
+-----------+--------+--------+
|   Total   |   609  |   48   |
+-----------+--------+--------+
