

================================================================
== Vitis HLS Report for 'stream2mem_512u_32u_2u_Pipeline_VITIS_LOOP_567_1'
================================================================
* Date:           Sun Jul 26 01:22:53 2026

* Version:        2022.1 (Build 3526262 on Mon Apr 18 15:47:01 MDT 2022)
* Project:        datamover_outerloop_0
* Solution:       solution (Vitis Kernel Flow Target)
* Product family: versal
* Target device:  xcvc1902-vsvd1760-2MP-e-S


================================================================
== Performance Estimates
================================================================
+ Timing: 
    * Summary: 
    +--------+---------+----------+------------+
    |  Clock |  Target | Estimated| Uncertainty|
    +--------+---------+----------+------------+
    |ap_clk  |  3.33 ns|  2.433 ns|     0.90 ns|
    +--------+---------+----------+------------+

+ Latency: 
    * Summary: 
    +---------+---------+----------+----------+-----+-----+---------+
    |  Latency (cycles) |  Latency (absolute) |  Interval | Pipeline|
    |   min   |   max   |    min   |    max   | min | max |   Type  |
    +---------+---------+----------+----------+-----+-----+---------+
    |        ?|        ?|         ?|         ?|    ?|    ?|       no|
    +---------+---------+----------+----------+-----+-----+---------+

    + Detail: 
        * Instance: 
        N/A

        * Loop: 
        +--------------------+---------+---------+----------+-----------+-----------+------+----------+
        |                    |  Latency (cycles) | Iteration|  Initiation Interval  | Trip |          |
        |      Loop Name     |   min   |   max   |  Latency |  achieved |   target  | Count| Pipelined|
        +--------------------+---------+---------+----------+-----------+-----------+------+----------+
        |- VITIS_LOOP_567_1  |        ?|        ?|         3|          2|          2|     ?|       yes|
        +--------------------+---------+---------+----------+-----------+-----------+------+----------+



================================================================
== Utilization Estimates
================================================================
* Summary: 
+-----------------+---------+------+---------+--------+-----+
|       Name      | BRAM_18K|  DSP |    FF   |   LUT  | URAM|
+-----------------+---------+------+---------+--------+-----+
|DSP              |        -|     -|        -|       -|    -|
|Expression       |        -|     -|        0|      56|    -|
|FIFO             |        -|     -|        -|       -|    -|
|Instance         |        -|     -|        -|       -|    -|
|Memory           |        -|     -|        -|       -|    -|
|Multiplexer      |        -|     -|        -|      76|    -|
|Register         |        -|     -|      550|       -|    -|
+-----------------+---------+------+---------+--------+-----+
|Total            |        0|     0|      550|     132|    0|
+-----------------+---------+------+---------+--------+-----+
|Available        |     1934|  1968|  1799680|  899840|  463|
+-----------------+---------+------+---------+--------+-----+
|Utilization (%)  |        0|     0|       ~0|      ~0|    0|
+-----------------+---------+------+---------+--------+-----+

+ Detail: 
    * Instance: 
    N/A

    * DSP: 
    N/A

    * Memory: 
    N/A

    * FIFO: 
    N/A

    * Expression: 
    +----------------------------------+----------+----+---+----+------------+------------+
    |           Variable Name          | Operation| DSP| FF| LUT| Bitwidth P0| Bitwidth P1|
    +----------------------------------+----------+----+---+----+------------+------------+
    |add_ln576_fu_92_p2                |         +|   0|  0|  32|          32|           1|
    |ap_block_pp0_stage0_11001         |       and|   0|  0|   2|           1|           1|
    |ap_block_pp0_stage1_11001         |       and|   0|  0|   2|           1|           1|
    |ap_block_state2_pp0_stage1_iter0  |       and|   0|  0|   2|           1|           1|
    |icmp_ln567_fu_98_p2               |      icmp|   0|  0|  16|          32|          32|
    |ap_enable_pp0                     |       xor|   0|  0|   2|           1|           2|
    +----------------------------------+----------+----+---+----+------------+------------+
    |Total                             |          |   0|  0|  56|          68|          38|
    +----------------------------------+----------+----+---+----+------------+------------+

    * Multiplexer: 
    +---------------------------+----+-----------+-----+-----------+
    |            Name           | LUT| Input Size| Bits| Total Bits|
    +---------------------------+----+-----------+-----+-----------+
    |ap_NS_fsm                  |   2|          3|    1|          3|
    |ap_done_int                |   2|          2|    1|          2|
    |ap_enable_reg_pp0_iter0    |   2|          2|    1|          2|
    |ap_enable_reg_pp0_iter1    |   2|          2|    1|          2|
    |ap_sig_allocacmp_index_4   |  32|          2|   32|         64|
    |arg1_write_mem_strm_blk_n  |   2|          2|    1|          2|
    |gmem1_blk_n_W              |   2|          2|    1|          2|
    |index_fu_50                |  32|          2|   32|         64|
    +---------------------------+----+-----------+-----+-----------+
    |Total                      |  76|         17|   70|        141|
    +---------------------------+----+-----------+-----+-----------+

    * Register: 
    +-----------------------------+-----+----+-----+-----------+
    |             Name            |  FF | LUT| Bits| Const Bits|
    +-----------------------------+-----+----+-----+-----------+
    |ap_CS_fsm                    |    2|   0|    2|          0|
    |ap_done_reg                  |    1|   0|    1|          0|
    |ap_enable_reg_pp0_iter0_reg  |    1|   0|    1|          0|
    |ap_enable_reg_pp0_iter1      |    1|   0|    1|          0|
    |icmp_ln567_reg_126           |    1|   0|    1|          0|
    |index_fu_50                  |   32|   0|   32|          0|
    |tmp_reg_135                  |  512|   0|  512|          0|
    +-----------------------------+-----+----+-----+-----------+
    |Total                        |  550|   0|  550|          0|
    +-----------------------------+-----+----+-----+-----------+



================================================================
== Interface
================================================================
* Summary: 
+------------------------------------+-----+-----+------------+-----------------------------------------------------+--------------+
|              RTL Ports             | Dir | Bits|  Protocol  |                    Source Object                    |    C Type    |
+------------------------------------+-----+-----+------------+-----------------------------------------------------+--------------+
|ap_clk                              |   in|    1|  ap_ctrl_hs|  stream2mem<512u, 32u, 2u>_Pipeline_VITIS_LOOP_567_1|  return value|
|ap_rst                              |   in|    1|  ap_ctrl_hs|  stream2mem<512u, 32u, 2u>_Pipeline_VITIS_LOOP_567_1|  return value|
|ap_start                            |   in|    1|  ap_ctrl_hs|  stream2mem<512u, 32u, 2u>_Pipeline_VITIS_LOOP_567_1|  return value|
|ap_done                             |  out|    1|  ap_ctrl_hs|  stream2mem<512u, 32u, 2u>_Pipeline_VITIS_LOOP_567_1|  return value|
|ap_idle                             |  out|    1|  ap_ctrl_hs|  stream2mem<512u, 32u, 2u>_Pipeline_VITIS_LOOP_567_1|  return value|
|ap_ready                            |  out|    1|  ap_ctrl_hs|  stream2mem<512u, 32u, 2u>_Pipeline_VITIS_LOOP_567_1|  return value|
|arg1_write_mem_strm_dout            |   in|  512|     ap_fifo|                                  arg1_write_mem_strm|       pointer|
|arg1_write_mem_strm_num_data_valid  |   in|    2|     ap_fifo|                                  arg1_write_mem_strm|       pointer|
|arg1_write_mem_strm_fifo_cap        |   in|    2|     ap_fifo|                                  arg1_write_mem_strm|       pointer|
|arg1_write_mem_strm_empty_n         |   in|    1|     ap_fifo|                                  arg1_write_mem_strm|       pointer|
|arg1_write_mem_strm_read            |  out|    1|     ap_fifo|                                  arg1_write_mem_strm|       pointer|
|m_axi_gmem1_AWVALID                 |  out|    1|       m_axi|                                                gmem0|       pointer|
|m_axi_gmem1_AWREADY                 |   in|    1|       m_axi|                                                gmem0|       pointer|
|m_axi_gmem1_AWADDR                  |  out|   64|       m_axi|                                                gmem0|       pointer|
|m_axi_gmem1_AWID                    |  out|    1|       m_axi|                                                gmem0|       pointer|
|m_axi_gmem1_AWLEN                   |  out|   32|       m_axi|                                                gmem0|       pointer|
|m_axi_gmem1_AWSIZE                  |  out|    3|       m_axi|                                                gmem0|       pointer|
|m_axi_gmem1_AWBURST                 |  out|    2|       m_axi|                                                gmem0|       pointer|
|m_axi_gmem1_AWLOCK                  |  out|    2|       m_axi|                                                gmem0|       pointer|
|m_axi_gmem1_AWCACHE                 |  out|    4|       m_axi|                                                gmem0|       pointer|
|m_axi_gmem1_AWPROT                  |  out|    3|       m_axi|                                                gmem0|       pointer|
|m_axi_gmem1_AWQOS                   |  out|    4|       m_axi|                                                gmem0|       pointer|
|m_axi_gmem1_AWREGION                |  out|    4|       m_axi|                                                gmem0|       pointer|
|m_axi_gmem1_AWUSER                  |  out|    1|       m_axi|                                                gmem0|       pointer|
|m_axi_gmem1_WVALID                  |  out|    1|       m_axi|                                                gmem0|       pointer|
|m_axi_gmem1_WREADY                  |   in|    1|       m_axi|                                                gmem0|       pointer|
|m_axi_gmem1_WDATA                   |  out|  512|       m_axi|                                                gmem0|       pointer|
|m_axi_gmem1_WSTRB                   |  out|   64|       m_axi|                                                gmem0|       pointer|
|m_axi_gmem1_WLAST                   |  out|    1|       m_axi|                                                gmem0|       pointer|
|m_axi_gmem1_WID                     |  out|    1|       m_axi|                                                gmem0|       pointer|
|m_axi_gmem1_WUSER                   |  out|    1|       m_axi|                                                gmem0|       pointer|
|m_axi_gmem1_ARVALID                 |  out|    1|       m_axi|                                                gmem0|       pointer|
|m_axi_gmem1_ARREADY                 |   in|    1|       m_axi|                                                gmem0|       pointer|
|m_axi_gmem1_ARADDR                  |  out|   64|       m_axi|                                                gmem0|       pointer|
|m_axi_gmem1_ARID                    |  out|    1|       m_axi|                                                gmem0|       pointer|
|m_axi_gmem1_ARLEN                   |  out|   32|       m_axi|                                                gmem0|       pointer|
|m_axi_gmem1_ARSIZE                  |  out|    3|       m_axi|                                                gmem0|       pointer|
|m_axi_gmem1_ARBURST                 |  out|    2|       m_axi|                                                gmem0|       pointer|
|m_axi_gmem1_ARLOCK                  |  out|    2|       m_axi|                                                gmem0|       pointer|
|m_axi_gmem1_ARCACHE                 |  out|    4|       m_axi|                                                gmem0|       pointer|
|m_axi_gmem1_ARPROT                  |  out|    3|       m_axi|                                                gmem0|       pointer|
|m_axi_gmem1_ARQOS                   |  out|    4|       m_axi|                                                gmem0|       pointer|
|m_axi_gmem1_ARREGION                |  out|    4|       m_axi|                                                gmem0|       pointer|
|m_axi_gmem1_ARUSER                  |  out|    1|       m_axi|                                                gmem0|       pointer|
|m_axi_gmem1_RVALID                  |   in|    1|       m_axi|                                                gmem0|       pointer|
|m_axi_gmem1_RREADY                  |  out|    1|       m_axi|                                                gmem0|       pointer|
|m_axi_gmem1_RDATA                   |   in|  512|       m_axi|                                                gmem0|       pointer|
|m_axi_gmem1_RLAST                   |   in|    1|       m_axi|                                                gmem0|       pointer|
|m_axi_gmem1_RID                     |   in|    1|       m_axi|                                                gmem0|       pointer|
|m_axi_gmem1_RFIFONUM                |   in|    9|       m_axi|                                                gmem0|       pointer|
|m_axi_gmem1_RUSER                   |   in|    1|       m_axi|                                                gmem0|       pointer|
|m_axi_gmem1_RRESP                   |   in|    2|       m_axi|                                                gmem0|       pointer|
|m_axi_gmem1_BVALID                  |   in|    1|       m_axi|                                                gmem0|       pointer|
|m_axi_gmem1_BREADY                  |  out|    1|       m_axi|                                                gmem0|       pointer|
|m_axi_gmem1_BRESP                   |   in|    2|       m_axi|                                                gmem0|       pointer|
|m_axi_gmem1_BID                     |   in|    1|       m_axi|                                                gmem0|       pointer|
|m_axi_gmem1_BUSER                   |   in|    1|       m_axi|                                                gmem0|       pointer|
|sext_ln567                          |   in|   58|     ap_none|                                           sext_ln567|        scalar|
|burst_beats                         |   in|   32|     ap_none|                                          burst_beats|        scalar|
+------------------------------------+-----+-----+------------+-----------------------------------------------------+--------------+

============================================================
+ Verbose Summary: Synthesis Manager
============================================================
InlineROM: 1
ExposeGlobal: 0
============================================================
+ Verbose Summary: CDFG Model
============================================================
IsTopModel: 0
ResetActiveHigh: 1
IsCombinational: 2
IsDatapathOnly: 2
HasWiredReturn: 1
HasMFsm: 2
HasVarLatency: 1
IsPipeline: 0
IsRtlPipelined: 0
IsInstanceOverlapped: 0
IsDontTouch: 0
HasImplIP: 0
IsGatedGlobalClock: 0

+ Individual pipeline summary: 
  * Pipeline-0: initiation interval (II) = 2, depth = 3


============================================================
+ Verbose Summary: Schedule
============================================================
* Number of FSM states : 3
* Pipeline : 1
  Pipeline-0 : II = 2, D = 3, States = { 1 2 3 }
* Dataflow Pipeline: 0

* FSM state transitions: 
1 --> 2 
2 --> 3 
3 --> 

* FSM state operations: 

State 1 <SV = 0> <Delay = 1.36>
ST_1 : Operation 6 [1/1] (0.00ns)   --->   "%index = alloca i32 1"   --->   Operation 6 'alloca' 'index' <Predicate = true> <Delay = 0.00>
ST_1 : Operation 7 [1/1] (0.00ns)   --->   "%burst_beats_read = read i32 @_ssdm_op_Read.ap_auto.i32, i32 %burst_beats"   --->   Operation 7 'read' 'burst_beats_read' <Predicate = true> <Delay = 0.00>
ST_1 : Operation 8 [1/1] (0.00ns)   --->   "%sext_ln567_read = read i58 @_ssdm_op_Read.ap_auto.i58, i58 %sext_ln567"   --->   Operation 8 'read' 'sext_ln567_read' <Predicate = true> <Delay = 0.00>
ST_1 : Operation 9 [1/1] (0.00ns)   --->   "%sext_ln567_cast = sext i58 %sext_ln567_read"   --->   Operation 9 'sext' 'sext_ln567_cast' <Predicate = true> <Delay = 0.00>
ST_1 : Operation 10 [1/1] (0.00ns)   --->   "%specinterface_ln0 = specinterface void @_ssdm_op_SpecInterface, i512 %gmem1, void @empty_31, i32 0, i32 0, void @empty_27, i32 64, i32 4096, void @empty_13, void @empty_34, void @empty_27, i32 4, i32 4, i32 64, i32 64, void @empty_27, void @empty_27, i32 4294967295, i32 0"   --->   Operation 10 'specinterface' 'specinterface_ln0' <Predicate = true> <Delay = 0.00>
ST_1 : Operation 11 [1/1] (0.00ns)   --->   "%specinterface_ln0 = specinterface void @_ssdm_op_SpecInterface, i512 %arg1_write_mem_strm, void @empty_7, i32 0, i32 0, void @empty_27, i32 0, i32 0, void @empty_27, void @empty_27, void @empty_27, i32 0, i32 0, i32 0, i32 0, void @empty_27, void @empty_27, i32 4294967295, i32 0"   --->   Operation 11 'specinterface' 'specinterface_ln0' <Predicate = true> <Delay = 0.00>
ST_1 : Operation 12 [1/1] (0.46ns)   --->   "%store_ln0 = store i32 0, i32 %index"   --->   Operation 12 'store' 'store_ln0' <Predicate = true> <Delay = 0.46>
ST_1 : Operation 13 [1/1] (0.00ns)   --->   "%br_ln0 = br void %for.inc.i"   --->   Operation 13 'br' 'br_ln0' <Predicate = true> <Delay = 0.00>
ST_1 : Operation 14 [1/1] (0.00ns)   --->   "%index_4 = load i32 %index" [/home/x_thileeb/repos/ops-hls-pact25-artifact/OPS/ops/hls/include/device/../../L1/include/ops_hls_datamover.hpp:576]   --->   Operation 14 'load' 'index_4' <Predicate = true> <Delay = 0.00>
ST_1 : Operation 15 [1/1] (0.89ns)   --->   "%add_ln576 = add i32 %index_4, i32 1" [/home/x_thileeb/repos/ops-hls-pact25-artifact/OPS/ops/hls/include/device/../../L1/include/ops_hls_datamover.hpp:576]   --->   Operation 15 'add' 'add_ln576' <Predicate = true> <Delay = 0.89> <CoreInst = "Adder">   --->   Core 1 'Adder' <Latency = 0> <II = 1> <Delay = 0.89> <FuncUnit> <Opcode : 'add' 'sub'> <InPorts = 2> <OutPorts = 1>
ST_1 : Operation 16 [1/1] (0.70ns)   --->   "%icmp_ln567 = icmp_eq  i32 %index_4, i32 %burst_beats_read" [/home/x_thileeb/repos/ops-hls-pact25-artifact/OPS/ops/hls/include/device/../../L1/include/ops_hls_datamover.hpp:567]   --->   Operation 16 'icmp' 'icmp_ln567' <Predicate = true> <Delay = 0.70> <CoreInst = "Cmp">   --->   Core 9 'Cmp' <Latency = 0> <II = 1> <Delay = 0.70> <FuncUnit> <Opcode : 'icmp'> <InPorts = 2> <OutPorts = 1>
ST_1 : Operation 17 [1/1] (0.00ns)   --->   "%br_ln567 = br i1 %icmp_ln567, void %for.inc.split.i, void %VITIS_LOOP_580_2.loopexit.i.exitStub" [/home/x_thileeb/repos/ops-hls-pact25-artifact/OPS/ops/hls/include/device/../../L1/include/ops_hls_datamover.hpp:567]   --->   Operation 17 'br' 'br_ln567' <Predicate = true> <Delay = 0.00>
ST_1 : Operation 18 [1/1] (0.46ns)   --->   "%store_ln567 = store i32 %add_ln576, i32 %index" [/home/x_thileeb/repos/ops-hls-pact25-artifact/OPS/ops/hls/include/device/../../L1/include/ops_hls_datamover.hpp:567]   --->   Operation 18 'store' 'store_ln567' <Predicate = (!icmp_ln567)> <Delay = 0.46>

State 2 <SV = 1> <Delay = 0.86>
ST_2 : Operation 19 [1/1] (0.00ns)   --->   "%gmem1_addr = getelementptr i512 %gmem1, i64 %sext_ln567_cast" [/home/x_thileeb/repos/ops-hls-pact25-artifact/OPS/ops/hls/include/device/../../L1/include/ops_hls_datamover.hpp:567]   --->   Operation 19 'getelementptr' 'gmem1_addr' <Predicate = true> <Delay = 0.00>
ST_2 : Operation 20 [1/1] (0.86ns)   --->   "%tmp = read i512 @_ssdm_op_Read.ap_fifo.volatile.i512P0A, i512 %arg1_write_mem_strm" [/tools/Xilinx/Vitis_HLS/2022.1/common/technology/autopilot/hls_stream_39.h:145]   --->   Operation 20 'read' 'tmp' <Predicate = (!icmp_ln567)> <Delay = 0.86> <CoreInst = "FIFO_SRL">   --->   Core 85 'FIFO_SRL' <Latency = 0> <II = 1> <Delay = 0.86> <Storage> <Opcode : 'read' 'write' 'nbread' 'nbwrite'> <Ports = 0> <Width = 512> <Depth = 2> <FIFO>
ST_2 : Operation 25 [1/1] (0.00ns)   --->   "%ret_ln0 = ret"   --->   Operation 25 'ret' 'ret_ln0' <Predicate = (icmp_ln567)> <Delay = 0.00>

State 3 <SV = 2> <Delay = 2.43>
ST_3 : Operation 21 [1/1] (0.00ns)   --->   "%specpipeline_ln569 = specpipeline void @_ssdm_op_SpecPipeline, i32 2, i32 0, i32 0, i32 0, void @empty_27" [/home/x_thileeb/repos/ops-hls-pact25-artifact/OPS/ops/hls/include/device/../../L1/include/ops_hls_datamover.hpp:569]   --->   Operation 21 'specpipeline' 'specpipeline_ln569' <Predicate = true> <Delay = 0.00>
ST_3 : Operation 22 [1/1] (0.00ns)   --->   "%specloopname_ln565 = specloopname void @_ssdm_op_SpecLoopName, void @empty_23" [/home/x_thileeb/repos/ops-hls-pact25-artifact/OPS/ops/hls/include/device/../../L1/include/ops_hls_datamover.hpp:565]   --->   Operation 22 'specloopname' 'specloopname_ln565' <Predicate = true> <Delay = 0.00>
ST_3 : Operation 23 [1/1] (2.43ns)   --->   "%write_ln572 = write void @_ssdm_op_Write.m_axi.p1i512, i64 %gmem1_addr, i512 %tmp, i64 18446744073709551615" [/home/x_thileeb/repos/ops-hls-pact25-artifact/OPS/ops/hls/include/device/../../L1/include/ops_hls_datamover.hpp:572]   --->   Operation 23 'write' 'write_ln572' <Predicate = true> <Delay = 2.43> <CoreInst = "m_axi">   --->   Core 125 'm_axi' <Latency = 0> <II = 1> <Delay = 1.00> <Adapter> <Opcode : 'read' 'write' 'readreq' 'writereq' 'writeresp'>
ST_3 : Operation 24 [1/1] (0.00ns)   --->   "%br_ln567 = br void %for.inc.i" [/home/x_thileeb/repos/ops-hls-pact25-artifact/OPS/ops/hls/include/device/../../L1/include/ops_hls_datamover.hpp:567]   --->   Operation 24 'br' 'br_ln567' <Predicate = true> <Delay = 0.00>


============================================================
+ Verbose Summary: Binding
============================================================
STG Binding: 
---------------- STG Properties BEGIN ----------------
- Is combinational: 0
- Is one-state seq: 0
- Is datapath-only: 0
- Is pipelined: 0
- Is top level: 0
Port [ Return ] is wired: 1; IO mode=ap_ctrl_hs:ce=0
Port [ gmem1]:  wired=1; compound=1; hidden=0; nouse=0; global=0; static=0; extern=0; dir=1; type=4; pingpong=0; private_global=0; IO mode=m_axi:ce=0
Port [ sext_ln567]:  wired=1; compound=0; hidden=0; nouse=0; global=0; static=0; extern=0; dir=0; type=0; pingpong=0; private_global=0; IO mode=ap_none:ce=0
Port [ burst_beats]:  wired=1; compound=0; hidden=0; nouse=0; global=0; static=0; extern=0; dir=0; type=0; pingpong=0; private_global=0; IO mode=ap_none:ce=0
Port [ arg1_write_mem_strm]:  wired=1; compound=1; hidden=0; nouse=0; global=1; static=1; extern=0; dir=0; type=3; pingpong=0; private_global=0; IO mode=ap_fifo:ce=0
---------------- STG Properties END ------------------

---------------- Datapath Model BEGIN ----------------

<LifeTime>
<method=bitvector/>
index              (alloca       ) [ 0100]
burst_beats_read   (read         ) [ 0000]
sext_ln567_read    (read         ) [ 0000]
sext_ln567_cast    (sext         ) [ 0010]
specinterface_ln0  (specinterface) [ 0000]
specinterface_ln0  (specinterface) [ 0000]
store_ln0          (store        ) [ 0000]
br_ln0             (br           ) [ 0000]
index_4            (load         ) [ 0000]
add_ln576          (add          ) [ 0000]
icmp_ln567         (icmp         ) [ 0110]
br_ln567           (br           ) [ 0000]
store_ln567        (store        ) [ 0000]
gmem1_addr         (getelementptr) [ 0101]
tmp                (read         ) [ 0101]
specpipeline_ln569 (specpipeline ) [ 0000]
specloopname_ln565 (specloopname ) [ 0000]
write_ln572        (write        ) [ 0000]
br_ln567           (br           ) [ 0000]
ret_ln0            (ret          ) [ 0000]
</LifeTime>

<model>

<comp_list>
<comp id="0" class="1000" name="gmem1">
<pin_list>
<pin id="1" dir="1" index="0" bw="1" slack="0"/>
</pin_list>
<bind>
<StgValue><ssdm name="gmem1"/></StgValue>
</bind>
</comp>

<comp id="2" class="1000" name="sext_ln567">
<pin_list>
<pin id="3" dir="1" index="0" bw="1" slack="0"/>
</pin_list>
<bind>
<StgValue><ssdm name="sext_ln567"/></StgValue>
</bind>
</comp>

<comp id="4" class="1000" name="burst_beats">
<pin_list>
<pin id="5" dir="1" index="0" bw="1" slack="0"/>
</pin_list>
<bind>
<StgValue><ssdm name="burst_beats"/></StgValue>
</bind>
</comp>

<comp id="6" class="1000" name="arg1_write_mem_strm">
<pin_list>
<pin id="7" dir="1" index="0" bw="1" slack="0"/>
</pin_list>
<bind>
<StgValue><ssdm name="arg1_write_mem_strm"/></StgValue>
</bind>
</comp>

<comp id="8" class="1001" name="const_8">
<pin_list>
<pin id="9" dir="1" index="0" bw="1" slack="0"/>
</pin_list>
<bind>
<StgValue><ssdm name=""/></StgValue>
</bind>
</comp>

<comp id="10" class="1001" name="const_10">
<pin_list>
<pin id="11" dir="1" index="0" bw="1" slack="0"/>
</pin_list>
<bind>
<StgValue><ssdm name="_ssdm_op_Read.ap_auto.i32"/></StgValue>
</bind>
</comp>

<comp id="12" class="1001" name="const_12">
<pin_list>
<pin id="13" dir="1" index="0" bw="1" slack="0"/>
</pin_list>
<bind>
<StgValue><ssdm name="_ssdm_op_Read.ap_auto.i58"/></StgValue>
</bind>
</comp>

<comp id="14" class="1001" name="const_14">
<pin_list>
<pin id="15" dir="1" index="0" bw="1" slack="2147483647"/>
</pin_list>
<bind>
<StgValue><ssdm name="_ssdm_op_SpecInterface"/></StgValue>
</bind>
</comp>

<comp id="16" class="1001" name="const_16">
<pin_list>
<pin id="17" dir="1" index="0" bw="1" slack="2147483647"/>
</pin_list>
<bind>
<StgValue><ssdm name="empty_31"/></StgValue>
</bind>
</comp>

<comp id="18" class="1001" name="const_18">
<pin_list>
<pin id="19" dir="1" index="0" bw="1" slack="0"/>
</pin_list>
<bind>
<StgValue><ssdm name=""/></StgValue>
</bind>
</comp>

<comp id="20" class="1001" name="const_20">
<pin_list>
<pin id="21" dir="1" index="0" bw="1" slack="2147483647"/>
</pin_list>
<bind>
<StgValue><ssdm name="empty_27"/></StgValue>
</bind>
</comp>

<comp id="22" class="1001" name="const_22">
<pin_list>
<pin id="23" dir="1" index="0" bw="1" slack="2147483647"/>
</pin_list>
<bind>
<StgValue><ssdm name=""/></StgValue>
</bind>
</comp>

<comp id="24" class="1001" name="const_24">
<pin_list>
<pin id="25" dir="1" index="0" bw="1" slack="2147483647"/>
</pin_list>
<bind>
<StgValue><ssdm name=""/></StgValue>
</bind>
</comp>

<comp id="26" class="1001" name="const_26">
<pin_list>
<pin id="27" dir="1" index="0" bw="1" slack="2147483647"/>
</pin_list>
<bind>
<StgValue><ssdm name="empty_13"/></StgValue>
</bind>
</comp>

<comp id="28" class="1001" name="const_28">
<pin_list>
<pin id="29" dir="1" index="0" bw="1" slack="2147483647"/>
</pin_list>
<bind>
<StgValue><ssdm name="empty_34"/></StgValue>
</bind>
</comp>

<comp id="30" class="1001" name="const_30">
<pin_list>
<pin id="31" dir="1" index="0" bw="1" slack="2147483647"/>
</pin_list>
<bind>
<StgValue><ssdm name=""/></StgValue>
</bind>
</comp>

<comp id="32" class="1001" name="const_32">
<pin_list>
<pin id="33" dir="1" index="0" bw="1" slack="2147483647"/>
</pin_list>
<bind>
<StgValue><ssdm name=""/></StgValue>
</bind>
</comp>

<comp id="34" class="1001" name="const_34">
<pin_list>
<pin id="35" dir="1" index="0" bw="1" slack="2147483647"/>
</pin_list>
<bind>
<StgValue><ssdm name="empty_7"/></StgValue>
</bind>
</comp>

<comp id="36" class="1001" name="const_36">
<pin_list>
<pin id="37" dir="1" index="0" bw="1" slack="0"/>
</pin_list>
<bind>
<StgValue><ssdm name="_ssdm_op_Read.ap_fifo.volatile.i512P0A"/></StgValue>
</bind>
</comp>

<comp id="38" class="1001" name="const_38">
<pin_list>
<pin id="39" dir="1" index="0" bw="1" slack="2147483647"/>
</pin_list>
<bind>
<StgValue><ssdm name="_ssdm_op_SpecPipeline"/></StgValue>
</bind>
</comp>

<comp id="40" class="1001" name="const_40">
<pin_list>
<pin id="41" dir="1" index="0" bw="1" slack="2147483647"/>
</pin_list>
<bind>
<StgValue><ssdm name=""/></StgValue>
</bind>
</comp>

<comp id="42" class="1001" name="const_42">
<pin_list>
<pin id="43" dir="1" index="0" bw="1" slack="2147483647"/>
</pin_list>
<bind>
<StgValue><ssdm name="_ssdm_op_SpecLoopName"/></StgValue>
</bind>
</comp>

<comp id="44" class="1001" name="const_44">
<pin_list>
<pin id="45" dir="1" index="0" bw="1" slack="2147483647"/>
</pin_list>
<bind>
<StgValue><ssdm name="empty_23"/></StgValue>
</bind>
</comp>

<comp id="46" class="1001" name="const_46">
<pin_list>
<pin id="47" dir="1" index="0" bw="1" slack="0"/>
</pin_list>
<bind>
<StgValue><ssdm name="_ssdm_op_Write.m_axi.p1i512"/></StgValue>
</bind>
</comp>

<comp id="48" class="1001" name="const_48">
<pin_list>
<pin id="49" dir="1" index="0" bw="1" slack="0"/>
</pin_list>
<bind>
<StgValue><ssdm name=""/></StgValue>
</bind>
</comp>

<comp id="50" class="1004" name="index_fu_50">
<pin_list>
<pin id="51" dir="0" index="0" bw="1" slack="0"/>
<pin id="52" dir="1" index="1" bw="32" slack="0"/>
</pin_list>
<bind>
<opcode="alloca(26) " fcode="alloca"/>
<opset="index/1 "/>
</bind>
</comp>

<comp id="54" class="1004" name="burst_beats_read_read_fu_54">
<pin_list>
<pin id="55" dir="0" index="0" bw="32" slack="0"/>
<pin id="56" dir="0" index="1" bw="32" slack="0"/>
<pin id="57" dir="1" index="2" bw="32" slack="0"/>
</pin_list>
<bind>
<opcode="read(1150) " fcode="read"/>
<opset="burst_beats_read/1 "/>
</bind>
</comp>

<comp id="60" class="1004" name="sext_ln567_read_read_fu_60">
<pin_list>
<pin id="61" dir="0" index="0" bw="58" slack="0"/>
<pin id="62" dir="0" index="1" bw="58" slack="0"/>
<pin id="63" dir="1" index="2" bw="58" slack="0"/>
</pin_list>
<bind>
<opcode="read(1150) " fcode="read"/>
<opset="sext_ln567_read/1 "/>
</bind>
</comp>

<comp id="66" class="1004" name="tmp_read_fu_66">
<pin_list>
<pin id="67" dir="0" index="0" bw="512" slack="0"/>
<pin id="68" dir="0" index="1" bw="512" slack="0"/>
<pin id="69" dir="1" index="2" bw="512" slack="1"/>
</pin_list>
<bind>
<opcode="read(1150) " fcode="read"/>
<opset="tmp/2 "/>
</bind>
</comp>

<comp id="72" class="1004" name="write_ln572_write_fu_72">
<pin_list>
<pin id="73" dir="0" index="0" bw="0" slack="0"/>
<pin id="74" dir="0" index="1" bw="512" slack="1"/>
<pin id="75" dir="0" index="2" bw="512" slack="1"/>
<pin id="76" dir="0" index="3" bw="1" slack="0"/>
<pin id="77" dir="1" index="4" bw="0" slack="2147483647"/>
</pin_list>
<bind>
<opcode="write(1151) " fcode="write"/>
<opset="write_ln572/3 "/>
</bind>
</comp>

<comp id="80" class="1004" name="sext_ln567_cast_fu_80">
<pin_list>
<pin id="81" dir="0" index="0" bw="58" slack="0"/>
<pin id="82" dir="1" index="1" bw="64" slack="1"/>
</pin_list>
<bind>
<opcode="sext(35) " fcode="sext"/>
<opset="sext_ln567_cast/1 "/>
</bind>
</comp>

<comp id="84" class="1004" name="store_ln0_store_fu_84">
<pin_list>
<pin id="85" dir="0" index="0" bw="1" slack="0"/>
<pin id="86" dir="0" index="1" bw="32" slack="0"/>
<pin id="87" dir="1" index="2" bw="0" slack="2147483647"/>
</pin_list>
<bind>
<opcode="store(28) " fcode="store"/>
<opset="store_ln0/1 "/>
</bind>
</comp>

<comp id="89" class="1004" name="index_4_load_fu_89">
<pin_list>
<pin id="90" dir="0" index="0" bw="32" slack="0"/>
<pin id="91" dir="1" index="1" bw="32" slack="0"/>
</pin_list>
<bind>
<opcode="load(27) " fcode="load"/>
<opset="index_4/1 "/>
</bind>
</comp>

<comp id="92" class="1004" name="add_ln576_fu_92">
<pin_list>
<pin id="93" dir="0" index="0" bw="32" slack="0"/>
<pin id="94" dir="0" index="1" bw="1" slack="0"/>
<pin id="95" dir="1" index="2" bw="32" slack="0"/>
</pin_list>
<bind>
<opcode="add(8) " fcode="add"/>
<opset="add_ln576/1 "/>
</bind>
</comp>

<comp id="98" class="1004" name="icmp_ln567_fu_98">
<pin_list>
<pin id="99" dir="0" index="0" bw="32" slack="0"/>
<pin id="100" dir="0" index="1" bw="32" slack="0"/>
<pin id="101" dir="1" index="2" bw="1" slack="1"/>
</pin_list>
<bind>
<opcode="icmp(45) " fcode="icmp"/>
<opset="icmp_ln567/1 "/>
</bind>
</comp>

<comp id="104" class="1004" name="store_ln567_store_fu_104">
<pin_list>
<pin id="105" dir="0" index="0" bw="32" slack="0"/>
<pin id="106" dir="0" index="1" bw="32" slack="0"/>
<pin id="107" dir="1" index="2" bw="0" slack="2147483647"/>
</pin_list>
<bind>
<opcode="store(28) " fcode="store"/>
<opset="store_ln567/1 "/>
</bind>
</comp>

<comp id="109" class="1004" name="gmem1_addr_fu_109">
<pin_list>
<pin id="110" dir="0" index="0" bw="64" slack="0"/>
<pin id="111" dir="0" index="1" bw="64" slack="1"/>
<pin id="112" dir="1" index="2" bw="64" slack="1"/>
</pin_list>
<bind>
<opcode="getelementptr(29) " fcode="getelementptr"/>
<opset="gmem1_addr/2 "/>
</bind>
</comp>

<comp id="114" class="1005" name="index_reg_114">
<pin_list>
<pin id="115" dir="0" index="0" bw="32" slack="0"/>
<pin id="116" dir="1" index="1" bw="32" slack="0"/>
</pin_list>
<bind>
<opset="index "/>
</bind>
</comp>

<comp id="121" class="1005" name="sext_ln567_cast_reg_121">
<pin_list>
<pin id="122" dir="0" index="0" bw="64" slack="1"/>
<pin id="123" dir="1" index="1" bw="64" slack="1"/>
</pin_list>
<bind>
<opset="sext_ln567_cast "/>
</bind>
</comp>

<comp id="126" class="1005" name="icmp_ln567_reg_126">
<pin_list>
<pin id="127" dir="0" index="0" bw="1" slack="1"/>
<pin id="128" dir="1" index="1" bw="1" slack="2147483647"/>
</pin_list>
<bind>
<opset="icmp_ln567 "/>
</bind>
</comp>

<comp id="130" class="1005" name="gmem1_addr_reg_130">
<pin_list>
<pin id="131" dir="0" index="0" bw="512" slack="1"/>
<pin id="132" dir="1" index="1" bw="512" slack="1"/>
</pin_list>
<bind>
<opset="gmem1_addr "/>
</bind>
</comp>

<comp id="135" class="1005" name="tmp_reg_135">
<pin_list>
<pin id="136" dir="0" index="0" bw="512" slack="1"/>
<pin id="137" dir="1" index="1" bw="512" slack="1"/>
</pin_list>
<bind>
<opset="tmp "/>
</bind>
</comp>

</comp_list>

<net_list>
<net id="53"><net_src comp="8" pin="0"/><net_sink comp="50" pin=0"/></net>

<net id="58"><net_src comp="10" pin="0"/><net_sink comp="54" pin=0"/></net>

<net id="59"><net_src comp="4" pin="0"/><net_sink comp="54" pin=1"/></net>

<net id="64"><net_src comp="12" pin="0"/><net_sink comp="60" pin=0"/></net>

<net id="65"><net_src comp="2" pin="0"/><net_sink comp="60" pin=1"/></net>

<net id="70"><net_src comp="36" pin="0"/><net_sink comp="66" pin=0"/></net>

<net id="71"><net_src comp="6" pin="0"/><net_sink comp="66" pin=1"/></net>

<net id="78"><net_src comp="46" pin="0"/><net_sink comp="72" pin=0"/></net>

<net id="79"><net_src comp="48" pin="0"/><net_sink comp="72" pin=3"/></net>

<net id="83"><net_src comp="60" pin="2"/><net_sink comp="80" pin=0"/></net>

<net id="88"><net_src comp="18" pin="0"/><net_sink comp="84" pin=0"/></net>

<net id="96"><net_src comp="89" pin="1"/><net_sink comp="92" pin=0"/></net>

<net id="97"><net_src comp="8" pin="0"/><net_sink comp="92" pin=1"/></net>

<net id="102"><net_src comp="89" pin="1"/><net_sink comp="98" pin=0"/></net>

<net id="103"><net_src comp="54" pin="2"/><net_sink comp="98" pin=1"/></net>

<net id="108"><net_src comp="92" pin="2"/><net_sink comp="104" pin=0"/></net>

<net id="113"><net_src comp="0" pin="0"/><net_sink comp="109" pin=0"/></net>

<net id="117"><net_src comp="50" pin="1"/><net_sink comp="114" pin=0"/></net>

<net id="118"><net_src comp="114" pin="1"/><net_sink comp="84" pin=1"/></net>

<net id="119"><net_src comp="114" pin="1"/><net_sink comp="89" pin=0"/></net>

<net id="120"><net_src comp="114" pin="1"/><net_sink comp="104" pin=1"/></net>

<net id="124"><net_src comp="80" pin="1"/><net_sink comp="121" pin=0"/></net>

<net id="125"><net_src comp="121" pin="1"/><net_sink comp="109" pin=1"/></net>

<net id="129"><net_src comp="98" pin="2"/><net_sink comp="126" pin=0"/></net>

<net id="133"><net_src comp="109" pin="2"/><net_sink comp="130" pin=0"/></net>

<net id="134"><net_src comp="130" pin="1"/><net_sink comp="72" pin=1"/></net>

<net id="138"><net_src comp="66" pin="2"/><net_sink comp="135" pin=0"/></net>

<net id="139"><net_src comp="135" pin="1"/><net_sink comp="72" pin=2"/></net>

</net_list>

</model> 
---------------- Datapath Model END ------------------

* FSMD analyzer results:
  - Output states:
	Port: gmem1 | {3 }
	Port: arg1_write_mem_strm | {}
 - Input state : 
	Port: stream2mem<512u, 32u, 2u>_Pipeline_VITIS_LOOP_567_1 : gmem1 | {}
	Port: stream2mem<512u, 32u, 2u>_Pipeline_VITIS_LOOP_567_1 : sext_ln567 | {1 }
	Port: stream2mem<512u, 32u, 2u>_Pipeline_VITIS_LOOP_567_1 : burst_beats | {1 }
	Port: stream2mem<512u, 32u, 2u>_Pipeline_VITIS_LOOP_567_1 : arg1_write_mem_strm | {2 }
  - Chain level:
	State 1
		store_ln0 : 1
		index_4 : 1
		add_ln576 : 2
		icmp_ln567 : 2
		br_ln567 : 3
		store_ln567 : 3
	State 2
	State 3


============================================================
+ Verbose Summary: Datapath Resource usage 
============================================================

* Functional unit list:
|----------|-----------------------------|---------|---------|
| Operation|       Functional Unit       |    FF   |   LUT   |
|----------|-----------------------------|---------|---------|
|    add   |       add_ln576_fu_92       |    0    |    32   |
|----------|-----------------------------|---------|---------|
|   icmp   |       icmp_ln567_fu_98      |    0    |    16   |
|----------|-----------------------------|---------|---------|
|          | burst_beats_read_read_fu_54 |    0    |    0    |
|   read   |  sext_ln567_read_read_fu_60 |    0    |    0    |
|          |        tmp_read_fu_66       |    0    |    0    |
|----------|-----------------------------|---------|---------|
|   write  |   write_ln572_write_fu_72   |    0    |    0    |
|----------|-----------------------------|---------|---------|
|   sext   |    sext_ln567_cast_fu_80    |    0    |    0    |
|----------|-----------------------------|---------|---------|
|   Total  |                             |    0    |    48   |
|----------|-----------------------------|---------|---------|

Memories:
N/A

* Register list:
+-----------------------+--------+
|                       |   FF   |
+-----------------------+--------+
|   gmem1_addr_reg_130  |   512  |
|   icmp_ln567_reg_126  |    1   |
|     index_reg_114     |   32   |
|sext_ln567_cast_reg_121|   64   |
|      tmp_reg_135      |   512  |
+-----------------------+--------+
|         Total         |  1121  |
+-----------------------+--------+

* Multiplexer (MUX) list: 
|--------|------|------|------|--------|
|  Comp  |  Pin | Size |  BW  | S x BW |
|--------|------|------|------|--------|
|  Total |      |      |      |    0   |
|--------|------|------|------|--------|



* Summary:
+-----------+--------+--------+
|           |   FF   |   LUT  |
+-----------+--------+--------+
|  Function |    0   |   48   |
|   Memory  |    -   |    -   |
|Multiplexer|    -   |    -   |
|  Register |  1121  |    -   |
+-----------+--------+--------+
|   Total   |  1121  |   48   |
+-----------+--------+--------+
