

================================================================
== Vitis HLS Report for 'stream2streamStepup_256u_512u_Pipeline_VITIS_LOOP_809_1_VITIS_LOOP_811_2'
================================================================
* Date:           Sun Jul 26 01:22:52 2026

* Version:        2022.1 (Build 3526262 on Mon Apr 18 15:47:01 MDT 2022)
* Project:        datamover_outerloop_0
* Solution:       solution (Vitis Kernel Flow Target)
* Product family: versal
* Target device:  xcvc1902-vsvd1760-2MP-e-S


================================================================
== Performance Estimates
================================================================
+ Timing: 
    * Summary: 
    +--------+---------+----------+------------+
    |  Clock |  Target | Estimated| Uncertainty|
    +--------+---------+----------+------------+
    |ap_clk  |  3.33 ns|  1.943 ns|     0.90 ns|
    +--------+---------+----------+------------+

+ Latency: 
    * Summary: 
    +---------+---------+----------+----------+-----+-----+---------+
    |  Latency (cycles) |  Latency (absolute) |  Interval | Pipeline|
    |   min   |   max   |    min   |    max   | min | max |   Type  |
    +---------+---------+----------+----------+-----+-----+---------+
    |        ?|        ?|         ?|         ?|    ?|    ?|       no|
    +---------+---------+----------+----------+-----+-----+---------+

    + Detail: 
        * Instance: 
        N/A

        * Loop: 
        +-------------------------------------+---------+---------+----------+-----------+-----------+------+----------+
        |                                     |  Latency (cycles) | Iteration|  Initiation Interval  | Trip |          |
        |              Loop Name              |   min   |   max   |  Latency |  achieved |   target  | Count| Pipelined|
        +-------------------------------------+---------+---------+----------+-----------+-----------+------+----------+
        |- VITIS_LOOP_809_1_VITIS_LOOP_811_2  |        ?|        ?|         4|          1|          1|     ?|       yes|
        +-------------------------------------+---------+---------+----------+-----------+-----------+------+----------+



================================================================
== Utilization Estimates
================================================================
* Summary: 
+-----------------+---------+------+---------+--------+-----+
|       Name      | BRAM_18K|  DSP |    FF   |   LUT  | URAM|
+-----------------+---------+------+---------+--------+-----+
|DSP              |        -|     -|        -|       -|    -|
|Expression       |        -|     -|     2376|   10454|    -|
|FIFO             |        -|     -|        -|       -|    -|
|Instance         |        -|     -|        -|       -|    -|
|Memory           |        -|     -|        -|       -|    -|
|Multiplexer      |        -|     -|        -|      44|    -|
|Register         |        -|     -|     1841|       -|    -|
+-----------------+---------+------+---------+--------+-----+
|Total            |        0|     0|     4217|   10498|    0|
+-----------------+---------+------+---------+--------+-----+
|Available        |     1934|  1968|  1799680|  899840|  463|
+-----------------+---------+------+---------+--------+-----+
|Utilization (%)  |        0|     0|       ~0|       1|    0|
+-----------------+---------+------+---------+--------+-----+

+ Detail: 
    * Instance: 
    N/A

    * DSP: 
    N/A

    * Memory: 
    N/A

    * FIFO: 
    N/A

    * Expression: 
    +----------------------------------+----------+----+-----+------+------------+------------+
    |           Variable Name          | Operation| DSP|  FF |  LUT | Bitwidth P0| Bitwidth P1|
    +----------------------------------+----------+----+-----+------+------------+------------+
    |add_ln809_fu_100_p2               |         +|   0|    0|    33|          33|           1|
    |add_ln811_fu_163_p2               |         +|   0|    0|     5|           2|           1|
    |and_ln414_1_fu_275_p2             |       and|   0|    0|   215|         512|         512|
    |and_ln414_2_fu_281_p2             |       and|   0|    0|   215|         512|         512|
    |and_ln414_fu_246_p2               |       and|   0|    0|   215|         512|         512|
    |ap_block_state5_pp0_stage0_iter4  |       and|   0|    0|     2|           1|           1|
    |icmp_ln414_fu_151_p2              |      icmp|   0|    0|     5|           9|           9|
    |icmp_ln809_fu_106_p2              |      icmp|   0|    0|    16|          33|          33|
    |icmp_ln811_fu_119_p2              |      icmp|   0|    0|     1|           2|           3|
    |icmp_ln832_fu_157_p2              |      icmp|   0|    0|     1|           2|           1|
    |lshr_ln414_fu_240_p2              |      lshr|   0|  792|  3004|           2|         512|
    |ap_block_pp0_stage0_01001         |        or|   0|    0|     2|           1|           1|
    |arg1_write_mem_strm_din           |        or|   0|    0|   215|         512|         512|
    |or_ln830_fu_145_p2                |        or|   0|    0|     8|           9|           8|
    |select_ln414_1_fu_196_p3          |    select|   0|    0|     9|           1|          10|
    |select_ln414_2_fu_203_p3          |    select|   0|    0|     9|           1|          10|
    |select_ln414_3_fu_264_p3          |    select|   0|    0|   245|           1|         512|
    |select_ln414_fu_189_p3            |    select|   0|    0|     9|           1|          10|
    |select_ln811_fu_125_p3            |    select|   0|    0|     2|           1|           1|
    |shl_ln414_1_fu_234_p2             |       shl|   0|  792|  3004|           2|         512|
    |shl_ln414_fu_228_p2               |       shl|   0|  792|  3004|         512|         512|
    |ap_enable_pp0                     |       xor|   0|    0|     2|           1|           2|
    |xor_ln414_1_fu_210_p2             |       xor|   0|    0|     9|          10|           9|
    |xor_ln414_2_fu_270_p2             |       xor|   0|    0|   215|           2|         512|
    |xor_ln414_fu_183_p2               |       xor|   0|    0|     9|          10|           9|
    +----------------------------------+----------+----+-----+------+------------+------------+
    |Total                             |          |   0| 2376| 10454|        2684|        4717|
    +----------------------------------+----------+----+-----+------+------------+------------+

    * Multiplexer: 
    +-----------------------------------+----+-----------+-----+-----------+
    |                Name               | LUT| Input Size| Bits| Total Bits|
    +-----------------------------------+----+-----------+-----+-----------+
    |ap_done_int                        |   2|          2|    1|          2|
    |ap_enable_reg_pp0_iter1            |   2|          2|    1|          2|
    |ap_enable_reg_pp0_iter2            |   2|          2|    1|          2|
    |arg1_write_mem_strm_blk_n          |   2|          2|    1|          2|
    |arg1_write_reduced_mem_strm_blk_n  |   2|          2|    1|          2|
    |indvar_flatten_fu_64               |  32|          2|   33|         66|
    |n_fu_60                            |   2|          2|    2|          4|
    +-----------------------------------+----+-----------+-----+-----------+
    |Total                              |  44|         14|   40|         80|
    +-----------------------------------+----+-----------+-----+-----------+

    * Register: 
    +----------------------------------+-----+----+-----+-----------+
    |               Name               |  FF | LUT| Bits| Const Bits|
    +----------------------------------+-----+----+-----+-----------+
    |and_ln414_reg_360                 |  512|   0|  512|          0|
    |ap_CS_fsm                         |    1|   0|    1|          0|
    |ap_done_reg                       |    1|   0|    1|          0|
    |ap_enable_reg_pp0_iter1           |    1|   0|    1|          0|
    |ap_enable_reg_pp0_iter2           |    1|   0|    1|          0|
    |ap_enable_reg_pp0_iter3           |    1|   0|    1|          0|
    |ap_enable_reg_pp0_iter4           |    1|   0|    1|          0|
    |ap_loop_exit_ready_pp0_iter2_reg  |    1|   0|    1|          0|
    |ap_loop_exit_ready_pp0_iter3_reg  |    1|   0|    1|          0|
    |icmp_ln414_reg_342                |    1|   0|    1|          0|
    |icmp_ln414_reg_342_pp0_iter3_reg  |    1|   0|    1|          0|
    |icmp_ln832_reg_350                |    1|   0|    1|          0|
    |icmp_ln832_reg_350_pp0_iter3_reg  |    1|   0|    1|          0|
    |indvar_flatten_fu_64              |   33|   0|   33|          0|
    |n_fu_60                           |    2|   0|    2|          0|
    |or_ln830_reg_337                  |    1|   0|    9|          8|
    |p_Val2_s_fu_56                    |  512|   0|  512|          0|
    |shl_ln414_reg_354                 |  512|   0|  512|          0|
    |shl_ln_reg_332                    |    1|   0|    9|          8|
    |tmp1_V_reg_327                    |  256|   0|  256|          0|
    +----------------------------------+-----+----+-----+-----------+
    |Total                             | 1841|   0| 1857|         16|
    +----------------------------------+-----+----+-----+-----------+



================================================================
== Interface
================================================================
* Summary: 
+--------------------------------------------+-----+-----+------------+----------------------------------------------------------------------------+--------------+
|                  RTL Ports                 | Dir | Bits|  Protocol  |                                Source Object                               |    C Type    |
+--------------------------------------------+-----+-----+------------+----------------------------------------------------------------------------+--------------+
|ap_clk                                      |   in|    1|  ap_ctrl_hs|  stream2streamStepup<256u, 512u>_Pipeline_VITIS_LOOP_809_1_VITIS_LOOP_811_2|  return value|
|ap_rst                                      |   in|    1|  ap_ctrl_hs|  stream2streamStepup<256u, 512u>_Pipeline_VITIS_LOOP_809_1_VITIS_LOOP_811_2|  return value|
|ap_start                                    |   in|    1|  ap_ctrl_hs|  stream2streamStepup<256u, 512u>_Pipeline_VITIS_LOOP_809_1_VITIS_LOOP_811_2|  return value|
|ap_done                                     |  out|    1|  ap_ctrl_hs|  stream2streamStepup<256u, 512u>_Pipeline_VITIS_LOOP_809_1_VITIS_LOOP_811_2|  return value|
|ap_idle                                     |  out|    1|  ap_ctrl_hs|  stream2streamStepup<256u, 512u>_Pipeline_VITIS_LOOP_809_1_VITIS_LOOP_811_2|  return value|
|ap_ready                                    |  out|    1|  ap_ctrl_hs|  stream2streamStepup<256u, 512u>_Pipeline_VITIS_LOOP_809_1_VITIS_LOOP_811_2|  return value|
|arg1_write_reduced_mem_strm_dout            |   in|  256|     ap_fifo|                                                 arg1_write_reduced_mem_strm|       pointer|
|arg1_write_reduced_mem_strm_num_data_valid  |   in|    2|     ap_fifo|                                                 arg1_write_reduced_mem_strm|       pointer|
|arg1_write_reduced_mem_strm_fifo_cap        |   in|    2|     ap_fifo|                                                 arg1_write_reduced_mem_strm|       pointer|
|arg1_write_reduced_mem_strm_empty_n         |   in|    1|     ap_fifo|                                                 arg1_write_reduced_mem_strm|       pointer|
|arg1_write_reduced_mem_strm_read            |  out|    1|     ap_fifo|                                                 arg1_write_reduced_mem_strm|       pointer|
|arg1_write_mem_strm_din                     |  out|  512|     ap_fifo|                                                         arg1_write_mem_strm|       pointer|
|arg1_write_mem_strm_num_data_valid          |   in|    2|     ap_fifo|                                                         arg1_write_mem_strm|       pointer|
|arg1_write_mem_strm_fifo_cap                |   in|    2|     ap_fifo|                                                         arg1_write_mem_strm|       pointer|
|arg1_write_mem_strm_full_n                  |   in|    1|     ap_fifo|                                                         arg1_write_mem_strm|       pointer|
|arg1_write_mem_strm_write                   |  out|    1|     ap_fifo|                                                         arg1_write_mem_strm|       pointer|
|bound                                       |   in|   33|     ap_none|                                                                       bound|        scalar|
+--------------------------------------------+-----+-----+------------+----------------------------------------------------------------------------+--------------+

============================================================
+ Verbose Summary: Synthesis Manager
============================================================
InlineROM: 1
ExposeGlobal: 0
============================================================
+ Verbose Summary: CDFG Model
============================================================
IsTopModel: 0
ResetActiveHigh: 1
IsCombinational: 2
IsDatapathOnly: 2
HasWiredReturn: 1
HasMFsm: 2
HasVarLatency: 1
IsPipeline: 0
IsRtlPipelined: 0
IsInstanceOverlapped: 0
IsDontTouch: 0
HasImplIP: 0
IsGatedGlobalClock: 0

+ Individual pipeline summary: 
  * Pipeline-0: initiation interval (II) = 1, depth = 5


============================================================
+ Verbose Summary: Schedule
============================================================
* Number of FSM states : 5
* Pipeline : 1
  Pipeline-0 : II = 1, D = 5, States = { 1 2 3 4 5 }
* Dataflow Pipeline: 0

* FSM state transitions: 
1 --> 2 
2 --> 3 
3 --> 4 
4 --> 5 
5 --> 

* FSM state operations: 

State 1 <SV = 0> <Delay = 0.40>
ST_1 : Operation 7 [1/1] (0.00ns)   --->   "%p_Val2_s = alloca i32 1"   --->   Operation 7 'alloca' 'p_Val2_s' <Predicate = true> <Delay = 0.00>
ST_1 : Operation 8 [1/1] (0.00ns)   --->   "%n = alloca i32 1"   --->   Operation 8 'alloca' 'n' <Predicate = true> <Delay = 0.00>
ST_1 : Operation 9 [1/1] (0.00ns)   --->   "%indvar_flatten = alloca i32 1"   --->   Operation 9 'alloca' 'indvar_flatten' <Predicate = true> <Delay = 0.00>
ST_1 : Operation 10 [1/1] (0.00ns)   --->   "%specinterface_ln0 = specinterface void @_ssdm_op_SpecInterface, i512 %arg1_write_mem_strm, void @empty_7, i32 0, i32 0, void @empty_27, i32 0, i32 0, void @empty_27, void @empty_27, void @empty_27, i32 0, i32 0, i32 0, i32 0, void @empty_27, void @empty_27, i32 4294967295, i32 0"   --->   Operation 10 'specinterface' 'specinterface_ln0' <Predicate = true> <Delay = 0.00>
ST_1 : Operation 11 [1/1] (0.00ns)   --->   "%specinterface_ln0 = specinterface void @_ssdm_op_SpecInterface, i256 %arg1_write_reduced_mem_strm, void @empty_7, i32 0, i32 0, void @empty_27, i32 0, i32 0, void @empty_27, void @empty_27, void @empty_27, i32 0, i32 0, i32 0, i32 0, void @empty_27, void @empty_27, i32 4294967295, i32 0"   --->   Operation 11 'specinterface' 'specinterface_ln0' <Predicate = true> <Delay = 0.00>
ST_1 : Operation 12 [1/1] (0.00ns)   --->   "%bound_read = read i33 @_ssdm_op_Read.ap_auto.i33, i33 %bound" [/home/x_thileeb/repos/ops-hls-pact25-artifact/OPS/ops/hls/include/device/../../L1/include/ops_hls_datamover.hpp:785]   --->   Operation 12 'read' 'bound_read' <Predicate = true> <Delay = 0.00>
ST_1 : Operation 13 [1/1] (0.40ns)   --->   "%store_ln0 = store i33 0, i33 %indvar_flatten"   --->   Operation 13 'store' 'store_ln0' <Predicate = true> <Delay = 0.40>
ST_1 : Operation 14 [1/1] (0.33ns)   --->   "%store_ln0 = store i2 0, i2 %n"   --->   Operation 14 'store' 'store_ln0' <Predicate = true> <Delay = 0.33>
ST_1 : Operation 15 [1/1] (0.00ns)   --->   "%br_ln0 = br void %for.body4.i"   --->   Operation 15 'br' 'br_ln0' <Predicate = true> <Delay = 0.00>

State 2 <SV = 1> <Delay = 1.30>
ST_2 : Operation 16 [1/1] (0.00ns)   --->   "%indvar_flatten_load = load i33 %indvar_flatten" [/home/x_thileeb/repos/ops-hls-pact25-artifact/OPS/ops/hls/include/device/../../L1/include/ops_hls_datamover.hpp:809]   --->   Operation 16 'load' 'indvar_flatten_load' <Predicate = true> <Delay = 0.00>
ST_2 : Operation 17 [1/1] (0.89ns)   --->   "%add_ln809 = add i33 %indvar_flatten_load, i33 1" [/home/x_thileeb/repos/ops-hls-pact25-artifact/OPS/ops/hls/include/device/../../L1/include/ops_hls_datamover.hpp:809]   --->   Operation 17 'add' 'add_ln809' <Predicate = true> <Delay = 0.89> <CoreInst = "Adder">   --->   Core 1 'Adder' <Latency = 0> <II = 1> <Delay = 0.89> <FuncUnit> <Opcode : 'add' 'sub'> <InPorts = 2> <OutPorts = 1>
ST_2 : Operation 18 [1/1] (0.71ns)   --->   "%icmp_ln809 = icmp_eq  i33 %indvar_flatten_load, i33 %bound_read" [/home/x_thileeb/repos/ops-hls-pact25-artifact/OPS/ops/hls/include/device/../../L1/include/ops_hls_datamover.hpp:809]   --->   Operation 18 'icmp' 'icmp_ln809' <Predicate = true> <Delay = 0.71> <CoreInst = "Cmp">   --->   Core 9 'Cmp' <Latency = 0> <II = 1> <Delay = 0.71> <FuncUnit> <Opcode : 'icmp'> <InPorts = 2> <OutPorts = 1>
ST_2 : Operation 19 [1/1] (0.00ns)   --->   "%br_ln809 = br i1 %icmp_ln809, void %for.inc10.i, void %stream2streamStepup<256u, 512u>.exit.exitStub" [/home/x_thileeb/repos/ops-hls-pact25-artifact/OPS/ops/hls/include/device/../../L1/include/ops_hls_datamover.hpp:809]   --->   Operation 19 'br' 'br_ln809' <Predicate = true> <Delay = 0.00>
ST_2 : Operation 20 [1/1] (0.40ns)   --->   "%store_ln811 = store i33 %add_ln809, i33 %indvar_flatten" [/home/x_thileeb/repos/ops-hls-pact25-artifact/OPS/ops/hls/include/device/../../L1/include/ops_hls_datamover.hpp:811]   --->   Operation 20 'store' 'store_ln811' <Predicate = (!icmp_ln809)> <Delay = 0.40>

State 3 <SV = 2> <Delay = 1.56>
ST_3 : Operation 21 [1/1] (0.00ns)   --->   "%n_load = load i2 %n" [/home/x_thileeb/repos/ops-hls-pact25-artifact/OPS/ops/hls/include/device/../../L1/include/ops_hls_datamover.hpp:811]   --->   Operation 21 'load' 'n_load' <Predicate = true> <Delay = 0.00>
ST_3 : Operation 22 [1/1] (0.37ns)   --->   "%icmp_ln811 = icmp_eq  i2 %n_load, i2 2" [/home/x_thileeb/repos/ops-hls-pact25-artifact/OPS/ops/hls/include/device/../../L1/include/ops_hls_datamover.hpp:811]   --->   Operation 22 'icmp' 'icmp_ln811' <Predicate = true> <Delay = 0.37> <CoreInst = "Cmp">   --->   Core 9 'Cmp' <Latency = 0> <II = 1> <Delay = 0.38> <FuncUnit> <Opcode : 'icmp'> <InPorts = 2> <OutPorts = 1>
ST_3 : Operation 23 [1/1] (0.33ns)   --->   "%select_ln811 = select i1 %icmp_ln811, i2 0, i2 %n_load" [/home/x_thileeb/repos/ops-hls-pact25-artifact/OPS/ops/hls/include/device/../../L1/include/ops_hls_datamover.hpp:811]   --->   Operation 23 'select' 'select_ln811' <Predicate = true> <Delay = 0.33> <CoreInst = "Sel">   --->   Core 77 'Sel' <Latency = 0> <II = 1> <Delay = 0.33> <FuncUnit> <Opcode : 'select'> <InPorts = 3> <OutPorts = 1>
ST_3 : Operation 24 [1/1] (0.86ns)   --->   "%tmp1_V = read i256 @_ssdm_op_Read.ap_fifo.volatile.i256P0A, i256 %arg1_write_reduced_mem_strm" [/tools/Xilinx/Vitis_HLS/2022.1/common/technology/autopilot/hls_stream_39.h:145]   --->   Operation 24 'read' 'tmp1_V' <Predicate = true> <Delay = 0.86> <CoreInst = "FIFO_SRL">   --->   Core 85 'FIFO_SRL' <Latency = 0> <II = 1> <Delay = 0.86> <Storage> <Opcode : 'read' 'write' 'nbread' 'nbwrite'> <Ports = 0> <Width = 256> <Depth = 2> <FIFO>
ST_3 : Operation 25 [1/1] (0.00ns)   --->   "%trunc_ln830 = trunc i2 %select_ln811" [/home/x_thileeb/repos/ops-hls-pact25-artifact/OPS/ops/hls/include/device/../../L1/include/ops_hls_datamover.hpp:830]   --->   Operation 25 'trunc' 'trunc_ln830' <Predicate = true> <Delay = 0.00>
ST_3 : Operation 26 [1/1] (0.00ns)   --->   "%shl_ln = bitconcatenate i9 @_ssdm_op_BitConcatenate.i9.i1.i8, i1 %trunc_ln830, i8 0" [/home/x_thileeb/repos/ops-hls-pact25-artifact/OPS/ops/hls/include/device/../../L1/include/ops_hls_datamover.hpp:830]   --->   Operation 26 'bitconcatenate' 'shl_ln' <Predicate = true> <Delay = 0.00>
ST_3 : Operation 27 [1/1] (0.00ns)   --->   "%or_ln830 = or i9 %shl_ln, i9 255" [/home/x_thileeb/repos/ops-hls-pact25-artifact/OPS/ops/hls/include/device/../../L1/include/ops_hls_datamover.hpp:830]   --->   Operation 27 'or' 'or_ln830' <Predicate = true> <Delay = 0.00>
ST_3 : Operation 28 [1/1] (0.62ns)   --->   "%icmp_ln414 = icmp_ugt  i9 %shl_ln, i9 %or_ln830"   --->   Operation 28 'icmp' 'icmp_ln414' <Predicate = true> <Delay = 0.62> <CoreInst = "Cmp">   --->   Core 9 'Cmp' <Latency = 0> <II = 1> <Delay = 0.62> <FuncUnit> <Opcode : 'icmp'> <InPorts = 2> <OutPorts = 1>
ST_3 : Operation 29 [1/1] (0.37ns)   --->   "%icmp_ln832 = icmp_eq  i2 %select_ln811, i2 1" [/home/x_thileeb/repos/ops-hls-pact25-artifact/OPS/ops/hls/include/device/../../L1/include/ops_hls_datamover.hpp:832]   --->   Operation 29 'icmp' 'icmp_ln832' <Predicate = true> <Delay = 0.37> <CoreInst = "Cmp">   --->   Core 9 'Cmp' <Latency = 0> <II = 1> <Delay = 0.37> <FuncUnit> <Opcode : 'icmp'> <InPorts = 2> <OutPorts = 1>
ST_3 : Operation 30 [1/1] (0.00ns)   --->   "%br_ln832 = br i1 %icmp_ln832, void %for.inc.i, void %if.then.i" [/home/x_thileeb/repos/ops-hls-pact25-artifact/OPS/ops/hls/include/device/../../L1/include/ops_hls_datamover.hpp:832]   --->   Operation 30 'br' 'br_ln832' <Predicate = true> <Delay = 0.00>
ST_3 : Operation 31 [1/1] (0.53ns)   --->   "%add_ln811 = add i2 %select_ln811, i2 1" [/home/x_thileeb/repos/ops-hls-pact25-artifact/OPS/ops/hls/include/device/../../L1/include/ops_hls_datamover.hpp:811]   --->   Operation 31 'add' 'add_ln811' <Predicate = true> <Delay = 0.53> <CoreInst = "Adder">   --->   Core 1 'Adder' <Latency = 0> <II = 1> <Delay = 0.53> <FuncUnit> <Opcode : 'add' 'sub'> <InPorts = 2> <OutPorts = 1>
ST_3 : Operation 32 [1/1] (0.33ns)   --->   "%store_ln811 = store i2 %add_ln811, i2 %n" [/home/x_thileeb/repos/ops-hls-pact25-artifact/OPS/ops/hls/include/device/../../L1/include/ops_hls_datamover.hpp:811]   --->   Operation 32 'store' 'store_ln811' <Predicate = true> <Delay = 0.33>

State 4 <SV = 3> <Delay = 1.94>
ST_4 : Operation 33 [1/1] (0.00ns) (grouped into LUT with out node shl_ln414)   --->   "%zext_ln232 = zext i256 %tmp1_V"   --->   Operation 33 'zext' 'zext_ln232' <Predicate = true> <Delay = 0.00>
ST_4 : Operation 34 [1/1] (0.00ns)   --->   "%zext_ln414 = zext i9 %shl_ln"   --->   Operation 34 'zext' 'zext_ln414' <Predicate = true> <Delay = 0.00>
ST_4 : Operation 35 [1/1] (0.00ns)   --->   "%zext_ln414_1 = zext i9 %or_ln830"   --->   Operation 35 'zext' 'zext_ln414_1' <Predicate = true> <Delay = 0.00>
ST_4 : Operation 36 [1/1] (0.00ns) (grouped into LUT with out node shl_ln414)   --->   "%xor_ln414 = xor i10 %zext_ln414, i10 511"   --->   Operation 36 'xor' 'xor_ln414' <Predicate = (icmp_ln414)> <Delay = 0.00> <CoreInst = "LogicGate">   --->   Core 78 'LogicGate' <Latency = 0> <II = 1> <Delay = 0.37> <FuncUnit> <Opcode : 'and' 'or' 'xor'> <InPorts = 2> <OutPorts = 1>
ST_4 : Operation 37 [1/1] (0.00ns) (grouped into LUT with out node and_ln414)   --->   "%select_ln414 = select i1 %icmp_ln414, i10 %zext_ln414, i10 %zext_ln414_1"   --->   Operation 37 'select' 'select_ln414' <Predicate = true> <Delay = 0.00> <CoreInst = "Sel">   --->   Core 77 'Sel' <Latency = 0> <II = 1> <Delay = 0.45> <FuncUnit> <Opcode : 'select'> <InPorts = 3> <OutPorts = 1>
ST_4 : Operation 38 [1/1] (0.00ns) (grouped into LUT with out node and_ln414)   --->   "%select_ln414_1 = select i1 %icmp_ln414, i10 %zext_ln414_1, i10 %zext_ln414"   --->   Operation 38 'select' 'select_ln414_1' <Predicate = true> <Delay = 0.00> <CoreInst = "Sel">   --->   Core 77 'Sel' <Latency = 0> <II = 1> <Delay = 0.45> <FuncUnit> <Opcode : 'select'> <InPorts = 3> <OutPorts = 1>
ST_4 : Operation 39 [1/1] (0.00ns) (grouped into LUT with out node shl_ln414)   --->   "%select_ln414_2 = select i1 %icmp_ln414, i10 %xor_ln414, i10 %zext_ln414"   --->   Operation 39 'select' 'select_ln414_2' <Predicate = true> <Delay = 0.00> <CoreInst = "Sel">   --->   Core 77 'Sel' <Latency = 0> <II = 1> <Delay = 0.45> <FuncUnit> <Opcode : 'select'> <InPorts = 3> <OutPorts = 1>
ST_4 : Operation 40 [1/1] (0.00ns) (grouped into LUT with out node and_ln414)   --->   "%xor_ln414_1 = xor i10 %select_ln414, i10 511"   --->   Operation 40 'xor' 'xor_ln414_1' <Predicate = true> <Delay = 0.00> <CoreInst = "LogicGate">   --->   Core 78 'LogicGate' <Latency = 0> <II = 1> <Delay = 0.37> <FuncUnit> <Opcode : 'and' 'or' 'xor'> <InPorts = 2> <OutPorts = 1>
ST_4 : Operation 41 [1/1] (0.00ns) (grouped into LUT with out node shl_ln414)   --->   "%zext_ln414_2 = zext i10 %select_ln414_2"   --->   Operation 41 'zext' 'zext_ln414_2' <Predicate = true> <Delay = 0.00>
ST_4 : Operation 42 [1/1] (0.00ns) (grouped into LUT with out node and_ln414)   --->   "%zext_ln414_3 = zext i10 %select_ln414_1"   --->   Operation 42 'zext' 'zext_ln414_3' <Predicate = true> <Delay = 0.00>
ST_4 : Operation 43 [1/1] (0.00ns) (grouped into LUT with out node and_ln414)   --->   "%zext_ln414_4 = zext i10 %xor_ln414_1"   --->   Operation 43 'zext' 'zext_ln414_4' <Predicate = true> <Delay = 0.00>
ST_4 : Operation 44 [1/1] (1.94ns) (out node of the LUT)   --->   "%shl_ln414 = shl i512 %zext_ln232, i512 %zext_ln414_2"   --->   Operation 44 'shl' 'shl_ln414' <Predicate = true> <Delay = 1.94> <CoreInst = "Shifter">   --->   Core 79 'Shifter' <Latency = 1> <II = 1> <Delay = 2.38> <FuncUnit> <Opcode : 'shl' 'lshr' 'ashr'> <InPorts = 2> <OutPorts = 1>
ST_4 : Operation 45 [1/1] (0.00ns) (grouped into LUT with out node and_ln414)   --->   "%shl_ln414_1 = shl i512 13407807929942597099574024998205846127479365820592393377723561443721764030073546976801874298166903427690031858186486050853753882811946569946433649006084095, i512 %zext_ln414_3"   --->   Operation 45 'shl' 'shl_ln414_1' <Predicate = true> <Delay = 0.00> <CoreInst = "Shifter">   --->   Core 79 'Shifter' <Latency = 1> <II = 1> <Delay = 2.38> <FuncUnit> <Opcode : 'shl' 'lshr' 'ashr'> <InPorts = 2> <OutPorts = 1>
ST_4 : Operation 46 [1/1] (0.00ns) (grouped into LUT with out node and_ln414)   --->   "%lshr_ln414 = lshr i512 13407807929942597099574024998205846127479365820592393377723561443721764030073546976801874298166903427690031858186486050853753882811946569946433649006084095, i512 %zext_ln414_4"   --->   Operation 46 'lshr' 'lshr_ln414' <Predicate = true> <Delay = 0.00> <CoreInst = "Shifter">   --->   Core 79 'Shifter' <Latency = 1> <II = 1> <Delay = 2.38> <FuncUnit> <Opcode : 'shl' 'lshr' 'ashr'> <InPorts = 2> <OutPorts = 1>
ST_4 : Operation 47 [1/1] (0.90ns) (out node of the LUT)   --->   "%and_ln414 = and i512 %shl_ln414_1, i512 %lshr_ln414"   --->   Operation 47 'and' 'and_ln414' <Predicate = true> <Delay = 0.90> <CoreInst = "LogicGate">   --->   Core 78 'LogicGate' <Latency = 0> <II = 1> <Delay = 0.44> <FuncUnit> <Opcode : 'and' 'or' 'xor'> <InPorts = 2> <OutPorts = 1>
ST_4 : Operation 62 [1/1] (0.00ns)   --->   "%ret_ln0 = ret"   --->   Operation 62 'ret' 'ret_ln0' <Predicate = (icmp_ln809)> <Delay = 0.00>

State 5 <SV = 4> <Delay = 1.57>
ST_5 : Operation 48 [1/1] (0.00ns)   --->   "%p_Val2_load = load i512 %p_Val2_s"   --->   Operation 48 'load' 'p_Val2_load' <Predicate = true> <Delay = 0.00>
ST_5 : Operation 49 [1/1] (0.00ns)   --->   "%specloopname_ln0 = specloopname void @_ssdm_op_SpecLoopName, void @VITIS_LOOP_809_1_VITIS_LOOP_811_2_str"   --->   Operation 49 'specloopname' 'specloopname_ln0' <Predicate = true> <Delay = 0.00>
ST_5 : Operation 50 [1/1] (0.00ns)   --->   "%specpipeline_ln813 = specpipeline void @_ssdm_op_SpecPipeline, i32 1, i32 0, i32 0, i32 0, void @empty_27" [/home/x_thileeb/repos/ops-hls-pact25-artifact/OPS/ops/hls/include/device/../../L1/include/ops_hls_datamover.hpp:813]   --->   Operation 50 'specpipeline' 'specpipeline_ln813' <Predicate = true> <Delay = 0.00>
ST_5 : Operation 51 [1/1] (0.00ns)   --->   "%specloopname_ln0 = specloopname void @_ssdm_op_SpecLoopName, void @empty_5" [/tools/Xilinx/Vitis_HLS/2022.1/common/technology/autopilot/hls_stream_39.h:0]   --->   Operation 51 'specloopname' 'specloopname_ln0' <Predicate = true> <Delay = 0.00>
ST_5 : Operation 52 [1/1] (0.00ns) (grouped into LUT with out node tmp2_V)   --->   "%tmp = partselect i512 @llvm.part.select.i512, i512 %shl_ln414, i32 511, i32 0"   --->   Operation 52 'partselect' 'tmp' <Predicate = (icmp_ln414)> <Delay = 0.00>
ST_5 : Operation 53 [1/1] (0.00ns) (grouped into LUT with out node tmp2_V)   --->   "%select_ln414_3 = select i1 %icmp_ln414, i512 %tmp, i512 %shl_ln414"   --->   Operation 53 'select' 'select_ln414_3' <Predicate = true> <Delay = 0.00> <CoreInst = "Sel">   --->   Core 77 'Sel' <Latency = 0> <II = 1> <Delay = 0.70> <FuncUnit> <Opcode : 'select'> <InPorts = 3> <OutPorts = 1>
ST_5 : Operation 54 [1/1] (0.00ns) (grouped into LUT with out node tmp2_V)   --->   "%xor_ln414_2 = xor i512 %and_ln414, i512 13407807929942597099574024998205846127479365820592393377723561443721764030073546976801874298166903427690031858186486050853753882811946569946433649006084095"   --->   Operation 54 'xor' 'xor_ln414_2' <Predicate = true> <Delay = 0.00> <CoreInst = "LogicGate">   --->   Core 78 'LogicGate' <Latency = 0> <II = 1> <Delay = 0.44> <FuncUnit> <Opcode : 'and' 'or' 'xor'> <InPorts = 2> <OutPorts = 1>
ST_5 : Operation 55 [1/1] (0.00ns) (grouped into LUT with out node tmp2_V)   --->   "%and_ln414_1 = and i512 %p_Val2_load, i512 %xor_ln414_2"   --->   Operation 55 'and' 'and_ln414_1' <Predicate = true> <Delay = 0.00> <CoreInst = "LogicGate">   --->   Core 78 'LogicGate' <Latency = 0> <II = 1> <Delay = 0.44> <FuncUnit> <Opcode : 'and' 'or' 'xor'> <InPorts = 2> <OutPorts = 1>
ST_5 : Operation 56 [1/1] (0.00ns) (grouped into LUT with out node tmp2_V)   --->   "%and_ln414_2 = and i512 %select_ln414_3, i512 %and_ln414"   --->   Operation 56 'and' 'and_ln414_2' <Predicate = true> <Delay = 0.00> <CoreInst = "LogicGate">   --->   Core 78 'LogicGate' <Latency = 0> <II = 1> <Delay = 0.44> <FuncUnit> <Opcode : 'and' 'or' 'xor'> <InPorts = 2> <OutPorts = 1>
ST_5 : Operation 57 [1/1] (0.70ns) (out node of the LUT)   --->   "%tmp2_V = or i512 %and_ln414_1, i512 %and_ln414_2"   --->   Operation 57 'or' 'tmp2_V' <Predicate = true> <Delay = 0.70> <CoreInst = "LogicGate">   --->   Core 78 'LogicGate' <Latency = 0> <II = 1> <Delay = 0.44> <FuncUnit> <Opcode : 'and' 'or' 'xor'> <InPorts = 2> <OutPorts = 1>
ST_5 : Operation 58 [1/1] (0.86ns)   --->   "%write_ln174 = write void @_ssdm_op_Write.ap_fifo.volatile.i512P0A, i512 %arg1_write_mem_strm, i512 %tmp2_V" [/tools/Xilinx/Vitis_HLS/2022.1/common/technology/autopilot/hls_stream_39.h:174]   --->   Operation 58 'write' 'write_ln174' <Predicate = (icmp_ln832)> <Delay = 0.86> <CoreInst = "FIFO_SRL">   --->   Core 85 'FIFO_SRL' <Latency = 0> <II = 1> <Delay = 0.86> <Storage> <Opcode : 'read' 'write' 'nbread' 'nbwrite'> <Ports = 0> <Width = 512> <Depth = 2> <FIFO>
ST_5 : Operation 59 [1/1] (0.00ns)   --->   "%br_ln849 = br void %for.inc.i" [/home/x_thileeb/repos/ops-hls-pact25-artifact/OPS/ops/hls/include/device/../../L1/include/ops_hls_datamover.hpp:849]   --->   Operation 59 'br' 'br_ln849' <Predicate = (icmp_ln832)> <Delay = 0.00>
ST_5 : Operation 60 [1/1] (0.00ns)   --->   "%store_ln811 = store i512 %tmp2_V, i512 %p_Val2_s" [/home/x_thileeb/repos/ops-hls-pact25-artifact/OPS/ops/hls/include/device/../../L1/include/ops_hls_datamover.hpp:811]   --->   Operation 60 'store' 'store_ln811' <Predicate = true> <Delay = 0.00>
ST_5 : Operation 61 [1/1] (0.00ns)   --->   "%br_ln811 = br void %for.body4.i" [/home/x_thileeb/repos/ops-hls-pact25-artifact/OPS/ops/hls/include/device/../../L1/include/ops_hls_datamover.hpp:811]   --->   Operation 61 'br' 'br_ln811' <Predicate = true> <Delay = 0.00>


============================================================
+ Verbose Summary: Binding
============================================================
STG Binding: 
---------------- STG Properties BEGIN ----------------
- Is combinational: 0
- Is one-state seq: 0
- Is datapath-only: 0
- Is pipelined: 0
- Is top level: 0
Port [ Return ] is wired: 1; IO mode=ap_ctrl_hs:ce=0
Port [ bound]:  wired=1; compound=0; hidden=0; nouse=0; global=0; static=0; extern=0; dir=0; type=0; pingpong=0; private_global=0; IO mode=ap_none:ce=0
Port [ arg1_write_reduced_mem_strm]:  wired=1; compound=1; hidden=0; nouse=0; global=1; static=1; extern=0; dir=0; type=3; pingpong=0; private_global=0; IO mode=ap_fifo:ce=0
Port [ arg1_write_mem_strm]:  wired=1; compound=1; hidden=0; nouse=0; global=1; static=1; extern=0; dir=1; type=3; pingpong=0; private_global=0; IO mode=ap_fifo:ce=0
---------------- STG Properties END ------------------

---------------- Datapath Model BEGIN ----------------

<LifeTime>
<method=bitvector/>
p_Val2_s            (alloca        ) [ 011111]
n                   (alloca        ) [ 011100]
indvar_flatten      (alloca        ) [ 011000]
specinterface_ln0   (specinterface ) [ 000000]
specinterface_ln0   (specinterface ) [ 000000]
bound_read          (read          ) [ 011000]
store_ln0           (store         ) [ 000000]
store_ln0           (store         ) [ 000000]
br_ln0              (br            ) [ 000000]
indvar_flatten_load (load          ) [ 000000]
add_ln809           (add           ) [ 000000]
icmp_ln809          (icmp          ) [ 011110]
br_ln809            (br            ) [ 000000]
store_ln811         (store         ) [ 000000]
n_load              (load          ) [ 000000]
icmp_ln811          (icmp          ) [ 000000]
select_ln811        (select        ) [ 000000]
tmp1_V              (read          ) [ 010010]
trunc_ln830         (trunc         ) [ 000000]
shl_ln              (bitconcatenate) [ 010010]
or_ln830            (or            ) [ 010010]
icmp_ln414          (icmp          ) [ 010011]
icmp_ln832          (icmp          ) [ 010011]
br_ln832            (br            ) [ 000000]
add_ln811           (add           ) [ 000000]
store_ln811         (store         ) [ 000000]
zext_ln232          (zext          ) [ 000000]
zext_ln414          (zext          ) [ 000000]
zext_ln414_1        (zext          ) [ 000000]
xor_ln414           (xor           ) [ 000000]
select_ln414        (select        ) [ 000000]
select_ln414_1      (select        ) [ 000000]
select_ln414_2      (select        ) [ 000000]
xor_ln414_1         (xor           ) [ 000000]
zext_ln414_2        (zext          ) [ 000000]
zext_ln414_3        (zext          ) [ 000000]
zext_ln414_4        (zext          ) [ 000000]
shl_ln414           (shl           ) [ 010001]
shl_ln414_1         (shl           ) [ 000000]
lshr_ln414          (lshr          ) [ 000000]
and_ln414           (and           ) [ 010001]
p_Val2_load         (load          ) [ 000000]
specloopname_ln0    (specloopname  ) [ 000000]
specpipeline_ln813  (specpipeline  ) [ 000000]
specloopname_ln0    (specloopname  ) [ 000000]
tmp                 (partselect    ) [ 000000]
select_ln414_3      (select        ) [ 000000]
xor_ln414_2         (xor           ) [ 000000]
and_ln414_1         (and           ) [ 000000]
and_ln414_2         (and           ) [ 000000]
tmp2_V              (or            ) [ 000000]
write_ln174         (write         ) [ 000000]
br_ln849            (br            ) [ 000000]
store_ln811         (store         ) [ 000000]
br_ln811            (br            ) [ 000000]
ret_ln0             (ret           ) [ 000000]
</LifeTime>

<model>

<comp_list>
<comp id="0" class="1000" name="bound">
<pin_list>
<pin id="1" dir="1" index="0" bw="1" slack="0"/>
</pin_list>
<bind>
<StgValue><ssdm name="bound"/></StgValue>
</bind>
</comp>

<comp id="2" class="1000" name="arg1_write_reduced_mem_strm">
<pin_list>
<pin id="3" dir="1" index="0" bw="1" slack="0"/>
</pin_list>
<bind>
<StgValue><ssdm name="arg1_write_reduced_mem_strm"/></StgValue>
</bind>
</comp>

<comp id="4" class="1000" name="arg1_write_mem_strm">
<pin_list>
<pin id="5" dir="1" index="0" bw="1" slack="0"/>
</pin_list>
<bind>
<StgValue><ssdm name="arg1_write_mem_strm"/></StgValue>
</bind>
</comp>

<comp id="6" class="1001" name="const_6">
<pin_list>
<pin id="7" dir="1" index="0" bw="1" slack="0"/>
</pin_list>
<bind>
<StgValue><ssdm name=""/></StgValue>
</bind>
</comp>

<comp id="8" class="1001" name="const_8">
<pin_list>
<pin id="9" dir="1" index="0" bw="1" slack="2147483647"/>
</pin_list>
<bind>
<StgValue><ssdm name="_ssdm_op_SpecInterface"/></StgValue>
</bind>
</comp>

<comp id="10" class="1001" name="const_10">
<pin_list>
<pin id="11" dir="1" index="0" bw="1" slack="2147483647"/>
</pin_list>
<bind>
<StgValue><ssdm name="empty_7"/></StgValue>
</bind>
</comp>

<comp id="12" class="1001" name="const_12">
<pin_list>
<pin id="13" dir="1" index="0" bw="1" slack="0"/>
</pin_list>
<bind>
<StgValue><ssdm name=""/></StgValue>
</bind>
</comp>

<comp id="14" class="1001" name="const_14">
<pin_list>
<pin id="15" dir="1" index="0" bw="1" slack="2147483647"/>
</pin_list>
<bind>
<StgValue><ssdm name="empty_27"/></StgValue>
</bind>
</comp>

<comp id="16" class="1001" name="const_16">
<pin_list>
<pin id="17" dir="1" index="0" bw="1" slack="2147483647"/>
</pin_list>
<bind>
<StgValue><ssdm name=""/></StgValue>
</bind>
</comp>

<comp id="18" class="1001" name="const_18">
<pin_list>
<pin id="19" dir="1" index="0" bw="1" slack="0"/>
</pin_list>
<bind>
<StgValue><ssdm name="_ssdm_op_Read.ap_auto.i33"/></StgValue>
</bind>
</comp>

<comp id="20" class="1001" name="const_20">
<pin_list>
<pin id="21" dir="1" index="0" bw="1" slack="0"/>
</pin_list>
<bind>
<StgValue><ssdm name=""/></StgValue>
</bind>
</comp>

<comp id="22" class="1001" name="const_22">
<pin_list>
<pin id="23" dir="1" index="0" bw="1" slack="0"/>
</pin_list>
<bind>
<StgValue><ssdm name=""/></StgValue>
</bind>
</comp>

<comp id="24" class="1001" name="const_24">
<pin_list>
<pin id="25" dir="1" index="0" bw="1" slack="0"/>
</pin_list>
<bind>
<StgValue><ssdm name=""/></StgValue>
</bind>
</comp>

<comp id="26" class="1001" name="const_26">
<pin_list>
<pin id="27" dir="1" index="0" bw="1" slack="0"/>
</pin_list>
<bind>
<StgValue><ssdm name=""/></StgValue>
</bind>
</comp>

<comp id="28" class="1001" name="const_28">
<pin_list>
<pin id="29" dir="1" index="0" bw="1" slack="0"/>
</pin_list>
<bind>
<StgValue><ssdm name="_ssdm_op_Read.ap_fifo.volatile.i256P0A"/></StgValue>
</bind>
</comp>

<comp id="30" class="1001" name="const_30">
<pin_list>
<pin id="31" dir="1" index="0" bw="1" slack="0"/>
</pin_list>
<bind>
<StgValue><ssdm name="_ssdm_op_BitConcatenate.i9.i1.i8"/></StgValue>
</bind>
</comp>

<comp id="32" class="1001" name="const_32">
<pin_list>
<pin id="33" dir="1" index="0" bw="1" slack="0"/>
</pin_list>
<bind>
<StgValue><ssdm name=""/></StgValue>
</bind>
</comp>

<comp id="34" class="1001" name="const_34">
<pin_list>
<pin id="35" dir="1" index="0" bw="1" slack="0"/>
</pin_list>
<bind>
<StgValue><ssdm name=""/></StgValue>
</bind>
</comp>

<comp id="36" class="1001" name="const_36">
<pin_list>
<pin id="37" dir="1" index="0" bw="1" slack="0"/>
</pin_list>
<bind>
<StgValue><ssdm name=""/></StgValue>
</bind>
</comp>

<comp id="38" class="1001" name="const_38">
<pin_list>
<pin id="39" dir="1" index="0" bw="1" slack="0"/>
</pin_list>
<bind>
<StgValue><ssdm name=""/></StgValue>
</bind>
</comp>

<comp id="40" class="1001" name="const_40">
<pin_list>
<pin id="41" dir="1" index="0" bw="1" slack="0"/>
</pin_list>
<bind>
<StgValue><ssdm name=""/></StgValue>
</bind>
</comp>

<comp id="42" class="1001" name="const_42">
<pin_list>
<pin id="43" dir="1" index="0" bw="1" slack="2147483647"/>
</pin_list>
<bind>
<StgValue><ssdm name="_ssdm_op_SpecLoopName"/></StgValue>
</bind>
</comp>

<comp id="44" class="1001" name="const_44">
<pin_list>
<pin id="45" dir="1" index="0" bw="1" slack="2147483647"/>
</pin_list>
<bind>
<StgValue><ssdm name="VITIS_LOOP_809_1_VITIS_LOOP_811_2_str"/></StgValue>
</bind>
</comp>

<comp id="46" class="1001" name="const_46">
<pin_list>
<pin id="47" dir="1" index="0" bw="1" slack="2147483647"/>
</pin_list>
<bind>
<StgValue><ssdm name="_ssdm_op_SpecPipeline"/></StgValue>
</bind>
</comp>

<comp id="48" class="1001" name="const_48">
<pin_list>
<pin id="49" dir="1" index="0" bw="1" slack="2147483647"/>
</pin_list>
<bind>
<StgValue><ssdm name="empty_5"/></StgValue>
</bind>
</comp>

<comp id="50" class="1001" name="const_50">
<pin_list>
<pin id="51" dir="1" index="0" bw="1" slack="0"/>
</pin_list>
<bind>
<StgValue><ssdm name="llvm.part.select.i512"/></StgValue>
</bind>
</comp>

<comp id="52" class="1001" name="const_52">
<pin_list>
<pin id="53" dir="1" index="0" bw="1" slack="0"/>
</pin_list>
<bind>
<StgValue><ssdm name=""/></StgValue>
</bind>
</comp>

<comp id="54" class="1001" name="const_54">
<pin_list>
<pin id="55" dir="1" index="0" bw="1" slack="0"/>
</pin_list>
<bind>
<StgValue><ssdm name="_ssdm_op_Write.ap_fifo.volatile.i512P0A"/></StgValue>
</bind>
</comp>

<comp id="56" class="1004" name="p_Val2_s_fu_56">
<pin_list>
<pin id="57" dir="0" index="0" bw="1" slack="0"/>
<pin id="58" dir="1" index="1" bw="512" slack="4"/>
</pin_list>
<bind>
<opcode="alloca(26) " fcode="alloca"/>
<opset="p_Val2_s/1 "/>
</bind>
</comp>

<comp id="60" class="1004" name="n_fu_60">
<pin_list>
<pin id="61" dir="0" index="0" bw="1" slack="0"/>
<pin id="62" dir="1" index="1" bw="2" slack="0"/>
</pin_list>
<bind>
<opcode="alloca(26) " fcode="alloca"/>
<opset="n/1 "/>
</bind>
</comp>

<comp id="64" class="1004" name="indvar_flatten_fu_64">
<pin_list>
<pin id="65" dir="0" index="0" bw="1" slack="0"/>
<pin id="66" dir="1" index="1" bw="33" slack="0"/>
</pin_list>
<bind>
<opcode="alloca(26) " fcode="alloca"/>
<opset="indvar_flatten/1 "/>
</bind>
</comp>

<comp id="68" class="1004" name="bound_read_read_fu_68">
<pin_list>
<pin id="69" dir="0" index="0" bw="33" slack="0"/>
<pin id="70" dir="0" index="1" bw="33" slack="0"/>
<pin id="71" dir="1" index="2" bw="33" slack="1"/>
</pin_list>
<bind>
<opcode="read(1150) " fcode="read"/>
<opset="bound_read/1 "/>
</bind>
</comp>

<comp id="74" class="1004" name="tmp1_V_read_fu_74">
<pin_list>
<pin id="75" dir="0" index="0" bw="256" slack="0"/>
<pin id="76" dir="0" index="1" bw="256" slack="0"/>
<pin id="77" dir="1" index="2" bw="256" slack="1"/>
</pin_list>
<bind>
<opcode="read(1150) " fcode="read"/>
<opset="tmp1_V/3 "/>
</bind>
</comp>

<comp id="80" class="1004" name="write_ln174_write_fu_80">
<pin_list>
<pin id="81" dir="0" index="0" bw="0" slack="0"/>
<pin id="82" dir="0" index="1" bw="512" slack="0"/>
<pin id="83" dir="0" index="2" bw="512" slack="0"/>
<pin id="84" dir="1" index="3" bw="0" slack="2147483647"/>
</pin_list>
<bind>
<opcode="write(1151) " fcode="write"/>
<opset="write_ln174/5 "/>
</bind>
</comp>

<comp id="87" class="1004" name="store_ln0_store_fu_87">
<pin_list>
<pin id="88" dir="0" index="0" bw="1" slack="0"/>
<pin id="89" dir="0" index="1" bw="33" slack="0"/>
<pin id="90" dir="1" index="2" bw="0" slack="2147483647"/>
</pin_list>
<bind>
<opcode="store(28) " fcode="store"/>
<opset="store_ln0/1 "/>
</bind>
</comp>

<comp id="92" class="1004" name="store_ln0_store_fu_92">
<pin_list>
<pin id="93" dir="0" index="0" bw="1" slack="0"/>
<pin id="94" dir="0" index="1" bw="2" slack="0"/>
<pin id="95" dir="1" index="2" bw="0" slack="2147483647"/>
</pin_list>
<bind>
<opcode="store(28) " fcode="store"/>
<opset="store_ln0/1 "/>
</bind>
</comp>

<comp id="97" class="1004" name="indvar_flatten_load_load_fu_97">
<pin_list>
<pin id="98" dir="0" index="0" bw="33" slack="1"/>
<pin id="99" dir="1" index="1" bw="33" slack="0"/>
</pin_list>
<bind>
<opcode="load(27) " fcode="load"/>
<opset="indvar_flatten_load/2 "/>
</bind>
</comp>

<comp id="100" class="1004" name="add_ln809_fu_100">
<pin_list>
<pin id="101" dir="0" index="0" bw="33" slack="0"/>
<pin id="102" dir="0" index="1" bw="1" slack="0"/>
<pin id="103" dir="1" index="2" bw="33" slack="0"/>
</pin_list>
<bind>
<opcode="add(8) " fcode="add"/>
<opset="add_ln809/2 "/>
</bind>
</comp>

<comp id="106" class="1004" name="icmp_ln809_fu_106">
<pin_list>
<pin id="107" dir="0" index="0" bw="33" slack="0"/>
<pin id="108" dir="0" index="1" bw="33" slack="1"/>
<pin id="109" dir="1" index="2" bw="1" slack="2"/>
</pin_list>
<bind>
<opcode="icmp(45) " fcode="icmp"/>
<opset="icmp_ln809/2 "/>
</bind>
</comp>

<comp id="111" class="1004" name="store_ln811_store_fu_111">
<pin_list>
<pin id="112" dir="0" index="0" bw="33" slack="0"/>
<pin id="113" dir="0" index="1" bw="33" slack="1"/>
<pin id="114" dir="1" index="2" bw="0" slack="2147483647"/>
</pin_list>
<bind>
<opcode="store(28) " fcode="store"/>
<opset="store_ln811/2 "/>
</bind>
</comp>

<comp id="116" class="1004" name="n_load_load_fu_116">
<pin_list>
<pin id="117" dir="0" index="0" bw="2" slack="2"/>
<pin id="118" dir="1" index="1" bw="2" slack="0"/>
</pin_list>
<bind>
<opcode="load(27) " fcode="load"/>
<opset="n_load/3 "/>
</bind>
</comp>

<comp id="119" class="1004" name="icmp_ln811_fu_119">
<pin_list>
<pin id="120" dir="0" index="0" bw="2" slack="0"/>
<pin id="121" dir="0" index="1" bw="2" slack="0"/>
<pin id="122" dir="1" index="2" bw="1" slack="0"/>
</pin_list>
<bind>
<opcode="icmp(45) " fcode="icmp"/>
<opset="icmp_ln811/3 "/>
</bind>
</comp>

<comp id="125" class="1004" name="select_ln811_fu_125">
<pin_list>
<pin id="126" dir="0" index="0" bw="1" slack="0"/>
<pin id="127" dir="0" index="1" bw="2" slack="0"/>
<pin id="128" dir="0" index="2" bw="2" slack="0"/>
<pin id="129" dir="1" index="3" bw="2" slack="0"/>
</pin_list>
<bind>
<opcode="select(49) " fcode="select"/>
<opset="select_ln811/3 "/>
</bind>
</comp>

<comp id="133" class="1004" name="trunc_ln830_fu_133">
<pin_list>
<pin id="134" dir="0" index="0" bw="2" slack="0"/>
<pin id="135" dir="1" index="1" bw="1" slack="0"/>
</pin_list>
<bind>
<opcode="trunc(33) " fcode="trunc"/>
<opset="trunc_ln830/3 "/>
</bind>
</comp>

<comp id="137" class="1004" name="shl_ln_fu_137">
<pin_list>
<pin id="138" dir="0" index="0" bw="9" slack="0"/>
<pin id="139" dir="0" index="1" bw="1" slack="0"/>
<pin id="140" dir="0" index="2" bw="1" slack="0"/>
<pin id="141" dir="1" index="3" bw="9" slack="0"/>
</pin_list>
<bind>
<opcode="bitconcatenate(1004) " fcode="bitconcatenate"/>
<opset="shl_ln/3 "/>
</bind>
</comp>

<comp id="145" class="1004" name="or_ln830_fu_145">
<pin_list>
<pin id="146" dir="0" index="0" bw="9" slack="0"/>
<pin id="147" dir="0" index="1" bw="9" slack="0"/>
<pin id="148" dir="1" index="2" bw="9" slack="0"/>
</pin_list>
<bind>
<opcode="or(24) " fcode="or"/>
<opset="or_ln830/3 "/>
</bind>
</comp>

<comp id="151" class="1004" name="icmp_ln414_fu_151">
<pin_list>
<pin id="152" dir="0" index="0" bw="9" slack="0"/>
<pin id="153" dir="0" index="1" bw="9" slack="0"/>
<pin id="154" dir="1" index="2" bw="1" slack="1"/>
</pin_list>
<bind>
<opcode="icmp(45) " fcode="icmp"/>
<opset="icmp_ln414/3 "/>
</bind>
</comp>

<comp id="157" class="1004" name="icmp_ln832_fu_157">
<pin_list>
<pin id="158" dir="0" index="0" bw="2" slack="0"/>
<pin id="159" dir="0" index="1" bw="2" slack="0"/>
<pin id="160" dir="1" index="2" bw="1" slack="2"/>
</pin_list>
<bind>
<opcode="icmp(45) " fcode="icmp"/>
<opset="icmp_ln832/3 "/>
</bind>
</comp>

<comp id="163" class="1004" name="add_ln811_fu_163">
<pin_list>
<pin id="164" dir="0" index="0" bw="2" slack="0"/>
<pin id="165" dir="0" index="1" bw="1" slack="0"/>
<pin id="166" dir="1" index="2" bw="2" slack="0"/>
</pin_list>
<bind>
<opcode="add(8) " fcode="add"/>
<opset="add_ln811/3 "/>
</bind>
</comp>

<comp id="169" class="1004" name="store_ln811_store_fu_169">
<pin_list>
<pin id="170" dir="0" index="0" bw="2" slack="0"/>
<pin id="171" dir="0" index="1" bw="2" slack="2"/>
<pin id="172" dir="1" index="2" bw="0" slack="2147483647"/>
</pin_list>
<bind>
<opcode="store(28) " fcode="store"/>
<opset="store_ln811/3 "/>
</bind>
</comp>

<comp id="174" class="1004" name="zext_ln232_fu_174">
<pin_list>
<pin id="175" dir="0" index="0" bw="256" slack="1"/>
<pin id="176" dir="1" index="1" bw="512" slack="0"/>
</pin_list>
<bind>
<opcode="zext(34) " fcode="zext"/>
<opset="zext_ln232/4 "/>
</bind>
</comp>

<comp id="177" class="1004" name="zext_ln414_fu_177">
<pin_list>
<pin id="178" dir="0" index="0" bw="9" slack="1"/>
<pin id="179" dir="1" index="1" bw="10" slack="0"/>
</pin_list>
<bind>
<opcode="zext(34) " fcode="zext"/>
<opset="zext_ln414/4 "/>
</bind>
</comp>

<comp id="180" class="1004" name="zext_ln414_1_fu_180">
<pin_list>
<pin id="181" dir="0" index="0" bw="9" slack="1"/>
<pin id="182" dir="1" index="1" bw="10" slack="0"/>
</pin_list>
<bind>
<opcode="zext(34) " fcode="zext"/>
<opset="zext_ln414_1/4 "/>
</bind>
</comp>

<comp id="183" class="1004" name="xor_ln414_fu_183">
<pin_list>
<pin id="184" dir="0" index="0" bw="10" slack="0"/>
<pin id="185" dir="0" index="1" bw="10" slack="0"/>
<pin id="186" dir="1" index="2" bw="10" slack="0"/>
</pin_list>
<bind>
<opcode="xor(25) " fcode="xor"/>
<opset="xor_ln414/4 "/>
</bind>
</comp>

<comp id="189" class="1004" name="select_ln414_fu_189">
<pin_list>
<pin id="190" dir="0" index="0" bw="1" slack="1"/>
<pin id="191" dir="0" index="1" bw="10" slack="0"/>
<pin id="192" dir="0" index="2" bw="10" slack="0"/>
<pin id="193" dir="1" index="3" bw="10" slack="0"/>
</pin_list>
<bind>
<opcode="select(49) " fcode="select"/>
<opset="select_ln414/4 "/>
</bind>
</comp>

<comp id="196" class="1004" name="select_ln414_1_fu_196">
<pin_list>
<pin id="197" dir="0" index="0" bw="1" slack="1"/>
<pin id="198" dir="0" index="1" bw="10" slack="0"/>
<pin id="199" dir="0" index="2" bw="10" slack="0"/>
<pin id="200" dir="1" index="3" bw="10" slack="0"/>
</pin_list>
<bind>
<opcode="select(49) " fcode="select"/>
<opset="select_ln414_1/4 "/>
</bind>
</comp>

<comp id="203" class="1004" name="select_ln414_2_fu_203">
<pin_list>
<pin id="204" dir="0" index="0" bw="1" slack="1"/>
<pin id="205" dir="0" index="1" bw="10" slack="0"/>
<pin id="206" dir="0" index="2" bw="10" slack="0"/>
<pin id="207" dir="1" index="3" bw="10" slack="0"/>
</pin_list>
<bind>
<opcode="select(49) " fcode="select"/>
<opset="select_ln414_2/4 "/>
</bind>
</comp>

<comp id="210" class="1004" name="xor_ln414_1_fu_210">
<pin_list>
<pin id="211" dir="0" index="0" bw="10" slack="0"/>
<pin id="212" dir="0" index="1" bw="10" slack="0"/>
<pin id="213" dir="1" index="2" bw="10" slack="0"/>
</pin_list>
<bind>
<opcode="xor(25) " fcode="xor"/>
<opset="xor_ln414_1/4 "/>
</bind>
</comp>

<comp id="216" class="1004" name="zext_ln414_2_fu_216">
<pin_list>
<pin id="217" dir="0" index="0" bw="10" slack="0"/>
<pin id="218" dir="1" index="1" bw="512" slack="0"/>
</pin_list>
<bind>
<opcode="zext(34) " fcode="zext"/>
<opset="zext_ln414_2/4 "/>
</bind>
</comp>

<comp id="220" class="1004" name="zext_ln414_3_fu_220">
<pin_list>
<pin id="221" dir="0" index="0" bw="9" slack="0"/>
<pin id="222" dir="1" index="1" bw="512" slack="0"/>
</pin_list>
<bind>
<opcode="zext(34) " fcode="zext"/>
<opset="zext_ln414_3/4 "/>
</bind>
</comp>

<comp id="224" class="1004" name="zext_ln414_4_fu_224">
<pin_list>
<pin id="225" dir="0" index="0" bw="10" slack="0"/>
<pin id="226" dir="1" index="1" bw="512" slack="0"/>
</pin_list>
<bind>
<opcode="zext(34) " fcode="zext"/>
<opset="zext_ln414_4/4 "/>
</bind>
</comp>

<comp id="228" class="1004" name="shl_ln414_fu_228">
<pin_list>
<pin id="229" dir="0" index="0" bw="256" slack="0"/>
<pin id="230" dir="0" index="1" bw="10" slack="0"/>
<pin id="231" dir="1" index="2" bw="512" slack="1"/>
</pin_list>
<bind>
<opcode="shl(20) " fcode="shl"/>
<opset="shl_ln414/4 "/>
</bind>
</comp>

<comp id="234" class="1004" name="shl_ln414_1_fu_234">
<pin_list>
<pin id="235" dir="0" index="0" bw="1" slack="0"/>
<pin id="236" dir="0" index="1" bw="9" slack="0"/>
<pin id="237" dir="1" index="2" bw="512" slack="0"/>
</pin_list>
<bind>
<opcode="shl(20) " fcode="shl"/>
<opset="shl_ln414_1/4 "/>
</bind>
</comp>

<comp id="240" class="1004" name="lshr_ln414_fu_240">
<pin_list>
<pin id="241" dir="0" index="0" bw="1" slack="0"/>
<pin id="242" dir="0" index="1" bw="10" slack="0"/>
<pin id="243" dir="1" index="2" bw="512" slack="0"/>
</pin_list>
<bind>
<opcode="lshr(21) " fcode="lshr"/>
<opset="lshr_ln414/4 "/>
</bind>
</comp>

<comp id="246" class="1004" name="and_ln414_fu_246">
<pin_list>
<pin id="247" dir="0" index="0" bw="512" slack="0"/>
<pin id="248" dir="0" index="1" bw="512" slack="0"/>
<pin id="249" dir="1" index="2" bw="512" slack="1"/>
</pin_list>
<bind>
<opcode="and(23) " fcode="and"/>
<opset="and_ln414/4 "/>
</bind>
</comp>

<comp id="252" class="1004" name="p_Val2_load_load_fu_252">
<pin_list>
<pin id="253" dir="0" index="0" bw="512" slack="4"/>
<pin id="254" dir="1" index="1" bw="512" slack="0"/>
</pin_list>
<bind>
<opcode="load(27) " fcode="load"/>
<opset="p_Val2_load/5 "/>
</bind>
</comp>

<comp id="255" class="1004" name="tmp_fu_255">
<pin_list>
<pin id="256" dir="0" index="0" bw="512" slack="0"/>
<pin id="257" dir="0" index="1" bw="512" slack="1"/>
<pin id="258" dir="0" index="2" bw="10" slack="0"/>
<pin id="259" dir="0" index="3" bw="1" slack="0"/>
<pin id="260" dir="1" index="4" bw="512" slack="0"/>
</pin_list>
<bind>
<opcode="partselect(1002) " fcode="partselect"/>
<opset="tmp/5 "/>
</bind>
</comp>

<comp id="264" class="1004" name="select_ln414_3_fu_264">
<pin_list>
<pin id="265" dir="0" index="0" bw="1" slack="2"/>
<pin id="266" dir="0" index="1" bw="512" slack="0"/>
<pin id="267" dir="0" index="2" bw="512" slack="1"/>
<pin id="268" dir="1" index="3" bw="512" slack="0"/>
</pin_list>
<bind>
<opcode="select(49) " fcode="select"/>
<opset="select_ln414_3/5 "/>
</bind>
</comp>

<comp id="270" class="1004" name="xor_ln414_2_fu_270">
<pin_list>
<pin id="271" dir="0" index="0" bw="512" slack="1"/>
<pin id="272" dir="0" index="1" bw="512" slack="0"/>
<pin id="273" dir="1" index="2" bw="512" slack="0"/>
</pin_list>
<bind>
<opcode="xor(25) " fcode="xor"/>
<opset="xor_ln414_2/5 "/>
</bind>
</comp>

<comp id="275" class="1004" name="and_ln414_1_fu_275">
<pin_list>
<pin id="276" dir="0" index="0" bw="512" slack="0"/>
<pin id="277" dir="0" index="1" bw="512" slack="0"/>
<pin id="278" dir="1" index="2" bw="512" slack="0"/>
</pin_list>
<bind>
<opcode="and(23) " fcode="and"/>
<opset="and_ln414_1/5 "/>
</bind>
</comp>

<comp id="281" class="1004" name="and_ln414_2_fu_281">
<pin_list>
<pin id="282" dir="0" index="0" bw="512" slack="0"/>
<pin id="283" dir="0" index="1" bw="512" slack="1"/>
<pin id="284" dir="1" index="2" bw="512" slack="0"/>
</pin_list>
<bind>
<opcode="and(23) " fcode="and"/>
<opset="and_ln414_2/5 "/>
</bind>
</comp>

<comp id="286" class="1004" name="tmp2_V_fu_286">
<pin_list>
<pin id="287" dir="0" index="0" bw="512" slack="0"/>
<pin id="288" dir="0" index="1" bw="512" slack="0"/>
<pin id="289" dir="1" index="2" bw="512" slack="0"/>
</pin_list>
<bind>
<opcode="or(24) " fcode="or"/>
<opset="tmp2_V/5 "/>
</bind>
</comp>

<comp id="293" class="1004" name="store_ln811_store_fu_293">
<pin_list>
<pin id="294" dir="0" index="0" bw="512" slack="0"/>
<pin id="295" dir="0" index="1" bw="512" slack="4"/>
<pin id="296" dir="1" index="2" bw="0" slack="2147483647"/>
</pin_list>
<bind>
<opcode="store(28) " fcode="store"/>
<opset="store_ln811/5 "/>
</bind>
</comp>

<comp id="298" class="1005" name="p_Val2_s_reg_298">
<pin_list>
<pin id="299" dir="0" index="0" bw="512" slack="4"/>
<pin id="300" dir="1" index="1" bw="512" slack="4"/>
</pin_list>
<bind>
<opset="p_Val2_s "/>
</bind>
</comp>

<comp id="304" class="1005" name="n_reg_304">
<pin_list>
<pin id="305" dir="0" index="0" bw="2" slack="0"/>
<pin id="306" dir="1" index="1" bw="2" slack="0"/>
</pin_list>
<bind>
<opset="n "/>
</bind>
</comp>

<comp id="311" class="1005" name="indvar_flatten_reg_311">
<pin_list>
<pin id="312" dir="0" index="0" bw="33" slack="0"/>
<pin id="313" dir="1" index="1" bw="33" slack="0"/>
</pin_list>
<bind>
<opset="indvar_flatten "/>
</bind>
</comp>

<comp id="318" class="1005" name="bound_read_reg_318">
<pin_list>
<pin id="319" dir="0" index="0" bw="33" slack="1"/>
<pin id="320" dir="1" index="1" bw="33" slack="1"/>
</pin_list>
<bind>
<opset="bound_read "/>
</bind>
</comp>

<comp id="323" class="1005" name="icmp_ln809_reg_323">
<pin_list>
<pin id="324" dir="0" index="0" bw="1" slack="2"/>
<pin id="325" dir="1" index="1" bw="1" slack="2147483647"/>
</pin_list>
<bind>
<opset="icmp_ln809 "/>
</bind>
</comp>

<comp id="327" class="1005" name="tmp1_V_reg_327">
<pin_list>
<pin id="328" dir="0" index="0" bw="256" slack="1"/>
<pin id="329" dir="1" index="1" bw="256" slack="1"/>
</pin_list>
<bind>
<opset="tmp1_V "/>
</bind>
</comp>

<comp id="332" class="1005" name="shl_ln_reg_332">
<pin_list>
<pin id="333" dir="0" index="0" bw="9" slack="1"/>
<pin id="334" dir="1" index="1" bw="9" slack="1"/>
</pin_list>
<bind>
<opset="shl_ln "/>
</bind>
</comp>

<comp id="337" class="1005" name="or_ln830_reg_337">
<pin_list>
<pin id="338" dir="0" index="0" bw="9" slack="1"/>
<pin id="339" dir="1" index="1" bw="9" slack="1"/>
</pin_list>
<bind>
<opset="or_ln830 "/>
</bind>
</comp>

<comp id="342" class="1005" name="icmp_ln414_reg_342">
<pin_list>
<pin id="343" dir="0" index="0" bw="1" slack="1"/>
<pin id="344" dir="1" index="1" bw="1" slack="1"/>
</pin_list>
<bind>
<opset="icmp_ln414 "/>
</bind>
</comp>

<comp id="350" class="1005" name="icmp_ln832_reg_350">
<pin_list>
<pin id="351" dir="0" index="0" bw="1" slack="2"/>
<pin id="352" dir="1" index="1" bw="1" slack="2147483647"/>
</pin_list>
<bind>
<opset="icmp_ln832 "/>
</bind>
</comp>

<comp id="354" class="1005" name="shl_ln414_reg_354">
<pin_list>
<pin id="355" dir="0" index="0" bw="512" slack="1"/>
<pin id="356" dir="1" index="1" bw="512" slack="1"/>
</pin_list>
<bind>
<opset="shl_ln414 "/>
</bind>
</comp>

<comp id="360" class="1005" name="and_ln414_reg_360">
<pin_list>
<pin id="361" dir="0" index="0" bw="512" slack="1"/>
<pin id="362" dir="1" index="1" bw="512" slack="1"/>
</pin_list>
<bind>
<opset="and_ln414 "/>
</bind>
</comp>

</comp_list>

<net_list>
<net id="59"><net_src comp="6" pin="0"/><net_sink comp="56" pin=0"/></net>

<net id="63"><net_src comp="6" pin="0"/><net_sink comp="60" pin=0"/></net>

<net id="67"><net_src comp="6" pin="0"/><net_sink comp="64" pin=0"/></net>

<net id="72"><net_src comp="18" pin="0"/><net_sink comp="68" pin=0"/></net>

<net id="73"><net_src comp="0" pin="0"/><net_sink comp="68" pin=1"/></net>

<net id="78"><net_src comp="28" pin="0"/><net_sink comp="74" pin=0"/></net>

<net id="79"><net_src comp="2" pin="0"/><net_sink comp="74" pin=1"/></net>

<net id="85"><net_src comp="54" pin="0"/><net_sink comp="80" pin=0"/></net>

<net id="86"><net_src comp="4" pin="0"/><net_sink comp="80" pin=1"/></net>

<net id="91"><net_src comp="20" pin="0"/><net_sink comp="87" pin=0"/></net>

<net id="96"><net_src comp="22" pin="0"/><net_sink comp="92" pin=0"/></net>

<net id="104"><net_src comp="97" pin="1"/><net_sink comp="100" pin=0"/></net>

<net id="105"><net_src comp="24" pin="0"/><net_sink comp="100" pin=1"/></net>

<net id="110"><net_src comp="97" pin="1"/><net_sink comp="106" pin=0"/></net>

<net id="115"><net_src comp="100" pin="2"/><net_sink comp="111" pin=0"/></net>

<net id="123"><net_src comp="116" pin="1"/><net_sink comp="119" pin=0"/></net>

<net id="124"><net_src comp="26" pin="0"/><net_sink comp="119" pin=1"/></net>

<net id="130"><net_src comp="119" pin="2"/><net_sink comp="125" pin=0"/></net>

<net id="131"><net_src comp="22" pin="0"/><net_sink comp="125" pin=1"/></net>

<net id="132"><net_src comp="116" pin="1"/><net_sink comp="125" pin=2"/></net>

<net id="136"><net_src comp="125" pin="3"/><net_sink comp="133" pin=0"/></net>

<net id="142"><net_src comp="30" pin="0"/><net_sink comp="137" pin=0"/></net>

<net id="143"><net_src comp="133" pin="1"/><net_sink comp="137" pin=1"/></net>

<net id="144"><net_src comp="32" pin="0"/><net_sink comp="137" pin=2"/></net>

<net id="149"><net_src comp="137" pin="3"/><net_sink comp="145" pin=0"/></net>

<net id="150"><net_src comp="34" pin="0"/><net_sink comp="145" pin=1"/></net>

<net id="155"><net_src comp="137" pin="3"/><net_sink comp="151" pin=0"/></net>

<net id="156"><net_src comp="145" pin="2"/><net_sink comp="151" pin=1"/></net>

<net id="161"><net_src comp="125" pin="3"/><net_sink comp="157" pin=0"/></net>

<net id="162"><net_src comp="36" pin="0"/><net_sink comp="157" pin=1"/></net>

<net id="167"><net_src comp="125" pin="3"/><net_sink comp="163" pin=0"/></net>

<net id="168"><net_src comp="36" pin="0"/><net_sink comp="163" pin=1"/></net>

<net id="173"><net_src comp="163" pin="2"/><net_sink comp="169" pin=0"/></net>

<net id="187"><net_src comp="177" pin="1"/><net_sink comp="183" pin=0"/></net>

<net id="188"><net_src comp="38" pin="0"/><net_sink comp="183" pin=1"/></net>

<net id="194"><net_src comp="177" pin="1"/><net_sink comp="189" pin=1"/></net>

<net id="195"><net_src comp="180" pin="1"/><net_sink comp="189" pin=2"/></net>

<net id="201"><net_src comp="180" pin="1"/><net_sink comp="196" pin=1"/></net>

<net id="202"><net_src comp="177" pin="1"/><net_sink comp="196" pin=2"/></net>

<net id="208"><net_src comp="183" pin="2"/><net_sink comp="203" pin=1"/></net>

<net id="209"><net_src comp="177" pin="1"/><net_sink comp="203" pin=2"/></net>

<net id="214"><net_src comp="189" pin="3"/><net_sink comp="210" pin=0"/></net>

<net id="215"><net_src comp="38" pin="0"/><net_sink comp="210" pin=1"/></net>

<net id="219"><net_src comp="203" pin="3"/><net_sink comp="216" pin=0"/></net>

<net id="223"><net_src comp="196" pin="3"/><net_sink comp="220" pin=0"/></net>

<net id="227"><net_src comp="210" pin="2"/><net_sink comp="224" pin=0"/></net>

<net id="232"><net_src comp="174" pin="1"/><net_sink comp="228" pin=0"/></net>

<net id="233"><net_src comp="216" pin="1"/><net_sink comp="228" pin=1"/></net>

<net id="238"><net_src comp="40" pin="0"/><net_sink comp="234" pin=0"/></net>

<net id="239"><net_src comp="220" pin="1"/><net_sink comp="234" pin=1"/></net>

<net id="244"><net_src comp="40" pin="0"/><net_sink comp="240" pin=0"/></net>

<net id="245"><net_src comp="224" pin="1"/><net_sink comp="240" pin=1"/></net>

<net id="250"><net_src comp="234" pin="2"/><net_sink comp="246" pin=0"/></net>

<net id="251"><net_src comp="240" pin="2"/><net_sink comp="246" pin=1"/></net>

<net id="261"><net_src comp="50" pin="0"/><net_sink comp="255" pin=0"/></net>

<net id="262"><net_src comp="52" pin="0"/><net_sink comp="255" pin=2"/></net>

<net id="263"><net_src comp="12" pin="0"/><net_sink comp="255" pin=3"/></net>

<net id="269"><net_src comp="255" pin="4"/><net_sink comp="264" pin=1"/></net>

<net id="274"><net_src comp="40" pin="0"/><net_sink comp="270" pin=1"/></net>

<net id="279"><net_src comp="252" pin="1"/><net_sink comp="275" pin=0"/></net>

<net id="280"><net_src comp="270" pin="2"/><net_sink comp="275" pin=1"/></net>

<net id="285"><net_src comp="264" pin="3"/><net_sink comp="281" pin=0"/></net>

<net id="290"><net_src comp="275" pin="2"/><net_sink comp="286" pin=0"/></net>

<net id="291"><net_src comp="281" pin="2"/><net_sink comp="286" pin=1"/></net>

<net id="292"><net_src comp="286" pin="2"/><net_sink comp="80" pin=2"/></net>

<net id="297"><net_src comp="286" pin="2"/><net_sink comp="293" pin=0"/></net>

<net id="301"><net_src comp="56" pin="1"/><net_sink comp="298" pin=0"/></net>

<net id="302"><net_src comp="298" pin="1"/><net_sink comp="252" pin=0"/></net>

<net id="303"><net_src comp="298" pin="1"/><net_sink comp="293" pin=1"/></net>

<net id="307"><net_src comp="60" pin="1"/><net_sink comp="304" pin=0"/></net>

<net id="308"><net_src comp="304" pin="1"/><net_sink comp="92" pin=1"/></net>

<net id="309"><net_src comp="304" pin="1"/><net_sink comp="116" pin=0"/></net>

<net id="310"><net_src comp="304" pin="1"/><net_sink comp="169" pin=1"/></net>

<net id="314"><net_src comp="64" pin="1"/><net_sink comp="311" pin=0"/></net>

<net id="315"><net_src comp="311" pin="1"/><net_sink comp="87" pin=1"/></net>

<net id="316"><net_src comp="311" pin="1"/><net_sink comp="97" pin=0"/></net>

<net id="317"><net_src comp="311" pin="1"/><net_sink comp="111" pin=1"/></net>

<net id="321"><net_src comp="68" pin="2"/><net_sink comp="318" pin=0"/></net>

<net id="322"><net_src comp="318" pin="1"/><net_sink comp="106" pin=1"/></net>

<net id="326"><net_src comp="106" pin="2"/><net_sink comp="323" pin=0"/></net>

<net id="330"><net_src comp="74" pin="2"/><net_sink comp="327" pin=0"/></net>

<net id="331"><net_src comp="327" pin="1"/><net_sink comp="174" pin=0"/></net>

<net id="335"><net_src comp="137" pin="3"/><net_sink comp="332" pin=0"/></net>

<net id="336"><net_src comp="332" pin="1"/><net_sink comp="177" pin=0"/></net>

<net id="340"><net_src comp="145" pin="2"/><net_sink comp="337" pin=0"/></net>

<net id="341"><net_src comp="337" pin="1"/><net_sink comp="180" pin=0"/></net>

<net id="345"><net_src comp="151" pin="2"/><net_sink comp="342" pin=0"/></net>

<net id="346"><net_src comp="342" pin="1"/><net_sink comp="189" pin=0"/></net>

<net id="347"><net_src comp="342" pin="1"/><net_sink comp="196" pin=0"/></net>

<net id="348"><net_src comp="342" pin="1"/><net_sink comp="203" pin=0"/></net>

<net id="349"><net_src comp="342" pin="1"/><net_sink comp="264" pin=0"/></net>

<net id="353"><net_src comp="157" pin="2"/><net_sink comp="350" pin=0"/></net>

<net id="357"><net_src comp="228" pin="2"/><net_sink comp="354" pin=0"/></net>

<net id="358"><net_src comp="354" pin="1"/><net_sink comp="255" pin=1"/></net>

<net id="359"><net_src comp="354" pin="1"/><net_sink comp="264" pin=2"/></net>

<net id="363"><net_src comp="246" pin="2"/><net_sink comp="360" pin=0"/></net>

<net id="364"><net_src comp="360" pin="1"/><net_sink comp="270" pin=0"/></net>

<net id="365"><net_src comp="360" pin="1"/><net_sink comp="281" pin=1"/></net>

</net_list>

</model> 
---------------- Datapath Model END ------------------

* FSMD analyzer results:
  - Output states:
	Port: arg1_write_reduced_mem_strm | {}
	Port: arg1_write_mem_strm | {5 }
 - Input state : 
	Port: stream2streamStepup<256u, 512u>_Pipeline_VITIS_LOOP_809_1_VITIS_LOOP_811_2 : bound | {1 }
	Port: stream2streamStepup<256u, 512u>_Pipeline_VITIS_LOOP_809_1_VITIS_LOOP_811_2 : arg1_write_reduced_mem_strm | {3 }
	Port: stream2streamStepup<256u, 512u>_Pipeline_VITIS_LOOP_809_1_VITIS_LOOP_811_2 : arg1_write_mem_strm | {}
  - Chain level:
	State 1
		store_ln0 : 1
		store_ln0 : 1
	State 2
		add_ln809 : 1
		icmp_ln809 : 1
		br_ln809 : 2
		store_ln811 : 2
	State 3
		icmp_ln811 : 1
		select_ln811 : 2
		trunc_ln830 : 3
		shl_ln : 4
		or_ln830 : 5
		icmp_ln414 : 5
		icmp_ln832 : 3
		br_ln832 : 4
		add_ln811 : 3
		store_ln811 : 4
	State 4
		xor_ln414 : 1
		select_ln414 : 1
		select_ln414_1 : 1
		select_ln414_2 : 1
		xor_ln414_1 : 2
		zext_ln414_2 : 2
		zext_ln414_3 : 2
		zext_ln414_4 : 2
		shl_ln414 : 3
		shl_ln414_1 : 3
		lshr_ln414 : 3
		and_ln414 : 4
	State 5
		select_ln414_3 : 1
		and_ln414_2 : 2
		tmp2_V : 2
		write_ln174 : 2
		store_ln811 : 2


============================================================
+ Verbose Summary: Datapath Resource usage 
============================================================

* Functional unit list:
|----------|-------------------------|---------|---------|
| Operation|     Functional Unit     |    FF   |   LUT   |
|----------|-------------------------|---------|---------|
|    shl   |     shl_ln414_fu_228    |    0    |   1053  |
|          |    shl_ln414_1_fu_234   |    0    |    14   |
|----------|-------------------------|---------|---------|
|          |     and_ln414_fu_246    |    0    |   215   |
|    and   |    and_ln414_1_fu_275   |    0    |   215   |
|          |    and_ln414_2_fu_281   |    0    |   215   |
|----------|-------------------------|---------|---------|
|          |   select_ln811_fu_125   |    0    |    2    |
|          |   select_ln414_fu_189   |    0    |    9    |
|  select  |  select_ln414_1_fu_196  |    0    |    9    |
|          |  select_ln414_2_fu_203  |    0    |    9    |
|          |  select_ln414_3_fu_264  |    0    |   245   |
|----------|-------------------------|---------|---------|
|          |     xor_ln414_fu_183    |    0    |    9    |
|    xor   |    xor_ln414_1_fu_210   |    0    |    9    |
|          |    xor_ln414_2_fu_270   |    0    |   215   |
|----------|-------------------------|---------|---------|
|    or    |     or_ln830_fu_145     |    0    |    0    |
|          |      tmp2_V_fu_286      |    0    |   215   |
|----------|-------------------------|---------|---------|
|    add   |     add_ln809_fu_100    |    0    |    33   |
|          |     add_ln811_fu_163    |    0    |    5    |
|----------|-------------------------|---------|---------|
|          |    icmp_ln809_fu_106    |    0    |    16   |
|   icmp   |    icmp_ln811_fu_119    |    0    |    1    |
|          |    icmp_ln414_fu_151    |    0    |    5    |
|          |    icmp_ln832_fu_157    |    0    |    1    |
|----------|-------------------------|---------|---------|
|   lshr   |    lshr_ln414_fu_240    |    0    |    17   |
|----------|-------------------------|---------|---------|
|   read   |  bound_read_read_fu_68  |    0    |    0    |
|          |    tmp1_V_read_fu_74    |    0    |    0    |
|----------|-------------------------|---------|---------|
|   write  | write_ln174_write_fu_80 |    0    |    0    |
|----------|-------------------------|---------|---------|
|   trunc  |    trunc_ln830_fu_133   |    0    |    0    |
|----------|-------------------------|---------|---------|
|bitconcatenate|      shl_ln_fu_137      |    0    |    0    |
|----------|-------------------------|---------|---------|
|          |    zext_ln232_fu_174    |    0    |    0    |
|          |    zext_ln414_fu_177    |    0    |    0    |
|   zext   |   zext_ln414_1_fu_180   |    0    |    0    |
|          |   zext_ln414_2_fu_216   |    0    |    0    |
|          |   zext_ln414_3_fu_220   |    0    |    0    |
|          |   zext_ln414_4_fu_224   |    0    |    0    |
|----------|-------------------------|---------|---------|
|partselect|        tmp_fu_255       |    0    |    0    |
|----------|-------------------------|---------|---------|
|   Total  |                         |    0    |   2512  |
|----------|-------------------------|---------|---------|

Memories:
N/A

* Register list:
+----------------------+--------+
|                      |   FF   |
+----------------------+--------+
|   and_ln414_reg_360  |   512  |
|  bound_read_reg_318  |   33   |
|  icmp_ln414_reg_342  |    1   |
|  icmp_ln809_reg_323  |    1   |
|  icmp_ln832_reg_350  |    1   |
|indvar_flatten_reg_311|   33   |
|       n_reg_304      |    2   |
|   or_ln830_reg_337   |    9   |
|   p_Val2_s_reg_298   |   512  |
|   shl_ln414_reg_354  |   512  |
|    shl_ln_reg_332    |    9   |
|    tmp1_V_reg_327    |   256  |
+----------------------+--------+
|         Total        |  1881  |
+----------------------+--------+

* Multiplexer (MUX) list: 
|--------|------|------|------|--------|
|  Comp  |  Pin | Size |  BW  | S x BW |
|--------|------|------|------|--------|
|  Total |      |      |      |    0   |
|--------|------|------|------|--------|



* Summary:
+-----------+--------+--------+
|           |   FF   |   LUT  |
+-----------+--------+--------+
|  Function |    0   |  2512  |
|   Memory  |    -   |    -   |
|Multiplexer|    -   |    -   |
|  Register |  1881  |    -   |
+-----------+--------+--------+
|   Total   |  1881  |  2512  |
+-----------+--------+--------+
