

================================================================
== Vitis HLS Report for 'stream2streamStepup_256u_512u_Pipeline_VITIS_LOOP_809_1_VITIS_LOOP_811_2'
================================================================
* Date:           Sun Jul 26 01:22:46 2026

* Version:        2022.1 (Build 3526262 on Mon Apr 18 15:47:01 MDT 2022)
* Project:        datamover_outerloop_0
* Solution:       solution (Vitis Kernel Flow Target)
* Product family: versal
* Target device:  xcvc1902-vsvd1760-2MP-e-S


================================================================
== Performance Estimates
================================================================
+ Timing: 
    * Summary: 
    +--------+---------+----------+------------+
    |  Clock |  Target | Estimated| Uncertainty|
    +--------+---------+----------+------------+
    |ap_clk  |  3.33 ns|  1.943 ns|     0.90 ns|
    +--------+---------+----------+------------+

+ Latency: 
    * Summary: 
    +---------+---------+----------+----------+-----+-----+---------+
    |  Latency (cycles) |  Latency (absolute) |  Interval | Pipeline|
    |   min   |   max   |    min   |    max   | min | max |   Type  |
    +---------+---------+----------+----------+-----+-----+---------+
    |        ?|        ?|         ?|         ?|    ?|    ?|       no|
    +---------+---------+----------+----------+-----+-----+---------+

    + Detail: 
        * Instance: 
        N/A

        * Loop: 
        +-------------------------------------+---------+---------+----------+-----------+-----------+------+----------+
        |                                     |  Latency (cycles) | Iteration|  Initiation Interval  | Trip |          |
        |              Loop Name              |   min   |   max   |  Latency |  achieved |   target  | Count| Pipelined|
        +-------------------------------------+---------+---------+----------+-----------+-----------+------+----------+
        |- VITIS_LOOP_809_1_VITIS_LOOP_811_2  |        ?|        ?|         4|          1|          1|     ?|       yes|
        +-------------------------------------+---------+---------+----------+-----------+-----------+------+----------+

============================================================
+ Verbose Summary: Synthesis Manager
============================================================
InlineROM: 1
ExposeGlobal: 0
============================================================
+ Verbose Summary: CDFG Model
============================================================
IsTopModel: 0
ResetActiveHigh: 1
IsCombinational: 0
IsDatapathOnly: 0
HasWiredReturn: 1
HasMFsm: 2
HasVarLatency: 1
IsPipeline: 0
IsRtlPipelined: 0
IsInstanceOverlapped: 0
IsDontTouch: 0
HasImplIP: 0
IsGatedGlobalClock: 0

+ Individual pipeline summary: 
  * Pipeline-0: initiation interval (II) = 1, depth = 5


============================================================
+ Verbose Summary: Schedule
============================================================
* Number of FSM states : 5
* Pipeline : 1
  Pipeline-0 : II = 1, D = 5, States = { 1 2 3 4 5 }
* Dataflow Pipeline: 0

* FSM state transitions: 
1 --> 2 
2 --> 3 
3 --> 4 
4 --> 5 
5 --> 

* FSM state operations: 

State 1 <SV = 0> <Delay = 0.40>
ST_1 : Operation 7 [1/1] (0.00ns)   --->   "%p_Val2_s = alloca i32 1"   --->   Operation 7 'alloca' 'p_Val2_s' <Predicate = true> <Delay = 0.00>
ST_1 : Operation 8 [1/1] (0.00ns)   --->   "%n = alloca i32 1"   --->   Operation 8 'alloca' 'n' <Predicate = true> <Delay = 0.00>
ST_1 : Operation 9 [1/1] (0.00ns)   --->   "%indvar_flatten = alloca i32 1"   --->   Operation 9 'alloca' 'indvar_flatten' <Predicate = true> <Delay = 0.00>
ST_1 : Operation 10 [1/1] (0.00ns)   --->   "%specinterface_ln0 = specinterface void @_ssdm_op_SpecInterface, i512 %arg1_write_mem_strm, void @empty_7, i32 0, i32 0, void @empty_27, i32 0, i32 0, void @empty_27, void @empty_27, void @empty_27, i32 0, i32 0, i32 0, i32 0, void @empty_27, void @empty_27, i32 4294967295, i32 0"   --->   Operation 10 'specinterface' 'specinterface_ln0' <Predicate = true> <Delay = 0.00>
ST_1 : Operation 11 [1/1] (0.00ns)   --->   "%specinterface_ln0 = specinterface void @_ssdm_op_SpecInterface, i256 %arg1_write_reduced_mem_strm, void @empty_7, i32 0, i32 0, void @empty_27, i32 0, i32 0, void @empty_27, void @empty_27, void @empty_27, i32 0, i32 0, i32 0, i32 0, void @empty_27, void @empty_27, i32 4294967295, i32 0"   --->   Operation 11 'specinterface' 'specinterface_ln0' <Predicate = true> <Delay = 0.00>
ST_1 : Operation 12 [1/1] (0.00ns)   --->   "%bound_read = read i33 @_ssdm_op_Read.ap_auto.i33, i33 %bound" [/home/x_thileeb/repos/ops-hls-pact25-artifact/OPS/ops/hls/include/device/../../L1/include/ops_hls_datamover.hpp:785]   --->   Operation 12 'read' 'bound_read' <Predicate = true> <Delay = 0.00>
ST_1 : Operation 13 [1/1] (0.40ns)   --->   "%store_ln0 = store i33 0, i33 %indvar_flatten"   --->   Operation 13 'store' 'store_ln0' <Predicate = true> <Delay = 0.40>
ST_1 : Operation 14 [1/1] (0.33ns)   --->   "%store_ln0 = store i2 0, i2 %n"   --->   Operation 14 'store' 'store_ln0' <Predicate = true> <Delay = 0.33>
ST_1 : Operation 15 [1/1] (0.00ns)   --->   "%br_ln0 = br void %for.body4.i"   --->   Operation 15 'br' 'br_ln0' <Predicate = true> <Delay = 0.00>

State 2 <SV = 1> <Delay = 1.30>
ST_2 : Operation 16 [1/1] (0.00ns)   --->   "%indvar_flatten_load = load i33 %indvar_flatten" [/home/x_thileeb/repos/ops-hls-pact25-artifact/OPS/ops/hls/include/device/../../L1/include/ops_hls_datamover.hpp:809]   --->   Operation 16 'load' 'indvar_flatten_load' <Predicate = true> <Delay = 0.00>
ST_2 : Operation 17 [1/1] (0.89ns)   --->   "%add_ln809 = add i33 %indvar_flatten_load, i33 1" [/home/x_thileeb/repos/ops-hls-pact25-artifact/OPS/ops/hls/include/device/../../L1/include/ops_hls_datamover.hpp:809]   --->   Operation 17 'add' 'add_ln809' <Predicate = true> <Delay = 0.89> <CoreInst = "Adder">   --->   Core 1 'Adder' <Latency = 0> <II = 1> <Delay = 0.89> <FuncUnit> <Opcode : 'add' 'sub'> <InPorts = 2> <OutPorts = 1>
ST_2 : Operation 18 [1/1] (0.71ns)   --->   "%icmp_ln809 = icmp_eq  i33 %indvar_flatten_load, i33 %bound_read" [/home/x_thileeb/repos/ops-hls-pact25-artifact/OPS/ops/hls/include/device/../../L1/include/ops_hls_datamover.hpp:809]   --->   Operation 18 'icmp' 'icmp_ln809' <Predicate = true> <Delay = 0.71> <CoreInst = "Cmp">   --->   Core 9 'Cmp' <Latency = 0> <II = 1> <Delay = 0.71> <FuncUnit> <Opcode : 'icmp'> <InPorts = 2> <OutPorts = 1>
ST_2 : Operation 19 [1/1] (0.00ns)   --->   "%br_ln809 = br i1 %icmp_ln809, void %for.inc10.i, void %stream2streamStepup<256u, 512u>.exit.exitStub" [/home/x_thileeb/repos/ops-hls-pact25-artifact/OPS/ops/hls/include/device/../../L1/include/ops_hls_datamover.hpp:809]   --->   Operation 19 'br' 'br_ln809' <Predicate = true> <Delay = 0.00>
ST_2 : Operation 20 [1/1] (0.40ns)   --->   "%store_ln811 = store i33 %add_ln809, i33 %indvar_flatten" [/home/x_thileeb/repos/ops-hls-pact25-artifact/OPS/ops/hls/include/device/../../L1/include/ops_hls_datamover.hpp:811]   --->   Operation 20 'store' 'store_ln811' <Predicate = (!icmp_ln809)> <Delay = 0.40>

State 3 <SV = 2> <Delay = 1.56>
ST_3 : Operation 21 [1/1] (0.00ns)   --->   "%n_load = load i2 %n" [/home/x_thileeb/repos/ops-hls-pact25-artifact/OPS/ops/hls/include/device/../../L1/include/ops_hls_datamover.hpp:811]   --->   Operation 21 'load' 'n_load' <Predicate = true> <Delay = 0.00>
ST_3 : Operation 22 [1/1] (0.37ns)   --->   "%icmp_ln811 = icmp_eq  i2 %n_load, i2 2" [/home/x_thileeb/repos/ops-hls-pact25-artifact/OPS/ops/hls/include/device/../../L1/include/ops_hls_datamover.hpp:811]   --->   Operation 22 'icmp' 'icmp_ln811' <Predicate = true> <Delay = 0.37> <CoreInst = "Cmp">   --->   Core 9 'Cmp' <Latency = 0> <II = 1> <Delay = 0.37> <FuncUnit> <Opcode : 'icmp'> <InPorts = 2> <OutPorts = 1>
ST_3 : Operation 23 [1/1] (0.33ns)   --->   "%select_ln811 = select i1 %icmp_ln811, i2 0, i2 %n_load" [/home/x_thileeb/repos/ops-hls-pact25-artifact/OPS/ops/hls/include/device/../../L1/include/ops_hls_datamover.hpp:811]   --->   Operation 23 'select' 'select_ln811' <Predicate = true> <Delay = 0.33> <CoreInst = "Sel">   --->   Core 77 'Sel' <Latency = 0> <II = 1> <Delay = 0.33> <FuncUnit> <Opcode : 'select'> <InPorts = 3> <OutPorts = 1>
ST_3 : Operation 24 [1/1] (0.86ns)   --->   "%tmp1_V = read i256 @_ssdm_op_Read.ap_fifo.volatile.i256P0A, i256 %arg1_write_reduced_mem_strm" [/tools/Xilinx/Vitis_HLS/2022.1/common/technology/autopilot/hls_stream_39.h:145]   --->   Operation 24 'read' 'tmp1_V' <Predicate = true> <Delay = 0.86> <CoreInst = "FIFO_SRL">   --->   Core 85 'FIFO_SRL' <Latency = 0> <II = 1> <Delay = 0.86> <Storage> <Opcode : 'read' 'write' 'nbread' 'nbwrite'> <Ports = 0> <Width = 256> <Depth = 2> <FIFO>
ST_3 : Operation 25 [1/1] (0.00ns)   --->   "%trunc_ln830 = trunc i2 %select_ln811" [/home/x_thileeb/repos/ops-hls-pact25-artifact/OPS/ops/hls/include/device/../../L1/include/ops_hls_datamover.hpp:830]   --->   Operation 25 'trunc' 'trunc_ln830' <Predicate = true> <Delay = 0.00>
ST_3 : Operation 26 [1/1] (0.00ns)   --->   "%shl_ln = bitconcatenate i9 @_ssdm_op_BitConcatenate.i9.i1.i8, i1 %trunc_ln830, i8 0" [/home/x_thileeb/repos/ops-hls-pact25-artifact/OPS/ops/hls/include/device/../../L1/include/ops_hls_datamover.hpp:830]   --->   Operation 26 'bitconcatenate' 'shl_ln' <Predicate = true> <Delay = 0.00>
ST_3 : Operation 27 [1/1] (0.00ns)   --->   "%or_ln830 = or i9 %shl_ln, i9 255" [/home/x_thileeb/repos/ops-hls-pact25-artifact/OPS/ops/hls/include/device/../../L1/include/ops_hls_datamover.hpp:830]   --->   Operation 27 'or' 'or_ln830' <Predicate = true> <Delay = 0.00>
ST_3 : Operation 28 [1/1] (0.62ns)   --->   "%icmp_ln414 = icmp_ugt  i9 %shl_ln, i9 %or_ln830"   --->   Operation 28 'icmp' 'icmp_ln414' <Predicate = true> <Delay = 0.62> <CoreInst = "Cmp">   --->   Core 9 'Cmp' <Latency = 0> <II = 1> <Delay = 0.62> <FuncUnit> <Opcode : 'icmp'> <InPorts = 2> <OutPorts = 1>
ST_3 : Operation 29 [1/1] (0.37ns)   --->   "%icmp_ln832 = icmp_eq  i2 %select_ln811, i2 1" [/home/x_thileeb/repos/ops-hls-pact25-artifact/OPS/ops/hls/include/device/../../L1/include/ops_hls_datamover.hpp:832]   --->   Operation 29 'icmp' 'icmp_ln832' <Predicate = true> <Delay = 0.37> <CoreInst = "Cmp">   --->   Core 9 'Cmp' <Latency = 0> <II = 1> <Delay = 0.37> <FuncUnit> <Opcode : 'icmp'> <InPorts = 2> <OutPorts = 1>
ST_3 : Operation 30 [1/1] (0.00ns)   --->   "%br_ln832 = br i1 %icmp_ln832, void %for.inc.i, void %if.then.i" [/home/x_thileeb/repos/ops-hls-pact25-artifact/OPS/ops/hls/include/device/../../L1/include/ops_hls_datamover.hpp:832]   --->   Operation 30 'br' 'br_ln832' <Predicate = true> <Delay = 0.00>
ST_3 : Operation 31 [1/1] (0.53ns)   --->   "%add_ln811 = add i2 %select_ln811, i2 1" [/home/x_thileeb/repos/ops-hls-pact25-artifact/OPS/ops/hls/include/device/../../L1/include/ops_hls_datamover.hpp:811]   --->   Operation 31 'add' 'add_ln811' <Predicate = true> <Delay = 0.53> <CoreInst = "Adder">   --->   Core 1 'Adder' <Latency = 0> <II = 1> <Delay = 0.53> <FuncUnit> <Opcode : 'add' 'sub'> <InPorts = 2> <OutPorts = 1>
ST_3 : Operation 32 [1/1] (0.33ns)   --->   "%store_ln811 = store i2 %add_ln811, i2 %n" [/home/x_thileeb/repos/ops-hls-pact25-artifact/OPS/ops/hls/include/device/../../L1/include/ops_hls_datamover.hpp:811]   --->   Operation 32 'store' 'store_ln811' <Predicate = true> <Delay = 0.33>

State 4 <SV = 3> <Delay = 1.94>
ST_4 : Operation 33 [1/1] (0.00ns) (grouped into LUT with out node shl_ln414)   --->   "%zext_ln232 = zext i256 %tmp1_V"   --->   Operation 33 'zext' 'zext_ln232' <Predicate = true> <Delay = 0.00>
ST_4 : Operation 34 [1/1] (0.00ns)   --->   "%zext_ln414 = zext i9 %shl_ln"   --->   Operation 34 'zext' 'zext_ln414' <Predicate = true> <Delay = 0.00>
ST_4 : Operation 35 [1/1] (0.00ns)   --->   "%zext_ln414_1 = zext i9 %or_ln830"   --->   Operation 35 'zext' 'zext_ln414_1' <Predicate = true> <Delay = 0.00>
ST_4 : Operation 36 [1/1] (0.00ns) (grouped into LUT with out node shl_ln414)   --->   "%xor_ln414 = xor i10 %zext_ln414, i10 511"   --->   Operation 36 'xor' 'xor_ln414' <Predicate = (icmp_ln414)> <Delay = 0.00> <CoreInst = "LogicGate">   --->   Core 78 'LogicGate' <Latency = 0> <II = 1> <Delay = 0.37> <FuncUnit> <Opcode : 'and' 'or' 'xor'> <InPorts = 2> <OutPorts = 1>
ST_4 : Operation 37 [1/1] (0.00ns) (grouped into LUT with out node and_ln414)   --->   "%select_ln414 = select i1 %icmp_ln414, i10 %zext_ln414, i10 %zext_ln414_1"   --->   Operation 37 'select' 'select_ln414' <Predicate = true> <Delay = 0.00> <CoreInst = "Sel">   --->   Core 77 'Sel' <Latency = 0> <II = 1> <Delay = 0.46> <FuncUnit> <Opcode : 'select'> <InPorts = 3> <OutPorts = 1>
ST_4 : Operation 38 [1/1] (0.00ns) (grouped into LUT with out node and_ln414)   --->   "%select_ln414_1 = select i1 %icmp_ln414, i10 %zext_ln414_1, i10 %zext_ln414"   --->   Operation 38 'select' 'select_ln414_1' <Predicate = true> <Delay = 0.00> <CoreInst = "Sel">   --->   Core 77 'Sel' <Latency = 0> <II = 1> <Delay = 0.46> <FuncUnit> <Opcode : 'select'> <InPorts = 3> <OutPorts = 1>
ST_4 : Operation 39 [1/1] (0.00ns) (grouped into LUT with out node shl_ln414)   --->   "%select_ln414_2 = select i1 %icmp_ln414, i10 %xor_ln414, i10 %zext_ln414"   --->   Operation 39 'select' 'select_ln414_2' <Predicate = true> <Delay = 0.00> <CoreInst = "Sel">   --->   Core 77 'Sel' <Latency = 0> <II = 1> <Delay = 0.45> <FuncUnit> <Opcode : 'select'> <InPorts = 3> <OutPorts = 1>
ST_4 : Operation 40 [1/1] (0.00ns) (grouped into LUT with out node and_ln414)   --->   "%xor_ln414_1 = xor i10 %select_ln414, i10 511"   --->   Operation 40 'xor' 'xor_ln414_1' <Predicate = true> <Delay = 0.00> <CoreInst = "LogicGate">   --->   Core 78 'LogicGate' <Latency = 0> <II = 1> <Delay = 0.37> <FuncUnit> <Opcode : 'and' 'or' 'xor'> <InPorts = 2> <OutPorts = 1>
ST_4 : Operation 41 [1/1] (0.00ns) (grouped into LUT with out node shl_ln414)   --->   "%zext_ln414_2 = zext i10 %select_ln414_2"   --->   Operation 41 'zext' 'zext_ln414_2' <Predicate = true> <Delay = 0.00>
ST_4 : Operation 42 [1/1] (0.00ns) (grouped into LUT with out node and_ln414)   --->   "%zext_ln414_3 = zext i10 %select_ln414_1"   --->   Operation 42 'zext' 'zext_ln414_3' <Predicate = true> <Delay = 0.00>
ST_4 : Operation 43 [1/1] (0.00ns) (grouped into LUT with out node and_ln414)   --->   "%zext_ln414_4 = zext i10 %xor_ln414_1"   --->   Operation 43 'zext' 'zext_ln414_4' <Predicate = true> <Delay = 0.00>
ST_4 : Operation 44 [1/1] (1.94ns) (out node of the LUT)   --->   "%shl_ln414 = shl i512 %zext_ln232, i512 %zext_ln414_2"   --->   Operation 44 'shl' 'shl_ln414' <Predicate = true> <Delay = 1.94> <CoreInst = "Shifter">   --->   Core 79 'Shifter' <Latency = 0> <II = 1> <Delay = 1.94> <FuncUnit> <Opcode : 'shl' 'lshr' 'ashr'> <InPorts = 2> <OutPorts = 1>
ST_4 : Operation 45 [1/1] (0.00ns) (grouped into LUT with out node and_ln414)   --->   "%shl_ln414_1 = shl i512 13407807929942597099574024998205846127479365820592393377723561443721764030073546976801874298166903427690031858186486050853753882811946569946433649006084095, i512 %zext_ln414_3"   --->   Operation 45 'shl' 'shl_ln414_1' <Predicate = true> <Delay = 0.00> <CoreInst = "Shifter">   --->   Core 79 'Shifter' <Latency = 0> <II = 1> <Delay = 0.85> <FuncUnit> <Opcode : 'shl' 'lshr' 'ashr'> <InPorts = 2> <OutPorts = 1>
ST_4 : Operation 46 [1/1] (0.00ns) (grouped into LUT with out node and_ln414)   --->   "%lshr_ln414 = lshr i512 13407807929942597099574024998205846127479365820592393377723561443721764030073546976801874298166903427690031858186486050853753882811946569946433649006084095, i512 %zext_ln414_4"   --->   Operation 46 'lshr' 'lshr_ln414' <Predicate = true> <Delay = 0.00> <CoreInst = "Shifter">   --->   Core 79 'Shifter' <Latency = 0> <II = 1> <Delay = 0.90> <FuncUnit> <Opcode : 'shl' 'lshr' 'ashr'> <InPorts = 2> <OutPorts = 1>
ST_4 : Operation 47 [1/1] (0.90ns) (out node of the LUT)   --->   "%and_ln414 = and i512 %shl_ln414_1, i512 %lshr_ln414"   --->   Operation 47 'and' 'and_ln414' <Predicate = true> <Delay = 0.90> <CoreInst = "LogicGate">   --->   Core 78 'LogicGate' <Latency = 0> <II = 1> <Delay = 0.44> <FuncUnit> <Opcode : 'and' 'or' 'xor'> <InPorts = 2> <OutPorts = 1>
ST_4 : Operation 62 [1/1] (0.00ns)   --->   "%ret_ln0 = ret"   --->   Operation 62 'ret' 'ret_ln0' <Predicate = (icmp_ln809)> <Delay = 0.00>

State 5 <SV = 4> <Delay = 1.57>
ST_5 : Operation 48 [1/1] (0.00ns)   --->   "%p_Val2_load = load i512 %p_Val2_s"   --->   Operation 48 'load' 'p_Val2_load' <Predicate = true> <Delay = 0.00>
ST_5 : Operation 49 [1/1] (0.00ns)   --->   "%specloopname_ln0 = specloopname void @_ssdm_op_SpecLoopName, void @VITIS_LOOP_809_1_VITIS_LOOP_811_2_str"   --->   Operation 49 'specloopname' 'specloopname_ln0' <Predicate = true> <Delay = 0.00>
ST_5 : Operation 50 [1/1] (0.00ns)   --->   "%specpipeline_ln813 = specpipeline void @_ssdm_op_SpecPipeline, i32 1, i32 0, i32 0, i32 0, void @empty_27" [/home/x_thileeb/repos/ops-hls-pact25-artifact/OPS/ops/hls/include/device/../../L1/include/ops_hls_datamover.hpp:813]   --->   Operation 50 'specpipeline' 'specpipeline_ln813' <Predicate = true> <Delay = 0.00>
ST_5 : Operation 51 [1/1] (0.00ns)   --->   "%specloopname_ln0 = specloopname void @_ssdm_op_SpecLoopName, void @empty_5" [/tools/Xilinx/Vitis_HLS/2022.1/common/technology/autopilot/hls_stream_39.h:0]   --->   Operation 51 'specloopname' 'specloopname_ln0' <Predicate = true> <Delay = 0.00>
ST_5 : Operation 52 [1/1] (0.00ns) (grouped into LUT with out node tmp2_V)   --->   "%tmp = partselect i512 @llvm.part.select.i512, i512 %shl_ln414, i32 511, i32 0"   --->   Operation 52 'partselect' 'tmp' <Predicate = (icmp_ln414)> <Delay = 0.00>
ST_5 : Operation 53 [1/1] (0.00ns) (grouped into LUT with out node tmp2_V)   --->   "%select_ln414_3 = select i1 %icmp_ln414, i512 %tmp, i512 %shl_ln414"   --->   Operation 53 'select' 'select_ln414_3' <Predicate = true> <Delay = 0.00> <CoreInst = "Sel">   --->   Core 77 'Sel' <Latency = 0> <II = 1> <Delay = 0.70> <FuncUnit> <Opcode : 'select'> <InPorts = 3> <OutPorts = 1>
ST_5 : Operation 54 [1/1] (0.00ns) (grouped into LUT with out node tmp2_V)   --->   "%xor_ln414_2 = xor i512 %and_ln414, i512 13407807929942597099574024998205846127479365820592393377723561443721764030073546976801874298166903427690031858186486050853753882811946569946433649006084095"   --->   Operation 54 'xor' 'xor_ln414_2' <Predicate = true> <Delay = 0.00> <CoreInst = "LogicGate">   --->   Core 78 'LogicGate' <Latency = 0> <II = 1> <Delay = 0.44> <FuncUnit> <Opcode : 'and' 'or' 'xor'> <InPorts = 2> <OutPorts = 1>
ST_5 : Operation 55 [1/1] (0.00ns) (grouped into LUT with out node tmp2_V)   --->   "%and_ln414_1 = and i512 %p_Val2_load, i512 %xor_ln414_2"   --->   Operation 55 'and' 'and_ln414_1' <Predicate = true> <Delay = 0.00> <CoreInst = "LogicGate">   --->   Core 78 'LogicGate' <Latency = 0> <II = 1> <Delay = 0.44> <FuncUnit> <Opcode : 'and' 'or' 'xor'> <InPorts = 2> <OutPorts = 1>
ST_5 : Operation 56 [1/1] (0.00ns) (grouped into LUT with out node tmp2_V)   --->   "%and_ln414_2 = and i512 %select_ln414_3, i512 %and_ln414"   --->   Operation 56 'and' 'and_ln414_2' <Predicate = true> <Delay = 0.00> <CoreInst = "LogicGate">   --->   Core 78 'LogicGate' <Latency = 0> <II = 1> <Delay = 0.44> <FuncUnit> <Opcode : 'and' 'or' 'xor'> <InPorts = 2> <OutPorts = 1>
ST_5 : Operation 57 [1/1] (0.70ns) (out node of the LUT)   --->   "%tmp2_V = or i512 %and_ln414_1, i512 %and_ln414_2"   --->   Operation 57 'or' 'tmp2_V' <Predicate = true> <Delay = 0.70> <CoreInst = "LogicGate">   --->   Core 78 'LogicGate' <Latency = 0> <II = 1> <Delay = 0.44> <FuncUnit> <Opcode : 'and' 'or' 'xor'> <InPorts = 2> <OutPorts = 1>
ST_5 : Operation 58 [1/1] (0.86ns)   --->   "%write_ln174 = write void @_ssdm_op_Write.ap_fifo.volatile.i512P0A, i512 %arg1_write_mem_strm, i512 %tmp2_V" [/tools/Xilinx/Vitis_HLS/2022.1/common/technology/autopilot/hls_stream_39.h:174]   --->   Operation 58 'write' 'write_ln174' <Predicate = (icmp_ln832)> <Delay = 0.86> <CoreInst = "FIFO_SRL">   --->   Core 85 'FIFO_SRL' <Latency = 0> <II = 1> <Delay = 0.86> <Storage> <Opcode : 'read' 'write' 'nbread' 'nbwrite'> <Ports = 0> <Width = 512> <Depth = 2> <FIFO>
ST_5 : Operation 59 [1/1] (0.00ns)   --->   "%br_ln849 = br void %for.inc.i" [/home/x_thileeb/repos/ops-hls-pact25-artifact/OPS/ops/hls/include/device/../../L1/include/ops_hls_datamover.hpp:849]   --->   Operation 59 'br' 'br_ln849' <Predicate = (icmp_ln832)> <Delay = 0.00>
ST_5 : Operation 60 [1/1] (0.00ns)   --->   "%store_ln811 = store i512 %tmp2_V, i512 %p_Val2_s" [/home/x_thileeb/repos/ops-hls-pact25-artifact/OPS/ops/hls/include/device/../../L1/include/ops_hls_datamover.hpp:811]   --->   Operation 60 'store' 'store_ln811' <Predicate = true> <Delay = 0.00>
ST_5 : Operation 61 [1/1] (0.00ns)   --->   "%br_ln811 = br void %for.body4.i" [/home/x_thileeb/repos/ops-hls-pact25-artifact/OPS/ops/hls/include/device/../../L1/include/ops_hls_datamover.hpp:811]   --->   Operation 61 'br' 'br_ln811' <Predicate = true> <Delay = 0.00>


============================================================
+ Verbose Summary: Timing violations
============================================================
Target clock period: 3.33ns, clock uncertainty: 0.9ns.

 <State 1>: 0.409ns
The critical path consists of the following:
	'alloca' operation ('indvar_flatten') [6]  (0 ns)
	'store' operation ('store_ln0') of constant 0 on local variable 'indvar_flatten' [10]  (0.409 ns)

 <State 2>: 1.31ns
The critical path consists of the following:
	'load' operation ('indvar_flatten_load', /home/x_thileeb/repos/ops-hls-pact25-artifact/OPS/ops/hls/include/device/../../L1/include/ops_hls_datamover.hpp:809) on local variable 'indvar_flatten' [14]  (0 ns)
	'add' operation ('add_ln809', /home/x_thileeb/repos/ops-hls-pact25-artifact/OPS/ops/hls/include/device/../../L1/include/ops_hls_datamover.hpp:809) [15]  (0.898 ns)
	'store' operation ('store_ln811', /home/x_thileeb/repos/ops-hls-pact25-artifact/OPS/ops/hls/include/device/../../L1/include/ops_hls_datamover.hpp:811) of variable 'add_ln809', /home/x_thileeb/repos/ops-hls-pact25-artifact/OPS/ops/hls/include/device/../../L1/include/ops_hls_datamover.hpp:809 on local variable 'indvar_flatten' [59]  (0.409 ns)

 <State 3>: 1.57ns
The critical path consists of the following:
	'load' operation ('n_load', /home/x_thileeb/repos/ops-hls-pact25-artifact/OPS/ops/hls/include/device/../../L1/include/ops_hls_datamover.hpp:811) on local variable 'n' [20]  (0 ns)
	'icmp' operation ('icmp_ln811', /home/x_thileeb/repos/ops-hls-pact25-artifact/OPS/ops/hls/include/device/../../L1/include/ops_hls_datamover.hpp:811) [22]  (0.375 ns)
	'select' operation ('select_ln811', /home/x_thileeb/repos/ops-hls-pact25-artifact/OPS/ops/hls/include/device/../../L1/include/ops_hls_datamover.hpp:811) [23]  (0.33 ns)
	'add' operation ('add_ln811', /home/x_thileeb/repos/ops-hls-pact25-artifact/OPS/ops/hls/include/device/../../L1/include/ops_hls_datamover.hpp:811) [58]  (0.53 ns)
	'store' operation ('store_ln811', /home/x_thileeb/repos/ops-hls-pact25-artifact/OPS/ops/hls/include/device/../../L1/include/ops_hls_datamover.hpp:811) of variable 'add_ln811', /home/x_thileeb/repos/ops-hls-pact25-artifact/OPS/ops/hls/include/device/../../L1/include/ops_hls_datamover.hpp:811 on local variable 'n' [60]  (0.33 ns)

 <State 4>: 1.94ns
The critical path consists of the following:
	'shl' operation ('shl_ln414') [42]  (1.94 ns)

 <State 5>: 1.57ns
The critical path consists of the following:
	'load' operation ('p_Val2_load') on local variable '__Val2__' [19]  (0 ns)
	'and' operation ('and_ln414_1') [49]  (0 ns)
	'or' operation ('__Result__') [51]  (0.706 ns)
	fifo write operation ('write_ln174', /tools/Xilinx/Vitis_HLS/2022.1/common/technology/autopilot/hls_stream_39.h:174) on port 'arg1_write_mem_strm' (/tools/Xilinx/Vitis_HLS/2022.1/common/technology/autopilot/hls_stream_39.h:174) [55]  (0.864 ns)


============================================================
+ Verbose Summary: Binding
============================================================
N/A
* FSMD analyzer results:
  - Output states:
 - Input state : 
  - Chain level:
	State 1
	State 2
	State 3
	State 4
	State 5


============================================================
+ Verbose Summary: Datapath Resource usage 
============================================================
N/A
