

================================================================
== Vitis HLS Report for 'stream2streamStepdown_512u_256u_Pipeline_VITIS_LOOP_893_1_VITIS_LOOP_895_2'
================================================================
* Date:           Sun Jul 26 01:22:45 2026

* Version:        2022.1 (Build 3526262 on Mon Apr 18 15:47:01 MDT 2022)
* Project:        datamover_outerloop_0
* Solution:       solution (Vitis Kernel Flow Target)
* Product family: versal
* Target device:  xcvc1902-vsvd1760-2MP-e-S


================================================================
== Performance Estimates
================================================================
+ Timing: 
    * Summary: 
    +--------+---------+----------+------------+
    |  Clock |  Target | Estimated| Uncertainty|
    +--------+---------+----------+------------+
    |ap_clk  |  3.33 ns|  2.327 ns|     0.90 ns|
    +--------+---------+----------+------------+

+ Latency: 
    * Summary: 
    +---------+---------+----------+----------+-----+-----+---------+
    |  Latency (cycles) |  Latency (absolute) |  Interval | Pipeline|
    |   min   |   max   |    min   |    max   | min | max |   Type  |
    +---------+---------+----------+----------+-----+-----+---------+
    |        ?|        ?|         ?|         ?|    ?|    ?|       no|
    +---------+---------+----------+----------+-----+-----+---------+

    + Detail: 
        * Instance: 
        N/A

        * Loop: 
        +-------------------------------------+---------+---------+----------+-----------+-----------+------+----------+
        |                                     |  Latency (cycles) | Iteration|  Initiation Interval  | Trip |          |
        |              Loop Name              |   min   |   max   |  Latency |  achieved |   target  | Count| Pipelined|
        +-------------------------------------+---------+---------+----------+-----------+-----------+------+----------+
        |- VITIS_LOOP_893_1_VITIS_LOOP_895_2  |        ?|        ?|         6|          1|          1|     ?|       yes|
        +-------------------------------------+---------+---------+----------+-----------+-----------+------+----------+

============================================================
+ Verbose Summary: Synthesis Manager
============================================================
InlineROM: 1
ExposeGlobal: 0
============================================================
+ Verbose Summary: CDFG Model
============================================================
IsTopModel: 0
ResetActiveHigh: 1
IsCombinational: 0
IsDatapathOnly: 0
HasWiredReturn: 1
HasMFsm: 2
HasVarLatency: 1
IsPipeline: 0
IsRtlPipelined: 0
IsInstanceOverlapped: 0
IsDontTouch: 0
HasImplIP: 0
IsGatedGlobalClock: 0

+ Individual pipeline summary: 
  * Pipeline-0: initiation interval (II) = 1, depth = 7


============================================================
+ Verbose Summary: Schedule
============================================================
* Number of FSM states : 7
* Pipeline : 1
  Pipeline-0 : II = 1, D = 7, States = { 1 2 3 4 5 6 7 }
* Dataflow Pipeline: 0

* FSM state transitions: 
1 --> 2 
2 --> 3 
3 --> 4 
4 --> 5 
5 --> 6 
6 --> 7 
7 --> 

* FSM state operations: 

State 1 <SV = 0> <Delay = 0.40>
ST_1 : Operation 9 [1/1] (0.00ns)   --->   "%n = alloca i32 1"   --->   Operation 9 'alloca' 'n' <Predicate = true> <Delay = 0.00>
ST_1 : Operation 10 [1/1] (0.00ns)   --->   "%indvar_flatten = alloca i32 1"   --->   Operation 10 'alloca' 'indvar_flatten' <Predicate = true> <Delay = 0.00>
ST_1 : Operation 11 [1/1] (0.00ns)   --->   "%tmp1_V = alloca i32 1"   --->   Operation 11 'alloca' 'tmp1_V' <Predicate = true> <Delay = 0.00>
ST_1 : Operation 12 [1/1] (0.00ns)   --->   "%specinterface_ln0 = specinterface void @_ssdm_op_SpecInterface, i256 %arg0_read_reduced_mem_strm, void @empty_7, i32 0, i32 0, void @empty_27, i32 0, i32 0, void @empty_27, void @empty_27, void @empty_27, i32 0, i32 0, i32 0, i32 0, void @empty_27, void @empty_27, i32 4294967295, i32 0"   --->   Operation 12 'specinterface' 'specinterface_ln0' <Predicate = true> <Delay = 0.00>
ST_1 : Operation 13 [1/1] (0.00ns)   --->   "%specinterface_ln0 = specinterface void @_ssdm_op_SpecInterface, i512 %arg0_read_mem_strm, void @empty_7, i32 0, i32 0, void @empty_27, i32 0, i32 0, void @empty_27, void @empty_27, void @empty_27, i32 0, i32 0, i32 0, i32 0, void @empty_27, void @empty_27, i32 4294967295, i32 0"   --->   Operation 13 'specinterface' 'specinterface_ln0' <Predicate = true> <Delay = 0.00>
ST_1 : Operation 14 [1/1] (0.00ns)   --->   "%bound_read = read i33 @_ssdm_op_Read.ap_auto.i33, i33 %bound" [/home/x_thileeb/repos/ops-hls-pact25-artifact/OPS/ops/hls/include/device/../../L1/include/ops_hls_datamover.hpp:868]   --->   Operation 14 'read' 'bound_read' <Predicate = true> <Delay = 0.00>
ST_1 : Operation 15 [1/1] (0.40ns)   --->   "%store_ln0 = store i33 0, i33 %indvar_flatten"   --->   Operation 15 'store' 'store_ln0' <Predicate = true> <Delay = 0.40>
ST_1 : Operation 16 [1/1] (0.33ns)   --->   "%store_ln0 = store i2 0, i2 %n"   --->   Operation 16 'store' 'store_ln0' <Predicate = true> <Delay = 0.33>
ST_1 : Operation 17 [1/1] (0.00ns)   --->   "%br_ln0 = br void %for.body4.i"   --->   Operation 17 'br' 'br_ln0' <Predicate = true> <Delay = 0.00>

State 2 <SV = 1> <Delay = 1.56>
ST_2 : Operation 18 [1/1] (0.00ns)   --->   "%indvar_flatten_load = load i33 %indvar_flatten" [/home/x_thileeb/repos/ops-hls-pact25-artifact/OPS/ops/hls/include/device/../../L1/include/ops_hls_datamover.hpp:893]   --->   Operation 18 'load' 'indvar_flatten_load' <Predicate = true> <Delay = 0.00>
ST_2 : Operation 19 [1/1] (0.89ns)   --->   "%add_ln893 = add i33 %indvar_flatten_load, i33 1" [/home/x_thileeb/repos/ops-hls-pact25-artifact/OPS/ops/hls/include/device/../../L1/include/ops_hls_datamover.hpp:893]   --->   Operation 19 'add' 'add_ln893' <Predicate = true> <Delay = 0.89> <CoreInst = "Adder">   --->   Core 1 'Adder' <Latency = 0> <II = 1> <Delay = 0.89> <FuncUnit> <Opcode : 'add' 'sub'> <InPorts = 2> <OutPorts = 1>
ST_2 : Operation 20 [1/1] (0.71ns)   --->   "%icmp_ln893 = icmp_eq  i33 %indvar_flatten_load, i33 %bound_read" [/home/x_thileeb/repos/ops-hls-pact25-artifact/OPS/ops/hls/include/device/../../L1/include/ops_hls_datamover.hpp:893]   --->   Operation 20 'icmp' 'icmp_ln893' <Predicate = true> <Delay = 0.71> <CoreInst = "Cmp">   --->   Core 9 'Cmp' <Latency = 0> <II = 1> <Delay = 0.71> <FuncUnit> <Opcode : 'icmp'> <InPorts = 2> <OutPorts = 1>
ST_2 : Operation 21 [1/1] (0.00ns)   --->   "%br_ln893 = br i1 %icmp_ln893, void %for.inc11.i, void %stream2streamStepdown<512u, 256u>.exit.exitStub" [/home/x_thileeb/repos/ops-hls-pact25-artifact/OPS/ops/hls/include/device/../../L1/include/ops_hls_datamover.hpp:893]   --->   Operation 21 'br' 'br_ln893' <Predicate = true> <Delay = 0.00>
ST_2 : Operation 22 [1/1] (0.00ns)   --->   "%n_load = load i2 %n" [/home/x_thileeb/repos/ops-hls-pact25-artifact/OPS/ops/hls/include/device/../../L1/include/ops_hls_datamover.hpp:895]   --->   Operation 22 'load' 'n_load' <Predicate = (!icmp_ln893)> <Delay = 0.00>
ST_2 : Operation 23 [1/1] (0.00ns)   --->   "%specloopname_ln0 = specloopname void @_ssdm_op_SpecLoopName, void @VITIS_LOOP_893_1_VITIS_LOOP_895_2_str"   --->   Operation 23 'specloopname' 'specloopname_ln0' <Predicate = (!icmp_ln893)> <Delay = 0.00>
ST_2 : Operation 24 [1/1] (0.37ns)   --->   "%icmp_ln895 = icmp_eq  i2 %n_load, i2 2" [/home/x_thileeb/repos/ops-hls-pact25-artifact/OPS/ops/hls/include/device/../../L1/include/ops_hls_datamover.hpp:895]   --->   Operation 24 'icmp' 'icmp_ln895' <Predicate = (!icmp_ln893)> <Delay = 0.37> <CoreInst = "Cmp">   --->   Core 9 'Cmp' <Latency = 0> <II = 1> <Delay = 0.37> <FuncUnit> <Opcode : 'icmp'> <InPorts = 2> <OutPorts = 1>
ST_2 : Operation 25 [1/1] (0.33ns)   --->   "%select_ln895 = select i1 %icmp_ln895, i2 0, i2 %n_load" [/home/x_thileeb/repos/ops-hls-pact25-artifact/OPS/ops/hls/include/device/../../L1/include/ops_hls_datamover.hpp:895]   --->   Operation 25 'select' 'select_ln895' <Predicate = (!icmp_ln893)> <Delay = 0.33> <CoreInst = "Sel">   --->   Core 77 'Sel' <Latency = 0> <II = 1> <Delay = 0.33> <FuncUnit> <Opcode : 'select'> <InPorts = 3> <OutPorts = 1>
ST_2 : Operation 26 [1/1] (0.00ns)   --->   "%specpipeline_ln897 = specpipeline void @_ssdm_op_SpecPipeline, i32 1, i32 0, i32 0, i32 0, void @empty_27" [/home/x_thileeb/repos/ops-hls-pact25-artifact/OPS/ops/hls/include/device/../../L1/include/ops_hls_datamover.hpp:897]   --->   Operation 26 'specpipeline' 'specpipeline_ln897' <Predicate = (!icmp_ln893)> <Delay = 0.00>
ST_2 : Operation 27 [1/1] (0.00ns)   --->   "%specloopname_ln891 = specloopname void @_ssdm_op_SpecLoopName, void @empty_15" [/home/x_thileeb/repos/ops-hls-pact25-artifact/OPS/ops/hls/include/device/../../L1/include/ops_hls_datamover.hpp:891]   --->   Operation 27 'specloopname' 'specloopname_ln891' <Predicate = (!icmp_ln893)> <Delay = 0.00>
ST_2 : Operation 28 [1/1] (0.37ns)   --->   "%icmp_ln900 = icmp_eq  i2 %select_ln895, i2 0" [/home/x_thileeb/repos/ops-hls-pact25-artifact/OPS/ops/hls/include/device/../../L1/include/ops_hls_datamover.hpp:900]   --->   Operation 28 'icmp' 'icmp_ln900' <Predicate = (!icmp_ln893)> <Delay = 0.37> <CoreInst = "Cmp">   --->   Core 9 'Cmp' <Latency = 0> <II = 1> <Delay = 0.37> <FuncUnit> <Opcode : 'icmp'> <InPorts = 2> <OutPorts = 1>
ST_2 : Operation 29 [1/1] (0.00ns)   --->   "%br_ln900 = br i1 %icmp_ln900, void %for.inc.i, void %if.then.i" [/home/x_thileeb/repos/ops-hls-pact25-artifact/OPS/ops/hls/include/device/../../L1/include/ops_hls_datamover.hpp:900]   --->   Operation 29 'br' 'br_ln900' <Predicate = (!icmp_ln893)> <Delay = 0.00>
ST_2 : Operation 30 [1/1] (0.00ns)   --->   "%trunc_ln918 = trunc i2 %select_ln895" [/home/x_thileeb/repos/ops-hls-pact25-artifact/OPS/ops/hls/include/device/../../L1/include/ops_hls_datamover.hpp:918]   --->   Operation 30 'trunc' 'trunc_ln918' <Predicate = (!icmp_ln893)> <Delay = 0.00>
ST_2 : Operation 31 [1/1] (0.53ns)   --->   "%add_ln895 = add i2 %select_ln895, i2 1" [/home/x_thileeb/repos/ops-hls-pact25-artifact/OPS/ops/hls/include/device/../../L1/include/ops_hls_datamover.hpp:895]   --->   Operation 31 'add' 'add_ln895' <Predicate = (!icmp_ln893)> <Delay = 0.53> <CoreInst = "Adder">   --->   Core 1 'Adder' <Latency = 0> <II = 1> <Delay = 0.53> <FuncUnit> <Opcode : 'add' 'sub'> <InPorts = 2> <OutPorts = 1>
ST_2 : Operation 32 [1/1] (0.40ns)   --->   "%store_ln895 = store i33 %add_ln893, i33 %indvar_flatten" [/home/x_thileeb/repos/ops-hls-pact25-artifact/OPS/ops/hls/include/device/../../L1/include/ops_hls_datamover.hpp:895]   --->   Operation 32 'store' 'store_ln895' <Predicate = (!icmp_ln893)> <Delay = 0.40>
ST_2 : Operation 33 [1/1] (0.33ns)   --->   "%store_ln895 = store i2 %add_ln895, i2 %n" [/home/x_thileeb/repos/ops-hls-pact25-artifact/OPS/ops/hls/include/device/../../L1/include/ops_hls_datamover.hpp:895]   --->   Operation 33 'store' 'store_ln895' <Predicate = (!icmp_ln893)> <Delay = 0.33>

State 3 <SV = 2> <Delay = 0.86>
ST_3 : Operation 34 [1/1] (0.86ns)   --->   "%tmp_1 = read i512 @_ssdm_op_Read.ap_fifo.volatile.i512P0A, i512 %arg0_read_mem_strm" [/tools/Xilinx/Vitis_HLS/2022.1/common/technology/autopilot/hls_stream_39.h:145]   --->   Operation 34 'read' 'tmp_1' <Predicate = (icmp_ln900)> <Delay = 0.86> <CoreInst = "FIFO_SRL">   --->   Core 85 'FIFO_SRL' <Latency = 0> <II = 1> <Delay = 0.86> <Storage> <Opcode : 'read' 'write' 'nbread' 'nbwrite'> <Ports = 0> <Width = 512> <Depth = 2> <FIFO>
ST_3 : Operation 35 [1/1] (0.00ns)   --->   "%store_ln916 = store i512 %tmp_1, i512 %tmp1_V" [/home/x_thileeb/repos/ops-hls-pact25-artifact/OPS/ops/hls/include/device/../../L1/include/ops_hls_datamover.hpp:916]   --->   Operation 35 'store' 'store_ln916' <Predicate = (icmp_ln900)> <Delay = 0.00>
ST_3 : Operation 36 [1/1] (0.00ns)   --->   "%br_ln916 = br void %for.inc.i" [/home/x_thileeb/repos/ops-hls-pact25-artifact/OPS/ops/hls/include/device/../../L1/include/ops_hls_datamover.hpp:916]   --->   Operation 36 'br' 'br_ln916' <Predicate = (icmp_ln900)> <Delay = 0.00>

State 4 <SV = 3> <Delay = 1.54>
ST_4 : Operation 37 [1/1] (0.00ns)   --->   "%p_Val2_s = load i512 %tmp1_V"   --->   Operation 37 'load' 'p_Val2_s' <Predicate = true> <Delay = 0.00>
ST_4 : Operation 38 [1/1] (0.00ns)   --->   "%shl_ln = bitconcatenate i9 @_ssdm_op_BitConcatenate.i9.i1.i8, i1 %trunc_ln918, i8 0" [/home/x_thileeb/repos/ops-hls-pact25-artifact/OPS/ops/hls/include/device/../../L1/include/ops_hls_datamover.hpp:918]   --->   Operation 38 'bitconcatenate' 'shl_ln' <Predicate = true> <Delay = 0.00>
ST_4 : Operation 39 [1/1] (0.00ns)   --->   "%or_ln918 = or i9 %shl_ln, i9 255" [/home/x_thileeb/repos/ops-hls-pact25-artifact/OPS/ops/hls/include/device/../../L1/include/ops_hls_datamover.hpp:918]   --->   Operation 39 'or' 'or_ln918' <Predicate = true> <Delay = 0.00>
ST_4 : Operation 40 [1/1] (0.62ns)   --->   "%icmp_ln674 = icmp_ugt  i9 %shl_ln, i9 %or_ln918"   --->   Operation 40 'icmp' 'icmp_ln674' <Predicate = true> <Delay = 0.62> <CoreInst = "Cmp">   --->   Core 9 'Cmp' <Latency = 0> <II = 1> <Delay = 0.62> <FuncUnit> <Opcode : 'icmp'> <InPorts = 2> <OutPorts = 1>
ST_4 : Operation 41 [1/1] (0.00ns)   --->   "%zext_ln674 = zext i9 %shl_ln"   --->   Operation 41 'zext' 'zext_ln674' <Predicate = true> <Delay = 0.00>
ST_4 : Operation 42 [1/1] (0.00ns)   --->   "%zext_ln674_1 = zext i9 %or_ln918"   --->   Operation 42 'zext' 'zext_ln674_1' <Predicate = true> <Delay = 0.00>
ST_4 : Operation 43 [1/1] (0.00ns)   --->   "%tmp = partselect i512 @llvm.part.select.i512, i512 %p_Val2_s, i32 511, i32 0"   --->   Operation 43 'partselect' 'tmp' <Predicate = true> <Delay = 0.00>
ST_4 : Operation 44 [1/1] (0.75ns)   --->   "%sub_ln674 = sub i10 %zext_ln674, i10 %zext_ln674_1"   --->   Operation 44 'sub' 'sub_ln674' <Predicate = true> <Delay = 0.75> <CoreInst = "Adder">   --->   Core 1 'Adder' <Latency = 0> <II = 1> <Delay = 0.75> <FuncUnit> <Opcode : 'add' 'sub'> <InPorts = 2> <OutPorts = 1>
ST_4 : Operation 45 [1/1] (0.00ns) (grouped into LUT with out node select_ln674_2)   --->   "%xor_ln674 = xor i10 %zext_ln674, i10 511"   --->   Operation 45 'xor' 'xor_ln674' <Predicate = true> <Delay = 0.00> <CoreInst = "LogicGate">   --->   Core 78 'LogicGate' <Latency = 0> <II = 1> <Delay = 0.37> <FuncUnit> <Opcode : 'and' 'or' 'xor'> <InPorts = 2> <OutPorts = 1>
ST_4 : Operation 46 [1/1] (0.75ns)   --->   "%sub_ln674_1 = sub i10 %zext_ln674_1, i10 %zext_ln674"   --->   Operation 46 'sub' 'sub_ln674_1' <Predicate = true> <Delay = 0.75> <CoreInst = "Adder">   --->   Core 1 'Adder' <Latency = 0> <II = 1> <Delay = 0.75> <FuncUnit> <Opcode : 'add' 'sub'> <InPorts = 2> <OutPorts = 1>
ST_4 : Operation 47 [1/1] (0.00ns) (grouped into LUT with out node sub_ln674_2)   --->   "%select_ln674 = select i1 %icmp_ln674, i10 %sub_ln674, i10 %sub_ln674_1"   --->   Operation 47 'select' 'select_ln674' <Predicate = true> <Delay = 0.00> <CoreInst = "Sel">   --->   Core 77 'Sel' <Latency = 0> <II = 1> <Delay = 0.45> <FuncUnit> <Opcode : 'select'> <InPorts = 3> <OutPorts = 1>
ST_4 : Operation 48 [1/1] (0.70ns)   --->   "%select_ln674_1 = select i1 %icmp_ln674, i512 %tmp, i512 %p_Val2_s"   --->   Operation 48 'select' 'select_ln674_1' <Predicate = true> <Delay = 0.70> <CoreInst = "Sel">   --->   Core 77 'Sel' <Latency = 0> <II = 1> <Delay = 0.70> <FuncUnit> <Opcode : 'select'> <InPorts = 3> <OutPorts = 1>
ST_4 : Operation 49 [1/1] (0.45ns) (out node of the LUT)   --->   "%select_ln674_2 = select i1 %icmp_ln674, i10 %xor_ln674, i10 %zext_ln674"   --->   Operation 49 'select' 'select_ln674_2' <Predicate = true> <Delay = 0.45> <CoreInst = "Sel">   --->   Core 77 'Sel' <Latency = 0> <II = 1> <Delay = 0.45> <FuncUnit> <Opcode : 'select'> <InPorts = 3> <OutPorts = 1>
ST_4 : Operation 50 [1/1] (0.79ns) (out node of the LUT)   --->   "%sub_ln674_2 = sub i10 511, i10 %select_ln674"   --->   Operation 50 'sub' 'sub_ln674_2' <Predicate = true> <Delay = 0.79> <CoreInst = "Adder">   --->   Core 1 'Adder' <Latency = 0> <II = 1> <Delay = 0.79> <FuncUnit> <Opcode : 'add' 'sub'> <InPorts = 2> <OutPorts = 1>

State 5 <SV = 4> <Delay = 2.16>
ST_5 : Operation 51 [1/1] (0.00ns)   --->   "%zext_ln674_2 = zext i10 %select_ln674_2"   --->   Operation 51 'zext' 'zext_ln674_2' <Predicate = true> <Delay = 0.00>
ST_5 : Operation 52 [2/2] (2.16ns)   --->   "%lshr_ln674 = lshr i512 %select_ln674_1, i512 %zext_ln674_2"   --->   Operation 52 'lshr' 'lshr_ln674' <Predicate = true> <Delay = 2.16> <CoreInst = "Shifter">   --->   Core 79 'Shifter' <Latency = 1> <II = 1> <Delay = 2.38> <FuncUnit> <Opcode : 'shl' 'lshr' 'ashr'> <InPorts = 2> <OutPorts = 1>

State 6 <SV = 5> <Delay = 2.32>
ST_6 : Operation 53 [1/2] (2.32ns)   --->   "%lshr_ln674 = lshr i512 %select_ln674_1, i512 %zext_ln674_2"   --->   Operation 53 'lshr' 'lshr_ln674' <Predicate = true> <Delay = 2.32> <CoreInst = "Shifter">   --->   Core 79 'Shifter' <Latency = 1> <II = 1> <Delay = 2.38> <FuncUnit> <Opcode : 'shl' 'lshr' 'ashr'> <InPorts = 2> <OutPorts = 1>
ST_6 : Operation 60 [1/1] (0.00ns)   --->   "%ret_ln0 = ret"   --->   Operation 60 'ret' 'ret_ln0' <Predicate = (icmp_ln893)> <Delay = 0.00>

State 7 <SV = 6> <Delay = 1.76>
ST_7 : Operation 54 [1/1] (0.00ns) (grouped into LUT with out node p_Result_s)   --->   "%zext_ln674_3 = zext i10 %sub_ln674_2"   --->   Operation 54 'zext' 'zext_ln674_3' <Predicate = true> <Delay = 0.00>
ST_7 : Operation 55 [1/1] (0.00ns) (grouped into LUT with out node p_Result_s)   --->   "%lshr_ln674_1 = lshr i512 13407807929942597099574024998205846127479365820592393377723561443721764030073546976801874298166903427690031858186486050853753882811946569946433649006084095, i512 %zext_ln674_3"   --->   Operation 55 'lshr' 'lshr_ln674_1' <Predicate = true> <Delay = 0.00> <CoreInst = "Shifter">   --->   Core 79 'Shifter' <Latency = 0> <II = 1> <Delay = 0.90> <FuncUnit> <Opcode : 'shl' 'lshr' 'ashr'> <InPorts = 2> <OutPorts = 1>
ST_7 : Operation 56 [1/1] (0.90ns) (out node of the LUT)   --->   "%p_Result_s = and i512 %lshr_ln674, i512 %lshr_ln674_1"   --->   Operation 56 'and' 'p_Result_s' <Predicate = true> <Delay = 0.90> <CoreInst = "LogicGate">   --->   Core 78 'LogicGate' <Latency = 0> <II = 1> <Delay = 0.44> <FuncUnit> <Opcode : 'and' 'or' 'xor'> <InPorts = 2> <OutPorts = 1>
ST_7 : Operation 57 [1/1] (0.00ns)   --->   "%tmp2_V = trunc i512 %p_Result_s"   --->   Operation 57 'trunc' 'tmp2_V' <Predicate = true> <Delay = 0.00>
ST_7 : Operation 58 [1/1] (0.86ns)   --->   "%write_ln174 = write void @_ssdm_op_Write.ap_fifo.volatile.i256P0A, i256 %arg0_read_reduced_mem_strm, i256 %tmp2_V" [/tools/Xilinx/Vitis_HLS/2022.1/common/technology/autopilot/hls_stream_39.h:174]   --->   Operation 58 'write' 'write_ln174' <Predicate = true> <Delay = 0.86> <CoreInst = "FIFO_SRL">   --->   Core 85 'FIFO_SRL' <Latency = 0> <II = 1> <Delay = 0.86> <Storage> <Opcode : 'read' 'write' 'nbread' 'nbwrite'> <Ports = 0> <Width = 256> <Depth = 2> <FIFO>
ST_7 : Operation 59 [1/1] (0.00ns)   --->   "%br_ln895 = br void %for.body4.i" [/home/x_thileeb/repos/ops-hls-pact25-artifact/OPS/ops/hls/include/device/../../L1/include/ops_hls_datamover.hpp:895]   --->   Operation 59 'br' 'br_ln895' <Predicate = true> <Delay = 0.00>


============================================================
+ Verbose Summary: Timing violations
============================================================
Target clock period: 3.33ns, clock uncertainty: 0.9ns.

 <State 1>: 0.409ns
The critical path consists of the following:
	'alloca' operation ('indvar_flatten') [5]  (0 ns)
	'store' operation ('store_ln0') of constant 0 on local variable 'indvar_flatten' [10]  (0.409 ns)

 <State 2>: 1.57ns
The critical path consists of the following:
	'load' operation ('n_load', /home/x_thileeb/repos/ops-hls-pact25-artifact/OPS/ops/hls/include/device/../../L1/include/ops_hls_datamover.hpp:895) on local variable 'n' [19]  (0 ns)
	'icmp' operation ('icmp_ln895', /home/x_thileeb/repos/ops-hls-pact25-artifact/OPS/ops/hls/include/device/../../L1/include/ops_hls_datamover.hpp:895) [21]  (0.375 ns)
	'select' operation ('select_ln895', /home/x_thileeb/repos/ops-hls-pact25-artifact/OPS/ops/hls/include/device/../../L1/include/ops_hls_datamover.hpp:895) [22]  (0.33 ns)
	'add' operation ('add_ln895', /home/x_thileeb/repos/ops-hls-pact25-artifact/OPS/ops/hls/include/device/../../L1/include/ops_hls_datamover.hpp:895) [54]  (0.53 ns)
	'store' operation ('store_ln895', /home/x_thileeb/repos/ops-hls-pact25-artifact/OPS/ops/hls/include/device/../../L1/include/ops_hls_datamover.hpp:895) of variable 'add_ln895', /home/x_thileeb/repos/ops-hls-pact25-artifact/OPS/ops/hls/include/device/../../L1/include/ops_hls_datamover.hpp:895 on local variable 'n' [56]  (0.33 ns)

 <State 3>: 0.864ns
The critical path consists of the following:
	fifo read operation ('tmp', /tools/Xilinx/Vitis_HLS/2022.1/common/technology/autopilot/hls_stream_39.h:145) on port 'arg0_read_mem_strm' (/tools/Xilinx/Vitis_HLS/2022.1/common/technology/autopilot/hls_stream_39.h:145) [28]  (0.864 ns)

 <State 4>: 1.55ns
The critical path consists of the following:
	'sub' operation ('sub_ln674') [40]  (0.756 ns)
	'select' operation ('select_ln674') [43]  (0 ns)
	'sub' operation ('sub_ln674_2') [46]  (0.791 ns)

 <State 5>: 2.16ns
The critical path consists of the following:
	'lshr' operation ('lshr_ln674') [49]  (2.16 ns)

 <State 6>: 2.33ns
The critical path consists of the following:
	'lshr' operation ('lshr_ln674') [49]  (2.33 ns)

 <State 7>: 1.77ns
The critical path consists of the following:
	'lshr' operation ('lshr_ln674_1') [50]  (0 ns)
	'and' operation ('__Result__') [51]  (0.904 ns)
	fifo write operation ('write_ln174', /tools/Xilinx/Vitis_HLS/2022.1/common/technology/autopilot/hls_stream_39.h:174) on port 'arg0_read_reduced_mem_strm' (/tools/Xilinx/Vitis_HLS/2022.1/common/technology/autopilot/hls_stream_39.h:174) [53]  (0.864 ns)


============================================================
+ Verbose Summary: Binding
============================================================
N/A
* FSMD analyzer results:
  - Output states:
 - Input state : 
  - Chain level:
	State 1
	State 2
	State 3
	State 4
	State 5
	State 6
	State 7


============================================================
+ Verbose Summary: Datapath Resource usage 
============================================================
N/A
