

================================================================
== Vitis HLS Report for 'stream2streamStepdown_512u_256u_Pipeline_VITIS_LOOP_893_1_VITIS_LOOP_895_2'
================================================================
* Date:           Sun Jul 26 01:22:45 2026

* Version:        2022.1 (Build 3526262 on Mon Apr 18 15:47:01 MDT 2022)
* Project:        datamover_outerloop_0
* Solution:       solution (Vitis Kernel Flow Target)
* Product family: versal
* Target device:  xcvc1902-vsvd1760-2MP-e-S


================================================================
== Performance Estimates
================================================================
+ Timing: 
    * Summary: 
    +--------+---------+----------+------------+
    |  Clock |  Target | Estimated| Uncertainty|
    +--------+---------+----------+------------+
    |ap_clk  |  3.33 ns|  2.327 ns|     0.90 ns|
    +--------+---------+----------+------------+

+ Latency: 
    * Summary: 
    +---------+---------+----------+----------+-----+-----+---------+
    |  Latency (cycles) |  Latency (absolute) |  Interval | Pipeline|
    |   min   |   max   |    min   |    max   | min | max |   Type  |
    +---------+---------+----------+----------+-----+-----+---------+
    |        ?|        ?|         ?|         ?|    ?|    ?|       no|
    +---------+---------+----------+----------+-----+-----+---------+

    + Detail: 
        * Instance: 
        N/A

        * Loop: 
        +-------------------------------------+---------+---------+----------+-----------+-----------+------+----------+
        |                                     |  Latency (cycles) | Iteration|  Initiation Interval  | Trip |          |
        |              Loop Name              |   min   |   max   |  Latency |  achieved |   target  | Count| Pipelined|
        +-------------------------------------+---------+---------+----------+-----------+-----------+------+----------+
        |- VITIS_LOOP_893_1_VITIS_LOOP_895_2  |        ?|        ?|         6|          1|          1|     ?|       yes|
        +-------------------------------------+---------+---------+----------+-----------+-----------+------+----------+

============================================================
+ Verbose Summary: Synthesis Manager
============================================================
InlineROM: 1
ExposeGlobal: 0
============================================================
+ Verbose Summary: CDFG Model
============================================================
IsTopModel: 0
ResetActiveHigh: 1
IsCombinational: 0
IsDatapathOnly: 0
HasWiredReturn: 1
HasMFsm: 2
HasVarLatency: 1
IsPipeline: 0
IsRtlPipelined: 0
IsInstanceOverlapped: 0
IsDontTouch: 0
HasImplIP: 0
IsGatedGlobalClock: 0

+ Individual pipeline summary: 
  * Pipeline-0: initiation interval (II) = 1, depth = 7


============================================================
+ Verbose Summary: Schedule
============================================================
* Number of FSM states : 7
* Pipeline : 1
  Pipeline-0 : II = 1, D = 7, States = { 1 2 3 4 5 6 7 }
* Dataflow Pipeline: 0

* FSM state transitions: 
1 --> 2 
2 --> 3 
3 --> 4 
4 --> 5 
5 --> 6 
6 --> 7 
7 --> 

* FSM state operations: 

State 1 <SV = 0> <Delay = 0.40>
ST_1 : Operation 9 [1/1] (0.00ns)   --->   "%n = alloca i32 1"   --->   Operation 9 'alloca' 'n' <Predicate = true> <Delay = 0.00>
ST_1 : Operation 10 [1/1] (0.00ns)   --->   "%indvar_flatten = alloca i32 1"   --->   Operation 10 'alloca' 'indvar_flatten' <Predicate = true> <Delay = 0.00>
ST_1 : Operation 11 [1/1] (0.00ns)   --->   "%tmp1_V = alloca i32 1"   --->   Operation 11 'alloca' 'tmp1_V' <Predicate = true> <Delay = 0.00>
ST_1 : Operation 12 [1/1] (0.00ns)   --->   "%specinterface_ln0 = specinterface void @_ssdm_op_SpecInterface, i256 %arg0_read_reduced_mem_strm, void @empty_7, i32 0, i32 0, void @empty_27, i32 0, i32 0, void @empty_27, void @empty_27, void @empty_27, i32 0, i32 0, i32 0, i32 0, void @empty_27, void @empty_27, i32 4294967295, i32 0"   --->   Operation 12 'specinterface' 'specinterface_ln0' <Predicate = true> <Delay = 0.00>
ST_1 : Operation 13 [1/1] (0.00ns)   --->   "%specinterface_ln0 = specinterface void @_ssdm_op_SpecInterface, i512 %arg0_read_mem_strm, void @empty_7, i32 0, i32 0, void @empty_27, i32 0, i32 0, void @empty_27, void @empty_27, void @empty_27, i32 0, i32 0, i32 0, i32 0, void @empty_27, void @empty_27, i32 4294967295, i32 0"   --->   Operation 13 'specinterface' 'specinterface_ln0' <Predicate = true> <Delay = 0.00>
ST_1 : Operation 14 [1/1] (0.00ns)   --->   "%bound_read = read i33 @_ssdm_op_Read.ap_auto.i33, i33 %bound" [/home/x_thileeb/repos/ops-hls-pact25-artifact/OPS/ops/hls/include/device/../../L1/include/ops_hls_datamover.hpp:868]   --->   Operation 14 'read' 'bound_read' <Predicate = true> <Delay = 0.00>
ST_1 : Operation 15 [1/1] (0.40ns)   --->   "%store_ln0 = store i33 0, i33 %indvar_flatten"   --->   Operation 15 'store' 'store_ln0' <Predicate = true> <Delay = 0.40>
ST_1 : Operation 16 [1/1] (0.33ns)   --->   "%store_ln0 = store i2 0, i2 %n"   --->   Operation 16 'store' 'store_ln0' <Predicate = true> <Delay = 0.33>
ST_1 : Operation 17 [1/1] (0.00ns)   --->   "%br_ln0 = br void %for.body4.i"   --->   Operation 17 'br' 'br_ln0' <Predicate = true> <Delay = 0.00>

State 2 <SV = 1> <Delay = 1.56>
ST_2 : Operation 18 [1/1] (0.00ns)   --->   "%indvar_flatten_load = load i33 %indvar_flatten" [/home/x_thileeb/repos/ops-hls-pact25-artifact/OPS/ops/hls/include/device/../../L1/include/ops_hls_datamover.hpp:893]   --->   Operation 18 'load' 'indvar_flatten_load' <Predicate = true> <Delay = 0.00>
ST_2 : Operation 19 [1/1] (0.89ns)   --->   "%add_ln893 = add i33 %indvar_flatten_load, i33 1" [/home/x_thileeb/repos/ops-hls-pact25-artifact/OPS/ops/hls/include/device/../../L1/include/ops_hls_datamover.hpp:893]   --->   Operation 19 'add' 'add_ln893' <Predicate = true> <Delay = 0.89> <CoreInst = "Adder">   --->   Core 1 'Adder' <Latency = 0> <II = 1> <Delay = 0.89> <FuncUnit> <Opcode : 'add' 'sub'> <InPorts = 2> <OutPorts = 1>
ST_2 : Operation 20 [1/1] (0.71ns)   --->   "%icmp_ln893 = icmp_eq  i33 %indvar_flatten_load, i33 %bound_read" [/home/x_thileeb/repos/ops-hls-pact25-artifact/OPS/ops/hls/include/device/../../L1/include/ops_hls_datamover.hpp:893]   --->   Operation 20 'icmp' 'icmp_ln893' <Predicate = true> <Delay = 0.71> <CoreInst = "Cmp">   --->   Core 9 'Cmp' <Latency = 0> <II = 1> <Delay = 0.71> <FuncUnit> <Opcode : 'icmp'> <InPorts = 2> <OutPorts = 1>
ST_2 : Operation 21 [1/1] (0.00ns)   --->   "%br_ln893 = br i1 %icmp_ln893, void %for.inc11.i, void %stream2streamStepdown<512u, 256u>.exit.exitStub" [/home/x_thileeb/repos/ops-hls-pact25-artifact/OPS/ops/hls/include/device/../../L1/include/ops_hls_datamover.hpp:893]   --->   Operation 21 'br' 'br_ln893' <Predicate = true> <Delay = 0.00>
ST_2 : Operation 22 [1/1] (0.00ns)   --->   "%n_load = load i2 %n" [/home/x_thileeb/repos/ops-hls-pact25-artifact/OPS/ops/hls/include/device/../../L1/include/ops_hls_datamover.hpp:895]   --->   Operation 22 'load' 'n_load' <Predicate = (!icmp_ln893)> <Delay = 0.00>
ST_2 : Operation 23 [1/1] (0.00ns)   --->   "%specloopname_ln0 = specloopname void @_ssdm_op_SpecLoopName, void @VITIS_LOOP_893_1_VITIS_LOOP_895_2_str"   --->   Operation 23 'specloopname' 'specloopname_ln0' <Predicate = (!icmp_ln893)> <Delay = 0.00>
ST_2 : Operation 24 [1/1] (0.37ns)   --->   "%icmp_ln895 = icmp_eq  i2 %n_load, i2 2" [/home/x_thileeb/repos/ops-hls-pact25-artifact/OPS/ops/hls/include/device/../../L1/include/ops_hls_datamover.hpp:895]   --->   Operation 24 'icmp' 'icmp_ln895' <Predicate = (!icmp_ln893)> <Delay = 0.37> <CoreInst = "Cmp">   --->   Core 9 'Cmp' <Latency = 0> <II = 1> <Delay = 0.37> <FuncUnit> <Opcode : 'icmp'> <InPorts = 2> <OutPorts = 1>
ST_2 : Operation 25 [1/1] (0.33ns)   --->   "%select_ln895 = select i1 %icmp_ln895, i2 0, i2 %n_load" [/home/x_thileeb/repos/ops-hls-pact25-artifact/OPS/ops/hls/include/device/../../L1/include/ops_hls_datamover.hpp:895]   --->   Operation 25 'select' 'select_ln895' <Predicate = (!icmp_ln893)> <Delay = 0.33> <CoreInst = "Sel">   --->   Core 77 'Sel' <Latency = 0> <II = 1> <Delay = 0.33> <FuncUnit> <Opcode : 'select'> <InPorts = 3> <OutPorts = 1>
ST_2 : Operation 26 [1/1] (0.00ns)   --->   "%specpipeline_ln897 = specpipeline void @_ssdm_op_SpecPipeline, i32 1, i32 0, i32 0, i32 0, void @empty_27" [/home/x_thileeb/repos/ops-hls-pact25-artifact/OPS/ops/hls/include/device/../../L1/include/ops_hls_datamover.hpp:897]   --->   Operation 26 'specpipeline' 'specpipeline_ln897' <Predicate = (!icmp_ln893)> <Delay = 0.00>
ST_2 : Operation 27 [1/1] (0.00ns)   --->   "%specloopname_ln891 = specloopname void @_ssdm_op_SpecLoopName, void @empty_15" [/home/x_thileeb/repos/ops-hls-pact25-artifact/OPS/ops/hls/include/device/../../L1/include/ops_hls_datamover.hpp:891]   --->   Operation 27 'specloopname' 'specloopname_ln891' <Predicate = (!icmp_ln893)> <Delay = 0.00>
ST_2 : Operation 28 [1/1] (0.37ns)   --->   "%icmp_ln900 = icmp_eq  i2 %select_ln895, i2 0" [/home/x_thileeb/repos/ops-hls-pact25-artifact/OPS/ops/hls/include/device/../../L1/include/ops_hls_datamover.hpp:900]   --->   Operation 28 'icmp' 'icmp_ln900' <Predicate = (!icmp_ln893)> <Delay = 0.37> <CoreInst = "Cmp">   --->   Core 9 'Cmp' <Latency = 0> <II = 1> <Delay = 0.37> <FuncUnit> <Opcode : 'icmp'> <InPorts = 2> <OutPorts = 1>
ST_2 : Operation 29 [1/1] (0.00ns)   --->   "%br_ln900 = br i1 %icmp_ln900, void %for.inc.i, void %if.then.i" [/home/x_thileeb/repos/ops-hls-pact25-artifact/OPS/ops/hls/include/device/../../L1/include/ops_hls_datamover.hpp:900]   --->   Operation 29 'br' 'br_ln900' <Predicate = (!icmp_ln893)> <Delay = 0.00>
ST_2 : Operation 30 [1/1] (0.00ns)   --->   "%trunc_ln918 = trunc i2 %select_ln895" [/home/x_thileeb/repos/ops-hls-pact25-artifact/OPS/ops/hls/include/device/../../L1/include/ops_hls_datamover.hpp:918]   --->   Operation 30 'trunc' 'trunc_ln918' <Predicate = (!icmp_ln893)> <Delay = 0.00>
ST_2 : Operation 31 [1/1] (0.53ns)   --->   "%add_ln895 = add i2 %select_ln895, i2 1" [/home/x_thileeb/repos/ops-hls-pact25-artifact/OPS/ops/hls/include/device/../../L1/include/ops_hls_datamover.hpp:895]   --->   Operation 31 'add' 'add_ln895' <Predicate = (!icmp_ln893)> <Delay = 0.53> <CoreInst = "Adder">   --->   Core 1 'Adder' <Latency = 0> <II = 1> <Delay = 0.53> <FuncUnit> <Opcode : 'add' 'sub'> <InPorts = 2> <OutPorts = 1>
ST_2 : Operation 32 [1/1] (0.40ns)   --->   "%store_ln895 = store i33 %add_ln893, i33 %indvar_flatten" [/home/x_thileeb/repos/ops-hls-pact25-artifact/OPS/ops/hls/include/device/../../L1/include/ops_hls_datamover.hpp:895]   --->   Operation 32 'store' 'store_ln895' <Predicate = (!icmp_ln893)> <Delay = 0.40>
ST_2 : Operation 33 [1/1] (0.33ns)   --->   "%store_ln895 = store i2 %add_ln895, i2 %n" [/home/x_thileeb/repos/ops-hls-pact25-artifact/OPS/ops/hls/include/device/../../L1/include/ops_hls_datamover.hpp:895]   --->   Operation 33 'store' 'store_ln895' <Predicate = (!icmp_ln893)> <Delay = 0.33>

State 3 <SV = 2> <Delay = 0.86>
ST_3 : Operation 34 [1/1] (0.86ns)   --->   "%tmp_1 = read i512 @_ssdm_op_Read.ap_fifo.volatile.i512P0A, i512 %arg0_read_mem_strm" [/tools/Xilinx/Vitis_HLS/2022.1/common/technology/autopilot/hls_stream_39.h:145]   --->   Operation 34 'read' 'tmp_1' <Predicate = (icmp_ln900)> <Delay = 0.86> <CoreInst = "FIFO_SRL">   --->   Core 85 'FIFO_SRL' <Latency = 0> <II = 1> <Delay = 0.86> <Storage> <Opcode : 'read' 'write' 'nbread' 'nbwrite'> <Ports = 0> <Width = 512> <Depth = 2> <FIFO>
ST_3 : Operation 35 [1/1] (0.00ns)   --->   "%store_ln916 = store i512 %tmp_1, i512 %tmp1_V" [/home/x_thileeb/repos/ops-hls-pact25-artifact/OPS/ops/hls/include/device/../../L1/include/ops_hls_datamover.hpp:916]   --->   Operation 35 'store' 'store_ln916' <Predicate = (icmp_ln900)> <Delay = 0.00>
ST_3 : Operation 36 [1/1] (0.00ns)   --->   "%br_ln916 = br void %for.inc.i" [/home/x_thileeb/repos/ops-hls-pact25-artifact/OPS/ops/hls/include/device/../../L1/include/ops_hls_datamover.hpp:916]   --->   Operation 36 'br' 'br_ln916' <Predicate = (icmp_ln900)> <Delay = 0.00>

State 4 <SV = 3> <Delay = 1.54>
ST_4 : Operation 37 [1/1] (0.00ns)   --->   "%p_Val2_s = load i512 %tmp1_V"   --->   Operation 37 'load' 'p_Val2_s' <Predicate = true> <Delay = 0.00>
ST_4 : Operation 38 [1/1] (0.00ns)   --->   "%shl_ln = bitconcatenate i9 @_ssdm_op_BitConcatenate.i9.i1.i8, i1 %trunc_ln918, i8 0" [/home/x_thileeb/repos/ops-hls-pact25-artifact/OPS/ops/hls/include/device/../../L1/include/ops_hls_datamover.hpp:918]   --->   Operation 38 'bitconcatenate' 'shl_ln' <Predicate = true> <Delay = 0.00>
ST_4 : Operation 39 [1/1] (0.00ns)   --->   "%or_ln918 = or i9 %shl_ln, i9 255" [/home/x_thileeb/repos/ops-hls-pact25-artifact/OPS/ops/hls/include/device/../../L1/include/ops_hls_datamover.hpp:918]   --->   Operation 39 'or' 'or_ln918' <Predicate = true> <Delay = 0.00>
ST_4 : Operation 40 [1/1] (0.62ns)   --->   "%icmp_ln674 = icmp_ugt  i9 %shl_ln, i9 %or_ln918"   --->   Operation 40 'icmp' 'icmp_ln674' <Predicate = true> <Delay = 0.62> <CoreInst = "Cmp">   --->   Core 9 'Cmp' <Latency = 0> <II = 1> <Delay = 0.62> <FuncUnit> <Opcode : 'icmp'> <InPorts = 2> <OutPorts = 1>
ST_4 : Operation 41 [1/1] (0.00ns)   --->   "%zext_ln674 = zext i9 %shl_ln"   --->   Operation 41 'zext' 'zext_ln674' <Predicate = true> <Delay = 0.00>
ST_4 : Operation 42 [1/1] (0.00ns)   --->   "%zext_ln674_1 = zext i9 %or_ln918"   --->   Operation 42 'zext' 'zext_ln674_1' <Predicate = true> <Delay = 0.00>
ST_4 : Operation 43 [1/1] (0.00ns)   --->   "%tmp = partselect i512 @llvm.part.select.i512, i512 %p_Val2_s, i32 511, i32 0"   --->   Operation 43 'partselect' 'tmp' <Predicate = true> <Delay = 0.00>
ST_4 : Operation 44 [1/1] (0.75ns)   --->   "%sub_ln674 = sub i10 %zext_ln674, i10 %zext_ln674_1"   --->   Operation 44 'sub' 'sub_ln674' <Predicate = true> <Delay = 0.75> <CoreInst = "Adder">   --->   Core 1 'Adder' <Latency = 0> <II = 1> <Delay = 0.75> <FuncUnit> <Opcode : 'add' 'sub'> <InPorts = 2> <OutPorts = 1>
ST_4 : Operation 45 [1/1] (0.00ns) (grouped into LUT with out node select_ln674_2)   --->   "%xor_ln674 = xor i10 %zext_ln674, i10 511"   --->   Operation 45 'xor' 'xor_ln674' <Predicate = true> <Delay = 0.00> <CoreInst = "LogicGate">   --->   Core 78 'LogicGate' <Latency = 0> <II = 1> <Delay = 0.37> <FuncUnit> <Opcode : 'and' 'or' 'xor'> <InPorts = 2> <OutPorts = 1>
ST_4 : Operation 46 [1/1] (0.75ns)   --->   "%sub_ln674_1 = sub i10 %zext_ln674_1, i10 %zext_ln674"   --->   Operation 46 'sub' 'sub_ln674_1' <Predicate = true> <Delay = 0.75> <CoreInst = "Adder">   --->   Core 1 'Adder' <Latency = 0> <II = 1> <Delay = 0.75> <FuncUnit> <Opcode : 'add' 'sub'> <InPorts = 2> <OutPorts = 1>
ST_4 : Operation 47 [1/1] (0.00ns) (grouped into LUT with out node sub_ln674_2)   --->   "%select_ln674 = select i1 %icmp_ln674, i10 %sub_ln674, i10 %sub_ln674_1"   --->   Operation 47 'select' 'select_ln674' <Predicate = true> <Delay = 0.00> <CoreInst = "Sel">   --->   Core 77 'Sel' <Latency = 0> <II = 1> <Delay = 0.45> <FuncUnit> <Opcode : 'select'> <InPorts = 3> <OutPorts = 1>
ST_4 : Operation 48 [1/1] (0.70ns)   --->   "%select_ln674_1 = select i1 %icmp_ln674, i512 %tmp, i512 %p_Val2_s"   --->   Operation 48 'select' 'select_ln674_1' <Predicate = true> <Delay = 0.70> <CoreInst = "Sel">   --->   Core 77 'Sel' <Latency = 0> <II = 1> <Delay = 0.70> <FuncUnit> <Opcode : 'select'> <InPorts = 3> <OutPorts = 1>
ST_4 : Operation 49 [1/1] (0.45ns) (out node of the LUT)   --->   "%select_ln674_2 = select i1 %icmp_ln674, i10 %xor_ln674, i10 %zext_ln674"   --->   Operation 49 'select' 'select_ln674_2' <Predicate = true> <Delay = 0.45> <CoreInst = "Sel">   --->   Core 77 'Sel' <Latency = 0> <II = 1> <Delay = 0.45> <FuncUnit> <Opcode : 'select'> <InPorts = 3> <OutPorts = 1>
ST_4 : Operation 50 [1/1] (0.79ns) (out node of the LUT)   --->   "%sub_ln674_2 = sub i10 511, i10 %select_ln674"   --->   Operation 50 'sub' 'sub_ln674_2' <Predicate = true> <Delay = 0.79> <CoreInst = "Adder">   --->   Core 1 'Adder' <Latency = 0> <II = 1> <Delay = 0.79> <FuncUnit> <Opcode : 'add' 'sub'> <InPorts = 2> <OutPorts = 1>

State 5 <SV = 4> <Delay = 2.16>
ST_5 : Operation 51 [1/1] (0.00ns)   --->   "%zext_ln674_2 = zext i10 %select_ln674_2"   --->   Operation 51 'zext' 'zext_ln674_2' <Predicate = true> <Delay = 0.00>
ST_5 : Operation 52 [2/2] (2.16ns)   --->   "%lshr_ln674 = lshr i512 %select_ln674_1, i512 %zext_ln674_2"   --->   Operation 52 'lshr' 'lshr_ln674' <Predicate = true> <Delay = 2.16> <CoreInst = "Shifter">   --->   Core 79 'Shifter' <Latency = 1> <II = 1> <Delay = 2.38> <FuncUnit> <Opcode : 'shl' 'lshr' 'ashr'> <InPorts = 2> <OutPorts = 1>

State 6 <SV = 5> <Delay = 2.32>
ST_6 : Operation 53 [1/2] (2.32ns)   --->   "%lshr_ln674 = lshr i512 %select_ln674_1, i512 %zext_ln674_2"   --->   Operation 53 'lshr' 'lshr_ln674' <Predicate = true> <Delay = 2.32> <CoreInst = "Shifter">   --->   Core 79 'Shifter' <Latency = 1> <II = 1> <Delay = 2.38> <FuncUnit> <Opcode : 'shl' 'lshr' 'ashr'> <InPorts = 2> <OutPorts = 1>
ST_6 : Operation 60 [1/1] (0.00ns)   --->   "%ret_ln0 = ret"   --->   Operation 60 'ret' 'ret_ln0' <Predicate = (icmp_ln893)> <Delay = 0.00>

State 7 <SV = 6> <Delay = 1.76>
ST_7 : Operation 54 [1/1] (0.00ns) (grouped into LUT with out node p_Result_s)   --->   "%zext_ln674_3 = zext i10 %sub_ln674_2"   --->   Operation 54 'zext' 'zext_ln674_3' <Predicate = true> <Delay = 0.00>
ST_7 : Operation 55 [1/1] (0.00ns) (grouped into LUT with out node p_Result_s)   --->   "%lshr_ln674_1 = lshr i512 13407807929942597099574024998205846127479365820592393377723561443721764030073546976801874298166903427690031858186486050853753882811946569946433649006084095, i512 %zext_ln674_3"   --->   Operation 55 'lshr' 'lshr_ln674_1' <Predicate = true> <Delay = 0.00> <CoreInst = "Shifter">   --->   Core 79 'Shifter' <Latency = 0> <II = 1> <Delay = 0.90> <FuncUnit> <Opcode : 'shl' 'lshr' 'ashr'> <InPorts = 2> <OutPorts = 1>
ST_7 : Operation 56 [1/1] (0.90ns) (out node of the LUT)   --->   "%p_Result_s = and i512 %lshr_ln674, i512 %lshr_ln674_1"   --->   Operation 56 'and' 'p_Result_s' <Predicate = true> <Delay = 0.90> <CoreInst = "LogicGate">   --->   Core 78 'LogicGate' <Latency = 0> <II = 1> <Delay = 0.44> <FuncUnit> <Opcode : 'and' 'or' 'xor'> <InPorts = 2> <OutPorts = 1>
ST_7 : Operation 57 [1/1] (0.00ns)   --->   "%tmp2_V = trunc i512 %p_Result_s"   --->   Operation 57 'trunc' 'tmp2_V' <Predicate = true> <Delay = 0.00>
ST_7 : Operation 58 [1/1] (0.86ns)   --->   "%write_ln174 = write void @_ssdm_op_Write.ap_fifo.volatile.i256P0A, i256 %arg0_read_reduced_mem_strm, i256 %tmp2_V" [/tools/Xilinx/Vitis_HLS/2022.1/common/technology/autopilot/hls_stream_39.h:174]   --->   Operation 58 'write' 'write_ln174' <Predicate = true> <Delay = 0.86> <CoreInst = "FIFO_SRL">   --->   Core 85 'FIFO_SRL' <Latency = 0> <II = 1> <Delay = 0.86> <Storage> <Opcode : 'read' 'write' 'nbread' 'nbwrite'> <Ports = 0> <Width = 256> <Depth = 2> <FIFO>
ST_7 : Operation 59 [1/1] (0.00ns)   --->   "%br_ln895 = br void %for.body4.i" [/home/x_thileeb/repos/ops-hls-pact25-artifact/OPS/ops/hls/include/device/../../L1/include/ops_hls_datamover.hpp:895]   --->   Operation 59 'br' 'br_ln895' <Predicate = true> <Delay = 0.00>


============================================================
+ Verbose Summary: Binding
============================================================
STG Binding: 
---------------- STG Properties BEGIN ----------------
- Is combinational: 0
- Is one-state seq: 0
- Is datapath-only: 0
- Is pipelined: 0
- Is top level: 0
Port [ Return ] is wired: 1; IO mode=ap_ctrl_hs:ce=0
Port [ bound]:  wired=1; compound=0; hidden=0; nouse=0; global=0; static=0; extern=0; dir=0; type=0; pingpong=0; private_global=0; IO mode=ap_none:ce=0
Port [ arg0_read_reduced_mem_strm]:  wired=1; compound=1; hidden=0; nouse=0; global=1; static=1; extern=0; dir=1; type=3; pingpong=0; private_global=0; IO mode=ap_fifo:ce=0
Port [ arg0_read_mem_strm]:  wired=1; compound=1; hidden=0; nouse=0; global=1; static=1; extern=0; dir=0; type=3; pingpong=0; private_global=0; IO mode=ap_fifo:ce=0
---------------- STG Properties END ------------------

---------------- Datapath Model BEGIN ----------------

<LifeTime>
<method=bitvector/>
n                   (alloca        ) [ 01100000]
indvar_flatten      (alloca        ) [ 01100000]
tmp1_V              (alloca        ) [ 01111000]
specinterface_ln0   (specinterface ) [ 00000000]
specinterface_ln0   (specinterface ) [ 00000000]
bound_read          (read          ) [ 01100000]
store_ln0           (store         ) [ 00000000]
store_ln0           (store         ) [ 00000000]
br_ln0              (br            ) [ 00000000]
indvar_flatten_load (load          ) [ 00000000]
add_ln893           (add           ) [ 00000000]
icmp_ln893          (icmp          ) [ 01111110]
br_ln893            (br            ) [ 00000000]
n_load              (load          ) [ 00000000]
specloopname_ln0    (specloopname  ) [ 00000000]
icmp_ln895          (icmp          ) [ 00000000]
select_ln895        (select        ) [ 00000000]
specpipeline_ln897  (specpipeline  ) [ 00000000]
specloopname_ln891  (specloopname  ) [ 00000000]
icmp_ln900          (icmp          ) [ 01010000]
br_ln900            (br            ) [ 00000000]
trunc_ln918         (trunc         ) [ 01011000]
add_ln895           (add           ) [ 00000000]
store_ln895         (store         ) [ 00000000]
store_ln895         (store         ) [ 00000000]
tmp_1               (read          ) [ 00000000]
store_ln916         (store         ) [ 00000000]
br_ln916            (br            ) [ 00000000]
p_Val2_s            (load          ) [ 00000000]
shl_ln              (bitconcatenate) [ 00000000]
or_ln918            (or            ) [ 00000000]
icmp_ln674          (icmp          ) [ 00000000]
zext_ln674          (zext          ) [ 00000000]
zext_ln674_1        (zext          ) [ 00000000]
tmp                 (partselect    ) [ 00000000]
sub_ln674           (sub           ) [ 00000000]
xor_ln674           (xor           ) [ 00000000]
sub_ln674_1         (sub           ) [ 00000000]
select_ln674        (select        ) [ 00000000]
select_ln674_1      (select        ) [ 01000110]
select_ln674_2      (select        ) [ 01000100]
sub_ln674_2         (sub           ) [ 01000111]
zext_ln674_2        (zext          ) [ 01000010]
lshr_ln674          (lshr          ) [ 01000001]
zext_ln674_3        (zext          ) [ 00000000]
lshr_ln674_1        (lshr          ) [ 00000000]
p_Result_s          (and           ) [ 00000000]
tmp2_V              (trunc         ) [ 00000000]
write_ln174         (write         ) [ 00000000]
br_ln895            (br            ) [ 00000000]
ret_ln0             (ret           ) [ 00000000]
</LifeTime>

<model>

<comp_list>
<comp id="0" class="1000" name="bound">
<pin_list>
<pin id="1" dir="1" index="0" bw="1" slack="0"/>
</pin_list>
<bind>
<StgValue><ssdm name="bound"/></StgValue>
</bind>
</comp>

<comp id="2" class="1000" name="arg0_read_reduced_mem_strm">
<pin_list>
<pin id="3" dir="1" index="0" bw="1" slack="0"/>
</pin_list>
<bind>
<StgValue><ssdm name="arg0_read_reduced_mem_strm"/></StgValue>
</bind>
</comp>

<comp id="4" class="1000" name="arg0_read_mem_strm">
<pin_list>
<pin id="5" dir="1" index="0" bw="1" slack="0"/>
</pin_list>
<bind>
<StgValue><ssdm name="arg0_read_mem_strm"/></StgValue>
</bind>
</comp>

<comp id="6" class="1001" name="const_6">
<pin_list>
<pin id="7" dir="1" index="0" bw="1" slack="0"/>
</pin_list>
<bind>
<StgValue><ssdm name=""/></StgValue>
</bind>
</comp>

<comp id="8" class="1001" name="const_8">
<pin_list>
<pin id="9" dir="1" index="0" bw="1" slack="2147483647"/>
</pin_list>
<bind>
<StgValue><ssdm name="_ssdm_op_SpecInterface"/></StgValue>
</bind>
</comp>

<comp id="10" class="1001" name="const_10">
<pin_list>
<pin id="11" dir="1" index="0" bw="1" slack="2147483647"/>
</pin_list>
<bind>
<StgValue><ssdm name="empty_7"/></StgValue>
</bind>
</comp>

<comp id="12" class="1001" name="const_12">
<pin_list>
<pin id="13" dir="1" index="0" bw="1" slack="0"/>
</pin_list>
<bind>
<StgValue><ssdm name=""/></StgValue>
</bind>
</comp>

<comp id="14" class="1001" name="const_14">
<pin_list>
<pin id="15" dir="1" index="0" bw="1" slack="2147483647"/>
</pin_list>
<bind>
<StgValue><ssdm name="empty_27"/></StgValue>
</bind>
</comp>

<comp id="16" class="1001" name="const_16">
<pin_list>
<pin id="17" dir="1" index="0" bw="1" slack="2147483647"/>
</pin_list>
<bind>
<StgValue><ssdm name=""/></StgValue>
</bind>
</comp>

<comp id="18" class="1001" name="const_18">
<pin_list>
<pin id="19" dir="1" index="0" bw="1" slack="0"/>
</pin_list>
<bind>
<StgValue><ssdm name="_ssdm_op_Read.ap_auto.i33"/></StgValue>
</bind>
</comp>

<comp id="20" class="1001" name="const_20">
<pin_list>
<pin id="21" dir="1" index="0" bw="1" slack="0"/>
</pin_list>
<bind>
<StgValue><ssdm name=""/></StgValue>
</bind>
</comp>

<comp id="22" class="1001" name="const_22">
<pin_list>
<pin id="23" dir="1" index="0" bw="1" slack="0"/>
</pin_list>
<bind>
<StgValue><ssdm name=""/></StgValue>
</bind>
</comp>

<comp id="24" class="1001" name="const_24">
<pin_list>
<pin id="25" dir="1" index="0" bw="1" slack="0"/>
</pin_list>
<bind>
<StgValue><ssdm name=""/></StgValue>
</bind>
</comp>

<comp id="26" class="1001" name="const_26">
<pin_list>
<pin id="27" dir="1" index="0" bw="1" slack="2147483647"/>
</pin_list>
<bind>
<StgValue><ssdm name="_ssdm_op_SpecLoopName"/></StgValue>
</bind>
</comp>

<comp id="28" class="1001" name="const_28">
<pin_list>
<pin id="29" dir="1" index="0" bw="1" slack="2147483647"/>
</pin_list>
<bind>
<StgValue><ssdm name="VITIS_LOOP_893_1_VITIS_LOOP_895_2_str"/></StgValue>
</bind>
</comp>

<comp id="30" class="1001" name="const_30">
<pin_list>
<pin id="31" dir="1" index="0" bw="1" slack="0"/>
</pin_list>
<bind>
<StgValue><ssdm name=""/></StgValue>
</bind>
</comp>

<comp id="32" class="1001" name="const_32">
<pin_list>
<pin id="33" dir="1" index="0" bw="1" slack="2147483647"/>
</pin_list>
<bind>
<StgValue><ssdm name="_ssdm_op_SpecPipeline"/></StgValue>
</bind>
</comp>

<comp id="34" class="1001" name="const_34">
<pin_list>
<pin id="35" dir="1" index="0" bw="1" slack="2147483647"/>
</pin_list>
<bind>
<StgValue><ssdm name="empty_15"/></StgValue>
</bind>
</comp>

<comp id="36" class="1001" name="const_36">
<pin_list>
<pin id="37" dir="1" index="0" bw="1" slack="0"/>
</pin_list>
<bind>
<StgValue><ssdm name=""/></StgValue>
</bind>
</comp>

<comp id="38" class="1001" name="const_38">
<pin_list>
<pin id="39" dir="1" index="0" bw="1" slack="0"/>
</pin_list>
<bind>
<StgValue><ssdm name="_ssdm_op_Read.ap_fifo.volatile.i512P0A"/></StgValue>
</bind>
</comp>

<comp id="40" class="1001" name="const_40">
<pin_list>
<pin id="41" dir="1" index="0" bw="1" slack="0"/>
</pin_list>
<bind>
<StgValue><ssdm name="_ssdm_op_BitConcatenate.i9.i1.i8"/></StgValue>
</bind>
</comp>

<comp id="42" class="1001" name="const_42">
<pin_list>
<pin id="43" dir="1" index="0" bw="1" slack="0"/>
</pin_list>
<bind>
<StgValue><ssdm name=""/></StgValue>
</bind>
</comp>

<comp id="44" class="1001" name="const_44">
<pin_list>
<pin id="45" dir="1" index="0" bw="1" slack="0"/>
</pin_list>
<bind>
<StgValue><ssdm name=""/></StgValue>
</bind>
</comp>

<comp id="46" class="1001" name="const_46">
<pin_list>
<pin id="47" dir="1" index="0" bw="1" slack="0"/>
</pin_list>
<bind>
<StgValue><ssdm name="llvm.part.select.i512"/></StgValue>
</bind>
</comp>

<comp id="48" class="1001" name="const_48">
<pin_list>
<pin id="49" dir="1" index="0" bw="1" slack="0"/>
</pin_list>
<bind>
<StgValue><ssdm name=""/></StgValue>
</bind>
</comp>

<comp id="50" class="1001" name="const_50">
<pin_list>
<pin id="51" dir="1" index="0" bw="1" slack="0"/>
</pin_list>
<bind>
<StgValue><ssdm name=""/></StgValue>
</bind>
</comp>

<comp id="52" class="1001" name="const_52">
<pin_list>
<pin id="53" dir="1" index="0" bw="1" slack="0"/>
</pin_list>
<bind>
<StgValue><ssdm name=""/></StgValue>
</bind>
</comp>

<comp id="54" class="1001" name="const_54">
<pin_list>
<pin id="55" dir="1" index="0" bw="1" slack="0"/>
</pin_list>
<bind>
<StgValue><ssdm name="_ssdm_op_Write.ap_fifo.volatile.i256P0A"/></StgValue>
</bind>
</comp>

<comp id="56" class="1004" name="n_fu_56">
<pin_list>
<pin id="57" dir="0" index="0" bw="1" slack="0"/>
<pin id="58" dir="1" index="1" bw="2" slack="0"/>
</pin_list>
<bind>
<opcode="alloca(26) " fcode="alloca"/>
<opset="n/1 "/>
</bind>
</comp>

<comp id="60" class="1004" name="indvar_flatten_fu_60">
<pin_list>
<pin id="61" dir="0" index="0" bw="1" slack="0"/>
<pin id="62" dir="1" index="1" bw="33" slack="0"/>
</pin_list>
<bind>
<opcode="alloca(26) " fcode="alloca"/>
<opset="indvar_flatten/1 "/>
</bind>
</comp>

<comp id="64" class="1004" name="tmp1_V_fu_64">
<pin_list>
<pin id="65" dir="0" index="0" bw="1" slack="0"/>
<pin id="66" dir="1" index="1" bw="512" slack="2"/>
</pin_list>
<bind>
<opcode="alloca(26) " fcode="alloca"/>
<opset="tmp1_V/1 "/>
</bind>
</comp>

<comp id="68" class="1004" name="bound_read_read_fu_68">
<pin_list>
<pin id="69" dir="0" index="0" bw="33" slack="0"/>
<pin id="70" dir="0" index="1" bw="33" slack="0"/>
<pin id="71" dir="1" index="2" bw="33" slack="1"/>
</pin_list>
<bind>
<opcode="read(1150) " fcode="read"/>
<opset="bound_read/1 "/>
</bind>
</comp>

<comp id="74" class="1004" name="tmp_1_read_fu_74">
<pin_list>
<pin id="75" dir="0" index="0" bw="512" slack="0"/>
<pin id="76" dir="0" index="1" bw="512" slack="0"/>
<pin id="77" dir="1" index="2" bw="512" slack="0"/>
</pin_list>
<bind>
<opcode="read(1150) " fcode="read"/>
<opset="tmp_1/3 "/>
</bind>
</comp>

<comp id="80" class="1004" name="write_ln174_write_fu_80">
<pin_list>
<pin id="81" dir="0" index="0" bw="0" slack="0"/>
<pin id="82" dir="0" index="1" bw="256" slack="0"/>
<pin id="83" dir="0" index="2" bw="256" slack="0"/>
<pin id="84" dir="1" index="3" bw="0" slack="2147483647"/>
</pin_list>
<bind>
<opcode="write(1151) " fcode="write"/>
<opset="write_ln174/7 "/>
</bind>
</comp>

<comp id="87" class="1004" name="store_ln0_store_fu_87">
<pin_list>
<pin id="88" dir="0" index="0" bw="1" slack="0"/>
<pin id="89" dir="0" index="1" bw="33" slack="0"/>
<pin id="90" dir="1" index="2" bw="0" slack="2147483647"/>
</pin_list>
<bind>
<opcode="store(28) " fcode="store"/>
<opset="store_ln0/1 "/>
</bind>
</comp>

<comp id="92" class="1004" name="store_ln0_store_fu_92">
<pin_list>
<pin id="93" dir="0" index="0" bw="1" slack="0"/>
<pin id="94" dir="0" index="1" bw="2" slack="0"/>
<pin id="95" dir="1" index="2" bw="0" slack="2147483647"/>
</pin_list>
<bind>
<opcode="store(28) " fcode="store"/>
<opset="store_ln0/1 "/>
</bind>
</comp>

<comp id="97" class="1004" name="indvar_flatten_load_load_fu_97">
<pin_list>
<pin id="98" dir="0" index="0" bw="33" slack="1"/>
<pin id="99" dir="1" index="1" bw="33" slack="0"/>
</pin_list>
<bind>
<opcode="load(27) " fcode="load"/>
<opset="indvar_flatten_load/2 "/>
</bind>
</comp>

<comp id="100" class="1004" name="add_ln893_fu_100">
<pin_list>
<pin id="101" dir="0" index="0" bw="33" slack="0"/>
<pin id="102" dir="0" index="1" bw="1" slack="0"/>
<pin id="103" dir="1" index="2" bw="33" slack="0"/>
</pin_list>
<bind>
<opcode="add(8) " fcode="add"/>
<opset="add_ln893/2 "/>
</bind>
</comp>

<comp id="106" class="1004" name="icmp_ln893_fu_106">
<pin_list>
<pin id="107" dir="0" index="0" bw="33" slack="0"/>
<pin id="108" dir="0" index="1" bw="33" slack="1"/>
<pin id="109" dir="1" index="2" bw="1" slack="4"/>
</pin_list>
<bind>
<opcode="icmp(45) " fcode="icmp"/>
<opset="icmp_ln893/2 "/>
</bind>
</comp>

<comp id="111" class="1004" name="n_load_load_fu_111">
<pin_list>
<pin id="112" dir="0" index="0" bw="2" slack="1"/>
<pin id="113" dir="1" index="1" bw="2" slack="0"/>
</pin_list>
<bind>
<opcode="load(27) " fcode="load"/>
<opset="n_load/2 "/>
</bind>
</comp>

<comp id="114" class="1004" name="icmp_ln895_fu_114">
<pin_list>
<pin id="115" dir="0" index="0" bw="2" slack="0"/>
<pin id="116" dir="0" index="1" bw="2" slack="0"/>
<pin id="117" dir="1" index="2" bw="1" slack="0"/>
</pin_list>
<bind>
<opcode="icmp(45) " fcode="icmp"/>
<opset="icmp_ln895/2 "/>
</bind>
</comp>

<comp id="120" class="1004" name="select_ln895_fu_120">
<pin_list>
<pin id="121" dir="0" index="0" bw="1" slack="0"/>
<pin id="122" dir="0" index="1" bw="1" slack="0"/>
<pin id="123" dir="0" index="2" bw="2" slack="0"/>
<pin id="124" dir="1" index="3" bw="2" slack="0"/>
</pin_list>
<bind>
<opcode="select(49) " fcode="select"/>
<opset="select_ln895/2 "/>
</bind>
</comp>

<comp id="128" class="1004" name="icmp_ln900_fu_128">
<pin_list>
<pin id="129" dir="0" index="0" bw="2" slack="0"/>
<pin id="130" dir="0" index="1" bw="1" slack="0"/>
<pin id="131" dir="1" index="2" bw="1" slack="1"/>
</pin_list>
<bind>
<opcode="icmp(45) " fcode="icmp"/>
<opset="icmp_ln900/2 "/>
</bind>
</comp>

<comp id="134" class="1004" name="trunc_ln918_fu_134">
<pin_list>
<pin id="135" dir="0" index="0" bw="2" slack="0"/>
<pin id="136" dir="1" index="1" bw="1" slack="2"/>
</pin_list>
<bind>
<opcode="trunc(33) " fcode="trunc"/>
<opset="trunc_ln918/2 "/>
</bind>
</comp>

<comp id="138" class="1004" name="add_ln895_fu_138">
<pin_list>
<pin id="139" dir="0" index="0" bw="2" slack="0"/>
<pin id="140" dir="0" index="1" bw="1" slack="0"/>
<pin id="141" dir="1" index="2" bw="2" slack="0"/>
</pin_list>
<bind>
<opcode="add(8) " fcode="add"/>
<opset="add_ln895/2 "/>
</bind>
</comp>

<comp id="144" class="1004" name="store_ln895_store_fu_144">
<pin_list>
<pin id="145" dir="0" index="0" bw="33" slack="0"/>
<pin id="146" dir="0" index="1" bw="33" slack="1"/>
<pin id="147" dir="1" index="2" bw="0" slack="2147483647"/>
</pin_list>
<bind>
<opcode="store(28) " fcode="store"/>
<opset="store_ln895/2 "/>
</bind>
</comp>

<comp id="149" class="1004" name="store_ln895_store_fu_149">
<pin_list>
<pin id="150" dir="0" index="0" bw="2" slack="0"/>
<pin id="151" dir="0" index="1" bw="2" slack="1"/>
<pin id="152" dir="1" index="2" bw="0" slack="2147483647"/>
</pin_list>
<bind>
<opcode="store(28) " fcode="store"/>
<opset="store_ln895/2 "/>
</bind>
</comp>

<comp id="154" class="1004" name="store_ln916_store_fu_154">
<pin_list>
<pin id="155" dir="0" index="0" bw="512" slack="0"/>
<pin id="156" dir="0" index="1" bw="512" slack="2"/>
<pin id="157" dir="1" index="2" bw="0" slack="2147483647"/>
</pin_list>
<bind>
<opcode="store(28) " fcode="store"/>
<opset="store_ln916/3 "/>
</bind>
</comp>

<comp id="159" class="1004" name="p_Val2_s_load_fu_159">
<pin_list>
<pin id="160" dir="0" index="0" bw="512" slack="3"/>
<pin id="161" dir="1" index="1" bw="512" slack="0"/>
</pin_list>
<bind>
<opcode="load(27) " fcode="load"/>
<opset="p_Val2_s/4 "/>
</bind>
</comp>

<comp id="162" class="1004" name="shl_ln_fu_162">
<pin_list>
<pin id="163" dir="0" index="0" bw="9" slack="0"/>
<pin id="164" dir="0" index="1" bw="1" slack="2"/>
<pin id="165" dir="0" index="2" bw="1" slack="0"/>
<pin id="166" dir="1" index="3" bw="9" slack="0"/>
</pin_list>
<bind>
<opcode="bitconcatenate(1004) " fcode="bitconcatenate"/>
<opset="shl_ln/4 "/>
</bind>
</comp>

<comp id="169" class="1004" name="or_ln918_fu_169">
<pin_list>
<pin id="170" dir="0" index="0" bw="9" slack="0"/>
<pin id="171" dir="0" index="1" bw="9" slack="0"/>
<pin id="172" dir="1" index="2" bw="9" slack="0"/>
</pin_list>
<bind>
<opcode="or(24) " fcode="or"/>
<opset="or_ln918/4 "/>
</bind>
</comp>

<comp id="175" class="1004" name="icmp_ln674_fu_175">
<pin_list>
<pin id="176" dir="0" index="0" bw="9" slack="0"/>
<pin id="177" dir="0" index="1" bw="9" slack="0"/>
<pin id="178" dir="1" index="2" bw="1" slack="0"/>
</pin_list>
<bind>
<opcode="icmp(45) " fcode="icmp"/>
<opset="icmp_ln674/4 "/>
</bind>
</comp>

<comp id="181" class="1004" name="zext_ln674_fu_181">
<pin_list>
<pin id="182" dir="0" index="0" bw="9" slack="0"/>
<pin id="183" dir="1" index="1" bw="10" slack="0"/>
</pin_list>
<bind>
<opcode="zext(34) " fcode="zext"/>
<opset="zext_ln674/4 "/>
</bind>
</comp>

<comp id="185" class="1004" name="zext_ln674_1_fu_185">
<pin_list>
<pin id="186" dir="0" index="0" bw="9" slack="0"/>
<pin id="187" dir="1" index="1" bw="10" slack="0"/>
</pin_list>
<bind>
<opcode="zext(34) " fcode="zext"/>
<opset="zext_ln674_1/4 "/>
</bind>
</comp>

<comp id="189" class="1004" name="tmp_fu_189">
<pin_list>
<pin id="190" dir="0" index="0" bw="512" slack="0"/>
<pin id="191" dir="0" index="1" bw="512" slack="0"/>
<pin id="192" dir="0" index="2" bw="10" slack="0"/>
<pin id="193" dir="0" index="3" bw="1" slack="0"/>
<pin id="194" dir="1" index="4" bw="512" slack="0"/>
</pin_list>
<bind>
<opcode="partselect(1002) " fcode="partselect"/>
<opset="tmp/4 "/>
</bind>
</comp>

<comp id="199" class="1004" name="sub_ln674_fu_199">
<pin_list>
<pin id="200" dir="0" index="0" bw="9" slack="0"/>
<pin id="201" dir="0" index="1" bw="9" slack="0"/>
<pin id="202" dir="1" index="2" bw="10" slack="0"/>
</pin_list>
<bind>
<opcode="sub(10) " fcode="sub"/>
<opset="sub_ln674/4 "/>
</bind>
</comp>

<comp id="205" class="1004" name="xor_ln674_fu_205">
<pin_list>
<pin id="206" dir="0" index="0" bw="9" slack="0"/>
<pin id="207" dir="0" index="1" bw="10" slack="0"/>
<pin id="208" dir="1" index="2" bw="10" slack="0"/>
</pin_list>
<bind>
<opcode="xor(25) " fcode="xor"/>
<opset="xor_ln674/4 "/>
</bind>
</comp>

<comp id="211" class="1004" name="sub_ln674_1_fu_211">
<pin_list>
<pin id="212" dir="0" index="0" bw="9" slack="0"/>
<pin id="213" dir="0" index="1" bw="9" slack="0"/>
<pin id="214" dir="1" index="2" bw="10" slack="0"/>
</pin_list>
<bind>
<opcode="sub(10) " fcode="sub"/>
<opset="sub_ln674_1/4 "/>
</bind>
</comp>

<comp id="217" class="1004" name="select_ln674_fu_217">
<pin_list>
<pin id="218" dir="0" index="0" bw="1" slack="0"/>
<pin id="219" dir="0" index="1" bw="10" slack="0"/>
<pin id="220" dir="0" index="2" bw="10" slack="0"/>
<pin id="221" dir="1" index="3" bw="10" slack="0"/>
</pin_list>
<bind>
<opcode="select(49) " fcode="select"/>
<opset="select_ln674/4 "/>
</bind>
</comp>

<comp id="225" class="1004" name="select_ln674_1_fu_225">
<pin_list>
<pin id="226" dir="0" index="0" bw="1" slack="0"/>
<pin id="227" dir="0" index="1" bw="512" slack="0"/>
<pin id="228" dir="0" index="2" bw="512" slack="0"/>
<pin id="229" dir="1" index="3" bw="512" slack="1"/>
</pin_list>
<bind>
<opcode="select(49) " fcode="select"/>
<opset="select_ln674_1/4 "/>
</bind>
</comp>

<comp id="233" class="1004" name="select_ln674_2_fu_233">
<pin_list>
<pin id="234" dir="0" index="0" bw="1" slack="0"/>
<pin id="235" dir="0" index="1" bw="10" slack="0"/>
<pin id="236" dir="0" index="2" bw="9" slack="0"/>
<pin id="237" dir="1" index="3" bw="10" slack="1"/>
</pin_list>
<bind>
<opcode="select(49) " fcode="select"/>
<opset="select_ln674_2/4 "/>
</bind>
</comp>

<comp id="241" class="1004" name="sub_ln674_2_fu_241">
<pin_list>
<pin id="242" dir="0" index="0" bw="10" slack="0"/>
<pin id="243" dir="0" index="1" bw="10" slack="0"/>
<pin id="244" dir="1" index="2" bw="10" slack="3"/>
</pin_list>
<bind>
<opcode="sub(10) " fcode="sub"/>
<opset="sub_ln674_2/4 "/>
</bind>
</comp>

<comp id="247" class="1004" name="zext_ln674_2_fu_247">
<pin_list>
<pin id="248" dir="0" index="0" bw="10" slack="1"/>
<pin id="249" dir="1" index="1" bw="512" slack="0"/>
</pin_list>
<bind>
<opcode="zext(34) " fcode="zext"/>
<opset="zext_ln674_2/5 "/>
</bind>
</comp>

<comp id="250" class="1004" name="grp_fu_250">
<pin_list>
<pin id="251" dir="0" index="0" bw="512" slack="1"/>
<pin id="252" dir="0" index="1" bw="10" slack="0"/>
<pin id="253" dir="1" index="2" bw="512" slack="1"/>
</pin_list>
<bind>
<opcode="lshr(21) " fcode="lshr"/>
<opset="lshr_ln674/5 "/>
</bind>
</comp>

<comp id="255" class="1004" name="zext_ln674_3_fu_255">
<pin_list>
<pin id="256" dir="0" index="0" bw="10" slack="3"/>
<pin id="257" dir="1" index="1" bw="512" slack="0"/>
</pin_list>
<bind>
<opcode="zext(34) " fcode="zext"/>
<opset="zext_ln674_3/7 "/>
</bind>
</comp>

<comp id="258" class="1004" name="lshr_ln674_1_fu_258">
<pin_list>
<pin id="259" dir="0" index="0" bw="1" slack="0"/>
<pin id="260" dir="0" index="1" bw="10" slack="0"/>
<pin id="261" dir="1" index="2" bw="512" slack="0"/>
</pin_list>
<bind>
<opcode="lshr(21) " fcode="lshr"/>
<opset="lshr_ln674_1/7 "/>
</bind>
</comp>

<comp id="264" class="1004" name="p_Result_s_fu_264">
<pin_list>
<pin id="265" dir="0" index="0" bw="512" slack="1"/>
<pin id="266" dir="0" index="1" bw="512" slack="0"/>
<pin id="267" dir="1" index="2" bw="512" slack="0"/>
</pin_list>
<bind>
<opcode="and(23) " fcode="and"/>
<opset="p_Result_s/7 "/>
</bind>
</comp>

<comp id="269" class="1004" name="tmp2_V_fu_269">
<pin_list>
<pin id="270" dir="0" index="0" bw="512" slack="0"/>
<pin id="271" dir="1" index="1" bw="256" slack="0"/>
</pin_list>
<bind>
<opcode="trunc(33) " fcode="trunc"/>
<opset="tmp2_V/7 "/>
</bind>
</comp>

<comp id="274" class="1005" name="n_reg_274">
<pin_list>
<pin id="275" dir="0" index="0" bw="2" slack="0"/>
<pin id="276" dir="1" index="1" bw="2" slack="0"/>
</pin_list>
<bind>
<opset="n "/>
</bind>
</comp>

<comp id="281" class="1005" name="indvar_flatten_reg_281">
<pin_list>
<pin id="282" dir="0" index="0" bw="33" slack="0"/>
<pin id="283" dir="1" index="1" bw="33" slack="0"/>
</pin_list>
<bind>
<opset="indvar_flatten "/>
</bind>
</comp>

<comp id="288" class="1005" name="tmp1_V_reg_288">
<pin_list>
<pin id="289" dir="0" index="0" bw="512" slack="2"/>
<pin id="290" dir="1" index="1" bw="512" slack="2"/>
</pin_list>
<bind>
<opset="tmp1_V "/>
</bind>
</comp>

<comp id="294" class="1005" name="bound_read_reg_294">
<pin_list>
<pin id="295" dir="0" index="0" bw="33" slack="1"/>
<pin id="296" dir="1" index="1" bw="33" slack="1"/>
</pin_list>
<bind>
<opset="bound_read "/>
</bind>
</comp>

<comp id="299" class="1005" name="icmp_ln893_reg_299">
<pin_list>
<pin id="300" dir="0" index="0" bw="1" slack="4"/>
<pin id="301" dir="1" index="1" bw="1" slack="2147483647"/>
</pin_list>
<bind>
<opset="icmp_ln893 "/>
</bind>
</comp>

<comp id="303" class="1005" name="icmp_ln900_reg_303">
<pin_list>
<pin id="304" dir="0" index="0" bw="1" slack="1"/>
<pin id="305" dir="1" index="1" bw="1" slack="2147483647"/>
</pin_list>
<bind>
<opset="icmp_ln900 "/>
</bind>
</comp>

<comp id="307" class="1005" name="trunc_ln918_reg_307">
<pin_list>
<pin id="308" dir="0" index="0" bw="1" slack="2"/>
<pin id="309" dir="1" index="1" bw="1" slack="2"/>
</pin_list>
<bind>
<opset="trunc_ln918 "/>
</bind>
</comp>

<comp id="312" class="1005" name="select_ln674_1_reg_312">
<pin_list>
<pin id="313" dir="0" index="0" bw="512" slack="1"/>
<pin id="314" dir="1" index="1" bw="512" slack="1"/>
</pin_list>
<bind>
<opset="select_ln674_1 "/>
</bind>
</comp>

<comp id="317" class="1005" name="select_ln674_2_reg_317">
<pin_list>
<pin id="318" dir="0" index="0" bw="10" slack="1"/>
<pin id="319" dir="1" index="1" bw="10" slack="1"/>
</pin_list>
<bind>
<opset="select_ln674_2 "/>
</bind>
</comp>

<comp id="322" class="1005" name="sub_ln674_2_reg_322">
<pin_list>
<pin id="323" dir="0" index="0" bw="10" slack="3"/>
<pin id="324" dir="1" index="1" bw="10" slack="3"/>
</pin_list>
<bind>
<opset="sub_ln674_2 "/>
</bind>
</comp>

<comp id="327" class="1005" name="zext_ln674_2_reg_327">
<pin_list>
<pin id="328" dir="0" index="0" bw="512" slack="1"/>
<pin id="329" dir="1" index="1" bw="512" slack="1"/>
</pin_list>
<bind>
<opset="zext_ln674_2 "/>
</bind>
</comp>

<comp id="332" class="1005" name="lshr_ln674_reg_332">
<pin_list>
<pin id="333" dir="0" index="0" bw="512" slack="1"/>
<pin id="334" dir="1" index="1" bw="512" slack="1"/>
</pin_list>
<bind>
<opset="lshr_ln674 "/>
</bind>
</comp>

</comp_list>

<net_list>
<net id="59"><net_src comp="6" pin="0"/><net_sink comp="56" pin=0"/></net>

<net id="63"><net_src comp="6" pin="0"/><net_sink comp="60" pin=0"/></net>

<net id="67"><net_src comp="6" pin="0"/><net_sink comp="64" pin=0"/></net>

<net id="72"><net_src comp="18" pin="0"/><net_sink comp="68" pin=0"/></net>

<net id="73"><net_src comp="0" pin="0"/><net_sink comp="68" pin=1"/></net>

<net id="78"><net_src comp="38" pin="0"/><net_sink comp="74" pin=0"/></net>

<net id="79"><net_src comp="4" pin="0"/><net_sink comp="74" pin=1"/></net>

<net id="85"><net_src comp="54" pin="0"/><net_sink comp="80" pin=0"/></net>

<net id="86"><net_src comp="2" pin="0"/><net_sink comp="80" pin=1"/></net>

<net id="91"><net_src comp="20" pin="0"/><net_sink comp="87" pin=0"/></net>

<net id="96"><net_src comp="22" pin="0"/><net_sink comp="92" pin=0"/></net>

<net id="104"><net_src comp="97" pin="1"/><net_sink comp="100" pin=0"/></net>

<net id="105"><net_src comp="24" pin="0"/><net_sink comp="100" pin=1"/></net>

<net id="110"><net_src comp="97" pin="1"/><net_sink comp="106" pin=0"/></net>

<net id="118"><net_src comp="111" pin="1"/><net_sink comp="114" pin=0"/></net>

<net id="119"><net_src comp="30" pin="0"/><net_sink comp="114" pin=1"/></net>

<net id="125"><net_src comp="114" pin="2"/><net_sink comp="120" pin=0"/></net>

<net id="126"><net_src comp="22" pin="0"/><net_sink comp="120" pin=1"/></net>

<net id="127"><net_src comp="111" pin="1"/><net_sink comp="120" pin=2"/></net>

<net id="132"><net_src comp="120" pin="3"/><net_sink comp="128" pin=0"/></net>

<net id="133"><net_src comp="22" pin="0"/><net_sink comp="128" pin=1"/></net>

<net id="137"><net_src comp="120" pin="3"/><net_sink comp="134" pin=0"/></net>

<net id="142"><net_src comp="120" pin="3"/><net_sink comp="138" pin=0"/></net>

<net id="143"><net_src comp="36" pin="0"/><net_sink comp="138" pin=1"/></net>

<net id="148"><net_src comp="100" pin="2"/><net_sink comp="144" pin=0"/></net>

<net id="153"><net_src comp="138" pin="2"/><net_sink comp="149" pin=0"/></net>

<net id="158"><net_src comp="74" pin="2"/><net_sink comp="154" pin=0"/></net>

<net id="167"><net_src comp="40" pin="0"/><net_sink comp="162" pin=0"/></net>

<net id="168"><net_src comp="42" pin="0"/><net_sink comp="162" pin=2"/></net>

<net id="173"><net_src comp="162" pin="3"/><net_sink comp="169" pin=0"/></net>

<net id="174"><net_src comp="44" pin="0"/><net_sink comp="169" pin=1"/></net>

<net id="179"><net_src comp="162" pin="3"/><net_sink comp="175" pin=0"/></net>

<net id="180"><net_src comp="169" pin="2"/><net_sink comp="175" pin=1"/></net>

<net id="184"><net_src comp="162" pin="3"/><net_sink comp="181" pin=0"/></net>

<net id="188"><net_src comp="169" pin="2"/><net_sink comp="185" pin=0"/></net>

<net id="195"><net_src comp="46" pin="0"/><net_sink comp="189" pin=0"/></net>

<net id="196"><net_src comp="159" pin="1"/><net_sink comp="189" pin=1"/></net>

<net id="197"><net_src comp="48" pin="0"/><net_sink comp="189" pin=2"/></net>

<net id="198"><net_src comp="12" pin="0"/><net_sink comp="189" pin=3"/></net>

<net id="203"><net_src comp="181" pin="1"/><net_sink comp="199" pin=0"/></net>

<net id="204"><net_src comp="185" pin="1"/><net_sink comp="199" pin=1"/></net>

<net id="209"><net_src comp="181" pin="1"/><net_sink comp="205" pin=0"/></net>

<net id="210"><net_src comp="50" pin="0"/><net_sink comp="205" pin=1"/></net>

<net id="215"><net_src comp="185" pin="1"/><net_sink comp="211" pin=0"/></net>

<net id="216"><net_src comp="181" pin="1"/><net_sink comp="211" pin=1"/></net>

<net id="222"><net_src comp="175" pin="2"/><net_sink comp="217" pin=0"/></net>

<net id="223"><net_src comp="199" pin="2"/><net_sink comp="217" pin=1"/></net>

<net id="224"><net_src comp="211" pin="2"/><net_sink comp="217" pin=2"/></net>

<net id="230"><net_src comp="175" pin="2"/><net_sink comp="225" pin=0"/></net>

<net id="231"><net_src comp="189" pin="4"/><net_sink comp="225" pin=1"/></net>

<net id="232"><net_src comp="159" pin="1"/><net_sink comp="225" pin=2"/></net>

<net id="238"><net_src comp="175" pin="2"/><net_sink comp="233" pin=0"/></net>

<net id="239"><net_src comp="205" pin="2"/><net_sink comp="233" pin=1"/></net>

<net id="240"><net_src comp="181" pin="1"/><net_sink comp="233" pin=2"/></net>

<net id="245"><net_src comp="50" pin="0"/><net_sink comp="241" pin=0"/></net>

<net id="246"><net_src comp="217" pin="3"/><net_sink comp="241" pin=1"/></net>

<net id="254"><net_src comp="247" pin="1"/><net_sink comp="250" pin=1"/></net>

<net id="262"><net_src comp="52" pin="0"/><net_sink comp="258" pin=0"/></net>

<net id="263"><net_src comp="255" pin="1"/><net_sink comp="258" pin=1"/></net>

<net id="268"><net_src comp="258" pin="2"/><net_sink comp="264" pin=1"/></net>

<net id="272"><net_src comp="264" pin="2"/><net_sink comp="269" pin=0"/></net>

<net id="273"><net_src comp="269" pin="1"/><net_sink comp="80" pin=2"/></net>

<net id="277"><net_src comp="56" pin="1"/><net_sink comp="274" pin=0"/></net>

<net id="278"><net_src comp="274" pin="1"/><net_sink comp="92" pin=1"/></net>

<net id="279"><net_src comp="274" pin="1"/><net_sink comp="111" pin=0"/></net>

<net id="280"><net_src comp="274" pin="1"/><net_sink comp="149" pin=1"/></net>

<net id="284"><net_src comp="60" pin="1"/><net_sink comp="281" pin=0"/></net>

<net id="285"><net_src comp="281" pin="1"/><net_sink comp="87" pin=1"/></net>

<net id="286"><net_src comp="281" pin="1"/><net_sink comp="97" pin=0"/></net>

<net id="287"><net_src comp="281" pin="1"/><net_sink comp="144" pin=1"/></net>

<net id="291"><net_src comp="64" pin="1"/><net_sink comp="288" pin=0"/></net>

<net id="292"><net_src comp="288" pin="1"/><net_sink comp="154" pin=1"/></net>

<net id="293"><net_src comp="288" pin="1"/><net_sink comp="159" pin=0"/></net>

<net id="297"><net_src comp="68" pin="2"/><net_sink comp="294" pin=0"/></net>

<net id="298"><net_src comp="294" pin="1"/><net_sink comp="106" pin=1"/></net>

<net id="302"><net_src comp="106" pin="2"/><net_sink comp="299" pin=0"/></net>

<net id="306"><net_src comp="128" pin="2"/><net_sink comp="303" pin=0"/></net>

<net id="310"><net_src comp="134" pin="1"/><net_sink comp="307" pin=0"/></net>

<net id="311"><net_src comp="307" pin="1"/><net_sink comp="162" pin=1"/></net>

<net id="315"><net_src comp="225" pin="3"/><net_sink comp="312" pin=0"/></net>

<net id="316"><net_src comp="312" pin="1"/><net_sink comp="250" pin=0"/></net>

<net id="320"><net_src comp="233" pin="3"/><net_sink comp="317" pin=0"/></net>

<net id="321"><net_src comp="317" pin="1"/><net_sink comp="247" pin=0"/></net>

<net id="325"><net_src comp="241" pin="2"/><net_sink comp="322" pin=0"/></net>

<net id="326"><net_src comp="322" pin="1"/><net_sink comp="255" pin=0"/></net>

<net id="330"><net_src comp="247" pin="1"/><net_sink comp="327" pin=0"/></net>

<net id="331"><net_src comp="327" pin="1"/><net_sink comp="250" pin=1"/></net>

<net id="335"><net_src comp="250" pin="2"/><net_sink comp="332" pin=0"/></net>

<net id="336"><net_src comp="332" pin="1"/><net_sink comp="264" pin=0"/></net>

</net_list>

</model> 
---------------- Datapath Model END ------------------

* FSMD analyzer results:
  - Output states:
	Port: arg0_read_reduced_mem_strm | {7 }
 - Input state : 
	Port: stream2streamStepdown<512u, 256u>_Pipeline_VITIS_LOOP_893_1_VITIS_LOOP_895_2 : bound | {1 }
	Port: stream2streamStepdown<512u, 256u>_Pipeline_VITIS_LOOP_893_1_VITIS_LOOP_895_2 : arg0_read_mem_strm | {3 }
  - Chain level:
	State 1
		store_ln0 : 1
		store_ln0 : 1
	State 2
		add_ln893 : 1
		icmp_ln893 : 1
		br_ln893 : 2
		icmp_ln895 : 1
		select_ln895 : 2
		icmp_ln900 : 3
		br_ln900 : 4
		trunc_ln918 : 3
		add_ln895 : 3
		store_ln895 : 2
		store_ln895 : 4
	State 3
	State 4
		or_ln918 : 1
		icmp_ln674 : 1
		zext_ln674 : 1
		zext_ln674_1 : 1
		tmp : 1
		sub_ln674 : 2
		xor_ln674 : 2
		sub_ln674_1 : 2
		select_ln674 : 3
		select_ln674_1 : 2
		select_ln674_2 : 2
		sub_ln674_2 : 4
	State 5
		lshr_ln674 : 1
	State 6
	State 7
		lshr_ln674_1 : 1
		p_Result_s : 2
		tmp2_V : 2
		write_ln174 : 3


============================================================
+ Verbose Summary: Datapath Resource usage 
============================================================

* Functional unit list:
|----------|-------------------------|---------|---------|
| Operation|     Functional Unit     |    FF   |   LUT   |
|----------|-------------------------|---------|---------|
|   lshr   |        grp_fu_250       |   792   |   3004  |
|          |   lshr_ln674_1_fu_258   |    0    |    17   |
|----------|-------------------------|---------|---------|
|          |   select_ln895_fu_120   |    0    |    2    |
|  select  |   select_ln674_fu_217   |    0    |    9    |
|          |  select_ln674_1_fu_225  |    0    |   245   |
|          |  select_ln674_2_fu_233  |    0    |    9    |
|----------|-------------------------|---------|---------|
|    and   |    p_Result_s_fu_264    |    0    |   215   |
|----------|-------------------------|---------|---------|
|    add   |     add_ln893_fu_100    |    0    |    33   |
|          |     add_ln895_fu_138    |    0    |    5    |
|----------|-------------------------|---------|---------|
|          |     sub_ln674_fu_199    |    0    |    9    |
|    sub   |    sub_ln674_1_fu_211   |    0    |    9    |
|          |    sub_ln674_2_fu_241   |    0    |    10   |
|----------|-------------------------|---------|---------|
|          |    icmp_ln893_fu_106    |    0    |    16   |
|   icmp   |    icmp_ln895_fu_114    |    0    |    1    |
|          |    icmp_ln900_fu_128    |    0    |    1    |
|          |    icmp_ln674_fu_175    |    0    |    5    |
|----------|-------------------------|---------|---------|
|    xor   |     xor_ln674_fu_205    |    0    |    9    |
|----------|-------------------------|---------|---------|
|   read   |  bound_read_read_fu_68  |    0    |    0    |
|          |     tmp_1_read_fu_74    |    0    |    0    |
|----------|-------------------------|---------|---------|
|   write  | write_ln174_write_fu_80 |    0    |    0    |
|----------|-------------------------|---------|---------|
|   trunc  |    trunc_ln918_fu_134   |    0    |    0    |
|          |      tmp2_V_fu_269      |    0    |    0    |
|----------|-------------------------|---------|---------|
|bitconcatenate|      shl_ln_fu_162      |    0    |    0    |
|----------|-------------------------|---------|---------|
|    or    |     or_ln918_fu_169     |    0    |    0    |
|----------|-------------------------|---------|---------|
|          |    zext_ln674_fu_181    |    0    |    0    |
|   zext   |   zext_ln674_1_fu_185   |    0    |    0    |
|          |   zext_ln674_2_fu_247   |    0    |    0    |
|          |   zext_ln674_3_fu_255   |    0    |    0    |
|----------|-------------------------|---------|---------|
|partselect|        tmp_fu_189       |    0    |    0    |
|----------|-------------------------|---------|---------|
|   Total  |                         |   792   |   3599  |
|----------|-------------------------|---------|---------|

Memories:
N/A

* Register list:
+----------------------+--------+
|                      |   FF   |
+----------------------+--------+
|  bound_read_reg_294  |   33   |
|  icmp_ln893_reg_299  |    1   |
|  icmp_ln900_reg_303  |    1   |
|indvar_flatten_reg_281|   33   |
|  lshr_ln674_reg_332  |   512  |
|       n_reg_274      |    2   |
|select_ln674_1_reg_312|   512  |
|select_ln674_2_reg_317|   10   |
|  sub_ln674_2_reg_322 |   10   |
|    tmp1_V_reg_288    |   512  |
|  trunc_ln918_reg_307 |    1   |
| zext_ln674_2_reg_327 |   512  |
+----------------------+--------+
|         Total        |  2139  |
+----------------------+--------+

* Multiplexer (MUX) list: 
|------------|------|------|------|--------||---------||---------|
|    Comp    |  Pin | Size |  BW  | S x BW ||  Delay  ||   LUT   |
|------------|------|------|------|--------||---------||---------|
| grp_fu_250 |  p1  |   2  |  10  |   20   ||    10   |
|------------|------|------|------|--------||---------||---------|
|    Total   |      |      |      |   20   ||  0.402  ||    10   |
|------------|------|------|------|--------||---------||---------|



* Summary:
+-----------+--------+--------+--------+
|           |  Delay |   FF   |   LUT  |
+-----------+--------+--------+--------+
|  Function |    -   |   792  |  3599  |
|   Memory  |    -   |    -   |    -   |
|Multiplexer|    0   |    -   |   10   |
|  Register |    -   |  2139  |    -   |
+-----------+--------+--------+--------+
|   Total   |    0   |  2931  |  3609  |
+-----------+--------+--------+--------+
