

================================================================
== Vitis HLS Report for 'stream2streamStepup_256u_512u_s'
================================================================
* Date:           Sun Jul 26 01:22:53 2026

* Version:        2022.1 (Build 3526262 on Mon Apr 18 15:47:01 MDT 2022)
* Project:        datamover_outerloop_0
* Solution:       solution (Vitis Kernel Flow Target)
* Product family: versal
* Target device:  xcvc1902-vsvd1760-2MP-e-S


================================================================
== Performance Estimates
================================================================
+ Timing: 
    * Summary: 
    +--------+---------+----------+------------+
    |  Clock |  Target | Estimated| Uncertainty|
    +--------+---------+----------+------------+
    |ap_clk  |  3.33 ns|  1.943 ns|     0.90 ns|
    +--------+---------+----------+------------+

+ Latency: 
    * Summary: 
    +---------+---------+----------+----------+-----+-----+---------+
    |  Latency (cycles) |  Latency (absolute) |  Interval | Pipeline|
    |   min   |   max   |    min   |    max   | min | max |   Type  |
    +---------+---------+----------+----------+-----+-----+---------+
    |        ?|        ?|         ?|         ?|    ?|    ?|       no|
    +---------+---------+----------+----------+-----+-----+---------+

    + Detail: 
        * Instance: 
        +------------------------------------------------------------------------------------+--------------------------------------------------------------------------+---------+---------+----------+----------+-----+-----+---------+
        |                                                                                    |                                                                          |  Latency (cycles) |  Latency (absolute) |  Interval | Pipeline|
        |                                      Instance                                      |                                  Module                                  |   min   |   max   |    min   |    max   | min | max |   Type  |
        +------------------------------------------------------------------------------------+--------------------------------------------------------------------------+---------+---------+----------+----------+-----+-----+---------+
        |grp_stream2streamStepup_256u_512u_Pipeline_VITIS_LOOP_809_1_VITIS_LOOP_811_2_fu_54  |stream2streamStepup_256u_512u_Pipeline_VITIS_LOOP_809_1_VITIS_LOOP_811_2  |        ?|        ?|         ?|         ?|    ?|    ?|       no|
        +------------------------------------------------------------------------------------+--------------------------------------------------------------------------+---------+---------+----------+----------+-----+-----+---------+

        * Loop: 
        N/A



================================================================
== Utilization Estimates
================================================================
* Summary: 
+-----------------+---------+------+---------+--------+-----+
|       Name      | BRAM_18K|  DSP |    FF   |   LUT  | URAM|
+-----------------+---------+------+---------+--------+-----+
|DSP              |        -|     -|        -|       -|    -|
|Expression       |        -|     -|        0|       2|    -|
|FIFO             |        -|     -|        -|       -|    -|
|Instance         |        -|     -|     4217|   10498|    -|
|Memory           |        -|     -|        -|       -|    -|
|Multiplexer      |        -|     -|        -|      12|    -|
|Register         |        -|     -|       69|       -|    -|
+-----------------+---------+------+---------+--------+-----+
|Total            |        0|     0|     4286|   10512|    0|
+-----------------+---------+------+---------+--------+-----+
|Available        |     1934|  1968|  1799680|  899840|  463|
+-----------------+---------+------+---------+--------+-----+
|Utilization (%)  |        0|     0|       ~0|       1|    0|
+-----------------+---------+------+---------+--------+-----+

+ Detail: 
    * Instance: 
    +------------------------------------------------------------------------------------+--------------------------------------------------------------------------+---------+----+------+-------+-----+
    |                                      Instance                                      |                                  Module                                  | BRAM_18K| DSP|  FF  |  LUT  | URAM|
    +------------------------------------------------------------------------------------+--------------------------------------------------------------------------+---------+----+------+-------+-----+
    |grp_stream2streamStepup_256u_512u_Pipeline_VITIS_LOOP_809_1_VITIS_LOOP_811_2_fu_54  |stream2streamStepup_256u_512u_Pipeline_VITIS_LOOP_809_1_VITIS_LOOP_811_2  |        0|   0|  4217|  10498|    0|
    +------------------------------------------------------------------------------------+--------------------------------------------------------------------------+---------+----+------+-------+-----+
    |Total                                                                               |                                                                          |        0|   0|  4217|  10498|    0|
    +------------------------------------------------------------------------------------+--------------------------------------------------------------------------+---------+----+------+-------+-----+

    * DSP: 
    N/A

    * Memory: 
    N/A

    * FIFO: 
    N/A

    * Expression: 
    +-----------------+----------+----+---+----+------------+------------+
    |  Variable Name  | Operation| DSP| FF| LUT| Bitwidth P0| Bitwidth P1|
    +-----------------+----------+----+---+----+------------+------------+
    |ap_block_state1  |        or|   0|  0|   2|           1|           1|
    +-----------------+----------+----+---+----+------------+------------+
    |Total            |          |   0|  0|   2|           1|           1|
    +-----------------+----------+----+---+----+------------+------------+

    * Multiplexer: 
    +----------------------------------+----+-----------+-----+-----------+
    |               Name               | LUT| Input Size| Bits| Total Bits|
    +----------------------------------+----+-----------+-----+-----------+
    |ap_NS_fsm                         |   2|          4|    1|          4|
    |ap_done                           |   2|          2|    1|          2|
    |arg1_write_mem_strm_write         |   2|          2|    1|          2|
    |arg1_write_reduced_mem_strm_read  |   2|          2|    1|          2|
    |num_big_pkts_blk_n                |   2|          2|    1|          2|
    |p_read_c_blk_n                    |   2|          2|    1|          2|
    +----------------------------------+----+-----------+-----+-----------+
    |Total                             |  12|         14|    6|         14|
    +----------------------------------+----+-----------+-----+-----------+

    * Register: 
    +-------------------------------------------------------------------------------------------------+----+----+-----+-----------+
    |                                               Name                                              | FF | LUT| Bits| Const Bits|
    +-------------------------------------------------------------------------------------------------+----+----+-----+-----------+
    |ap_CS_fsm                                                                                        |   3|   0|    3|          0|
    |ap_done_reg                                                                                      |   1|   0|    1|          0|
    |grp_stream2streamStepup_256u_512u_Pipeline_VITIS_LOOP_809_1_VITIS_LOOP_811_2_fu_54_ap_start_reg  |   1|   0|    1|          0|
    |num_big_pkts_read_reg_71                                                                         |  32|   0|   32|          0|
    |tmp_reg_76                                                                                       |  32|   0|   33|          1|
    +-------------------------------------------------------------------------------------------------+----+----+-----+-----------+
    |Total                                                                                            |  69|   0|   70|          1|
    +-------------------------------------------------------------------------------------------------+----+----+-----+-----------+



================================================================
== Interface
================================================================
* Summary: 
+--------------------------------------------+-----+-----+------------+---------------------------------+--------------+
|                  RTL Ports                 | Dir | Bits|  Protocol  |          Source Object          |    C Type    |
+--------------------------------------------+-----+-----+------------+---------------------------------+--------------+
|ap_clk                                      |   in|    1|  ap_ctrl_hs|  stream2streamStepup<256u, 512u>|  return value|
|ap_rst                                      |   in|    1|  ap_ctrl_hs|  stream2streamStepup<256u, 512u>|  return value|
|ap_start                                    |   in|    1|  ap_ctrl_hs|  stream2streamStepup<256u, 512u>|  return value|
|ap_done                                     |  out|    1|  ap_ctrl_hs|  stream2streamStepup<256u, 512u>|  return value|
|ap_continue                                 |   in|    1|  ap_ctrl_hs|  stream2streamStepup<256u, 512u>|  return value|
|ap_idle                                     |  out|    1|  ap_ctrl_hs|  stream2streamStepup<256u, 512u>|  return value|
|ap_ready                                    |  out|    1|  ap_ctrl_hs|  stream2streamStepup<256u, 512u>|  return value|
|num_big_pkts_dout                           |   in|   32|     ap_fifo|                     num_big_pkts|       pointer|
|num_big_pkts_num_data_valid                 |   in|    3|     ap_fifo|                     num_big_pkts|       pointer|
|num_big_pkts_fifo_cap                       |   in|    3|     ap_fifo|                     num_big_pkts|       pointer|
|num_big_pkts_empty_n                        |   in|    1|     ap_fifo|                     num_big_pkts|       pointer|
|num_big_pkts_read                           |  out|    1|     ap_fifo|                     num_big_pkts|       pointer|
|p_read_c_din                                |  out|   32|     ap_fifo|                         p_read_c|       pointer|
|p_read_c_num_data_valid                     |   in|    2|     ap_fifo|                         p_read_c|       pointer|
|p_read_c_fifo_cap                           |   in|    2|     ap_fifo|                         p_read_c|       pointer|
|p_read_c_full_n                             |   in|    1|     ap_fifo|                         p_read_c|       pointer|
|p_read_c_write                              |  out|    1|     ap_fifo|                         p_read_c|       pointer|
|arg1_write_reduced_mem_strm_dout            |   in|  256|     ap_fifo|      arg1_write_reduced_mem_strm|       pointer|
|arg1_write_reduced_mem_strm_num_data_valid  |   in|    2|     ap_fifo|      arg1_write_reduced_mem_strm|       pointer|
|arg1_write_reduced_mem_strm_fifo_cap        |   in|    2|     ap_fifo|      arg1_write_reduced_mem_strm|       pointer|
|arg1_write_reduced_mem_strm_empty_n         |   in|    1|     ap_fifo|      arg1_write_reduced_mem_strm|       pointer|
|arg1_write_reduced_mem_strm_read            |  out|    1|     ap_fifo|      arg1_write_reduced_mem_strm|       pointer|
|arg1_write_mem_strm_din                     |  out|  512|     ap_fifo|              arg1_write_mem_strm|       pointer|
|arg1_write_mem_strm_num_data_valid          |   in|    2|     ap_fifo|              arg1_write_mem_strm|       pointer|
|arg1_write_mem_strm_fifo_cap                |   in|    2|     ap_fifo|              arg1_write_mem_strm|       pointer|
|arg1_write_mem_strm_full_n                  |   in|    1|     ap_fifo|              arg1_write_mem_strm|       pointer|
|arg1_write_mem_strm_write                   |  out|    1|     ap_fifo|              arg1_write_mem_strm|       pointer|
+--------------------------------------------+-----+-----+------------+---------------------------------+--------------+

============================================================
+ Verbose Summary: Synthesis Manager
============================================================
InlineROM: 1
ExposeGlobal: 0
============================================================
+ Verbose Summary: CDFG Model
============================================================
IsTopModel: 0
ResetActiveHigh: 1
IsCombinational: 2
IsDatapathOnly: 0
HasWiredReturn: 1
HasMFsm: 0
HasVarLatency: 1
IsPipeline: 0
IsRtlPipelined: 0
IsInstanceOverlapped: 0
IsDontTouch: 0
HasImplIP: 0
IsGatedGlobalClock: 0


============================================================
+ Verbose Summary: Schedule
============================================================
* Number of FSM states : 3
* Pipeline : 0
* Dataflow Pipeline: 0

* FSM state transitions: 
1 --> 2 
2 --> 3 
3 --> 

* FSM state operations: 

State 1 <SV = 0> <Delay = 1.57>
ST_1 : Operation 4 [1/1] (0.84ns)   --->   "%num_big_pkts_read = read i32 @_ssdm_op_Read.ap_fifo.i32P0A, i32 %num_big_pkts"   --->   Operation 4 'read' 'num_big_pkts_read' <Predicate = true> <Delay = 0.84> <CoreInst = "FIFO_SRL">   --->   Core 85 'FIFO_SRL' <Latency = 0> <II = 1> <Delay = 0.84> <Storage> <Opcode : 'read' 'write' 'nbread' 'nbwrite'> <Ports = 0> <Width = 32> <Depth = 3> <FIFO>
ST_1 : Operation 5 [1/1] (0.73ns)   --->   "%write_ln785 = write void @_ssdm_op_Write.ap_fifo.i32P0A, i32 %p_read_c, i32 %num_big_pkts_read" [/home/x_thileeb/repos/ops-hls-pact25-artifact/OPS/ops/hls/include/device/../../L1/include/ops_hls_datamover.hpp:785]   --->   Operation 5 'write' 'write_ln785' <Predicate = true> <Delay = 0.73> <CoreInst = "FIFO_SRL">   --->   Core 85 'FIFO_SRL' <Latency = 0> <II = 1> <Delay = 0.73> <Storage> <Opcode : 'read' 'write' 'nbread' 'nbwrite'> <Ports = 0> <Width = 32> <Depth = 2> <FIFO>

State 2 <SV = 1> <Delay = 0.00>
ST_2 : Operation 6 [1/1] (0.00ns)   --->   "%tmp = bitconcatenate i33 @_ssdm_op_BitConcatenate.i33.i32.i1, i32 %num_big_pkts_read, i1 0"   --->   Operation 6 'bitconcatenate' 'tmp' <Predicate = true> <Delay = 0.00>
ST_2 : Operation 7 [1/1] (0.00ns)   --->   "%empty = wait i32 @_ssdm_op_Wait"   --->   Operation 7 'wait' 'empty' <Predicate = true> <Delay = 0.00>
ST_2 : Operation 8 [2/2] (0.00ns)   --->   "%call_ln0 = call void @stream2streamStepup<256u, 512u>_Pipeline_VITIS_LOOP_809_1_VITIS_LOOP_811_2, i33 %tmp, i256 %arg1_write_reduced_mem_strm, i512 %arg1_write_mem_strm"   --->   Operation 8 'call' 'call_ln0' <Predicate = true> <Delay = 0.00> <CoreType = "Generic">   --->   Core 0 '' <Latency = 0> <II = 1> <Delay = 1.00> <Generic> <Opcode : >

State 3 <SV = 2> <Delay = 0.00>
ST_3 : Operation 9 [1/1] (0.00ns)   --->   "%specinterface_ln0 = specinterface void @_ssdm_op_SpecInterface, i32 %num_big_pkts, void @ap_fifo_str, i32 0, i32 0, void @p_str, i32 0, i32 0, void @p_str, void @p_str, void @p_str, i32 2, i32 2, i32 16, i32 16, void @p_str, void @ScalarProp_str, i32 4294967295, i32 0"   --->   Operation 9 'specinterface' 'specinterface_ln0' <Predicate = true> <Delay = 0.00>
ST_3 : Operation 10 [1/1] (0.00ns)   --->   "%specinterface_ln0 = specinterface void @_ssdm_op_SpecInterface, i32 %p_read_c, void @ap_fifo_str, i32 0, i32 0, void @p_str, i32 0, i32 0, void @p_str, void @p_str, void @p_str, i32 2, i32 2, i32 16, i32 16, void @p_str, void @ScalarProp_str, i32 4294967295, i32 0"   --->   Operation 10 'specinterface' 'specinterface_ln0' <Predicate = true> <Delay = 0.00>
ST_3 : Operation 11 [1/1] (0.00ns)   --->   "%specinterface_ln0 = specinterface void @_ssdm_op_SpecInterface, i512 %arg1_write_mem_strm, void @empty_7, i32 0, i32 0, void @empty_27, i32 0, i32 0, void @empty_27, void @empty_27, void @empty_27, i32 0, i32 0, i32 0, i32 0, void @empty_27, void @empty_27, i32 4294967295, i32 0"   --->   Operation 11 'specinterface' 'specinterface_ln0' <Predicate = true> <Delay = 0.00>
ST_3 : Operation 12 [1/1] (0.00ns)   --->   "%specinterface_ln0 = specinterface void @_ssdm_op_SpecInterface, i512 %arg1_write_mem_strm, void @empty_7, i32 0, i32 0, void @empty_27, i32 0, i32 0, void @empty_27, void @empty_27, void @empty_27, i32 0, i32 0, i32 0, i32 0, void @empty_27, void @empty_27, i32 4294967295, i32 0"   --->   Operation 12 'specinterface' 'specinterface_ln0' <Predicate = true> <Delay = 0.00>
ST_3 : Operation 13 [1/1] (0.00ns)   --->   "%specinterface_ln0 = specinterface void @_ssdm_op_SpecInterface, i512 %arg1_write_mem_strm, void @empty_7, i32 0, i32 0, void @empty_27, i32 0, i32 0, void @empty_27, void @empty_27, void @empty_27, i32 0, i32 0, i32 0, i32 0, void @empty_27, void @empty_27, i32 4294967295, i32 0"   --->   Operation 13 'specinterface' 'specinterface_ln0' <Predicate = true> <Delay = 0.00>
ST_3 : Operation 14 [1/1] (0.00ns)   --->   "%specinterface_ln0 = specinterface void @_ssdm_op_SpecInterface, i256 %arg1_write_reduced_mem_strm, void @empty_7, i32 0, i32 0, void @empty_27, i32 0, i32 0, void @empty_27, void @empty_27, void @empty_27, i32 0, i32 0, i32 0, i32 0, void @empty_27, void @empty_27, i32 4294967295, i32 0"   --->   Operation 14 'specinterface' 'specinterface_ln0' <Predicate = true> <Delay = 0.00>
ST_3 : Operation 15 [1/1] (0.00ns)   --->   "%specinterface_ln0 = specinterface void @_ssdm_op_SpecInterface, i256 %arg1_write_reduced_mem_strm, void @empty_7, i32 0, i32 0, void @empty_27, i32 0, i32 0, void @empty_27, void @empty_27, void @empty_27, i32 0, i32 0, i32 0, i32 0, void @empty_27, void @empty_27, i32 4294967295, i32 0"   --->   Operation 15 'specinterface' 'specinterface_ln0' <Predicate = true> <Delay = 0.00>
ST_3 : Operation 16 [1/1] (0.00ns)   --->   "%specinterface_ln0 = specinterface void @_ssdm_op_SpecInterface, i256 %arg1_write_reduced_mem_strm, void @empty_7, i32 0, i32 0, void @empty_27, i32 0, i32 0, void @empty_27, void @empty_27, void @empty_27, i32 0, i32 0, i32 0, i32 0, void @empty_27, void @empty_27, i32 4294967295, i32 0"   --->   Operation 16 'specinterface' 'specinterface_ln0' <Predicate = true> <Delay = 0.00>
ST_3 : Operation 17 [1/1] (0.00ns)   --->   "%specinterface_ln0 = specinterface void @_ssdm_op_SpecInterface, i512 %arg1_write_mem_strm, void @empty_7, i32 0, i32 0, void @empty_27, i32 0, i32 0, void @empty_27, void @empty_27, void @empty_27, i32 0, i32 0, i32 0, i32 0, void @empty_27, void @empty_27, i32 4294967295, i32 0"   --->   Operation 17 'specinterface' 'specinterface_ln0' <Predicate = true> <Delay = 0.00>
ST_3 : Operation 18 [1/1] (0.00ns)   --->   "%specinterface_ln0 = specinterface void @_ssdm_op_SpecInterface, i256 %arg1_write_reduced_mem_strm, void @empty_7, i32 0, i32 0, void @empty_27, i32 0, i32 0, void @empty_27, void @empty_27, void @empty_27, i32 0, i32 0, i32 0, i32 0, void @empty_27, void @empty_27, i32 4294967295, i32 0"   --->   Operation 18 'specinterface' 'specinterface_ln0' <Predicate = true> <Delay = 0.00>
ST_3 : Operation 19 [1/2] (0.00ns)   --->   "%call_ln0 = call void @stream2streamStepup<256u, 512u>_Pipeline_VITIS_LOOP_809_1_VITIS_LOOP_811_2, i33 %tmp, i256 %arg1_write_reduced_mem_strm, i512 %arg1_write_mem_strm"   --->   Operation 19 'call' 'call_ln0' <Predicate = true> <Delay = 0.00> <CoreType = "Generic">   --->   Core 0 '' <Latency = 0> <II = 1> <Delay = 1.00> <Generic> <Opcode : >
ST_3 : Operation 20 [1/1] (0.00ns)   --->   "%ret_ln0 = ret"   --->   Operation 20 'ret' 'ret_ln0' <Predicate = true> <Delay = 0.00>


============================================================
+ Verbose Summary: Binding
============================================================
STG Binding: 
---------------- STG Properties BEGIN ----------------
- Is combinational: 0
- Is one-state seq: 0
- Is datapath-only: 0
- Is pipelined: 0
- Is top level: 0
Port [ Return ] is wired: 1; IO mode=ap_ctrl_hs:ce=0
Port [ num_big_pkts]:  wired=1; compound=1; hidden=0; nouse=0; global=0; static=0; extern=0; dir=0; type=3; pingpong=0; private_global=0; IO mode=ap_fifo:ce=0
Port [ p_read_c]:  wired=1; compound=1; hidden=0; nouse=0; global=0; static=0; extern=0; dir=1; type=3; pingpong=0; private_global=0; IO mode=ap_fifo:ce=0
Port [ arg1_write_reduced_mem_strm]:  wired=1; compound=1; hidden=0; nouse=0; global=1; static=1; extern=0; dir=0; type=3; pingpong=0; private_global=0; IO mode=ap_fifo:ce=0
Port [ arg1_write_mem_strm]:  wired=1; compound=1; hidden=0; nouse=0; global=1; static=1; extern=0; dir=1; type=3; pingpong=0; private_global=0; IO mode=ap_fifo:ce=0
---------------- STG Properties END ------------------

---------------- Datapath Model BEGIN ----------------

<LifeTime>
<method=bitvector/>
num_big_pkts_read (read          ) [ 0010]
write_ln785       (write         ) [ 0000]
tmp               (bitconcatenate) [ 0001]
empty             (wait          ) [ 0000]
specinterface_ln0 (specinterface ) [ 0000]
specinterface_ln0 (specinterface ) [ 0000]
specinterface_ln0 (specinterface ) [ 0000]
specinterface_ln0 (specinterface ) [ 0000]
specinterface_ln0 (specinterface ) [ 0000]
specinterface_ln0 (specinterface ) [ 0000]
specinterface_ln0 (specinterface ) [ 0000]
specinterface_ln0 (specinterface ) [ 0000]
specinterface_ln0 (specinterface ) [ 0000]
specinterface_ln0 (specinterface ) [ 0000]
call_ln0          (call          ) [ 0000]
ret_ln0           (ret           ) [ 0000]
</LifeTime>

<model>

<comp_list>
<comp id="0" class="1000" name="num_big_pkts">
<pin_list>
<pin id="1" dir="1" index="0" bw="1" slack="0"/>
</pin_list>
<bind>
<StgValue><ssdm name="num_big_pkts"/></StgValue>
</bind>
</comp>

<comp id="2" class="1000" name="p_read_c">
<pin_list>
<pin id="3" dir="1" index="0" bw="1" slack="0"/>
</pin_list>
<bind>
<StgValue><ssdm name="p_read_c"/></StgValue>
</bind>
</comp>

<comp id="4" class="1000" name="arg1_write_reduced_mem_strm">
<pin_list>
<pin id="5" dir="1" index="0" bw="1" slack="0"/>
</pin_list>
<bind>
<StgValue><ssdm name="arg1_write_reduced_mem_strm"/></StgValue>
</bind>
</comp>

<comp id="6" class="1000" name="arg1_write_mem_strm">
<pin_list>
<pin id="7" dir="1" index="0" bw="1" slack="0"/>
</pin_list>
<bind>
<StgValue><ssdm name="arg1_write_mem_strm"/></StgValue>
</bind>
</comp>

<comp id="8" class="1001" name="const_8">
<pin_list>
<pin id="9" dir="1" index="0" bw="1" slack="0"/>
</pin_list>
<bind>
<StgValue><ssdm name="_ssdm_op_Read.ap_fifo.i32P0A"/></StgValue>
</bind>
</comp>

<comp id="10" class="1001" name="const_10">
<pin_list>
<pin id="11" dir="1" index="0" bw="1" slack="0"/>
</pin_list>
<bind>
<StgValue><ssdm name="_ssdm_op_Write.ap_fifo.i32P0A"/></StgValue>
</bind>
</comp>

<comp id="12" class="1001" name="const_12">
<pin_list>
<pin id="13" dir="1" index="0" bw="1" slack="0"/>
</pin_list>
<bind>
<StgValue><ssdm name="_ssdm_op_BitConcatenate.i33.i32.i1"/></StgValue>
</bind>
</comp>

<comp id="14" class="1001" name="const_14">
<pin_list>
<pin id="15" dir="1" index="0" bw="1" slack="0"/>
</pin_list>
<bind>
<StgValue><ssdm name=""/></StgValue>
</bind>
</comp>

<comp id="16" class="1001" name="const_16">
<pin_list>
<pin id="17" dir="1" index="0" bw="1" slack="2147483647"/>
</pin_list>
<bind>
<StgValue><ssdm name="_ssdm_op_Wait"/></StgValue>
</bind>
</comp>

<comp id="18" class="1001" name="const_18">
<pin_list>
<pin id="19" dir="1" index="0" bw="1" slack="0"/>
</pin_list>
<bind>
<StgValue><ssdm name="stream2streamStepup<256u, 512u>_Pipeline_VITIS_LOOP_809_1_VITIS_LOOP_811_2"/></StgValue>
</bind>
</comp>

<comp id="20" class="1001" name="const_20">
<pin_list>
<pin id="21" dir="1" index="0" bw="1" slack="2147483647"/>
</pin_list>
<bind>
<StgValue><ssdm name="_ssdm_op_SpecInterface"/></StgValue>
</bind>
</comp>

<comp id="22" class="1001" name="const_22">
<pin_list>
<pin id="23" dir="1" index="0" bw="1" slack="2147483647"/>
</pin_list>
<bind>
<StgValue><ssdm name="ap_fifo_str"/></StgValue>
</bind>
</comp>

<comp id="24" class="1001" name="const_24">
<pin_list>
<pin id="25" dir="1" index="0" bw="1" slack="2147483647"/>
</pin_list>
<bind>
<StgValue><ssdm name=""/></StgValue>
</bind>
</comp>

<comp id="26" class="1001" name="const_26">
<pin_list>
<pin id="27" dir="1" index="0" bw="1" slack="2147483647"/>
</pin_list>
<bind>
<StgValue><ssdm name="p_str"/></StgValue>
</bind>
</comp>

<comp id="28" class="1001" name="const_28">
<pin_list>
<pin id="29" dir="1" index="0" bw="1" slack="2147483647"/>
</pin_list>
<bind>
<StgValue><ssdm name=""/></StgValue>
</bind>
</comp>

<comp id="30" class="1001" name="const_30">
<pin_list>
<pin id="31" dir="1" index="0" bw="1" slack="2147483647"/>
</pin_list>
<bind>
<StgValue><ssdm name=""/></StgValue>
</bind>
</comp>

<comp id="32" class="1001" name="const_32">
<pin_list>
<pin id="33" dir="1" index="0" bw="1" slack="2147483647"/>
</pin_list>
<bind>
<StgValue><ssdm name="ScalarProp_str"/></StgValue>
</bind>
</comp>

<comp id="34" class="1001" name="const_34">
<pin_list>
<pin id="35" dir="1" index="0" bw="1" slack="2147483647"/>
</pin_list>
<bind>
<StgValue><ssdm name=""/></StgValue>
</bind>
</comp>

<comp id="36" class="1001" name="const_36">
<pin_list>
<pin id="37" dir="1" index="0" bw="1" slack="2147483647"/>
</pin_list>
<bind>
<StgValue><ssdm name="empty_7"/></StgValue>
</bind>
</comp>

<comp id="38" class="1001" name="const_38">
<pin_list>
<pin id="39" dir="1" index="0" bw="1" slack="2147483647"/>
</pin_list>
<bind>
<StgValue><ssdm name="empty_27"/></StgValue>
</bind>
</comp>

<comp id="40" class="1004" name="num_big_pkts_read_read_fu_40">
<pin_list>
<pin id="41" dir="0" index="0" bw="32" slack="0"/>
<pin id="42" dir="0" index="1" bw="32" slack="0"/>
<pin id="43" dir="1" index="2" bw="32" slack="0"/>
</pin_list>
<bind>
<opcode="read(1150) " fcode="read"/>
<opset="num_big_pkts_read/1 "/>
</bind>
</comp>

<comp id="46" class="1004" name="write_ln785_write_fu_46">
<pin_list>
<pin id="47" dir="0" index="0" bw="0" slack="0"/>
<pin id="48" dir="0" index="1" bw="32" slack="0"/>
<pin id="49" dir="0" index="2" bw="32" slack="0"/>
<pin id="50" dir="1" index="3" bw="0" slack="2147483647"/>
</pin_list>
<bind>
<opcode="write(1151) " fcode="write"/>
<opset="write_ln785/1 "/>
</bind>
</comp>

<comp id="54" class="1004" name="grp_stream2streamStepup_256u_512u_Pipeline_VITIS_LOOP_809_1_VITIS_LOOP_811_2_fu_54">
<pin_list>
<pin id="55" dir="0" index="0" bw="0" slack="0"/>
<pin id="56" dir="0" index="1" bw="33" slack="0"/>
<pin id="57" dir="0" index="2" bw="256" slack="0"/>
<pin id="58" dir="0" index="3" bw="512" slack="0"/>
<pin id="59" dir="1" index="4" bw="0" slack="2147483647"/>
</pin_list>
<bind>
<opcode="call(48) " fcode="call"/>
<opset="call_ln0/2 "/>
</bind>
</comp>

<comp id="63" class="1004" name="tmp_fu_63">
<pin_list>
<pin id="64" dir="0" index="0" bw="33" slack="0"/>
<pin id="65" dir="0" index="1" bw="32" slack="1"/>
<pin id="66" dir="0" index="2" bw="1" slack="0"/>
<pin id="67" dir="1" index="3" bw="33" slack="0"/>
</pin_list>
<bind>
<opcode="bitconcatenate(1004) " fcode="bitconcatenate"/>
<opset="tmp/2 "/>
</bind>
</comp>

<comp id="71" class="1005" name="num_big_pkts_read_reg_71">
<pin_list>
<pin id="72" dir="0" index="0" bw="32" slack="1"/>
<pin id="73" dir="1" index="1" bw="32" slack="1"/>
</pin_list>
<bind>
<opset="num_big_pkts_read "/>
</bind>
</comp>

<comp id="76" class="1005" name="tmp_reg_76">
<pin_list>
<pin id="77" dir="0" index="0" bw="33" slack="1"/>
<pin id="78" dir="1" index="1" bw="33" slack="1"/>
</pin_list>
<bind>
<opset="tmp "/>
</bind>
</comp>

</comp_list>

<net_list>
<net id="44"><net_src comp="8" pin="0"/><net_sink comp="40" pin=0"/></net>

<net id="45"><net_src comp="0" pin="0"/><net_sink comp="40" pin=1"/></net>

<net id="51"><net_src comp="10" pin="0"/><net_sink comp="46" pin=0"/></net>

<net id="52"><net_src comp="2" pin="0"/><net_sink comp="46" pin=1"/></net>

<net id="53"><net_src comp="40" pin="2"/><net_sink comp="46" pin=2"/></net>

<net id="60"><net_src comp="18" pin="0"/><net_sink comp="54" pin=0"/></net>

<net id="61"><net_src comp="4" pin="0"/><net_sink comp="54" pin=2"/></net>

<net id="62"><net_src comp="6" pin="0"/><net_sink comp="54" pin=3"/></net>

<net id="68"><net_src comp="12" pin="0"/><net_sink comp="63" pin=0"/></net>

<net id="69"><net_src comp="14" pin="0"/><net_sink comp="63" pin=2"/></net>

<net id="70"><net_src comp="63" pin="3"/><net_sink comp="54" pin=1"/></net>

<net id="74"><net_src comp="40" pin="2"/><net_sink comp="71" pin=0"/></net>

<net id="75"><net_src comp="71" pin="1"/><net_sink comp="63" pin=1"/></net>

<net id="79"><net_src comp="63" pin="3"/><net_sink comp="76" pin=0"/></net>

<net id="80"><net_src comp="76" pin="1"/><net_sink comp="54" pin=1"/></net>

</net_list>

</model> 
---------------- Datapath Model END ------------------

* FSMD analyzer results:
  - Output states:
	Port: p_read_c | {1 }
	Port: arg1_write_reduced_mem_strm | {}
	Port: arg1_write_mem_strm | {2 3 }
 - Input state : 
	Port: stream2streamStepup<256u, 512u> : num_big_pkts | {1 }
	Port: stream2streamStepup<256u, 512u> : arg1_write_reduced_mem_strm | {2 3 }
	Port: stream2streamStepup<256u, 512u> : arg1_write_mem_strm | {}
  - Chain level:
	State 1
	State 2
		call_ln0 : 1
	State 3


============================================================
+ Verbose Summary: Datapath Resource usage 
============================================================

* Functional unit list:
|----------|------------------------------------------------------------------------------------|---------|---------|
| Operation|                                   Functional Unit                                  |    FF   |   LUT   |
|----------|------------------------------------------------------------------------------------|---------|---------|
|   call   | grp_stream2streamStepup_256u_512u_Pipeline_VITIS_LOOP_809_1_VITIS_LOOP_811_2_fu_54 |   1881  |   2512  |
|----------|------------------------------------------------------------------------------------|---------|---------|
|   read   |                            num_big_pkts_read_read_fu_40                            |    0    |    0    |
|----------|------------------------------------------------------------------------------------|---------|---------|
|   write  |                               write_ln785_write_fu_46                              |    0    |    0    |
|----------|------------------------------------------------------------------------------------|---------|---------|
|bitconcatenate|                                      tmp_fu_63                                     |    0    |    0    |
|----------|------------------------------------------------------------------------------------|---------|---------|
|   Total  |                                                                                    |   1881  |   2512  |
|----------|------------------------------------------------------------------------------------|---------|---------|

Memories:
N/A

* Register list:
+------------------------+--------+
|                        |   FF   |
+------------------------+--------+
|num_big_pkts_read_reg_71|   32   |
|       tmp_reg_76       |   33   |
+------------------------+--------+
|          Total         |   65   |
+------------------------+--------+

* Multiplexer (MUX) list: 
|------------------------------------------------------------------------------------|------|------|------|--------||---------||---------|
|                                        Comp                                        |  Pin | Size |  BW  | S x BW ||  Delay  ||   LUT   |
|------------------------------------------------------------------------------------|------|------|------|--------||---------||---------|
| grp_stream2streamStepup_256u_512u_Pipeline_VITIS_LOOP_809_1_VITIS_LOOP_811_2_fu_54 |  p1  |   2  |  33  |   66   ||    32   |
|------------------------------------------------------------------------------------|------|------|------|--------||---------||---------|
|                                        Total                                       |      |      |      |   66   ||  0.409  ||    32   |
|------------------------------------------------------------------------------------|------|------|------|--------||---------||---------|



* Summary:
+-----------+--------+--------+--------+
|           |  Delay |   FF   |   LUT  |
+-----------+--------+--------+--------+
|  Function |    -   |  1881  |  2512  |
|   Memory  |    -   |    -   |    -   |
|Multiplexer|    0   |    -   |   32   |
|  Register |    -   |   65   |    -   |
+-----------+--------+--------+--------+
|   Total   |    0   |  1946  |  2544  |
+-----------+--------+--------+--------+
