

================================================================
== Vitis HLS Report for 'stream2axis_256u_Pipeline_VITIS_LOOP_956_1'
================================================================
* Date:           Sun Jul 26 01:22:45 2026

* Version:        2022.1 (Build 3526262 on Mon Apr 18 15:47:01 MDT 2022)
* Project:        datamover_outerloop_0
* Solution:       solution (Vitis Kernel Flow Target)
* Product family: versal
* Target device:  xcvc1902-vsvd1760-2MP-e-S


================================================================
== Performance Estimates
================================================================
+ Timing: 
    * Summary: 
    +--------+---------+----------+------------+
    |  Clock |  Target | Estimated| Uncertainty|
    +--------+---------+----------+------------+
    |ap_clk  |  3.33 ns|  1.361 ns|     0.90 ns|
    +--------+---------+----------+------------+

+ Latency: 
    * Summary: 
    +---------+---------+----------+----------+-----+-----+---------+
    |  Latency (cycles) |  Latency (absolute) |  Interval | Pipeline|
    |   min   |   max   |    min   |    max   | min | max |   Type  |
    +---------+---------+----------+----------+-----+-----+---------+
    |        ?|        ?|         ?|         ?|    ?|    ?|       no|
    +---------+---------+----------+----------+-----+-----+---------+

    + Detail: 
        * Instance: 
        N/A

        * Loop: 
        +--------------------+---------+---------+----------+-----------+-----------+------+----------+
        |                    |  Latency (cycles) | Iteration|  Initiation Interval  | Trip |          |
        |      Loop Name     |   min   |   max   |  Latency |  achieved |   target  | Count| Pipelined|
        +--------------------+---------+---------+----------+-----------+-----------+------+----------+
        |- VITIS_LOOP_956_1  |        ?|        ?|         2|          1|          1|     ?|       yes|
        +--------------------+---------+---------+----------+-----------+-----------+------+----------+

============================================================
+ Verbose Summary: Synthesis Manager
============================================================
InlineROM: 1
ExposeGlobal: 0
============================================================
+ Verbose Summary: CDFG Model
============================================================
IsTopModel: 0
ResetActiveHigh: 1
IsCombinational: 0
IsDatapathOnly: 0
HasWiredReturn: 1
HasMFsm: 2
HasVarLatency: 1
IsPipeline: 0
IsRtlPipelined: 0
IsInstanceOverlapped: 0
IsDontTouch: 0
HasImplIP: 0
IsGatedGlobalClock: 0

+ Individual pipeline summary: 
  * Pipeline-0: initiation interval (II) = 1, depth = 2


============================================================
+ Verbose Summary: Schedule
============================================================
* Number of FSM states : 2
* Pipeline : 1
  Pipeline-0 : II = 1, D = 2, States = { 1 2 }
* Dataflow Pipeline: 0

* FSM state transitions: 
1 --> 2 
2 --> 

* FSM state operations: 

State 1 <SV = 0> <Delay = 1.36>
ST_1 : Operation 5 [1/1] (0.00ns)   --->   "%itr = alloca i32 1"   --->   Operation 5 'alloca' 'itr' <Predicate = true> <Delay = 0.00>
ST_1 : Operation 6 [1/1] (0.00ns)   --->   "%specinterface_ln0 = specinterface void @_ssdm_op_SpecInterface, i1 %arg0_axis_out_V_last_V, i32 %arg0_axis_out_V_strb_V, i32 %arg0_axis_out_V_keep_V, i256 %arg0_axis_out_V_data_V, void @empty_21, i32 0, i32 0, void @empty_8, i32 0, i32 0, void @empty_27, void @empty_27, void @empty_27, i32 0, i32 0, i32 0, i32 0, void @empty_27, void @empty_27, i32 4294967295, i32 0"   --->   Operation 6 'specinterface' 'specinterface_ln0' <Predicate = true> <Delay = 0.00>
ST_1 : Operation 7 [1/1] (0.00ns)   --->   "%specinterface_ln0 = specinterface void @_ssdm_op_SpecInterface, i256 %arg0_read_reduced_mem_strm, void @empty_7, i32 0, i32 0, void @empty_27, i32 0, i32 0, void @empty_27, void @empty_27, void @empty_27, i32 0, i32 0, i32 0, i32 0, void @empty_27, void @empty_27, i32 4294967295, i32 0"   --->   Operation 7 'specinterface' 'specinterface_ln0' <Predicate = true> <Delay = 0.00>
ST_1 : Operation 8 [1/1] (0.00ns)   --->   "%pkts_load_read = read i32 @_ssdm_op_Read.ap_auto.i32, i32 %pkts_load"   --->   Operation 8 'read' 'pkts_load_read' <Predicate = true> <Delay = 0.00>
ST_1 : Operation 9 [1/1] (0.46ns)   --->   "%store_ln0 = store i32 0, i32 %itr"   --->   Operation 9 'store' 'store_ln0' <Predicate = true> <Delay = 0.46>
ST_1 : Operation 10 [1/1] (0.00ns)   --->   "%br_ln0 = br void %for.inc.i"   --->   Operation 10 'br' 'br_ln0' <Predicate = true> <Delay = 0.00>
ST_1 : Operation 11 [1/1] (0.00ns)   --->   "%itr_1 = load i32 %itr" [/home/x_thileeb/repos/ops-hls-pact25-artifact/OPS/ops/hls/include/device/../../L1/include/ops_hls_datamover.hpp:956]   --->   Operation 11 'load' 'itr_1' <Predicate = true> <Delay = 0.00>
ST_1 : Operation 12 [1/1] (0.89ns)   --->   "%itr_2 = add i32 %itr_1, i32 1" [/home/x_thileeb/repos/ops-hls-pact25-artifact/OPS/ops/hls/include/device/../../L1/include/ops_hls_datamover.hpp:956]   --->   Operation 12 'add' 'itr_2' <Predicate = true> <Delay = 0.89> <CoreInst = "Adder">   --->   Core 1 'Adder' <Latency = 0> <II = 1> <Delay = 0.89> <FuncUnit> <Opcode : 'add' 'sub'> <InPorts = 2> <OutPorts = 1>
ST_1 : Operation 13 [1/1] (0.70ns)   --->   "%icmp_ln956 = icmp_eq  i32 %itr_1, i32 %pkts_load_read" [/home/x_thileeb/repos/ops-hls-pact25-artifact/OPS/ops/hls/include/device/../../L1/include/ops_hls_datamover.hpp:956]   --->   Operation 13 'icmp' 'icmp_ln956' <Predicate = true> <Delay = 0.70> <CoreInst = "Cmp">   --->   Core 9 'Cmp' <Latency = 0> <II = 1> <Delay = 0.70> <FuncUnit> <Opcode : 'icmp'> <InPorts = 2> <OutPorts = 1>
ST_1 : Operation 14 [1/1] (0.00ns)   --->   "%br_ln956 = br i1 %icmp_ln956, void %for.inc.split.i, void %stream2axis<256u>.exit.exitStub" [/home/x_thileeb/repos/ops-hls-pact25-artifact/OPS/ops/hls/include/device/../../L1/include/ops_hls_datamover.hpp:956]   --->   Operation 14 'br' 'br_ln956' <Predicate = true> <Delay = 0.00>
ST_1 : Operation 15 [1/1] (0.46ns)   --->   "%store_ln956 = store i32 %itr_2, i32 %itr" [/home/x_thileeb/repos/ops-hls-pact25-artifact/OPS/ops/hls/include/device/../../L1/include/ops_hls_datamover.hpp:956]   --->   Operation 15 'store' 'store_ln956' <Predicate = (!icmp_ln956)> <Delay = 0.46>
ST_1 : Operation 21 [1/1] (0.00ns)   --->   "%ret_ln0 = ret"   --->   Operation 21 'ret' 'ret_ln0' <Predicate = (icmp_ln956)> <Delay = 0.00>

State 2 <SV = 1> <Delay = 0.86>
ST_2 : Operation 16 [1/1] (0.00ns)   --->   "%specpipeline_ln957 = specpipeline void @_ssdm_op_SpecPipeline, i32 1, i32 0, i32 0, i32 0, void @empty_27" [/home/x_thileeb/repos/ops-hls-pact25-artifact/OPS/ops/hls/include/device/../../L1/include/ops_hls_datamover.hpp:957]   --->   Operation 16 'specpipeline' 'specpipeline_ln957' <Predicate = true> <Delay = 0.00>
ST_2 : Operation 17 [1/1] (0.00ns)   --->   "%specloopname_ln956 = specloopname void @_ssdm_op_SpecLoopName, void @empty_3" [/home/x_thileeb/repos/ops-hls-pact25-artifact/OPS/ops/hls/include/device/../../L1/include/ops_hls_datamover.hpp:956]   --->   Operation 17 'specloopname' 'specloopname_ln956' <Predicate = true> <Delay = 0.00>
ST_2 : Operation 18 [1/1] (0.86ns)   --->   "%tmp = read i256 @_ssdm_op_Read.ap_fifo.volatile.i256P0A, i256 %arg0_read_reduced_mem_strm" [/tools/Xilinx/Vitis_HLS/2022.1/common/technology/autopilot/hls_stream_39.h:145]   --->   Operation 18 'read' 'tmp' <Predicate = true> <Delay = 0.86> <CoreInst = "FIFO_SRL">   --->   Core 85 'FIFO_SRL' <Latency = 0> <II = 1> <Delay = 0.86> <Storage> <Opcode : 'read' 'write' 'nbread' 'nbwrite'> <Ports = 0> <Width = 256> <Depth = 2> <FIFO>
ST_2 : Operation 19 [1/1] (0.00ns)   --->   "%write_ln304 = write void @_ssdm_op_Write.axis.volatile.i256P0A.i32P0A.i32P0A.i1P0A, i256 %arg0_axis_out_V_data_V, i32 %arg0_axis_out_V_keep_V, i32 %arg0_axis_out_V_strb_V, i1 %arg0_axis_out_V_last_V, i256 %tmp, i32 0, i32 0, i1 0"   --->   Operation 19 'write' 'write_ln304' <Predicate = true> <Delay = 0.00> <CoreInst = "axis">   --->   Core 127 'axis' <Latency = 0> <II = 1> <Delay = 1.00> <Adapter> <Opcode : >
ST_2 : Operation 20 [1/1] (0.00ns)   --->   "%br_ln956 = br void %for.inc.i" [/home/x_thileeb/repos/ops-hls-pact25-artifact/OPS/ops/hls/include/device/../../L1/include/ops_hls_datamover.hpp:956]   --->   Operation 20 'br' 'br_ln956' <Predicate = true> <Delay = 0.00>


============================================================
+ Verbose Summary: Binding
============================================================
STG Binding: 
---------------- STG Properties BEGIN ----------------
- Is combinational: 0
- Is one-state seq: 0
- Is datapath-only: 0
- Is pipelined: 0
- Is top level: 0
Port [ Return ] is wired: 1; IO mode=ap_ctrl_hs:ce=0
Port [ pkts_load]:  wired=1; compound=0; hidden=0; nouse=0; global=0; static=0; extern=0; dir=0; type=0; pingpong=0; private_global=0; IO mode=ap_none:ce=0
Port [ arg0_axis_out_V_data_V]:  wired=1; compound=1; hidden=0; nouse=0; global=0; static=0; extern=0; dir=1; type=0; pingpong=0; private_global=0; IO mode=axis:ce=0
Port [ arg0_axis_out_V_keep_V]:  wired=1; compound=1; hidden=0; nouse=0; global=0; static=0; extern=0; dir=1; type=0; pingpong=0; private_global=0; IO mode=axis:ce=0
Port [ arg0_axis_out_V_strb_V]:  wired=1; compound=1; hidden=0; nouse=0; global=0; static=0; extern=0; dir=1; type=0; pingpong=0; private_global=0; IO mode=axis:ce=0
Port [ arg0_axis_out_V_last_V]:  wired=1; compound=1; hidden=0; nouse=0; global=0; static=0; extern=0; dir=1; type=0; pingpong=0; private_global=0; IO mode=axis:ce=0
Port [ arg0_read_reduced_mem_strm]:  wired=1; compound=1; hidden=0; nouse=0; global=1; static=1; extern=0; dir=0; type=3; pingpong=0; private_global=0; IO mode=ap_fifo:ce=0
---------------- STG Properties END ------------------

---------------- Datapath Model BEGIN ----------------

<LifeTime>
<method=bitvector/>
itr                (alloca       ) [ 010]
specinterface_ln0  (specinterface) [ 000]
specinterface_ln0  (specinterface) [ 000]
pkts_load_read     (read         ) [ 000]
store_ln0          (store        ) [ 000]
br_ln0             (br           ) [ 000]
itr_1              (load         ) [ 000]
itr_2              (add          ) [ 000]
icmp_ln956         (icmp         ) [ 010]
br_ln956           (br           ) [ 000]
store_ln956        (store        ) [ 000]
specpipeline_ln957 (specpipeline ) [ 000]
specloopname_ln956 (specloopname ) [ 000]
tmp                (read         ) [ 000]
write_ln304        (write        ) [ 000]
br_ln956           (br           ) [ 000]
ret_ln0            (ret          ) [ 000]
</LifeTime>

<model>

<comp_list>
<comp id="0" class="1000" name="pkts_load">
<pin_list>
<pin id="1" dir="1" index="0" bw="1" slack="0"/>
</pin_list>
<bind>
<StgValue><ssdm name="pkts_load"/></StgValue>
</bind>
</comp>

<comp id="2" class="1000" name="arg0_axis_out_V_data_V">
<pin_list>
<pin id="3" dir="1" index="0" bw="1" slack="0"/>
</pin_list>
<bind>
<StgValue><ssdm name="arg0_axis_out_V_data_V"/></StgValue>
</bind>
</comp>

<comp id="4" class="1000" name="arg0_axis_out_V_keep_V">
<pin_list>
<pin id="5" dir="1" index="0" bw="1" slack="0"/>
</pin_list>
<bind>
<StgValue><ssdm name="arg0_axis_out_V_keep_V"/></StgValue>
</bind>
</comp>

<comp id="6" class="1000" name="arg0_axis_out_V_strb_V">
<pin_list>
<pin id="7" dir="1" index="0" bw="1" slack="0"/>
</pin_list>
<bind>
<StgValue><ssdm name="arg0_axis_out_V_strb_V"/></StgValue>
</bind>
</comp>

<comp id="8" class="1000" name="arg0_axis_out_V_last_V">
<pin_list>
<pin id="9" dir="1" index="0" bw="1" slack="0"/>
</pin_list>
<bind>
<StgValue><ssdm name="arg0_axis_out_V_last_V"/></StgValue>
</bind>
</comp>

<comp id="10" class="1000" name="arg0_read_reduced_mem_strm">
<pin_list>
<pin id="11" dir="1" index="0" bw="1" slack="0"/>
</pin_list>
<bind>
<StgValue><ssdm name="arg0_read_reduced_mem_strm"/></StgValue>
</bind>
</comp>

<comp id="12" class="1001" name="const_12">
<pin_list>
<pin id="13" dir="1" index="0" bw="1" slack="0"/>
</pin_list>
<bind>
<StgValue><ssdm name=""/></StgValue>
</bind>
</comp>

<comp id="14" class="1001" name="const_14">
<pin_list>
<pin id="15" dir="1" index="0" bw="1" slack="2147483647"/>
</pin_list>
<bind>
<StgValue><ssdm name="_ssdm_op_SpecInterface"/></StgValue>
</bind>
</comp>

<comp id="16" class="1001" name="const_16">
<pin_list>
<pin id="17" dir="1" index="0" bw="1" slack="2147483647"/>
</pin_list>
<bind>
<StgValue><ssdm name="empty_21"/></StgValue>
</bind>
</comp>

<comp id="18" class="1001" name="const_18">
<pin_list>
<pin id="19" dir="1" index="0" bw="1" slack="0"/>
</pin_list>
<bind>
<StgValue><ssdm name=""/></StgValue>
</bind>
</comp>

<comp id="20" class="1001" name="const_20">
<pin_list>
<pin id="21" dir="1" index="0" bw="1" slack="2147483647"/>
</pin_list>
<bind>
<StgValue><ssdm name="empty_8"/></StgValue>
</bind>
</comp>

<comp id="22" class="1001" name="const_22">
<pin_list>
<pin id="23" dir="1" index="0" bw="1" slack="2147483647"/>
</pin_list>
<bind>
<StgValue><ssdm name="empty_27"/></StgValue>
</bind>
</comp>

<comp id="24" class="1001" name="const_24">
<pin_list>
<pin id="25" dir="1" index="0" bw="1" slack="2147483647"/>
</pin_list>
<bind>
<StgValue><ssdm name=""/></StgValue>
</bind>
</comp>

<comp id="26" class="1001" name="const_26">
<pin_list>
<pin id="27" dir="1" index="0" bw="1" slack="2147483647"/>
</pin_list>
<bind>
<StgValue><ssdm name="empty_7"/></StgValue>
</bind>
</comp>

<comp id="28" class="1001" name="const_28">
<pin_list>
<pin id="29" dir="1" index="0" bw="1" slack="0"/>
</pin_list>
<bind>
<StgValue><ssdm name="_ssdm_op_Read.ap_auto.i32"/></StgValue>
</bind>
</comp>

<comp id="30" class="1001" name="const_30">
<pin_list>
<pin id="31" dir="1" index="0" bw="1" slack="2147483647"/>
</pin_list>
<bind>
<StgValue><ssdm name="_ssdm_op_SpecPipeline"/></StgValue>
</bind>
</comp>

<comp id="32" class="1001" name="const_32">
<pin_list>
<pin id="33" dir="1" index="0" bw="1" slack="2147483647"/>
</pin_list>
<bind>
<StgValue><ssdm name="_ssdm_op_SpecLoopName"/></StgValue>
</bind>
</comp>

<comp id="34" class="1001" name="const_34">
<pin_list>
<pin id="35" dir="1" index="0" bw="1" slack="2147483647"/>
</pin_list>
<bind>
<StgValue><ssdm name="empty_3"/></StgValue>
</bind>
</comp>

<comp id="36" class="1001" name="const_36">
<pin_list>
<pin id="37" dir="1" index="0" bw="1" slack="0"/>
</pin_list>
<bind>
<StgValue><ssdm name="_ssdm_op_Read.ap_fifo.volatile.i256P0A"/></StgValue>
</bind>
</comp>

<comp id="38" class="1001" name="const_38">
<pin_list>
<pin id="39" dir="1" index="0" bw="1" slack="0"/>
</pin_list>
<bind>
<StgValue><ssdm name="_ssdm_op_Write.axis.volatile.i256P0A.i32P0A.i32P0A.i1P0A"/></StgValue>
</bind>
</comp>

<comp id="40" class="1001" name="const_40">
<pin_list>
<pin id="41" dir="1" index="0" bw="1" slack="0"/>
</pin_list>
<bind>
<StgValue><ssdm name=""/></StgValue>
</bind>
</comp>

<comp id="42" class="1001" name="const_42">
<pin_list>
<pin id="43" dir="1" index="0" bw="1" slack="0"/>
</pin_list>
<bind>
<StgValue><ssdm name=""/></StgValue>
</bind>
</comp>

<comp id="44" class="1004" name="itr_fu_44">
<pin_list>
<pin id="45" dir="0" index="0" bw="1" slack="0"/>
<pin id="46" dir="1" index="1" bw="32" slack="0"/>
</pin_list>
<bind>
<opcode="alloca(26) " fcode="alloca"/>
<opset="itr/1 "/>
</bind>
</comp>

<comp id="48" class="1004" name="pkts_load_read_read_fu_48">
<pin_list>
<pin id="49" dir="0" index="0" bw="32" slack="0"/>
<pin id="50" dir="0" index="1" bw="32" slack="0"/>
<pin id="51" dir="1" index="2" bw="32" slack="0"/>
</pin_list>
<bind>
<opcode="read(1150) " fcode="read"/>
<opset="pkts_load_read/1 "/>
</bind>
</comp>

<comp id="54" class="1004" name="tmp_read_fu_54">
<pin_list>
<pin id="55" dir="0" index="0" bw="256" slack="0"/>
<pin id="56" dir="0" index="1" bw="256" slack="0"/>
<pin id="57" dir="1" index="2" bw="256" slack="0"/>
</pin_list>
<bind>
<opcode="read(1150) " fcode="read"/>
<opset="tmp/2 "/>
</bind>
</comp>

<comp id="60" class="1004" name="write_ln304_write_fu_60">
<pin_list>
<pin id="61" dir="0" index="0" bw="0" slack="0"/>
<pin id="62" dir="0" index="1" bw="256" slack="0"/>
<pin id="63" dir="0" index="2" bw="32" slack="0"/>
<pin id="64" dir="0" index="3" bw="32" slack="0"/>
<pin id="65" dir="0" index="4" bw="1" slack="0"/>
<pin id="66" dir="0" index="5" bw="256" slack="0"/>
<pin id="67" dir="0" index="6" bw="1" slack="0"/>
<pin id="68" dir="0" index="7" bw="1" slack="0"/>
<pin id="69" dir="0" index="8" bw="1" slack="0"/>
<pin id="70" dir="1" index="9" bw="0" slack="2147483647"/>
</pin_list>
<bind>
<opcode="write(1151) " fcode="write"/>
<opset="write_ln304/2 "/>
</bind>
</comp>

<comp id="80" class="1004" name="store_ln0_store_fu_80">
<pin_list>
<pin id="81" dir="0" index="0" bw="1" slack="0"/>
<pin id="82" dir="0" index="1" bw="32" slack="0"/>
<pin id="83" dir="1" index="2" bw="0" slack="2147483647"/>
</pin_list>
<bind>
<opcode="store(28) " fcode="store"/>
<opset="store_ln0/1 "/>
</bind>
</comp>

<comp id="85" class="1004" name="itr_1_load_fu_85">
<pin_list>
<pin id="86" dir="0" index="0" bw="32" slack="0"/>
<pin id="87" dir="1" index="1" bw="32" slack="0"/>
</pin_list>
<bind>
<opcode="load(27) " fcode="load"/>
<opset="itr_1/1 "/>
</bind>
</comp>

<comp id="88" class="1004" name="itr_2_fu_88">
<pin_list>
<pin id="89" dir="0" index="0" bw="32" slack="0"/>
<pin id="90" dir="0" index="1" bw="1" slack="0"/>
<pin id="91" dir="1" index="2" bw="32" slack="0"/>
</pin_list>
<bind>
<opcode="add(8) " fcode="add"/>
<opset="itr_2/1 "/>
</bind>
</comp>

<comp id="94" class="1004" name="icmp_ln956_fu_94">
<pin_list>
<pin id="95" dir="0" index="0" bw="32" slack="0"/>
<pin id="96" dir="0" index="1" bw="32" slack="0"/>
<pin id="97" dir="1" index="2" bw="1" slack="2147483647"/>
</pin_list>
<bind>
<opcode="icmp(45) " fcode="icmp"/>
<opset="icmp_ln956/1 "/>
</bind>
</comp>

<comp id="100" class="1004" name="store_ln956_store_fu_100">
<pin_list>
<pin id="101" dir="0" index="0" bw="32" slack="0"/>
<pin id="102" dir="0" index="1" bw="32" slack="0"/>
<pin id="103" dir="1" index="2" bw="0" slack="2147483647"/>
</pin_list>
<bind>
<opcode="store(28) " fcode="store"/>
<opset="store_ln956/1 "/>
</bind>
</comp>

<comp id="105" class="1005" name="itr_reg_105">
<pin_list>
<pin id="106" dir="0" index="0" bw="32" slack="0"/>
<pin id="107" dir="1" index="1" bw="32" slack="0"/>
</pin_list>
<bind>
<opset="itr "/>
</bind>
</comp>

</comp_list>

<net_list>
<net id="47"><net_src comp="12" pin="0"/><net_sink comp="44" pin=0"/></net>

<net id="52"><net_src comp="28" pin="0"/><net_sink comp="48" pin=0"/></net>

<net id="53"><net_src comp="0" pin="0"/><net_sink comp="48" pin=1"/></net>

<net id="58"><net_src comp="36" pin="0"/><net_sink comp="54" pin=0"/></net>

<net id="59"><net_src comp="10" pin="0"/><net_sink comp="54" pin=1"/></net>

<net id="71"><net_src comp="38" pin="0"/><net_sink comp="60" pin=0"/></net>

<net id="72"><net_src comp="2" pin="0"/><net_sink comp="60" pin=1"/></net>

<net id="73"><net_src comp="4" pin="0"/><net_sink comp="60" pin=2"/></net>

<net id="74"><net_src comp="6" pin="0"/><net_sink comp="60" pin=3"/></net>

<net id="75"><net_src comp="8" pin="0"/><net_sink comp="60" pin=4"/></net>

<net id="76"><net_src comp="54" pin="2"/><net_sink comp="60" pin=5"/></net>

<net id="77"><net_src comp="40" pin="0"/><net_sink comp="60" pin=6"/></net>

<net id="78"><net_src comp="40" pin="0"/><net_sink comp="60" pin=7"/></net>

<net id="79"><net_src comp="42" pin="0"/><net_sink comp="60" pin=8"/></net>

<net id="84"><net_src comp="18" pin="0"/><net_sink comp="80" pin=0"/></net>

<net id="92"><net_src comp="85" pin="1"/><net_sink comp="88" pin=0"/></net>

<net id="93"><net_src comp="12" pin="0"/><net_sink comp="88" pin=1"/></net>

<net id="98"><net_src comp="85" pin="1"/><net_sink comp="94" pin=0"/></net>

<net id="99"><net_src comp="48" pin="2"/><net_sink comp="94" pin=1"/></net>

<net id="104"><net_src comp="88" pin="2"/><net_sink comp="100" pin=0"/></net>

<net id="108"><net_src comp="44" pin="1"/><net_sink comp="105" pin=0"/></net>

<net id="109"><net_src comp="105" pin="1"/><net_sink comp="80" pin=1"/></net>

<net id="110"><net_src comp="105" pin="1"/><net_sink comp="85" pin=0"/></net>

<net id="111"><net_src comp="105" pin="1"/><net_sink comp="100" pin=1"/></net>

</net_list>

</model> 
---------------- Datapath Model END ------------------

* FSMD analyzer results:
  - Output states:
	Port: arg0_axis_out_V_data_V | {2 }
	Port: arg0_axis_out_V_keep_V | {2 }
	Port: arg0_axis_out_V_strb_V | {2 }
	Port: arg0_axis_out_V_last_V | {2 }
 - Input state : 
	Port: stream2axis<256u>_Pipeline_VITIS_LOOP_956_1 : pkts_load | {1 }
	Port: stream2axis<256u>_Pipeline_VITIS_LOOP_956_1 : arg0_read_reduced_mem_strm | {2 }
  - Chain level:
	State 1
		store_ln0 : 1
		itr_1 : 1
		itr_2 : 2
		icmp_ln956 : 2
		br_ln956 : 3
		store_ln956 : 3
	State 2


============================================================
+ Verbose Summary: Datapath Resource usage 
============================================================

* Functional unit list:
|----------|---------------------------|---------|---------|
| Operation|      Functional Unit      |    FF   |   LUT   |
|----------|---------------------------|---------|---------|
|    add   |        itr_2_fu_88        |    0    |    32   |
|----------|---------------------------|---------|---------|
|   icmp   |      icmp_ln956_fu_94     |    0    |    16   |
|----------|---------------------------|---------|---------|
|   read   | pkts_load_read_read_fu_48 |    0    |    0    |
|          |       tmp_read_fu_54      |    0    |    0    |
|----------|---------------------------|---------|---------|
|   write  |  write_ln304_write_fu_60  |    0    |    0    |
|----------|---------------------------|---------|---------|
|   Total  |                           |    0    |    48   |
|----------|---------------------------|---------|---------|

Memories:
N/A

* Register list:
+-----------+--------+
|           |   FF   |
+-----------+--------+
|itr_reg_105|   32   |
+-----------+--------+
|   Total   |   32   |
+-----------+--------+

* Multiplexer (MUX) list: 
|--------|------|------|------|--------|
|  Comp  |  Pin | Size |  BW  | S x BW |
|--------|------|------|------|--------|
|  Total |      |      |      |    0   |
|--------|------|------|------|--------|



* Summary:
+-----------+--------+--------+
|           |   FF   |   LUT  |
+-----------+--------+--------+
|  Function |    0   |   48   |
|   Memory  |    -   |    -   |
|Multiplexer|    -   |    -   |
|  Register |   32   |    -   |
+-----------+--------+--------+
|   Total   |   32   |   48   |
+-----------+--------+--------+
