
*** Running vivado
    with args -log ulp_inst_0_plram_ctrl_0.vds -m64 -product Vivado -mode batch -messageDb vivado.pb -notrace -source ulp_inst_0_plram_ctrl_0.tcl


****** Vivado v2022.1 (64-bit)
  **** SW Build 3526262 on Mon Apr 18 15:47:01 MDT 2022
  **** IP Build 3524634 on Mon Apr 18 20:55:01 MDT 2022
    ** Copyright 1986-2022 Xilinx, Inc. All Rights Reserved.

source ulp_inst_0_plram_ctrl_0.tcl -notrace
INFO: Dispatch client connection id - 42837
create_project: Time (s): cpu = 00:00:05 ; elapsed = 00:00:05 . Memory (MB): peak = 2901.195 ; gain = 0.027 ; free physical = 146553 ; free virtual = 481024
INFO: [IP_Flow 19-234] Refreshing IP repositories
INFO: [IP_Flow 19-1700] Loaded user IP repository '/home/x_thileeb/repos/ops-hls-pact25-artifact/codegen_apps/jacobian3d/vck5000_project/hls/build/hw/temp_dir/link/link/int/xo/ip_repo/xilinx_com_hls_kernel_outerloop_0_1_0'.
INFO: [IP_Flow 19-1700] Loaded user IP repository '/home/x_thileeb/repos/ops-hls-pact25-artifact/codegen_apps/jacobian3d/vck5000_project/hls/build/hw/temp_dir/link/link/int/xo/ip_repo/xilinx_com_hls_datamover_outerloop_0_1_0'.
INFO: [IP_Flow 19-1700] Loaded user IP repository '/home/x_thileeb/repos/ops-hls-pact25-artifact/codegen_apps/jacobian3d/vck5000_project/hls/build/hw/temp_dir/link/link/vivado/vpl/.local/hw_platform/iprepo'.
INFO: [IP_Flow 19-1700] Loaded user IP repository '/home/x_thileeb/repos/ops-hls-pact25-artifact/codegen_apps/jacobian3d/vck5000_project/hls/build/hw/temp_dir/link/link/vivado/vpl/.local/hw_platform/ipcache'.
INFO: [IP_Flow 19-1700] Loaded user IP repository '/tools/Xilinx/Vitis/2022.1/data/ip'.
INFO: [IP_Flow 19-2313] Loaded Vivado IP repository '/tools/Xilinx/Vivado/2022.1/data/ip'.
WARNING: [IP_Flow 19-1663] Duplicate IP found for 'xilinx.com:ip:axi_fifo_register:3.0'. The one found in IP location '/home/x_thileeb/repos/ops-hls-pact25-artifact/codegen_apps/jacobian3d/vck5000_project/hls/build/hw/temp_dir/link/link/vivado/vpl/.local/hw_platform/iprepo/xilinx/axi_fifo_register_v3_0' will take precedence over the same IP in location /tools/Xilinx/Vitis/2022.1/data/ip/xilinx/axi_fifo_register_v3_0
WARNING: [IP_Flow 19-1663] Duplicate IP found for 'xilinx.com:ip:Event_Pulse:1.0'. The one found in IP location '/home/x_thileeb/repos/ops-hls-pact25-artifact/codegen_apps/jacobian3d/vck5000_project/hls/build/hw/temp_dir/link/link/vivado/vpl/.local/hw_platform/iprepo/xilinx/event_pulse_v1_0' will take precedence over the same IP in location /tools/Xilinx/Vitis/2022.1/data/ip/xilinx/event_pulse_v1_0
WARNING: [IP_Flow 19-1663] Duplicate IP found for 'xilinx.com:ip:axis_ic2sgdma:1.0'. The one found in IP location '/home/x_thileeb/repos/ops-hls-pact25-artifact/codegen_apps/jacobian3d/vck5000_project/hls/build/hw/temp_dir/link/link/vivado/vpl/.local/hw_platform/iprepo/xilinx/axis_ic2sgdma_v1_0' will take precedence over the same IP in location /tools/Xilinx/Vitis/2022.1/data/ip/xilinx/axis_ic2sgdma_v1_0
WARNING: [IP_Flow 19-1663] Duplicate IP found for 'xilinx.com:ip:maxis_tieoff_v1_0:1.0'. The one found in IP location '/home/x_thileeb/repos/ops-hls-pact25-artifact/codegen_apps/jacobian3d/vck5000_project/hls/build/hw/temp_dir/link/link/vivado/vpl/.local/hw_platform/iprepo/xilinx/maxis_tieoff_v1_0' will take precedence over the same IP in location /tools/Xilinx/Vitis/2022.1/data/ip/xilinx/maxis_tieoff_v1_0
WARNING: [IP_Flow 19-1663] Duplicate IP found for 'xilinx.com:ip:xrt_queue:1.1'. The one found in IP location '/home/x_thileeb/repos/ops-hls-pact25-artifact/codegen_apps/jacobian3d/vck5000_project/hls/build/hw/temp_dir/link/link/vivado/vpl/.local/hw_platform/iprepo/xilinx/xrt_queue_v1_1' will take precedence over the same IP in location /tools/Xilinx/Vitis/2022.1/data/ip/xilinx/xrt_queue_v1_1
WARNING: [IP_Flow 19-1663] Duplicate IP found for 'xilinx.com:ip:sds_lib:1.0'. The one found in IP location '/home/x_thileeb/repos/ops-hls-pact25-artifact/codegen_apps/jacobian3d/vck5000_project/hls/build/hw/temp_dir/link/link/vivado/vpl/.local/hw_platform/iprepo/xilinx/sds_lib' will take precedence over the same IP in location /tools/Xilinx/Vitis/2022.1/data/ip/xilinx/sds_lib
WARNING: [IP_Flow 19-1663] Duplicate IP found for 'xilinx.com:ip:stream_gate:1.0'. The one found in IP location '/home/x_thileeb/repos/ops-hls-pact25-artifact/codegen_apps/jacobian3d/vck5000_project/hls/build/hw/temp_dir/link/link/vivado/vpl/.local/hw_platform/iprepo/xilinx/stream_gate_v1_0' will take precedence over the same IP in location /tools/Xilinx/Vitis/2022.1/data/ip/xilinx/stream_gate_v1_0
WARNING: [IP_Flow 19-1663] Duplicate IP found for 'xilinx.com:ip:aximm_tieoff_v1_0:1.0'. The one found in IP location '/home/x_thileeb/repos/ops-hls-pact25-artifact/codegen_apps/jacobian3d/vck5000_project/hls/build/hw/temp_dir/link/link/vivado/vpl/.local/hw_platform/iprepo/xilinx/aximm_tieoff_v1_0' will take precedence over the same IP in location /tools/Xilinx/Vitis/2022.1/data/ip/xilinx/aximm_tieoff_v1_0
WARNING: [IP_Flow 19-1663] Duplicate IP found for 'xilinx.com:sds:sds_mem_sink:1.0'. The one found in IP location '/home/x_thileeb/repos/ops-hls-pact25-artifact/codegen_apps/jacobian3d/vck5000_project/hls/build/hw/temp_dir/link/link/vivado/vpl/.local/hw_platform/iprepo/xilinx/sds_mem_sink' will take precedence over the same IP in location /tools/Xilinx/Vitis/2022.1/data/ip/xilinx/sds_mem_sink
WARNING: [IP_Flow 19-1663] Duplicate IP found for 'xilinx.com:ip:ovld_reg:1.0'. The one found in IP location '/home/x_thileeb/repos/ops-hls-pact25-artifact/codegen_apps/jacobian3d/vck5000_project/hls/build/hw/temp_dir/link/link/vivado/vpl/.local/hw_platform/iprepo/xilinx/ovld_reg_v1_0' will take precedence over the same IP in location /tools/Xilinx/Vitis/2022.1/data/ip/xilinx/ovld_reg_v1_0
WARNING: [IP_Flow 19-1663] Duplicate IP found for 'xilinx.com:ip:saxis_tieoff_v1_0:1.0'. The one found in IP location '/home/x_thileeb/repos/ops-hls-pact25-artifact/codegen_apps/jacobian3d/vck5000_project/hls/build/hw/temp_dir/link/link/vivado/vpl/.local/hw_platform/iprepo/xilinx/saxis_tieoff_v1_0' will take precedence over the same IP in location /tools/Xilinx/Vitis/2022.1/data/ip/xilinx/saxis_tieoff_v1_0
WARNING: [IP_Flow 19-1663] Duplicate IP found for 'xilinx.com:ip:sgdma2axis_ic:1.0'. The one found in IP location '/home/x_thileeb/repos/ops-hls-pact25-artifact/codegen_apps/jacobian3d/vck5000_project/hls/build/hw/temp_dir/link/link/vivado/vpl/.local/hw_platform/iprepo/xilinx/sgdma2axis_ic_v1_0' will take precedence over the same IP in location /tools/Xilinx/Vitis/2022.1/data/ip/xilinx/sgdma2axis_ic_v1_0
WARNING: [IP_Flow 19-1663] Duplicate IP found for 'xilinx.com:sds:sds_mem_source:1.0'. The one found in IP location '/home/x_thileeb/repos/ops-hls-pact25-artifact/codegen_apps/jacobian3d/vck5000_project/hls/build/hw/temp_dir/link/link/vivado/vpl/.local/hw_platform/iprepo/xilinx/sds_mem_source' will take precedence over the same IP in location /tools/Xilinx/Vitis/2022.1/data/ip/xilinx/sds_mem_source
WARNING: [IP_Flow 19-1663] Duplicate IP found for 'xilinx.com:ip:xrt_queue:1.0'. The one found in IP location '/home/x_thileeb/repos/ops-hls-pact25-artifact/codegen_apps/jacobian3d/vck5000_project/hls/build/hw/temp_dir/link/link/vivado/vpl/.local/hw_platform/iprepo/xilinx/xrt_queue_v1_0' will take precedence over the same IP in location /tools/Xilinx/Vitis/2022.1/data/ip/xilinx/xrt_queue_v1_0
WARNING: [IP_Flow 19-1663] Duplicate IP found for 'xilinx.com:ip:adapter_v3_0:1.0'. The one found in IP location '/home/x_thileeb/repos/ops-hls-pact25-artifact/codegen_apps/jacobian3d/vck5000_project/hls/build/hw/temp_dir/link/link/vivado/vpl/.local/hw_platform/iprepo/xilinx/adapter_v3_0' will take precedence over the same IP in location /tools/Xilinx/Vitis/2022.1/data/ip/xilinx/adapter_v3_0
WARNING: [IP_Flow 19-1663] Duplicate IP found for 'xilinx.com:hls:Data_Mover_XIP:1.0'. The one found in IP location '/home/x_thileeb/repos/ops-hls-pact25-artifact/codegen_apps/jacobian3d/vck5000_project/hls/build/hw/temp_dir/link/link/vivado/vpl/.local/hw_platform/iprepo/xilinx/data_mover' will take precedence over the same IP in location /tools/Xilinx/Vitis/2022.1/data/ip/xilinx/data_mover
WARNING: [IP_Flow 19-1663] Duplicate IP found for 'xilinx.com:hls:aie_trace_s2mm:1.0'. The one found in IP location '/home/x_thileeb/repos/ops-hls-pact25-artifact/codegen_apps/jacobian3d/vck5000_project/hls/build/hw/temp_dir/link/link/vivado/vpl/.local/hw_platform/iprepo/xilinx/aie_trace_s2mm_v1_0' will take precedence over the same IP in location /tools/Xilinx/Vitis/2022.1/data/ip/xilinx/aie_trace_s2mm_v1_0
Command: synth_design -top ulp_inst_0_plram_ctrl_0 -part xcvc1902-vsvd1760-2MP-e-S -incremental_mode off -mode out_of_context
Starting synth_design
Attempting to get a license for feature 'Synthesis' and/or device 'xcvc1902'
INFO: [Common 17-349] Got license for feature 'Synthesis' and/or device 'xcvc1902'
INFO: [Device 21-403] Loading part xcvc1902-vsvd1760-2MP-e-S
INFO: [Synth 8-7079] Multithreading enabled for synth_design using a maximum of 1 processes.
INFO: [Synth 8-7078] Launching helper process for spawning children vivado processes
INFO: [Synth 8-7075] Helper process launched with PID 1959496
WARNING: [Synth 8-9501] generate block is allowed only inside loop and conditional generate in SystemVerilog mode [/tools/Xilinx/Vivado/2022.1/data/ip/xpm/xpm_fifo/hdl/xpm_fifo.sv:4023]
---------------------------------------------------------------------------------
Starting RTL Elaboration : Time (s): cpu = 00:00:05 ; elapsed = 00:00:06 . Memory (MB): peak = 3210.047 ; gain = 308.754 ; free physical = 132054 ; free virtual = 466535
---------------------------------------------------------------------------------
INFO: [Synth 8-638] synthesizing module 'ulp_inst_0_plram_ctrl_0' [/home/x_thileeb/repos/ops-hls-pact25-artifact/codegen_apps/jacobian3d/vck5000_project/hls/build/hw/temp_dir/link/link/vivado/vpl/prj/prj.gen/my_rm/bd/ulp_inst_0/ip/ulp_inst_0_plram_ctrl_0/synth/ulp_inst_0_plram_ctrl_0.vhd:104]
	Parameter C_BRAM_INST_MODE bound to: EXTERNAL - type: string 
	Parameter C_MEMORY_DEPTH bound to: 2048 - type: integer 
	Parameter C_BRAM_ADDR_WIDTH bound to: 11 - type: integer 
	Parameter C_S_AXI_ADDR_WIDTH bound to: 17 - type: integer 
	Parameter C_S_AXI_DATA_WIDTH bound to: 512 - type: integer 
	Parameter C_S_AXI_ID_WIDTH bound to: 1 - type: integer 
	Parameter C_S_AXI_PROTOCOL bound to: AXI4 - type: string 
	Parameter C_S_AXI_SUPPORTS_NARROW_BURST bound to: 0 - type: integer 
	Parameter C_SINGLE_PORT_BRAM bound to: 1 - type: integer 
	Parameter C_FAMILY bound to: versal - type: string 
	Parameter C_READ_LATENCY bound to: 1 - type: integer 
	Parameter C_RD_CMD_OPTIMIZATION bound to: 0 - type: integer 
	Parameter C_S_AXI_CTRL_ADDR_WIDTH bound to: 32 - type: integer 
	Parameter C_S_AXI_CTRL_DATA_WIDTH bound to: 32 - type: integer 
	Parameter C_ECC bound to: 0 - type: integer 
	Parameter C_ECC_TYPE bound to: 0 - type: integer 
	Parameter C_FAULT_INJECT bound to: 0 - type: integer 
	Parameter C_ECC_ONOFF_RESET_VALUE bound to: 0 - type: integer 
INFO: [Synth 8-3491] module 'axi_bram_ctrl' declared at '/home/x_thileeb/repos/ops-hls-pact25-artifact/codegen_apps/jacobian3d/vck5000_project/hls/build/hw/temp_dir/link/link/vivado/vpl/prj/prj.gen/my_rm/bd/ulp_inst_0/ipshared/3c31/hdl/axi_bram_ctrl_v4_1_rfs.vhd:31357' bound to instance 'U0' of component 'axi_bram_ctrl' [/home/x_thileeb/repos/ops-hls-pact25-artifact/codegen_apps/jacobian3d/vck5000_project/hls/build/hw/temp_dir/link/link/vivado/vpl/prj/prj.gen/my_rm/bd/ulp_inst_0/ip/ulp_inst_0_plram_ctrl_0/synth/ulp_inst_0_plram_ctrl_0.vhd:255]
INFO: [Synth 8-638] synthesizing module 'axi_bram_ctrl' [/home/x_thileeb/repos/ops-hls-pact25-artifact/codegen_apps/jacobian3d/vck5000_project/hls/build/hw/temp_dir/link/link/vivado/vpl/prj/prj.gen/my_rm/bd/ulp_inst_0/ipshared/3c31/hdl/axi_bram_ctrl_v4_1_rfs.vhd:31528]
INFO: [Synth 8-638] synthesizing module 'axi_bram_ctrl_top' [/home/x_thileeb/repos/ops-hls-pact25-artifact/codegen_apps/jacobian3d/vck5000_project/hls/build/hw/temp_dir/link/link/vivado/vpl/prj/prj.gen/my_rm/bd/ulp_inst_0/ipshared/3c31/hdl/axi_bram_ctrl_v4_1_rfs.vhd:30527]
INFO: [Synth 8-638] synthesizing module 'full_axi' [/home/x_thileeb/repos/ops-hls-pact25-artifact/codegen_apps/jacobian3d/vck5000_project/hls/build/hw/temp_dir/link/link/vivado/vpl/prj/prj.gen/my_rm/bd/ulp_inst_0/ipshared/3c31/hdl/axi_bram_ctrl_v4_1_rfs.vhd:29280]
WARNING: [Synth 8-6774] Null subtype or type declaration found [/home/x_thileeb/repos/ops-hls-pact25-artifact/codegen_apps/jacobian3d/vck5000_project/hls/build/hw/temp_dir/link/link/vivado/vpl/prj/prj.gen/my_rm/bd/ulp_inst_0/ipshared/3c31/hdl/axi_bram_ctrl_v4_1_rfs.vhd:29350]
INFO: [Synth 8-3919] null assignment ignored [/home/x_thileeb/repos/ops-hls-pact25-artifact/codegen_apps/jacobian3d/vck5000_project/hls/build/hw/temp_dir/link/link/vivado/vpl/prj/prj.gen/my_rm/bd/ulp_inst_0/ipshared/3c31/hdl/axi_bram_ctrl_v4_1_rfs.vhd:29350]
WARNING: [Synth 8-6774] Null subtype or type declaration found [/home/x_thileeb/repos/ops-hls-pact25-artifact/codegen_apps/jacobian3d/vck5000_project/hls/build/hw/temp_dir/link/link/vivado/vpl/prj/prj.gen/my_rm/bd/ulp_inst_0/ipshared/3c31/hdl/axi_bram_ctrl_v4_1_rfs.vhd:29351]
INFO: [Synth 8-3919] null assignment ignored [/home/x_thileeb/repos/ops-hls-pact25-artifact/codegen_apps/jacobian3d/vck5000_project/hls/build/hw/temp_dir/link/link/vivado/vpl/prj/prj.gen/my_rm/bd/ulp_inst_0/ipshared/3c31/hdl/axi_bram_ctrl_v4_1_rfs.vhd:29351]
INFO: [Synth 8-638] synthesizing module 'sng_port_arb' [/home/x_thileeb/repos/ops-hls-pact25-artifact/codegen_apps/jacobian3d/vck5000_project/hls/build/hw/temp_dir/link/link/vivado/vpl/prj/prj.gen/my_rm/bd/ulp_inst_0/ipshared/3c31/hdl/axi_bram_ctrl_v4_1_rfs.vhd:11456]
INFO: [Synth 8-256] done synthesizing module 'sng_port_arb' (0#1) [/home/x_thileeb/repos/ops-hls-pact25-artifact/codegen_apps/jacobian3d/vck5000_project/hls/build/hw/temp_dir/link/link/vivado/vpl/prj/prj.gen/my_rm/bd/ulp_inst_0/ipshared/3c31/hdl/axi_bram_ctrl_v4_1_rfs.vhd:11456]
INFO: [Synth 8-638] synthesizing module 'wr_chnl' [/home/x_thileeb/repos/ops-hls-pact25-artifact/codegen_apps/jacobian3d/vck5000_project/hls/build/hw/temp_dir/link/link/vivado/vpl/prj/prj.gen/my_rm/bd/ulp_inst_0/ipshared/3c31/hdl/axi_bram_ctrl_v4_1_rfs.vhd:24159]
INFO: [Synth 8-506] null port 'FaultInjectECC' ignored [/home/x_thileeb/repos/ops-hls-pact25-artifact/codegen_apps/jacobian3d/vck5000_project/hls/build/hw/temp_dir/link/link/vivado/vpl/prj/prj.gen/my_rm/bd/ulp_inst_0/ipshared/3c31/hdl/axi_bram_ctrl_v4_1_rfs.vhd:24126]
INFO: [Synth 8-638] synthesizing module 'wrap_brst' [/home/x_thileeb/repos/ops-hls-pact25-artifact/codegen_apps/jacobian3d/vck5000_project/hls/build/hw/temp_dir/link/link/vivado/vpl/prj/prj.gen/my_rm/bd/ulp_inst_0/ipshared/3c31/hdl/axi_bram_ctrl_v4_1_rfs.vhd:12455]
INFO: [Synth 8-256] done synthesizing module 'wrap_brst' (0#1) [/home/x_thileeb/repos/ops-hls-pact25-artifact/codegen_apps/jacobian3d/vck5000_project/hls/build/hw/temp_dir/link/link/vivado/vpl/prj/prj.gen/my_rm/bd/ulp_inst_0/ipshared/3c31/hdl/axi_bram_ctrl_v4_1_rfs.vhd:12455]
INFO: [Synth 8-638] synthesizing module 'SRL_FIFO' [/home/x_thileeb/repos/ops-hls-pact25-artifact/codegen_apps/jacobian3d/vck5000_project/hls/build/hw/temp_dir/link/link/vivado/vpl/prj/prj.gen/my_rm/bd/ulp_inst_0/ipshared/3c31/hdl/axi_bram_ctrl_v4_1_rfs.vhd:133]
INFO: [Synth 8-3491] module 'FDR' declared at '/tools/Xilinx/Vivado/2022.1/scripts/rt/data/unisim_comp.v:27823' bound to instance 'Data_Exists_DFF' of component 'FDR' [/home/x_thileeb/repos/ops-hls-pact25-artifact/codegen_apps/jacobian3d/vck5000_project/hls/build/hw/temp_dir/link/link/vivado/vpl/prj/prj.gen/my_rm/bd/ulp_inst_0/ipshared/3c31/hdl/axi_bram_ctrl_v4_1_rfs.vhd:230]
INFO: [Synth 8-6157] synthesizing module 'FDR' [/tools/Xilinx/Vivado/2022.1/scripts/rt/data/unisim_comp.v:27823]
INFO: [Synth 8-6155] done synthesizing module 'FDR' (0#1) [/tools/Xilinx/Vivado/2022.1/scripts/rt/data/unisim_comp.v:27823]
INFO: [Synth 8-3491] module 'MUXCY_L' declared at '/tools/Xilinx/Vivado/2022.1/scripts/rt/data/unisim_comp.v:66487' bound to instance 'MUXCY_L_I' of component 'MUXCY_L' [/home/x_thileeb/repos/ops-hls-pact25-artifact/codegen_apps/jacobian3d/vck5000_project/hls/build/hw/temp_dir/link/link/vivado/vpl/prj/prj.gen/my_rm/bd/ulp_inst_0/ipshared/3c31/hdl/axi_bram_ctrl_v4_1_rfs.vhd:247]
INFO: [Synth 8-6157] synthesizing module 'MUXCY_L' [/tools/Xilinx/Vivado/2022.1/scripts/rt/data/unisim_comp.v:66487]
INFO: [Synth 8-6155] done synthesizing module 'MUXCY_L' (0#1) [/tools/Xilinx/Vivado/2022.1/scripts/rt/data/unisim_comp.v:66487]
INFO: [Synth 8-3491] module 'XORCY' declared at '/tools/Xilinx/Vivado/2022.1/scripts/rt/data/unisim_comp.v:110336' bound to instance 'XORCY_I' of component 'XORCY' [/home/x_thileeb/repos/ops-hls-pact25-artifact/codegen_apps/jacobian3d/vck5000_project/hls/build/hw/temp_dir/link/link/vivado/vpl/prj/prj.gen/my_rm/bd/ulp_inst_0/ipshared/3c31/hdl/axi_bram_ctrl_v4_1_rfs.vhd:254]
INFO: [Synth 8-6157] synthesizing module 'XORCY' [/tools/Xilinx/Vivado/2022.1/scripts/rt/data/unisim_comp.v:110336]
INFO: [Synth 8-6155] done synthesizing module 'XORCY' (0#1) [/tools/Xilinx/Vivado/2022.1/scripts/rt/data/unisim_comp.v:110336]
INFO: [Synth 8-3491] module 'FDRE' declared at '/tools/Xilinx/Vivado/2022.1/scripts/rt/data/unisim_comp.v:27836' bound to instance 'FDRE_I' of component 'FDRE' [/home/x_thileeb/repos/ops-hls-pact25-artifact/codegen_apps/jacobian3d/vck5000_project/hls/build/hw/temp_dir/link/link/vivado/vpl/prj/prj.gen/my_rm/bd/ulp_inst_0/ipshared/3c31/hdl/axi_bram_ctrl_v4_1_rfs.vhd:260]
INFO: [Synth 8-6157] synthesizing module 'FDRE' [/tools/Xilinx/Vivado/2022.1/scripts/rt/data/unisim_comp.v:27836]
INFO: [Synth 8-6155] done synthesizing module 'FDRE' (0#1) [/tools/Xilinx/Vivado/2022.1/scripts/rt/data/unisim_comp.v:27836]
INFO: [Synth 8-3491] module 'MUXCY_L' declared at '/tools/Xilinx/Vivado/2022.1/scripts/rt/data/unisim_comp.v:66487' bound to instance 'MUXCY_L_I' of component 'MUXCY_L' [/home/x_thileeb/repos/ops-hls-pact25-artifact/codegen_apps/jacobian3d/vck5000_project/hls/build/hw/temp_dir/link/link/vivado/vpl/prj/prj.gen/my_rm/bd/ulp_inst_0/ipshared/3c31/hdl/axi_bram_ctrl_v4_1_rfs.vhd:247]
INFO: [Synth 8-3491] module 'XORCY' declared at '/tools/Xilinx/Vivado/2022.1/scripts/rt/data/unisim_comp.v:110336' bound to instance 'XORCY_I' of component 'XORCY' [/home/x_thileeb/repos/ops-hls-pact25-artifact/codegen_apps/jacobian3d/vck5000_project/hls/build/hw/temp_dir/link/link/vivado/vpl/prj/prj.gen/my_rm/bd/ulp_inst_0/ipshared/3c31/hdl/axi_bram_ctrl_v4_1_rfs.vhd:254]
INFO: [Synth 8-3491] module 'FDRE' declared at '/tools/Xilinx/Vivado/2022.1/scripts/rt/data/unisim_comp.v:27836' bound to instance 'FDRE_I' of component 'FDRE' [/home/x_thileeb/repos/ops-hls-pact25-artifact/codegen_apps/jacobian3d/vck5000_project/hls/build/hw/temp_dir/link/link/vivado/vpl/prj/prj.gen/my_rm/bd/ulp_inst_0/ipshared/3c31/hdl/axi_bram_ctrl_v4_1_rfs.vhd:260]
INFO: [Synth 8-3491] module 'MUXCY_L' declared at '/tools/Xilinx/Vivado/2022.1/scripts/rt/data/unisim_comp.v:66487' bound to instance 'MUXCY_L_I' of component 'MUXCY_L' [/home/x_thileeb/repos/ops-hls-pact25-artifact/codegen_apps/jacobian3d/vck5000_project/hls/build/hw/temp_dir/link/link/vivado/vpl/prj/prj.gen/my_rm/bd/ulp_inst_0/ipshared/3c31/hdl/axi_bram_ctrl_v4_1_rfs.vhd:247]
INFO: [Synth 8-3491] module 'XORCY' declared at '/tools/Xilinx/Vivado/2022.1/scripts/rt/data/unisim_comp.v:110336' bound to instance 'XORCY_I' of component 'XORCY' [/home/x_thileeb/repos/ops-hls-pact25-artifact/codegen_apps/jacobian3d/vck5000_project/hls/build/hw/temp_dir/link/link/vivado/vpl/prj/prj.gen/my_rm/bd/ulp_inst_0/ipshared/3c31/hdl/axi_bram_ctrl_v4_1_rfs.vhd:254]
INFO: [Synth 8-3491] module 'FDRE' declared at '/tools/Xilinx/Vivado/2022.1/scripts/rt/data/unisim_comp.v:27836' bound to instance 'FDRE_I' of component 'FDRE' [/home/x_thileeb/repos/ops-hls-pact25-artifact/codegen_apps/jacobian3d/vck5000_project/hls/build/hw/temp_dir/link/link/vivado/vpl/prj/prj.gen/my_rm/bd/ulp_inst_0/ipshared/3c31/hdl/axi_bram_ctrl_v4_1_rfs.vhd:260]
INFO: [Synth 8-3491] module 'MUXCY_L' declared at '/tools/Xilinx/Vivado/2022.1/scripts/rt/data/unisim_comp.v:66487' bound to instance 'MUXCY_L_I' of component 'MUXCY_L' [/home/x_thileeb/repos/ops-hls-pact25-artifact/codegen_apps/jacobian3d/vck5000_project/hls/build/hw/temp_dir/link/link/vivado/vpl/prj/prj.gen/my_rm/bd/ulp_inst_0/ipshared/3c31/hdl/axi_bram_ctrl_v4_1_rfs.vhd:247]
INFO: [Synth 8-3491] module 'XORCY' declared at '/tools/Xilinx/Vivado/2022.1/scripts/rt/data/unisim_comp.v:110336' bound to instance 'XORCY_I' of component 'XORCY' [/home/x_thileeb/repos/ops-hls-pact25-artifact/codegen_apps/jacobian3d/vck5000_project/hls/build/hw/temp_dir/link/link/vivado/vpl/prj/prj.gen/my_rm/bd/ulp_inst_0/ipshared/3c31/hdl/axi_bram_ctrl_v4_1_rfs.vhd:254]
INFO: [Synth 8-3491] module 'FDRE' declared at '/tools/Xilinx/Vivado/2022.1/scripts/rt/data/unisim_comp.v:27836' bound to instance 'FDRE_I' of component 'FDRE' [/home/x_thileeb/repos/ops-hls-pact25-artifact/codegen_apps/jacobian3d/vck5000_project/hls/build/hw/temp_dir/link/link/vivado/vpl/prj/prj.gen/my_rm/bd/ulp_inst_0/ipshared/3c31/hdl/axi_bram_ctrl_v4_1_rfs.vhd:260]
INFO: [Synth 8-3491] module 'SRL16E' declared at '/tools/Xilinx/Vivado/2022.1/scripts/rt/data/unisim_comp.v:105998' bound to instance 'SRL16E_I' of component 'SRL16E' [/home/x_thileeb/repos/ops-hls-pact25-artifact/codegen_apps/jacobian3d/vck5000_project/hls/build/hw/temp_dir/link/link/vivado/vpl/prj/prj.gen/my_rm/bd/ulp_inst_0/ipshared/3c31/hdl/axi_bram_ctrl_v4_1_rfs.vhd:271]
INFO: [Synth 8-6157] synthesizing module 'SRL16E' [/tools/Xilinx/Vivado/2022.1/scripts/rt/data/unisim_comp.v:105998]
INFO: [Synth 8-6155] done synthesizing module 'SRL16E' (0#1) [/tools/Xilinx/Vivado/2022.1/scripts/rt/data/unisim_comp.v:105998]
INFO: [Synth 8-256] done synthesizing module 'SRL_FIFO' (0#1) [/home/x_thileeb/repos/ops-hls-pact25-artifact/codegen_apps/jacobian3d/vck5000_project/hls/build/hw/temp_dir/link/link/vivado/vpl/prj/prj.gen/my_rm/bd/ulp_inst_0/ipshared/3c31/hdl/axi_bram_ctrl_v4_1_rfs.vhd:133]
INFO: [Synth 8-256] done synthesizing module 'wr_chnl' (0#1) [/home/x_thileeb/repos/ops-hls-pact25-artifact/codegen_apps/jacobian3d/vck5000_project/hls/build/hw/temp_dir/link/link/vivado/vpl/prj/prj.gen/my_rm/bd/ulp_inst_0/ipshared/3c31/hdl/axi_bram_ctrl_v4_1_rfs.vhd:24159]
WARNING: [Synth 8-6778] Component port with null array found, Will be ignored [/home/x_thileeb/repos/ops-hls-pact25-artifact/codegen_apps/jacobian3d/vck5000_project/hls/build/hw/temp_dir/link/link/vivado/vpl/prj/prj.gen/my_rm/bd/ulp_inst_0/ipshared/3c31/hdl/axi_bram_ctrl_v4_1_rfs.vhd:30020]
INFO: [Synth 8-638] synthesizing module 'rd_chnl' [/home/x_thileeb/repos/ops-hls-pact25-artifact/codegen_apps/jacobian3d/vck5000_project/hls/build/hw/temp_dir/link/link/vivado/vpl/prj/prj.gen/my_rm/bd/ulp_inst_0/ipshared/3c31/hdl/axi_bram_ctrl_v4_1_rfs.vhd:14746]
WARNING: [Synth 8-6774] Null subtype or type declaration found [/home/x_thileeb/repos/ops-hls-pact25-artifact/codegen_apps/jacobian3d/vck5000_project/hls/build/hw/temp_dir/link/link/vivado/vpl/prj/prj.gen/my_rm/bd/ulp_inst_0/ipshared/3c31/hdl/axi_bram_ctrl_v4_1_rfs.vhd:15184]
INFO: [Synth 8-3919] null assignment ignored [/home/x_thileeb/repos/ops-hls-pact25-artifact/codegen_apps/jacobian3d/vck5000_project/hls/build/hw/temp_dir/link/link/vivado/vpl/prj/prj.gen/my_rm/bd/ulp_inst_0/ipshared/3c31/hdl/axi_bram_ctrl_v4_1_rfs.vhd:15184]
WARNING: [Synth 8-6774] Null subtype or type declaration found [/home/x_thileeb/repos/ops-hls-pact25-artifact/codegen_apps/jacobian3d/vck5000_project/hls/build/hw/temp_dir/link/link/vivado/vpl/prj/prj.gen/my_rm/bd/ulp_inst_0/ipshared/3c31/hdl/axi_bram_ctrl_v4_1_rfs.vhd:15189]
INFO: [Synth 8-3919] null assignment ignored [/home/x_thileeb/repos/ops-hls-pact25-artifact/codegen_apps/jacobian3d/vck5000_project/hls/build/hw/temp_dir/link/link/vivado/vpl/prj/prj.gen/my_rm/bd/ulp_inst_0/ipshared/3c31/hdl/axi_bram_ctrl_v4_1_rfs.vhd:15189]
WARNING: [Synth 8-6774] Null subtype or type declaration found [/home/x_thileeb/repos/ops-hls-pact25-artifact/codegen_apps/jacobian3d/vck5000_project/hls/build/hw/temp_dir/link/link/vivado/vpl/prj/prj.gen/my_rm/bd/ulp_inst_0/ipshared/3c31/hdl/axi_bram_ctrl_v4_1_rfs.vhd:15190]
INFO: [Synth 8-3919] null assignment ignored [/home/x_thileeb/repos/ops-hls-pact25-artifact/codegen_apps/jacobian3d/vck5000_project/hls/build/hw/temp_dir/link/link/vivado/vpl/prj/prj.gen/my_rm/bd/ulp_inst_0/ipshared/3c31/hdl/axi_bram_ctrl_v4_1_rfs.vhd:15190]
WARNING: [Synth 8-6774] Null subtype or type declaration found [/home/x_thileeb/repos/ops-hls-pact25-artifact/codegen_apps/jacobian3d/vck5000_project/hls/build/hw/temp_dir/link/link/vivado/vpl/prj/prj.gen/my_rm/bd/ulp_inst_0/ipshared/3c31/hdl/axi_bram_ctrl_v4_1_rfs.vhd:15197]
INFO: [Synth 8-3919] null assignment ignored [/home/x_thileeb/repos/ops-hls-pact25-artifact/codegen_apps/jacobian3d/vck5000_project/hls/build/hw/temp_dir/link/link/vivado/vpl/prj/prj.gen/my_rm/bd/ulp_inst_0/ipshared/3c31/hdl/axi_bram_ctrl_v4_1_rfs.vhd:15197]
WARNING: [Synth 8-6774] Null subtype or type declaration found [/home/x_thileeb/repos/ops-hls-pact25-artifact/codegen_apps/jacobian3d/vck5000_project/hls/build/hw/temp_dir/link/link/vivado/vpl/prj/prj.gen/my_rm/bd/ulp_inst_0/ipshared/3c31/hdl/axi_bram_ctrl_v4_1_rfs.vhd:15202]
INFO: [Synth 8-256] done synthesizing module 'rd_chnl' (0#1) [/home/x_thileeb/repos/ops-hls-pact25-artifact/codegen_apps/jacobian3d/vck5000_project/hls/build/hw/temp_dir/link/link/vivado/vpl/prj/prj.gen/my_rm/bd/ulp_inst_0/ipshared/3c31/hdl/axi_bram_ctrl_v4_1_rfs.vhd:14746]
INFO: [Synth 8-256] done synthesizing module 'full_axi' (0#1) [/home/x_thileeb/repos/ops-hls-pact25-artifact/codegen_apps/jacobian3d/vck5000_project/hls/build/hw/temp_dir/link/link/vivado/vpl/prj/prj.gen/my_rm/bd/ulp_inst_0/ipshared/3c31/hdl/axi_bram_ctrl_v4_1_rfs.vhd:29280]
INFO: [Synth 8-256] done synthesizing module 'axi_bram_ctrl_top' (0#1) [/home/x_thileeb/repos/ops-hls-pact25-artifact/codegen_apps/jacobian3d/vck5000_project/hls/build/hw/temp_dir/link/link/vivado/vpl/prj/prj.gen/my_rm/bd/ulp_inst_0/ipshared/3c31/hdl/axi_bram_ctrl_v4_1_rfs.vhd:30527]
INFO: [Synth 8-256] done synthesizing module 'axi_bram_ctrl' (0#1) [/home/x_thileeb/repos/ops-hls-pact25-artifact/codegen_apps/jacobian3d/vck5000_project/hls/build/hw/temp_dir/link/link/vivado/vpl/prj/prj.gen/my_rm/bd/ulp_inst_0/ipshared/3c31/hdl/axi_bram_ctrl_v4_1_rfs.vhd:31528]
INFO: [Synth 8-256] done synthesizing module 'ulp_inst_0_plram_ctrl_0' (0#1) [/home/x_thileeb/repos/ops-hls-pact25-artifact/codegen_apps/jacobian3d/vck5000_project/hls/build/hw/temp_dir/link/link/vivado/vpl/prj/prj.gen/my_rm/bd/ulp_inst_0/ip/ulp_inst_0_plram_ctrl_0/synth/ulp_inst_0_plram_ctrl_0.vhd:104]
WARNING: [Synth 8-6014] Unused sequential element curr_awsize_reg_reg was removed.  [/home/x_thileeb/repos/ops-hls-pact25-artifact/codegen_apps/jacobian3d/vck5000_project/hls/build/hw/temp_dir/link/link/vivado/vpl/prj/prj.gen/my_rm/bd/ulp_inst_0/ipshared/3c31/hdl/axi_bram_ctrl_v4_1_rfs.vhd:25318]
WARNING: [Synth 8-6014] Unused sequential element curr_awlen_reg_1_or_2_reg was removed.  [/home/x_thileeb/repos/ops-hls-pact25-artifact/codegen_apps/jacobian3d/vck5000_project/hls/build/hw/temp_dir/link/link/vivado/vpl/prj/prj.gen/my_rm/bd/ulp_inst_0/ipshared/3c31/hdl/axi_bram_ctrl_v4_1_rfs.vhd:25596]
WARNING: [Synth 8-6014] Unused sequential element GEN_NO_RD_CMD_OPT.axi_arsize_pipe_max_reg was removed.  [/home/x_thileeb/repos/ops-hls-pact25-artifact/codegen_apps/jacobian3d/vck5000_project/hls/build/hw/temp_dir/link/link/vivado/vpl/prj/prj.gen/my_rm/bd/ulp_inst_0/ipshared/3c31/hdl/axi_bram_ctrl_v4_1_rfs.vhd:15506]
WARNING: [Synth 8-6014] Unused sequential element GEN_NO_RD_CMD_OPT.curr_arsize_reg_reg was removed.  [/home/x_thileeb/repos/ops-hls-pact25-artifact/codegen_apps/jacobian3d/vck5000_project/hls/build/hw/temp_dir/link/link/vivado/vpl/prj/prj.gen/my_rm/bd/ulp_inst_0/ipshared/3c31/hdl/axi_bram_ctrl_v4_1_rfs.vhd:15998]
WARNING: [Synth 8-6014] Unused sequential element GEN_NO_RD_CMD_OPT.no_ar_ack_reg was removed.  [/home/x_thileeb/repos/ops-hls-pact25-artifact/codegen_apps/jacobian3d/vck5000_project/hls/build/hw/temp_dir/link/link/vivado/vpl/prj/prj.gen/my_rm/bd/ulp_inst_0/ipshared/3c31/hdl/axi_bram_ctrl_v4_1_rfs.vhd:19903]
WARNING: [Synth 8-6014] Unused sequential element GEN_NO_RD_CMD_OPT.do_cmplt_burst_reg was removed.  [/home/x_thileeb/repos/ops-hls-pact25-artifact/codegen_apps/jacobian3d/vck5000_project/hls/build/hw/temp_dir/link/link/vivado/vpl/prj/prj.gen/my_rm/bd/ulp_inst_0/ipshared/3c31/hdl/axi_bram_ctrl_v4_1_rfs.vhd:21244]
WARNING: [Synth 8-7129] Port curr_axlen[7] in module wrap_brst is either unconnected or has no load
WARNING: [Synth 8-7129] Port curr_axlen[6] in module wrap_brst is either unconnected or has no load
WARNING: [Synth 8-7129] Port curr_axlen[5] in module wrap_brst is either unconnected or has no load
WARNING: [Synth 8-7129] Port curr_axlen[4] in module wrap_brst is either unconnected or has no load
WARNING: [Synth 8-7129] Port bram_addr_ld[6] in module wrap_brst is either unconnected or has no load
WARNING: [Synth 8-7129] Port bram_addr_int[16] in module wrap_brst is either unconnected or has no load
WARNING: [Synth 8-7129] Port bram_addr_int[15] in module wrap_brst is either unconnected or has no load
WARNING: [Synth 8-7129] Port bram_addr_int[14] in module wrap_brst is either unconnected or has no load
WARNING: [Synth 8-7129] Port bram_addr_int[13] in module wrap_brst is either unconnected or has no load
WARNING: [Synth 8-7129] Port bram_addr_int[12] in module wrap_brst is either unconnected or has no load
WARNING: [Synth 8-7129] Port bram_addr_int[11] in module wrap_brst is either unconnected or has no load
WARNING: [Synth 8-7129] Port bram_addr_int[10] in module wrap_brst is either unconnected or has no load
WARNING: [Synth 8-7129] Port AXI_ARADDR[5] in module rd_chnl is either unconnected or has no load
WARNING: [Synth 8-7129] Port AXI_ARADDR[4] in module rd_chnl is either unconnected or has no load
WARNING: [Synth 8-7129] Port AXI_ARADDR[3] in module rd_chnl is either unconnected or has no load
WARNING: [Synth 8-7129] Port AXI_ARADDR[2] in module rd_chnl is either unconnected or has no load
WARNING: [Synth 8-7129] Port AXI_ARADDR[1] in module rd_chnl is either unconnected or has no load
WARNING: [Synth 8-7129] Port AXI_ARADDR[0] in module rd_chnl is either unconnected or has no load
WARNING: [Synth 8-7129] Port AXI_ARLOCK in module rd_chnl is either unconnected or has no load
WARNING: [Synth 8-7129] Port AXI_ARCACHE[3] in module rd_chnl is either unconnected or has no load
WARNING: [Synth 8-7129] Port AXI_ARCACHE[2] in module rd_chnl is either unconnected or has no load
WARNING: [Synth 8-7129] Port AXI_ARCACHE[1] in module rd_chnl is either unconnected or has no load
WARNING: [Synth 8-7129] Port AXI_ARCACHE[0] in module rd_chnl is either unconnected or has no load
WARNING: [Synth 8-7129] Port AXI_ARPROT[2] in module rd_chnl is either unconnected or has no load
WARNING: [Synth 8-7129] Port AXI_ARPROT[1] in module rd_chnl is either unconnected or has no load
WARNING: [Synth 8-7129] Port AXI_ARPROT[0] in module rd_chnl is either unconnected or has no load
WARNING: [Synth 8-7129] Port AXI_ARVALID in module rd_chnl is either unconnected or has no load
WARNING: [Synth 8-7129] Port Enable_ECC in module rd_chnl is either unconnected or has no load
WARNING: [Synth 8-7129] Port Sng_arb_Arready in module rd_chnl is either unconnected or has no load
WARNING: [Synth 8-7129] Port AXI_AWADDR[5] in module wr_chnl is either unconnected or has no load
WARNING: [Synth 8-7129] Port AXI_AWADDR[4] in module wr_chnl is either unconnected or has no load
WARNING: [Synth 8-7129] Port AXI_AWADDR[3] in module wr_chnl is either unconnected or has no load
WARNING: [Synth 8-7129] Port AXI_AWADDR[2] in module wr_chnl is either unconnected or has no load
WARNING: [Synth 8-7129] Port AXI_AWADDR[1] in module wr_chnl is either unconnected or has no load
WARNING: [Synth 8-7129] Port AXI_AWADDR[0] in module wr_chnl is either unconnected or has no load
WARNING: [Synth 8-7129] Port AXI_AWLOCK in module wr_chnl is either unconnected or has no load
WARNING: [Synth 8-7129] Port AXI_AWCACHE[3] in module wr_chnl is either unconnected or has no load
WARNING: [Synth 8-7129] Port AXI_AWCACHE[2] in module wr_chnl is either unconnected or has no load
WARNING: [Synth 8-7129] Port AXI_AWCACHE[1] in module wr_chnl is either unconnected or has no load
WARNING: [Synth 8-7129] Port AXI_AWCACHE[0] in module wr_chnl is either unconnected or has no load
WARNING: [Synth 8-7129] Port AXI_AWPROT[2] in module wr_chnl is either unconnected or has no load
WARNING: [Synth 8-7129] Port AXI_AWPROT[1] in module wr_chnl is either unconnected or has no load
WARNING: [Synth 8-7129] Port AXI_AWPROT[0] in module wr_chnl is either unconnected or has no load
WARNING: [Synth 8-7129] Port Enable_ECC in module wr_chnl is either unconnected or has no load
WARNING: [Synth 8-7129] Port FaultInjectData[511] in module wr_chnl is either unconnected or has no load
WARNING: [Synth 8-7129] Port FaultInjectData[510] in module wr_chnl is either unconnected or has no load
WARNING: [Synth 8-7129] Port FaultInjectData[509] in module wr_chnl is either unconnected or has no load
WARNING: [Synth 8-7129] Port FaultInjectData[508] in module wr_chnl is either unconnected or has no load
WARNING: [Synth 8-7129] Port FaultInjectData[507] in module wr_chnl is either unconnected or has no load
WARNING: [Synth 8-7129] Port FaultInjectData[506] in module wr_chnl is either unconnected or has no load
WARNING: [Synth 8-7129] Port FaultInjectData[505] in module wr_chnl is either unconnected or has no load
WARNING: [Synth 8-7129] Port FaultInjectData[504] in module wr_chnl is either unconnected or has no load
WARNING: [Synth 8-7129] Port FaultInjectData[503] in module wr_chnl is either unconnected or has no load
WARNING: [Synth 8-7129] Port FaultInjectData[502] in module wr_chnl is either unconnected or has no load
WARNING: [Synth 8-7129] Port FaultInjectData[501] in module wr_chnl is either unconnected or has no load
WARNING: [Synth 8-7129] Port FaultInjectData[500] in module wr_chnl is either unconnected or has no load
WARNING: [Synth 8-7129] Port FaultInjectData[499] in module wr_chnl is either unconnected or has no load
WARNING: [Synth 8-7129] Port FaultInjectData[498] in module wr_chnl is either unconnected or has no load
WARNING: [Synth 8-7129] Port FaultInjectData[497] in module wr_chnl is either unconnected or has no load
WARNING: [Synth 8-7129] Port FaultInjectData[496] in module wr_chnl is either unconnected or has no load
WARNING: [Synth 8-7129] Port FaultInjectData[495] in module wr_chnl is either unconnected or has no load
WARNING: [Synth 8-7129] Port FaultInjectData[494] in module wr_chnl is either unconnected or has no load
WARNING: [Synth 8-7129] Port FaultInjectData[493] in module wr_chnl is either unconnected or has no load
WARNING: [Synth 8-7129] Port FaultInjectData[492] in module wr_chnl is either unconnected or has no load
WARNING: [Synth 8-7129] Port FaultInjectData[491] in module wr_chnl is either unconnected or has no load
WARNING: [Synth 8-7129] Port FaultInjectData[490] in module wr_chnl is either unconnected or has no load
WARNING: [Synth 8-7129] Port FaultInjectData[489] in module wr_chnl is either unconnected or has no load
WARNING: [Synth 8-7129] Port FaultInjectData[488] in module wr_chnl is either unconnected or has no load
WARNING: [Synth 8-7129] Port FaultInjectData[487] in module wr_chnl is either unconnected or has no load
WARNING: [Synth 8-7129] Port FaultInjectData[486] in module wr_chnl is either unconnected or has no load
WARNING: [Synth 8-7129] Port FaultInjectData[485] in module wr_chnl is either unconnected or has no load
WARNING: [Synth 8-7129] Port FaultInjectData[484] in module wr_chnl is either unconnected or has no load
WARNING: [Synth 8-7129] Port FaultInjectData[483] in module wr_chnl is either unconnected or has no load
WARNING: [Synth 8-7129] Port FaultInjectData[482] in module wr_chnl is either unconnected or has no load
WARNING: [Synth 8-7129] Port FaultInjectData[481] in module wr_chnl is either unconnected or has no load
WARNING: [Synth 8-7129] Port FaultInjectData[480] in module wr_chnl is either unconnected or has no load
WARNING: [Synth 8-7129] Port FaultInjectData[479] in module wr_chnl is either unconnected or has no load
WARNING: [Synth 8-7129] Port FaultInjectData[478] in module wr_chnl is either unconnected or has no load
WARNING: [Synth 8-7129] Port FaultInjectData[477] in module wr_chnl is either unconnected or has no load
WARNING: [Synth 8-7129] Port FaultInjectData[476] in module wr_chnl is either unconnected or has no load
WARNING: [Synth 8-7129] Port FaultInjectData[475] in module wr_chnl is either unconnected or has no load
WARNING: [Synth 8-7129] Port FaultInjectData[474] in module wr_chnl is either unconnected or has no load
WARNING: [Synth 8-7129] Port FaultInjectData[473] in module wr_chnl is either unconnected or has no load
WARNING: [Synth 8-7129] Port FaultInjectData[472] in module wr_chnl is either unconnected or has no load
WARNING: [Synth 8-7129] Port FaultInjectData[471] in module wr_chnl is either unconnected or has no load
WARNING: [Synth 8-7129] Port FaultInjectData[470] in module wr_chnl is either unconnected or has no load
WARNING: [Synth 8-7129] Port FaultInjectData[469] in module wr_chnl is either unconnected or has no load
WARNING: [Synth 8-7129] Port FaultInjectData[468] in module wr_chnl is either unconnected or has no load
WARNING: [Synth 8-7129] Port FaultInjectData[467] in module wr_chnl is either unconnected or has no load
WARNING: [Synth 8-7129] Port FaultInjectData[466] in module wr_chnl is either unconnected or has no load
WARNING: [Synth 8-7129] Port FaultInjectData[465] in module wr_chnl is either unconnected or has no load
WARNING: [Synth 8-7129] Port FaultInjectData[464] in module wr_chnl is either unconnected or has no load
WARNING: [Synth 8-7129] Port FaultInjectData[463] in module wr_chnl is either unconnected or has no load
WARNING: [Synth 8-7129] Port FaultInjectData[462] in module wr_chnl is either unconnected or has no load
WARNING: [Synth 8-7129] Port FaultInjectData[461] in module wr_chnl is either unconnected or has no load
WARNING: [Synth 8-7129] Port FaultInjectData[460] in module wr_chnl is either unconnected or has no load
WARNING: [Synth 8-7129] Port FaultInjectData[459] in module wr_chnl is either unconnected or has no load
WARNING: [Synth 8-7129] Port FaultInjectData[458] in module wr_chnl is either unconnected or has no load
WARNING: [Synth 8-7129] Port FaultInjectData[457] in module wr_chnl is either unconnected or has no load
WARNING: [Synth 8-7129] Port FaultInjectData[456] in module wr_chnl is either unconnected or has no load
INFO: [Common 17-14] Message 'Synth 8-7129' appears 100 times and further instances of the messages will be disabled. Use the Tcl command set_msg_config to change the current settings.
---------------------------------------------------------------------------------
Finished RTL Elaboration : Time (s): cpu = 00:00:11 ; elapsed = 00:00:12 . Memory (MB): peak = 3345.008 ; gain = 443.715 ; free physical = 134250 ; free virtual = 468769
---------------------------------------------------------------------------------
---------------------------------------------------------------------------------
Start Handling Custom Attributes
---------------------------------------------------------------------------------
---------------------------------------------------------------------------------
Finished Handling Custom Attributes : Time (s): cpu = 00:00:11 ; elapsed = 00:00:12 . Memory (MB): peak = 3347.977 ; gain = 446.684 ; free physical = 134520 ; free virtual = 469039
---------------------------------------------------------------------------------
---------------------------------------------------------------------------------
Finished RTL Optimization Phase 1 : Time (s): cpu = 00:00:11 ; elapsed = 00:00:12 . Memory (MB): peak = 3347.977 ; gain = 446.684 ; free physical = 134520 ; free virtual = 469039
---------------------------------------------------------------------------------
Netlist sorting complete. Time (s): cpu = 00:00:00.05 ; elapsed = 00:00:00.06 . Memory (MB): peak = 3361.914 ; gain = 0.000 ; free physical = 134382 ; free virtual = 468900
INFO: [Netlist 29-17] Analyzing 9 Unisim elements for replacement
INFO: [Netlist 29-28] Unisim Transformation completed in 0 CPU seconds
INFO: [Constraints 18-6359] No Clock Expansion Window constraints config file entry for device xcvc1902.  GCLK Deskew mode will be Off and cannot be enabled via GCLK_DESKEW override.
INFO: [Constraints 18-5720] The default GCLK Deskew mode is Off.
INFO: [Project 1-570] Preparing netlist for logic optimization

Processing XDC Constraints
Initializing timing engine
Parsing XDC File [/home/x_thileeb/repos/ops-hls-pact25-artifact/codegen_apps/jacobian3d/vck5000_project/hls/build/hw/temp_dir/link/link/vivado/vpl/prj/prj.gen/my_rm/bd/ulp_inst_0/ip/ulp_inst_0_plram_ctrl_0/ulp_inst_0_plram_ctrl_0_ooc.xdc] for cell 'U0'
CRITICAL WARNING: [Power 33-705] The voltage setting 3.300 on supply VCCO_503 is different from the voltage setting of 1.800 of the parent 1V8_VCC. [/home/x_thileeb/repos/ops-hls-pact25-artifact/codegen_apps/jacobian3d/vck5000_project/hls/build/hw/temp_dir/link/link/vivado/vpl/prj/prj.gen/my_rm/bd/ulp_inst_0/ip/ulp_inst_0_plram_ctrl_0/ulp_inst_0_plram_ctrl_0_ooc.xdc:55]
CRITICAL WARNING: [Power 33-704] The voltage setting 1.800 of the 1V8_VCC falls outside the allowed range <3.135-3.465> of VCCO_503 conatined by the rail. [/home/x_thileeb/repos/ops-hls-pact25-artifact/codegen_apps/jacobian3d/vck5000_project/hls/build/hw/temp_dir/link/link/vivado/vpl/prj/prj.gen/my_rm/bd/ulp_inst_0/ip/ulp_inst_0_plram_ctrl_0/ulp_inst_0_plram_ctrl_0_ooc.xdc:55]
CRITICAL WARNING: [Power 33-705] The voltage setting 3.300 on supply VCCO_500 is different from the voltage setting of 1.800 of the parent 1V8_VCC. [/home/x_thileeb/repos/ops-hls-pact25-artifact/codegen_apps/jacobian3d/vck5000_project/hls/build/hw/temp_dir/link/link/vivado/vpl/prj/prj.gen/my_rm/bd/ulp_inst_0/ip/ulp_inst_0_plram_ctrl_0/ulp_inst_0_plram_ctrl_0_ooc.xdc:55]
CRITICAL WARNING: [Power 33-704] The voltage setting 1.800 of the 1V8_VCC falls outside the allowed range <3.135-3.465> of VCCO_500 conatined by the rail. [/home/x_thileeb/repos/ops-hls-pact25-artifact/codegen_apps/jacobian3d/vck5000_project/hls/build/hw/temp_dir/link/link/vivado/vpl/prj/prj.gen/my_rm/bd/ulp_inst_0/ip/ulp_inst_0_plram_ctrl_0/ulp_inst_0_plram_ctrl_0_ooc.xdc:55]
create_clock: Time (s): cpu = 00:00:07 ; elapsed = 00:00:07 . Memory (MB): peak = 3497.578 ; gain = 12.906 ; free physical = 134795 ; free virtual = 469369
Finished Parsing XDC File [/home/x_thileeb/repos/ops-hls-pact25-artifact/codegen_apps/jacobian3d/vck5000_project/hls/build/hw/temp_dir/link/link/vivado/vpl/prj/prj.gen/my_rm/bd/ulp_inst_0/ip/ulp_inst_0_plram_ctrl_0/ulp_inst_0_plram_ctrl_0_ooc.xdc] for cell 'U0'
Parsing XDC File [/home/x_thileeb/repos/ops-hls-pact25-artifact/codegen_apps/jacobian3d/vck5000_project/hls/build/hw/temp_dir/link/link/vivado/vpl/prj/prj.runs/ulp_inst_0_plram_ctrl_0_synth_1/dont_touch.xdc]
Finished Parsing XDC File [/home/x_thileeb/repos/ops-hls-pact25-artifact/codegen_apps/jacobian3d/vck5000_project/hls/build/hw/temp_dir/link/link/vivado/vpl/prj/prj.runs/ulp_inst_0_plram_ctrl_0_synth_1/dont_touch.xdc]
Completed Processing XDC Constraints

Netlist sorting complete. Time (s): cpu = 00:00:00 ; elapsed = 00:00:00 . Memory (MB): peak = 3497.578 ; gain = 0.000 ; free physical = 134984 ; free virtual = 469558
INFO: [Project 1-111] Unisim Transformation Summary:
  A total of 5 instances were transformed.
  FDR => FDRE: 1 instance 
  MUXCY_L => MUXCY: 4 instances

Constraint Validation Runtime : Time (s): cpu = 00:00:00.07 ; elapsed = 00:00:00.07 . Memory (MB): peak = 3497.578 ; gain = 0.000 ; free physical = 135289 ; free virtual = 469863
INFO: [Designutils 20-5008] Incremental synthesis strategy off
---------------------------------------------------------------------------------
Finished Constraint Validation : Time (s): cpu = 00:00:27 ; elapsed = 00:00:29 . Memory (MB): peak = 3497.578 ; gain = 596.285 ; free physical = 135730 ; free virtual = 470364
---------------------------------------------------------------------------------
---------------------------------------------------------------------------------
Start Loading Part and Timing Information
---------------------------------------------------------------------------------
Loading part: xcvc1902-vsvd1760-2MP-e-S
INFO: [Synth 8-6742] Reading net delay rules and data
---------------------------------------------------------------------------------
Finished Loading Part and Timing Information : Time (s): cpu = 00:00:27 ; elapsed = 00:00:29 . Memory (MB): peak = 3497.578 ; gain = 596.285 ; free physical = 135730 ; free virtual = 470364
---------------------------------------------------------------------------------
---------------------------------------------------------------------------------
Start Applying 'set_property' XDC Constraints
---------------------------------------------------------------------------------
Applied set_property KEEP_HIERARCHY = SOFT for U0. (constraint file  /home/x_thileeb/repos/ops-hls-pact25-artifact/codegen_apps/jacobian3d/vck5000_project/hls/build/hw/temp_dir/link/link/vivado/vpl/prj/prj.runs/ulp_inst_0_plram_ctrl_0_synth_1/dont_touch.xdc, line 9).
---------------------------------------------------------------------------------
Finished applying 'set_property' XDC Constraints : Time (s): cpu = 00:00:27 ; elapsed = 00:00:29 . Memory (MB): peak = 3497.578 ; gain = 596.285 ; free physical = 135722 ; free virtual = 470357
---------------------------------------------------------------------------------
INFO: [Synth 8-802] inferred FSM for state register 'arb_sm_cs_reg' in module 'sng_port_arb'
INFO: [Synth 8-802] inferred FSM for state register 'GEN_WDATA_SM_NO_ECC_SNG_REG_WREADY.wr_data_sng_sm_cs_reg' in module 'wr_chnl'
INFO: [Synth 8-802] inferred FSM for state register 'GEN_NO_RD_CMD_OPT.rd_data_sm_cs_reg' in module 'rd_chnl'
INFO: [Synth 8-802] inferred FSM for state register 'GEN_NO_RD_CMD_OPT.rlast_sm_cs_reg' in module 'rd_chnl'
---------------------------------------------------------------------------------------------------
                   State |                     New Encoding |                Previous Encoding 
---------------------------------------------------------------------------------------------------
                    idle |                               00 |                               00
                 wr_data |                               01 |                               10
                 rd_data |                               10 |                               01
---------------------------------------------------------------------------------------------------
INFO: [Synth 8-3354] encoded FSM with state register 'arb_sm_cs_reg' using encoding 'sequential' in module 'sng_port_arb'
---------------------------------------------------------------------------------------------------
                   State |                     New Encoding |                Previous Encoding 
---------------------------------------------------------------------------------------------------
                    idle |                              001 |                               00
            brst_wr_data |                              010 |                               10
             sng_wr_data |                              100 |                               01
---------------------------------------------------------------------------------------------------
INFO: [Synth 8-3354] encoded FSM with state register 'GEN_WDATA_SM_NO_ECC_SNG_REG_WREADY.wr_data_sng_sm_cs_reg' using encoding 'one-hot' in module 'wr_chnl'
---------------------------------------------------------------------------------------------------
                   State |                     New Encoding |                Previous Encoding 
---------------------------------------------------------------------------------------------------
                    idle |                             0000 |                             0000
                sng_addr |                             0001 |                             0011
                sec_addr |                             0010 |                             0100
               full_pipe |                             0011 |                             0101
           full_throttle |                             0100 |                             0110
               last_addr |                             0101 |                             0111
           last_throttle |                             0110 |                             1000
               last_data |                             0111 |                             1001
       last_data_ar_pend |                             1000 |                             1010
---------------------------------------------------------------------------------------------------
INFO: [Synth 8-3354] encoded FSM with state register 'GEN_NO_RD_CMD_OPT.rd_data_sm_cs_reg' using encoding 'sequential' in module 'rd_chnl'
---------------------------------------------------------------------------------------------------
                   State |                     New Encoding |                Previous Encoding 
---------------------------------------------------------------------------------------------------
                    idle |                              000 |                              000
          w8_throttle_b2 |                              001 |                              101
             w8_throttle |                              010 |                              010
        w8_2nd_last_data |                              011 |                              011
            w8_last_data |                              100 |                              100
---------------------------------------------------------------------------------------------------
INFO: [Synth 8-3354] encoded FSM with state register 'GEN_NO_RD_CMD_OPT.rlast_sm_cs_reg' using encoding 'sequential' in module 'rd_chnl'
---------------------------------------------------------------------------------
Finished RTL Optimization Phase 2 : Time (s): cpu = 00:00:29 ; elapsed = 00:00:32 . Memory (MB): peak = 3497.578 ; gain = 596.285 ; free physical = 135604 ; free virtual = 470245
---------------------------------------------------------------------------------
---------------------------------------------------------------------------------
Start RTL Component Statistics 
---------------------------------------------------------------------------------
Detailed RTL Component Info : 
+---Adders : 
	   2 Input    8 Bit       Adders := 1     
	   2 Input    6 Bit       Adders := 1     
	   2 Input    3 Bit       Adders := 1     
+---XORs : 
	   2 Input      1 Bit         XORs := 4     
+---Registers : 
	              512 Bit    Registers := 1     
	               64 Bit    Registers := 1     
	               11 Bit    Registers := 1     
	               10 Bit    Registers := 2     
	                8 Bit    Registers := 1     
	                3 Bit    Registers := 3     
	                2 Bit    Registers := 2     
	                1 Bit    Registers := 1066  
+---Muxes : 
	   2 Input  512 Bit        Muxes := 1     
	   2 Input   64 Bit        Muxes := 1     
	   5 Input   11 Bit        Muxes := 2     
	   2 Input   11 Bit        Muxes := 5     
	   2 Input    8 Bit        Muxes := 2     
	   9 Input    4 Bit        Muxes := 1     
	   2 Input    4 Bit        Muxes := 9     
	   5 Input    3 Bit        Muxes := 3     
	   3 Input    3 Bit        Muxes := 1     
	   2 Input    3 Bit        Muxes := 4     
	   3 Input    2 Bit        Muxes := 3     
	   2 Input    2 Bit        Muxes := 5     
	   4 Input    2 Bit        Muxes := 2     
	   2 Input    1 Bit        Muxes := 54    
	   3 Input    1 Bit        Muxes := 16    
	   9 Input    1 Bit        Muxes := 18    
	   5 Input    1 Bit        Muxes := 2     
---------------------------------------------------------------------------------
Finished RTL Component Statistics 
---------------------------------------------------------------------------------
---------------------------------------------------------------------------------
Start Part Resource Summary
---------------------------------------------------------------------------------
Part Resources:
DSPs: 3936 (col length:164)
BRAMs: 1934 (col length: RAMB18 168 RAMB36 84)
---------------------------------------------------------------------------------
Finished Part Resource Summary
---------------------------------------------------------------------------------
---------------------------------------------------------------------------------
Start Cross Boundary and Area Optimization
---------------------------------------------------------------------------------
WARNING: [Synth 8-7080] Parallel synthesis criteria is not met
INFO: [Synth 8-3332] Sequential element (gext_inst.abcv4_0_ext_inst/GEN_AXI4.I_FULL_AXI/I_WR_CHNL/BID_FIFO/Data_Exists_DFF) is unused and will be removed from module axi_bram_ctrl.
INFO: [Synth 8-3332] Sequential element (gext_inst.abcv4_0_ext_inst/GEN_AXI4.I_FULL_AXI/I_WR_CHNL/BID_FIFO/Addr_Counters[0].FDRE_I) is unused and will be removed from module axi_bram_ctrl.
INFO: [Synth 8-3332] Sequential element (gext_inst.abcv4_0_ext_inst/GEN_AXI4.I_FULL_AXI/I_WR_CHNL/BID_FIFO/Addr_Counters[1].FDRE_I) is unused and will be removed from module axi_bram_ctrl.
INFO: [Synth 8-3332] Sequential element (gext_inst.abcv4_0_ext_inst/GEN_AXI4.I_FULL_AXI/I_WR_CHNL/BID_FIFO/Addr_Counters[2].FDRE_I) is unused and will be removed from module axi_bram_ctrl.
INFO: [Synth 8-3332] Sequential element (gext_inst.abcv4_0_ext_inst/GEN_AXI4.I_FULL_AXI/I_WR_CHNL/BID_FIFO/Addr_Counters[3].FDRE_I) is unused and will be removed from module axi_bram_ctrl.
---------------------------------------------------------------------------------
Finished Cross Boundary and Area Optimization : Time (s): cpu = 00:00:34 ; elapsed = 00:00:37 . Memory (MB): peak = 3497.578 ; gain = 596.285 ; free physical = 134442 ; free virtual = 469122
---------------------------------------------------------------------------------
---------------------------------------------------------------------------------
Start Applying XDC Timing Constraints
---------------------------------------------------------------------------------
---------------------------------------------------------------------------------
Finished Applying XDC Timing Constraints : Time (s): cpu = 00:01:03 ; elapsed = 00:01:15 . Memory (MB): peak = 4146.820 ; gain = 1245.527 ; free physical = 130936 ; free virtual = 465806
---------------------------------------------------------------------------------
---------------------------------------------------------------------------------
Start Timing Optimization
---------------------------------------------------------------------------------
---------------------------------------------------------------------------------
Finished Timing Optimization : Time (s): cpu = 00:01:04 ; elapsed = 00:01:16 . Memory (MB): peak = 4183.852 ; gain = 1282.559 ; free physical = 128726 ; free virtual = 463596
---------------------------------------------------------------------------------
---------------------------------------------------------------------------------
Start Technology Mapping
---------------------------------------------------------------------------------
INFO: [Synth 8-5816] Retiming module `axi_bram_ctrl`
   Worst Slack before retiming is 1907 and worst slack after retiming is 1907
   Numbers of local forward move = 0, and local backward move = 0


INFO: [Synth 8-5816] Retiming module `axi_bram_ctrl' done


INFO: [Synth 8-5816] Retiming module `ulp_inst_0_plram_ctrl_0`
   Worst Slack before retiming is 1907 and worst slack after retiming is 1907
   Numbers of local forward move = 0, and local backward move = 0


INFO: [Synth 8-5816] Retiming module `ulp_inst_0_plram_ctrl_0' done


---------------------------------------------------------------------------------
Finished Technology Mapping : Time (s): cpu = 00:01:05 ; elapsed = 00:01:17 . Memory (MB): peak = 4191.859 ; gain = 1290.566 ; free physical = 130557 ; free virtual = 465427
---------------------------------------------------------------------------------
---------------------------------------------------------------------------------
Start IO Insertion
---------------------------------------------------------------------------------
---------------------------------------------------------------------------------
Start Flattening Before IO Insertion
---------------------------------------------------------------------------------
---------------------------------------------------------------------------------
Finished Flattening Before IO Insertion
---------------------------------------------------------------------------------
---------------------------------------------------------------------------------
Start Final Netlist Cleanup
---------------------------------------------------------------------------------
---------------------------------------------------------------------------------
Finished Final Netlist Cleanup
---------------------------------------------------------------------------------
---------------------------------------------------------------------------------
Finished IO Insertion : Time (s): cpu = 00:01:10 ; elapsed = 00:01:22 . Memory (MB): peak = 4197.797 ; gain = 1296.504 ; free physical = 130271 ; free virtual = 465145
---------------------------------------------------------------------------------
---------------------------------------------------------------------------------
Start Renaming Generated Instances
---------------------------------------------------------------------------------
---------------------------------------------------------------------------------
Finished Renaming Generated Instances : Time (s): cpu = 00:01:10 ; elapsed = 00:01:22 . Memory (MB): peak = 4197.797 ; gain = 1296.504 ; free physical = 130271 ; free virtual = 465145
---------------------------------------------------------------------------------
---------------------------------------------------------------------------------
Start Rebuilding User Hierarchy
---------------------------------------------------------------------------------
---------------------------------------------------------------------------------
Finished Rebuilding User Hierarchy : Time (s): cpu = 00:01:10 ; elapsed = 00:01:22 . Memory (MB): peak = 4197.797 ; gain = 1296.504 ; free physical = 130254 ; free virtual = 465127
---------------------------------------------------------------------------------
---------------------------------------------------------------------------------
Start Renaming Generated Ports
---------------------------------------------------------------------------------
---------------------------------------------------------------------------------
Finished Renaming Generated Ports : Time (s): cpu = 00:01:10 ; elapsed = 00:01:22 . Memory (MB): peak = 4197.797 ; gain = 1296.504 ; free physical = 130253 ; free virtual = 465127
---------------------------------------------------------------------------------
---------------------------------------------------------------------------------
Start Handling Custom Attributes
---------------------------------------------------------------------------------
---------------------------------------------------------------------------------
Finished Handling Custom Attributes : Time (s): cpu = 00:01:10 ; elapsed = 00:01:22 . Memory (MB): peak = 4197.797 ; gain = 1296.504 ; free physical = 130251 ; free virtual = 465126
---------------------------------------------------------------------------------
---------------------------------------------------------------------------------
Start Renaming Generated Nets
---------------------------------------------------------------------------------
---------------------------------------------------------------------------------
Finished Renaming Generated Nets : Time (s): cpu = 00:01:10 ; elapsed = 00:01:22 . Memory (MB): peak = 4197.797 ; gain = 1296.504 ; free physical = 130251 ; free virtual = 465126
---------------------------------------------------------------------------------
---------------------------------------------------------------------------------
Start ROM, RAM, DSP, Shift Register and Retiming Reporting
---------------------------------------------------------------------------------
---------------------------------------------------------------------------------
Finished ROM, RAM, DSP, Shift Register and Retiming Reporting
---------------------------------------------------------------------------------
---------------------------------------------------------------------------------
Start Writing Synthesis Report
---------------------------------------------------------------------------------

Report BlackBoxes: 
+-+--------------+----------+
| |BlackBox name |Instances |
+-+--------------+----------+
+-+--------------+----------+

Report Cell Usage: 
+------+-----+------+
|      |Cell |Count |
+------+-----+------+
|1     |LUT1 |     2|
|2     |LUT2 |    96|
|3     |LUT3 |   545|
|4     |LUT4 |    29|
|5     |LUT5 |    44|
|6     |LUT6 |    50|
|8     |FDRE |  1696|
|9     |FDSE |     1|
+------+-----+------+
---------------------------------------------------------------------------------
Finished Writing Synthesis Report : Time (s): cpu = 00:01:10 ; elapsed = 00:01:22 . Memory (MB): peak = 4197.797 ; gain = 1296.504 ; free physical = 130251 ; free virtual = 465126
---------------------------------------------------------------------------------
Synthesis finished with 0 errors, 0 critical warnings and 652 warnings.
Synthesis Optimization Runtime : Time (s): cpu = 00:01:00 ; elapsed = 00:01:11 . Memory (MB): peak = 4197.797 ; gain = 1146.902 ; free physical = 130347 ; free virtual = 465215
Synthesis Optimization Complete : Time (s): cpu = 00:01:10 ; elapsed = 00:01:22 . Memory (MB): peak = 4197.805 ; gain = 1296.504 ; free physical = 130347 ; free virtual = 465215
INFO: [Project 1-571] Translating synthesized netlist
Netlist sorting complete. Time (s): cpu = 00:00:00.05 ; elapsed = 00:00:00.05 . Memory (MB): peak = 4197.805 ; gain = 0.000 ; free physical = 130591 ; free virtual = 465458
INFO: [Netlist 29-17] Analyzing 1 Unisim elements for replacement
INFO: [Netlist 29-28] Unisim Transformation completed in 0 CPU seconds
INFO: [Constraints 18-6359] No Clock Expansion Window constraints config file entry for device xcvc1902.  GCLK Deskew mode will be Off and cannot be enabled via GCLK_DESKEW override.
INFO: [Constraints 18-5720] The default GCLK Deskew mode is Off.
INFO: [Project 1-570] Preparing netlist for logic optimization
INFO: [Opt 31-138] Pushed 0 inverter(s) to 0 load pin(s).
Netlist sorting complete. Time (s): cpu = 00:00:00 ; elapsed = 00:00:00 . Memory (MB): peak = 4233.484 ; gain = 0.000 ; free physical = 132887 ; free virtual = 467754
INFO: [Project 1-111] Unisim Transformation Summary:
  A total of 1 instances were transformed.
  LUT6_2 => LUT6_2 (LUT5, LUT6): 1 instance 

Synth Design complete, checksum: 914dbe47
INFO: [Common 17-83] Releasing license: Synthesis
97 Infos, 133 Warnings, 4 Critical Warnings and 0 Errors encountered.
synth_design completed successfully
synth_design: Time (s): cpu = 00:01:27 ; elapsed = 00:01:37 . Memory (MB): peak = 4233.484 ; gain = 1332.289 ; free physical = 132891 ; free virtual = 467758
INFO: [Common 17-600] The following parameters have non-default value.
general.maxThreads
INFO: [Common 17-1381] The checkpoint '/home/x_thileeb/repos/ops-hls-pact25-artifact/codegen_apps/jacobian3d/vck5000_project/hls/build/hw/temp_dir/link/link/vivado/vpl/prj/prj.runs/ulp_inst_0_plram_ctrl_0_synth_1/ulp_inst_0_plram_ctrl_0.dcp' has been generated.
INFO: [runtcl-6] Synthesis results are not added to the cache due to CRITICAL_WARNING
INFO: [Coretcl 2-1174] Renamed 8 cell refs.
INFO: [Common 17-1381] The checkpoint '/home/x_thileeb/repos/ops-hls-pact25-artifact/codegen_apps/jacobian3d/vck5000_project/hls/build/hw/temp_dir/link/link/vivado/vpl/prj/prj.runs/ulp_inst_0_plram_ctrl_0_synth_1/ulp_inst_0_plram_ctrl_0.dcp' has been generated.
INFO: [runtcl-4] Executing : report_utilization -file ulp_inst_0_plram_ctrl_0_utilization_synth.rpt -pb ulp_inst_0_plram_ctrl_0_utilization_synth.pb
INFO: [Common 17-206] Exiting Vivado at Sun Jul 26 01:33:18 2026...
